-- Found ament_cmake: 2.5.6 (/opt/ros/jazzy/share/ament_cmake/cmake)
-- Found rosidl_default_generators: 1.6.1 (/opt/ros/jazzy/share/rosidl_default_generators/cmake)
-- Using all available rosidl_typesupport_c: rosidl_typesupport_fastrtps_c;rosidl_typesupport_introspection_c
-- Using all available rosidl_typesupport_cpp: rosidl_typesupport_fastrtps_cpp;rosidl_typesupport_introspection_cpp
-- Found rosidl_adapter: 4.6.9 (/opt/ros/jazzy/share/rosidl_adapter/cmake)
-- Found sensor_msgs: 5.3.8 (/opt/ros/jazzy/share/sensor_msgs/cmake)
-- Found nav_msgs: 5.3.8 (/opt/ros/jazzy/share/nav_msgs/cmake)
-- Found tf2_msgs: 0.36.22 (/opt/ros/jazzy/share/tf2_msgs/cmake)
-- Found ament_cmake_ros: 0.12.1 (/opt/ros/jazzy/share/ament_cmake_ros/cmake)
-- Using all available rosidl_typesupport_c: rosidl_typesupport_fastrtps_c;rosidl_typesupport_introspection_c
-- Using all available rosidl_typesupport_cpp: rosidl_typesupport_fastrtps_cpp;rosidl_typesupport_introspection_cpp
-- Found python_cmake_module: 0.11.1 (/opt/ros/jazzy/share/python_cmake_module/cmake)
-- Found Python3: /usr/bin/python3 (found version "3.12.3") found components: Interpreter Development NumPy Development.Module Development.Embed 
-- Found Python3: /usr/bin/python3 (found version "3.12.3") found components: Interpreter 
-- Configuring done (1.5s)
-- Generating done (0.0s)
-- Build files have been written to: /home/shadows/ros2_ws/build/my_mesh_interfaces
[  1%] Generating type hashes for ROS interfaces
[  3%] Generating Rust code for ROS interfaces
[  3%] Built target ament_cmake_python_copy_my_mesh_interfaces
[  3%] Built target my_mesh_interfaces__rosidl_generator_type_description
[  4%] Generating C code for ROS interfaces
[  6%] Generating C++ code for ROS interfaces
running egg_info
writing my_mesh_interfaces.egg-info/PKG-INFO
writing dependency_links to my_mesh_interfaces.egg-info/dependency_links.txt
writing top-level names to my_mesh_interfaces.egg-info/top_level.txt
[  6%] Built target my_mesh_interfaces__rs
reading manifest file 'my_mesh_interfaces.egg-info/SOURCES.txt'
writing manifest file 'my_mesh_interfaces.egg-info/SOURCES.txt'
[  6%] Built target ament_cmake_python_build_my_mesh_interfaces_egg
[  6%] Built target my_mesh_interfaces__cpp
[  7%] Building C object CMakeFiles/my_mesh_interfaces__rosidl_generator_c.dir/rosidl_generator_c/my_mesh_interfaces/msg/detail/mesh_map__functions.c.o
[ 12%] Building C object CMakeFiles/my_mesh_interfaces__rosidl_generator_c.dir/rosidl_generator_c/my_mesh_interfaces/msg/detail/mesh_tf__functions.c.o
[ 12%] Building C object CMakeFiles/my_mesh_interfaces__rosidl_generator_c.dir/rosidl_generator_c/my_mesh_interfaces/msg/detail/mesh_scan__description.c.o
[ 12%] Building C object CMakeFiles/my_mesh_interfaces__rosidl_generator_c.dir/rosidl_generator_c/my_mesh_interfaces/msg/detail/mesh_tf__description.c.o
[ 13%] Building C object CMakeFiles/my_mesh_interfaces__rosidl_generator_c.dir/rosidl_generator_c/my_mesh_interfaces/msg/detail/sender_status__description.c.o
[ 15%] Building C object CMakeFiles/my_mesh_interfaces__rosidl_generator_c.dir/rosidl_generator_c/my_mesh_interfaces/msg/detail/sender_status__type_support.c.o
[ 20%] Building C object CMakeFiles/my_mesh_interfaces__rosidl_generator_c.dir/rosidl_generator_c/my_mesh_interfaces/msg/detail/mesh_map__type_support.c.o
[ 20%] Building C object CMakeFiles/my_mesh_interfaces__rosidl_generator_c.dir/rosidl_generator_c/my_mesh_interfaces/msg/detail/mesh_scan__functions.c.o
[ 20%] Building C object CMakeFiles/my_mesh_interfaces__rosidl_generator_c.dir/rosidl_generator_c/my_mesh_interfaces/msg/detail/mesh_map__description.c.o
[ 21%] Building C object CMakeFiles/my_mesh_interfaces__rosidl_generator_c.dir/rosidl_generator_c/my_mesh_interfaces/msg/detail/mesh_scan__type_support.c.o
[ 23%] Building C object CMakeFiles/my_mesh_interfaces__rosidl_generator_c.dir/rosidl_generator_c/my_mesh_interfaces/msg/detail/sender_status__functions.c.o
[ 24%] Building C object CMakeFiles/my_mesh_interfaces__rosidl_generator_c.dir/rosidl_generator_c/my_mesh_interfaces/msg/detail/mesh_tf__type_support.c.o
[ 26%] Linking C shared library libmy_mesh_interfaces__rosidl_generator_c.so
[ 26%] Built target my_mesh_interfaces__rosidl_generator_c
[ 27%] Generating C++ type support for eProsima Fast-RTPS
[ 29%] Generating C++ type support dispatch for ROS interfaces
[ 30%] Generating C type support for eProsima Fast-RTPS
[ 32%] Generating C++ introspection for ROS interfaces
[ 33%] Generating C type support dispatch for ROS interfaces
[ 35%] Generating C introspection for ROS interfaces
[ 38%] Building CXX object CMakeFiles/my_mesh_interfaces__rosidl_typesupport_cpp.dir/rosidl_typesupport_cpp/my_mesh_interfaces/msg/mesh_map__type_support.cpp.o
[ 38%] Building CXX object CMakeFiles/my_mesh_interfaces__rosidl_typesupport_cpp.dir/rosidl_typesupport_cpp/my_mesh_interfaces/msg/mesh_scan__type_support.cpp.o
[ 40%] Building CXX object CMakeFiles/my_mesh_interfaces__rosidl_typesupport_cpp.dir/rosidl_typesupport_cpp/my_mesh_interfaces/msg/sender_status__type_support.cpp.o
[ 43%] Building CXX object CMakeFiles/my_mesh_interfaces__rosidl_typesupport_c.dir/rosidl_typesupport_c/my_mesh_interfaces/msg/mesh_map__type_support.cpp.o
[ 43%] Building CXX object CMakeFiles/my_mesh_interfaces__rosidl_typesupport_c.dir/rosidl_typesupport_c/my_mesh_interfaces/msg/mesh_tf__type_support.cpp.o
[ 44%] Building CXX object CMakeFiles/my_mesh_interfaces__rosidl_typesupport_c.dir/rosidl_typesupport_c/my_mesh_interfaces/msg/mesh_scan__type_support.cpp.o
[ 46%] Building CXX object CMakeFiles/my_mesh_interfaces__rosidl_typesupport_cpp.dir/rosidl_typesupport_cpp/my_mesh_interfaces/msg/mesh_tf__type_support.cpp.o
[ 47%] Building C object CMakeFiles/my_mesh_interfaces__rosidl_typesupport_introspection_c.dir/rosidl_typesupport_introspection_c/my_mesh_interfaces/msg/detail/mesh_tf__type_support.c.o
[ 49%] Building C object CMakeFiles/my_mesh_interfaces__rosidl_typesupport_introspection_c.dir/rosidl_typesupport_introspection_c/my_mesh_interfaces/msg/detail/mesh_scan__type_support.c.o
[ 50%] Building C object CMakeFiles/my_mesh_interfaces__rosidl_typesupport_introspection_c.dir/rosidl_typesupport_introspection_c/my_mesh_interfaces/msg/detail/sender_status__type_support.c.o
[ 52%] Building C object CMakeFiles/my_mesh_interfaces__rosidl_typesupport_introspection_c.dir/rosidl_typesupport_introspection_c/my_mesh_interfaces/msg/detail/mesh_map__type_support.c.o
[ 53%] Building CXX object CMakeFiles/my_mesh_interfaces__rosidl_typesupport_c.dir/rosidl_typesupport_c/my_mesh_interfaces/msg/sender_status__type_support.cpp.o
[ 56%] Building CXX object CMakeFiles/my_mesh_interfaces__rosidl_typesupport_fastrtps_cpp.dir/rosidl_typesupport_fastrtps_cpp/my_mesh_interfaces/msg/detail/dds_fastrtps/mesh_tf__type_support.cpp.o
[ 56%] Building CXX object CMakeFiles/my_mesh_interfaces__rosidl_typesupport_fastrtps_cpp.dir/rosidl_typesupport_fastrtps_cpp/my_mesh_interfaces/msg/detail/dds_fastrtps/mesh_scan__type_support.cpp.o
[ 58%] Building CXX object CMakeFiles/my_mesh_interfaces__rosidl_typesupport_fastrtps_cpp.dir/rosidl_typesupport_fastrtps_cpp/my_mesh_interfaces/msg/detail/dds_fastrtps/mesh_map__type_support.cpp.o
[ 60%] Building CXX object CMakeFiles/my_mesh_interfaces__rosidl_typesupport_introspection_cpp.dir/rosidl_typesupport_introspection_cpp/my_mesh_interfaces/msg/detail/mesh_scan__type_support.cpp.o
[ 63%] Building CXX object CMakeFiles/my_mesh_interfaces__rosidl_typesupport_introspection_cpp.dir/rosidl_typesupport_introspection_cpp/my_mesh_interfaces/msg/detail/mesh_map__type_support.cpp.o
[ 63%] Building CXX object CMakeFiles/my_mesh_interfaces__rosidl_typesupport_fastrtps_cpp.dir/rosidl_typesupport_fastrtps_cpp/my_mesh_interfaces/msg/detail/dds_fastrtps/sender_status__type_support.cpp.o
[ 64%] Building CXX object CMakeFiles/my_mesh_interfaces__rosidl_typesupport_introspection_cpp.dir/rosidl_typesupport_introspection_cpp/my_mesh_interfaces/msg/detail/mesh_tf__type_support.cpp.o
[ 66%] Building CXX object CMakeFiles/my_mesh_interfaces__rosidl_typesupport_introspection_cpp.dir/rosidl_typesupport_introspection_cpp/my_mesh_interfaces/msg/detail/sender_status__type_support.cpp.o
[ 67%] Linking C shared library libmy_mesh_interfaces__rosidl_typesupport_introspection_c.so
[ 67%] Built target my_mesh_interfaces__rosidl_typesupport_introspection_c
[ 69%] Linking CXX shared library libmy_mesh_interfaces__rosidl_typesupport_c.so
[ 69%] Built target my_mesh_interfaces__rosidl_typesupport_c
[ 70%] Building CXX object CMakeFiles/my_mesh_interfaces__rosidl_typesupport_fastrtps_c.dir/rosidl_typesupport_fastrtps_c/my_mesh_interfaces/msg/detail/mesh_scan__type_support_c.cpp.o
[ 72%] Building CXX object CMakeFiles/my_mesh_interfaces__rosidl_typesupport_fastrtps_c.dir/rosidl_typesupport_fastrtps_c/my_mesh_interfaces/msg/detail/sender_status__type_support_c.cpp.o
[ 75%] Building CXX object CMakeFiles/my_mesh_interfaces__rosidl_typesupport_fastrtps_c.dir/rosidl_typesupport_fastrtps_c/my_mesh_interfaces/msg/detail/mesh_tf__type_support_c.cpp.o
[ 75%] Building CXX object CMakeFiles/my_mesh_interfaces__rosidl_typesupport_fastrtps_c.dir/rosidl_typesupport_fastrtps_c/my_mesh_interfaces/msg/detail/mesh_map__type_support_c.cpp.o
[ 76%] Linking CXX shared library libmy_mesh_interfaces__rosidl_typesupport_cpp.so
[ 78%] Linking CXX shared library libmy_mesh_interfaces__rosidl_typesupport_introspection_cpp.so
[ 78%] Built target my_mesh_interfaces__rosidl_typesupport_cpp
[ 78%] Built target my_mesh_interfaces__rosidl_typesupport_introspection_cpp
[ 80%] Linking CXX shared library libmy_mesh_interfaces__rosidl_typesupport_fastrtps_cpp.so
[ 80%] Built target my_mesh_interfaces__rosidl_typesupport_fastrtps_cpp
[ 81%] Linking CXX shared library libmy_mesh_interfaces__rosidl_typesupport_fastrtps_c.so
[ 81%] Built target my_mesh_interfaces__rosidl_typesupport_fastrtps_c
[ 81%] Built target my_mesh_interfaces
[ 83%] Generating Python code for ROS interfaces
[ 83%] Built target my_mesh_interfaces__py
[ 84%] Building C object CMakeFiles/my_mesh_interfaces__rosidl_generator_py.dir/rosidl_generator_py/my_mesh_interfaces/msg/_mesh_scan_s.c.o
[ 86%] Building C object CMakeFiles/my_mesh_interfaces__rosidl_generator_py.dir/rosidl_generator_py/my_mesh_interfaces/msg/_mesh_map_s.c.o
[ 89%] Building C object CMakeFiles/my_mesh_interfaces__rosidl_generator_py.dir/rosidl_generator_py/my_mesh_interfaces/msg/_mesh_tf_s.c.o
[ 89%] Building C object CMakeFiles/my_mesh_interfaces__rosidl_generator_py.dir/rosidl_generator_py/my_mesh_interfaces/msg/_sender_status_s.c.o
[ 90%] Linking C shared library libmy_mesh_interfaces__rosidl_generator_py.so
[ 90%] Built target my_mesh_interfaces__rosidl_generator_py
[ 92%] Building C object CMakeFiles/my_mesh_interfaces_s__rosidl_typesupport_c.dir/rosidl_generator_py/my_mesh_interfaces/_my_mesh_interfaces_s.ep.rosidl_typesupport_c.c.o
[ 93%] Building C object CMakeFiles/my_mesh_interfaces_s__rosidl_typesupport_fastrtps_c.dir/rosidl_generator_py/my_mesh_interfaces/_my_mesh_interfaces_s.ep.rosidl_typesupport_fastrtps_c.c.o
[ 95%] Building C object CMakeFiles/my_mesh_interfaces_s__rosidl_typesupport_introspection_c.dir/rosidl_generator_py/my_mesh_interfaces/_my_mesh_interfaces_s.ep.rosidl_typesupport_introspection_c.c.o
[ 96%] Linking C shared module rosidl_generator_py/my_mesh_interfaces/my_mesh_interfaces_s__rosidl_typesupport_c.so
[ 98%] Linking C shared module rosidl_generator_py/my_mesh_interfaces/my_mesh_interfaces_s__rosidl_typesupport_fastrtps_c.so
[100%] Linking C shared module rosidl_generator_py/my_mesh_interfaces/my_mesh_interfaces_s__rosidl_typesupport_introspection_c.so
[100%] Built target my_mesh_interfaces_s__rosidl_typesupport_c
[100%] Built target my_mesh_interfaces_s__rosidl_typesupport_fastrtps_c
[100%] Built target my_mesh_interfaces_s__rosidl_typesupport_introspection_c
-- Install configuration: ""
-- Up-to-date: /home/shadows/ros2_ws/install/my_mesh_interfaces/share/ament_index/resource_index/rosidl_interfaces/my_mesh_interfaces
-- Installing: /home/shadows/ros2_ws/install/my_mesh_interfaces/share/my_mesh_interfaces/msg/MeshScan.json
-- Installing: /home/shadows/ros2_ws/install/my_mesh_interfaces/share/my_mesh_interfaces/msg/MeshMap.json
-- Installing: /home/shadows/ros2_ws/install/my_mesh_interfaces/share/my_mesh_interfaces/msg/MeshTf.json
-- Installing: /home/shadows/ros2_ws/install/my_mesh_interfaces/share/my_mesh_interfaces/msg/SenderStatus.json
-- Up-to-date: /home/shadows/ros2_ws/install/my_mesh_interfaces/include/my_mesh_interfaces/my_mesh_interfaces
-- Up-to-date: /home/shadows/ros2_ws/install/my_mesh_interfaces/include/my_mesh_interfaces/my_mesh_interfaces/msg
-- Installing: /home/shadows/ros2_ws/install/my_mesh_interfaces/include/my_mesh_interfaces/my_mesh_interfaces/msg/sender_status.h
-- Installing: /home/shadows/ros2_ws/install/my_mesh_interfaces/include/my_mesh_interfaces/my_mesh_interfaces/msg/mesh_scan.h
-- Installing: /home/shadows/ros2_ws/install/my_mesh_interfaces/include/my_mesh_interfaces/my_mesh_interfaces/msg/mesh_tf.h
-- Up-to-date: /home/shadows/ros2_ws/install/my_mesh_interfaces/include/my_mesh_interfaces/my_mesh_interfaces/msg/rosidl_generator_c__visibility_control.h
-- Installing: /home/shadows/ros2_ws/install/my_mesh_interfaces/include/my_mesh_interfaces/my_mesh_interfaces/msg/mesh_map.h
-- Up-to-date: /home/shadows/ros2_ws/install/my_mesh_interfaces/include/my_mesh_interfaces/my_mesh_interfaces/msg/detail
-- Installing: /home/shadows/ros2_ws/install/my_mesh_interfaces/include/my_mesh_interfaces/my_mesh_interfaces/msg/detail/mesh_tf__functions.h
-- Installing: /home/shadows/ros2_ws/install/my_mesh_interfaces/include/my_mesh_interfaces/my_mesh_interfaces/msg/detail/mesh_scan__functions.c
-- Installing: /home/shadows/ros2_ws/install/my_mesh_interfaces/include/my_mesh_interfaces/my_mesh_interfaces/msg/detail/mesh_map__functions.c
-- Installing: /home/shadows/ros2_ws/install/my_mesh_interfaces/include/my_mesh_interfaces/my_mesh_interfaces/msg/detail/mesh_map__functions.h
-- Installing: /home/shadows/ros2_ws/install/my_mesh_interfaces/include/my_mesh_interfaces/my_mesh_interfaces/msg/detail/mesh_scan__type_support.h
-- Installing: /home/shadows/ros2_ws/install/my_mesh_interfaces/include/my_mesh_interfaces/my_mesh_interfaces/msg/detail/sender_status__functions.h
-- Installing: /home/shadows/ros2_ws/install/my_mesh_interfaces/include/my_mesh_interfaces/my_mesh_interfaces/msg/detail/mesh_tf__type_support.h
-- Installing: /home/shadows/ros2_ws/install/my_mesh_interfaces/include/my_mesh_interfaces/my_mesh_interfaces/msg/detail/sender_status__functions.c
-- Installing: /home/shadows/ros2_ws/install/my_mesh_interfaces/include/my_mesh_interfaces/my_mesh_interfaces/msg/detail/mesh_tf__type_support.c
-- Installing: /home/shadows/ros2_ws/install/my_mesh_interfaces/include/my_mesh_interfaces/my_mesh_interfaces/msg/detail/mesh_scan__description.c
-- Installing: /home/shadows/ros2_ws/install/my_mesh_interfaces/include/my_mesh_interfaces/my_mesh_interfaces/msg/detail/mesh_scan__type_support.c
-- Installing: /home/shadows/ros2_ws/install/my_mesh_interfaces/include/my_mesh_interfaces/my_mesh_interfaces/msg/detail/mesh_tf__description.c
-- Installing: /home/shadows/ros2_ws/install/my_mesh_interfaces/include/my_mesh_interfaces/my_mesh_interfaces/msg/detail/mesh_map__description.c
-- Installing: /home/shadows/ros2_ws/install/my_mesh_interfaces/include/my_mesh_interfaces/my_mesh_interfaces/msg/detail/sender_status__struct.h
-- Installing: /home/shadows/ros2_ws/install/my_mesh_interfaces/include/my_mesh_interfaces/my_mesh_interfaces/msg/detail/mesh_map__type_support.h
-- Installing: /home/shadows/ros2_ws/install/my_mesh_interfaces/include/my_mesh_interfaces/my_mesh_interfaces/msg/detail/mesh_map__struct.h
-- Installing: /home/shadows/ros2_ws/install/my_mesh_interfaces/include/my_mesh_interfaces/my_mesh_interfaces/msg/detail/mesh_tf__functions.c
-- Installing: /home/shadows/ros2_ws/install/my_mesh_interfaces/include/my_mesh_interfaces/my_mesh_interfaces/msg/detail/mesh_scan__functions.h
-- Installing: /home/shadows/ros2_ws/install/my_mesh_interfaces/include/my_mesh_interfaces/my_mesh_interfaces/msg/detail/mesh_map__type_support.c
-- Installing: /home/shadows/ros2_ws/install/my_mesh_interfaces/include/my_mesh_interfaces/my_mesh_interfaces/msg/detail/sender_status__type_support.h
-- Installing: /home/shadows/ros2_ws/install/my_mesh_interfaces/include/my_mesh_interfaces/my_mesh_interfaces/msg/detail/sender_status__description.c
-- Installing: /home/shadows/ros2_ws/install/my_mesh_interfaces/include/my_mesh_interfaces/my_mesh_interfaces/msg/detail/mesh_scan__struct.h
-- Installing: /home/shadows/ros2_ws/install/my_mesh_interfaces/include/my_mesh_interfaces/my_mesh_interfaces/msg/detail/mesh_tf__struct.h
-- Installing: /home/shadows/ros2_ws/install/my_mesh_interfaces/include/my_mesh_interfaces/my_mesh_interfaces/msg/detail/sender_status__type_support.c
-- Up-to-date: /home/shadows/ros2_ws/install/my_mesh_interfaces/share/my_mesh_interfaces/environment/library_path.sh
-- Up-to-date: /home/shadows/ros2_ws/install/my_mesh_interfaces/share/my_mesh_interfaces/environment/library_path.dsv
-- Installing: /home/shadows/ros2_ws/install/my_mesh_interfaces/lib/libmy_mesh_interfaces__rosidl_generator_c.so
-- Set non-toolchain portion of runtime path of "/home/shadows/ros2_ws/install/my_mesh_interfaces/lib/libmy_mesh_interfaces__rosidl_generator_c.so" to ""
-- Up-to-date: /home/shadows/ros2_ws/install/my_mesh_interfaces/include/my_mesh_interfaces/my_mesh_interfaces
-- Up-to-date: /home/shadows/ros2_ws/install/my_mesh_interfaces/include/my_mesh_interfaces/my_mesh_interfaces/msg
-- Up-to-date: /home/shadows/ros2_ws/install/my_mesh_interfaces/include/my_mesh_interfaces/my_mesh_interfaces/msg/rosidl_typesupport_fastrtps_c__visibility_control.h
-- Up-to-date: /home/shadows/ros2_ws/install/my_mesh_interfaces/include/my_mesh_interfaces/my_mesh_interfaces/msg/detail
-- Installing: /home/shadows/ros2_ws/install/my_mesh_interfaces/include/my_mesh_interfaces/my_mesh_interfaces/msg/detail/mesh_tf__rosidl_typesupport_fastrtps_c.h
-- Installing: /home/shadows/ros2_ws/install/my_mesh_interfaces/include/my_mesh_interfaces/my_mesh_interfaces/msg/detail/sender_status__rosidl_typesupport_fastrtps_c.h
-- Installing: /home/shadows/ros2_ws/install/my_mesh_interfaces/include/my_mesh_interfaces/my_mesh_interfaces/msg/detail/mesh_scan__rosidl_typesupport_fastrtps_c.h
-- Installing: /home/shadows/ros2_ws/install/my_mesh_interfaces/include/my_mesh_interfaces/my_mesh_interfaces/msg/detail/mesh_map__rosidl_typesupport_fastrtps_c.h
-- Installing: /home/shadows/ros2_ws/install/my_mesh_interfaces/lib/libmy_mesh_interfaces__rosidl_typesupport_fastrtps_c.so
-- Set non-toolchain portion of runtime path of "/home/shadows/ros2_ws/install/my_mesh_interfaces/lib/libmy_mesh_interfaces__rosidl_typesupport_fastrtps_c.so" to ""
-- Up-to-date: /home/shadows/ros2_ws/install/my_mesh_interfaces/include/my_mesh_interfaces/my_mesh_interfaces
-- Up-to-date: /home/shadows/ros2_ws/install/my_mesh_interfaces/include/my_mesh_interfaces/my_mesh_interfaces/msg
-- Up-to-date: /home/shadows/ros2_ws/install/my_mesh_interfaces/include/my_mesh_interfaces/my_mesh_interfaces/msg/rosidl_typesupport_introspection_c__visibility_control.h
-- Up-to-date: /home/shadows/ros2_ws/install/my_mesh_interfaces/include/my_mesh_interfaces/my_mesh_interfaces/msg/detail
-- Installing: /home/shadows/ros2_ws/install/my_mesh_interfaces/include/my_mesh_interfaces/my_mesh_interfaces/msg/detail/mesh_scan__rosidl_typesupport_introspection_c.h
-- Installing: /home/shadows/ros2_ws/install/my_mesh_interfaces/include/my_mesh_interfaces/my_mesh_interfaces/msg/detail/mesh_tf__rosidl_typesupport_introspection_c.h
-- Installing: /home/shadows/ros2_ws/install/my_mesh_interfaces/include/my_mesh_interfaces/my_mesh_interfaces/msg/detail/mesh_tf__type_support.c
-- Installing: /home/shadows/ros2_ws/install/my_mesh_interfaces/include/my_mesh_interfaces/my_mesh_interfaces/msg/detail/mesh_map__rosidl_typesupport_introspection_c.h
-- Installing: /home/shadows/ros2_ws/install/my_mesh_interfaces/include/my_mesh_interfaces/my_mesh_interfaces/msg/detail/sender_status__rosidl_typesupport_introspection_c.h
-- Installing: /home/shadows/ros2_ws/install/my_mesh_interfaces/include/my_mesh_interfaces/my_mesh_interfaces/msg/detail/mesh_scan__type_support.c
-- Installing: /home/shadows/ros2_ws/install/my_mesh_interfaces/include/my_mesh_interfaces/my_mesh_interfaces/msg/detail/mesh_map__type_support.c
-- Installing: /home/shadows/ros2_ws/install/my_mesh_interfaces/include/my_mesh_interfaces/my_mesh_interfaces/msg/detail/sender_status__type_support.c
-- Installing: /home/shadows/ros2_ws/install/my_mesh_interfaces/lib/libmy_mesh_interfaces__rosidl_typesupport_introspection_c.so
-- Set non-toolchain portion of runtime path of "/home/shadows/ros2_ws/install/my_mesh_interfaces/lib/libmy_mesh_interfaces__rosidl_typesupport_introspection_c.so" to ""
-- Installing: /home/shadows/ros2_ws/install/my_mesh_interfaces/lib/libmy_mesh_interfaces__rosidl_typesupport_c.so
-- Set non-toolchain portion of runtime path of "/home/shadows/ros2_ws/install/my_mesh_interfaces/lib/libmy_mesh_interfaces__rosidl_typesupport_c.so" to ""
-- Up-to-date: /home/shadows/ros2_ws/install/my_mesh_interfaces/include/my_mesh_interfaces/my_mesh_interfaces
-- Up-to-date: /home/shadows/ros2_ws/install/my_mesh_interfaces/include/my_mesh_interfaces/my_mesh_interfaces/msg
-- Installing: /home/shadows/ros2_ws/install/my_mesh_interfaces/include/my_mesh_interfaces/my_mesh_interfaces/msg/sender_status.hpp
-- Installing: /home/shadows/ros2_ws/install/my_mesh_interfaces/include/my_mesh_interfaces/my_mesh_interfaces/msg/mesh_map.hpp
-- Installing: /home/shadows/ros2_ws/install/my_mesh_interfaces/include/my_mesh_interfaces/my_mesh_interfaces/msg/mesh_scan.hpp
-- Installing: /home/shadows/ros2_ws/install/my_mesh_interfaces/include/my_mesh_interfaces/my_mesh_interfaces/msg/mesh_tf.hpp
-- Installing: /home/shadows/ros2_ws/install/my_mesh_interfaces/include/my_mesh_interfaces/my_mesh_interfaces/msg/rosidl_generator_cpp__visibility_control.hpp
-- Up-to-date: /home/shadows/ros2_ws/install/my_mesh_interfaces/include/my_mesh_interfaces/my_mesh_interfaces/msg/detail
-- Installing: /home/shadows/ros2_ws/install/my_mesh_interfaces/include/my_mesh_interfaces/my_mesh_interfaces/msg/detail/sender_status__builder.hpp
-- Installing: /home/shadows/ros2_ws/install/my_mesh_interfaces/include/my_mesh_interfaces/my_mesh_interfaces/msg/detail/sender_status__traits.hpp
-- Installing: /home/shadows/ros2_ws/install/my_mesh_interfaces/include/my_mesh_interfaces/my_mesh_interfaces/msg/detail/mesh_scan__type_support.hpp
-- Installing: /home/shadows/ros2_ws/install/my_mesh_interfaces/include/my_mesh_interfaces/my_mesh_interfaces/msg/detail/mesh_scan__traits.hpp
-- Installing: /home/shadows/ros2_ws/install/my_mesh_interfaces/include/my_mesh_interfaces/my_mesh_interfaces/msg/detail/mesh_tf__traits.hpp
-- Installing: /home/shadows/ros2_ws/install/my_mesh_interfaces/include/my_mesh_interfaces/my_mesh_interfaces/msg/detail/mesh_map__type_support.hpp
-- Installing: /home/shadows/ros2_ws/install/my_mesh_interfaces/include/my_mesh_interfaces/my_mesh_interfaces/msg/detail/mesh_map__traits.hpp
-- Installing: /home/shadows/ros2_ws/install/my_mesh_interfaces/include/my_mesh_interfaces/my_mesh_interfaces/msg/detail/sender_status__type_support.hpp
-- Installing: /home/shadows/ros2_ws/install/my_mesh_interfaces/include/my_mesh_interfaces/my_mesh_interfaces/msg/detail/mesh_map__builder.hpp
-- Installing: /home/shadows/ros2_ws/install/my_mesh_interfaces/include/my_mesh_interfaces/my_mesh_interfaces/msg/detail/mesh_scan__struct.hpp
-- Installing: /home/shadows/ros2_ws/install/my_mesh_interfaces/include/my_mesh_interfaces/my_mesh_interfaces/msg/detail/mesh_tf__builder.hpp
-- Installing: /home/shadows/ros2_ws/install/my_mesh_interfaces/include/my_mesh_interfaces/my_mesh_interfaces/msg/detail/mesh_scan__builder.hpp
-- Installing: /home/shadows/ros2_ws/install/my_mesh_interfaces/include/my_mesh_interfaces/my_mesh_interfaces/msg/detail/mesh_tf__type_support.hpp
-- Installing: /home/shadows/ros2_ws/install/my_mesh_interfaces/include/my_mesh_interfaces/my_mesh_interfaces/msg/detail/sender_status__struct.hpp
-- Installing: /home/shadows/ros2_ws/install/my_mesh_interfaces/include/my_mesh_interfaces/my_mesh_interfaces/msg/detail/mesh_tf__struct.hpp
-- Installing: /home/shadows/ros2_ws/install/my_mesh_interfaces/include/my_mesh_interfaces/my_mesh_interfaces/msg/detail/mesh_map__struct.hpp
-- Up-to-date: /home/shadows/ros2_ws/install/my_mesh_interfaces/include/my_mesh_interfaces/my_mesh_interfaces
-- Up-to-date: /home/shadows/ros2_ws/install/my_mesh_interfaces/include/my_mesh_interfaces/my_mesh_interfaces/msg
-- Up-to-date: /home/shadows/ros2_ws/install/my_mesh_interfaces/include/my_mesh_interfaces/my_mesh_interfaces/msg/rosidl_typesupport_fastrtps_cpp__visibility_control.h
-- Up-to-date: /home/shadows/ros2_ws/install/my_mesh_interfaces/include/my_mesh_interfaces/my_mesh_interfaces/msg/detail
-- Installing: /home/shadows/ros2_ws/install/my_mesh_interfaces/include/my_mesh_interfaces/my_mesh_interfaces/msg/detail/mesh_map__rosidl_typesupport_fastrtps_cpp.hpp
-- Installing: /home/shadows/ros2_ws/install/my_mesh_interfaces/include/my_mesh_interfaces/my_mesh_interfaces/msg/detail/sender_status__rosidl_typesupport_fastrtps_cpp.hpp
-- Installing: /home/shadows/ros2_ws/install/my_mesh_interfaces/include/my_mesh_interfaces/my_mesh_interfaces/msg/detail/mesh_tf__rosidl_typesupport_fastrtps_cpp.hpp
-- Up-to-date: /home/shadows/ros2_ws/install/my_mesh_interfaces/include/my_mesh_interfaces/my_mesh_interfaces/msg/detail/dds_fastrtps
-- Installing: /home/shadows/ros2_ws/install/my_mesh_interfaces/include/my_mesh_interfaces/my_mesh_interfaces/msg/detail/mesh_scan__rosidl_typesupport_fastrtps_cpp.hpp
-- Installing: /home/shadows/ros2_ws/install/my_mesh_interfaces/lib/libmy_mesh_interfaces__rosidl_typesupport_fastrtps_cpp.so
-- Set non-toolchain portion of runtime path of "/home/shadows/ros2_ws/install/my_mesh_interfaces/lib/libmy_mesh_interfaces__rosidl_typesupport_fastrtps_cpp.so" to ""
-- Up-to-date: /home/shadows/ros2_ws/install/my_mesh_interfaces/include/my_mesh_interfaces/my_mesh_interfaces
-- Up-to-date: /home/shadows/ros2_ws/install/my_mesh_interfaces/include/my_mesh_interfaces/my_mesh_interfaces/msg
-- Up-to-date: /home/shadows/ros2_ws/install/my_mesh_interfaces/include/my_mesh_interfaces/my_mesh_interfaces/msg/detail
-- Installing: /home/shadows/ros2_ws/install/my_mesh_interfaces/include/my_mesh_interfaces/my_mesh_interfaces/msg/detail/mesh_scan__type_support.cpp
-- Installing: /home/shadows/ros2_ws/install/my_mesh_interfaces/include/my_mesh_interfaces/my_mesh_interfaces/msg/detail/sender_status__type_support.cpp
-- Installing: /home/shadows/ros2_ws/install/my_mesh_interfaces/include/my_mesh_interfaces/my_mesh_interfaces/msg/detail/mesh_tf__rosidl_typesupport_introspection_cpp.hpp
-- Installing: /home/shadows/ros2_ws/install/my_mesh_interfaces/include/my_mesh_interfaces/my_mesh_interfaces/msg/detail/mesh_tf__type_support.cpp
-- Installing: /home/shadows/ros2_ws/install/my_mesh_interfaces/include/my_mesh_interfaces/my_mesh_interfaces/msg/detail/mesh_map__type_support.cpp
-- Installing: /home/shadows/ros2_ws/install/my_mesh_interfaces/include/my_mesh_interfaces/my_mesh_interfaces/msg/detail/sender_status__rosidl_typesupport_introspection_cpp.hpp
-- Installing: /home/shadows/ros2_ws/install/my_mesh_interfaces/include/my_mesh_interfaces/my_mesh_interfaces/msg/detail/mesh_scan__rosidl_typesupport_introspection_cpp.hpp
-- Installing: /home/shadows/ros2_ws/install/my_mesh_interfaces/include/my_mesh_interfaces/my_mesh_interfaces/msg/detail/mesh_map__rosidl_typesupport_introspection_cpp.hpp
-- Installing: /home/shadows/ros2_ws/install/my_mesh_interfaces/lib/libmy_mesh_interfaces__rosidl_typesupport_introspection_cpp.so
-- Set non-toolchain portion of runtime path of "/home/shadows/ros2_ws/install/my_mesh_interfaces/lib/libmy_mesh_interfaces__rosidl_typesupport_introspection_cpp.so" to ""
-- Installing: /home/shadows/ros2_ws/install/my_mesh_interfaces/lib/libmy_mesh_interfaces__rosidl_typesupport_cpp.so
-- Set non-toolchain portion of runtime path of "/home/shadows/ros2_ws/install/my_mesh_interfaces/lib/libmy_mesh_interfaces__rosidl_typesupport_cpp.so" to ""
-- Up-to-date: /home/shadows/ros2_ws/install/my_mesh_interfaces/share/my_mesh_interfaces/environment/pythonpath.sh
-- Up-to-date: /home/shadows/ros2_ws/install/my_mesh_interfaces/share/my_mesh_interfaces/environment/pythonpath.dsv
-- Up-to-date: /home/shadows/ros2_ws/install/my_mesh_interfaces/lib/python3.12/site-packages/my_mesh_interfaces-0.0.0-py3.12.egg-info
-- Installing: /home/shadows/ros2_ws/install/my_mesh_interfaces/lib/python3.12/site-packages/my_mesh_interfaces-0.0.0-py3.12.egg-info/SOURCES.txt
-- Installing: /home/shadows/ros2_ws/install/my_mesh_interfaces/lib/python3.12/site-packages/my_mesh_interfaces-0.0.0-py3.12.egg-info/dependency_links.txt
-- Installing: /home/shadows/ros2_ws/install/my_mesh_interfaces/lib/python3.12/site-packages/my_mesh_interfaces-0.0.0-py3.12.egg-info/top_level.txt
-- Installing: /home/shadows/ros2_ws/install/my_mesh_interfaces/lib/python3.12/site-packages/my_mesh_interfaces-0.0.0-py3.12.egg-info/PKG-INFO
-- Up-to-date: /home/shadows/ros2_ws/install/my_mesh_interfaces/lib/python3.12/site-packages/my_mesh_interfaces
-- Installing: /home/shadows/ros2_ws/install/my_mesh_interfaces/lib/python3.12/site-packages/my_mesh_interfaces/my_mesh_interfaces_s__rosidl_typesupport_c.so
-- Installing: /home/shadows/ros2_ws/install/my_mesh_interfaces/lib/python3.12/site-packages/my_mesh_interfaces/_my_mesh_interfaces_s.ep.rosidl_typesupport_c.c
-- Installing: /home/shadows/ros2_ws/install/my_mesh_interfaces/lib/python3.12/site-packages/my_mesh_interfaces/__init__.py
-- Installing: /home/shadows/ros2_ws/install/my_mesh_interfaces/lib/python3.12/site-packages/my_mesh_interfaces/_my_mesh_interfaces_s.ep.rosidl_typesupport_introspection_c.c
-- Installing: /home/shadows/ros2_ws/install/my_mesh_interfaces/lib/python3.12/site-packages/my_mesh_interfaces/_my_mesh_interfaces_s.ep.rosidl_typesupport_fastrtps_c.c
-- Installing: /home/shadows/ros2_ws/install/my_mesh_interfaces/lib/python3.12/site-packages/my_mesh_interfaces/my_mesh_interfaces_s__rosidl_typesupport_fastrtps_c.so
-- Installing: /home/shadows/ros2_ws/install/my_mesh_interfaces/lib/python3.12/site-packages/my_mesh_interfaces/my_mesh_interfaces_s__rosidl_typesupport_introspection_c.so
-- Up-to-date: /home/shadows/ros2_ws/install/my_mesh_interfaces/lib/python3.12/site-packages/my_mesh_interfaces/msg
-- Installing: /home/shadows/ros2_ws/install/my_mesh_interfaces/lib/python3.12/site-packages/my_mesh_interfaces/msg/_sender_status_s.c
-- Installing: /home/shadows/ros2_ws/install/my_mesh_interfaces/lib/python3.12/site-packages/my_mesh_interfaces/msg/_mesh_tf.py
-- Installing: /home/shadows/ros2_ws/install/my_mesh_interfaces/lib/python3.12/site-packages/my_mesh_interfaces/msg/_sender_status.py
-- Installing: /home/shadows/ros2_ws/install/my_mesh_interfaces/lib/python3.12/site-packages/my_mesh_interfaces/msg/__init__.py
-- Installing: /home/shadows/ros2_ws/install/my_mesh_interfaces/lib/python3.12/site-packages/my_mesh_interfaces/msg/_mesh_tf_s.c
-- Installing: /home/shadows/ros2_ws/install/my_mesh_interfaces/lib/python3.12/site-packages/my_mesh_interfaces/msg/_mesh_map_s.c
-- Installing: /home/shadows/ros2_ws/install/my_mesh_interfaces/lib/python3.12/site-packages/my_mesh_interfaces/msg/_mesh_scan.py
-- Installing: /home/shadows/ros2_ws/install/my_mesh_interfaces/lib/python3.12/site-packages/my_mesh_interfaces/msg/_mesh_scan_s.c
-- Installing: /home/shadows/ros2_ws/install/my_mesh_interfaces/lib/python3.12/site-packages/my_mesh_interfaces/msg/_mesh_map.py
Listing '/home/shadows/ros2_ws/install/my_mesh_interfaces/lib/python3.12/site-packages/my_mesh_interfaces'...
Compiling '/home/shadows/ros2_ws/install/my_mesh_interfaces/lib/python3.12/site-packages/my_mesh_interfaces/__init__.py'...
Listing '/home/shadows/ros2_ws/install/my_mesh_interfaces/lib/python3.12/site-packages/my_mesh_interfaces/msg'...
Compiling '/home/shadows/ros2_ws/install/my_mesh_interfaces/lib/python3.12/site-packages/my_mesh_interfaces/msg/__init__.py'...
Compiling '/home/shadows/ros2_ws/install/my_mesh_interfaces/lib/python3.12/site-packages/my_mesh_interfaces/msg/_mesh_map.py'...
Compiling '/home/shadows/ros2_ws/install/my_mesh_interfaces/lib/python3.12/site-packages/my_mesh_interfaces/msg/_mesh_scan.py'...
Compiling '/home/shadows/ros2_ws/install/my_mesh_interfaces/lib/python3.12/site-packages/my_mesh_interfaces/msg/_mesh_tf.py'...
Compiling '/home/shadows/ros2_ws/install/my_mesh_interfaces/lib/python3.12/site-packages/my_mesh_interfaces/msg/_sender_status.py'...
-- Installing: /home/shadows/ros2_ws/install/my_mesh_interfaces/lib/python3.12/site-packages/my_mesh_interfaces/my_mesh_interfaces_s__rosidl_typesupport_fastrtps_c.so
-- Set non-toolchain portion of runtime path of "/home/shadows/ros2_ws/install/my_mesh_interfaces/lib/python3.12/site-packages/my_mesh_interfaces/my_mesh_interfaces_s__rosidl_typesupport_fastrtps_c.so" to ""
-- Installing: /home/shadows/ros2_ws/install/my_mesh_interfaces/lib/python3.12/site-packages/my_mesh_interfaces/my_mesh_interfaces_s__rosidl_typesupport_introspection_c.so
-- Set non-toolchain portion of runtime path of "/home/shadows/ros2_ws/install/my_mesh_interfaces/lib/python3.12/site-packages/my_mesh_interfaces/my_mesh_interfaces_s__rosidl_typesupport_introspection_c.so" to ""
-- Installing: /home/shadows/ros2_ws/install/my_mesh_interfaces/lib/python3.12/site-packages/my_mesh_interfaces/my_mesh_interfaces_s__rosidl_typesupport_c.so
-- Set non-toolchain portion of runtime path of "/home/shadows/ros2_ws/install/my_mesh_interfaces/lib/python3.12/site-packages/my_mesh_interfaces/my_mesh_interfaces_s__rosidl_typesupport_c.so" to ""
-- Installing: /home/shadows/ros2_ws/install/my_mesh_interfaces/lib/libmy_mesh_interfaces__rosidl_generator_py.so
-- Set non-toolchain portion of runtime path of "/home/shadows/ros2_ws/install/my_mesh_interfaces/lib/libmy_mesh_interfaces__rosidl_generator_py.so" to ""
-- Up-to-date: /home/shadows/ros2_ws/install/my_mesh_interfaces/share/my_mesh_interfaces/rust
-- Installing: /home/shadows/ros2_ws/install/my_mesh_interfaces/share/my_mesh_interfaces/rust/Cargo.toml
-- Up-to-date: /home/shadows/ros2_ws/install/my_mesh_interfaces/share/my_mesh_interfaces/rust/src
-- Installing: /home/shadows/ros2_ws/install/my_mesh_interfaces/share/my_mesh_interfaces/rust/src/lib.rs
-- Installing: /home/shadows/ros2_ws/install/my_mesh_interfaces/share/my_mesh_interfaces/rust/src/msg.rs
-- Up-to-date: /home/shadows/ros2_ws/install/my_mesh_interfaces/share/my_mesh_interfaces/rust/src/msg
-- Installing: /home/shadows/ros2_ws/install/my_mesh_interfaces/share/my_mesh_interfaces/rust/src/msg/rmw.rs
-- Installing: /home/shadows/ros2_ws/install/my_mesh_interfaces/share/my_mesh_interfaces/rust/build.rs
-- Up-to-date: /home/shadows/ros2_ws/install/my_mesh_interfaces/share/my_mesh_interfaces/msg/MeshScan.idl
-- Up-to-date: /home/shadows/ros2_ws/install/my_mesh_interfaces/share/my_mesh_interfaces/msg/MeshMap.idl
-- Installing: /home/shadows/ros2_ws/install/my_mesh_interfaces/share/my_mesh_interfaces/msg/MeshTf.idl
-- Up-to-date: /home/shadows/ros2_ws/install/my_mesh_interfaces/share/my_mesh_interfaces/msg/SenderStatus.idl
-- Up-to-date: /home/shadows/ros2_ws/install/my_mesh_interfaces/share/my_mesh_interfaces/msg/MeshScan.msg
-- Up-to-date: /home/shadows/ros2_ws/install/my_mesh_interfaces/share/my_mesh_interfaces/msg/MeshMap.msg
-- Installing: /home/shadows/ros2_ws/install/my_mesh_interfaces/share/my_mesh_interfaces/msg/MeshTf.msg
-- Up-to-date: /home/shadows/ros2_ws/install/my_mesh_interfaces/share/my_mesh_interfaces/msg/SenderStatus.msg
-- Up-to-date: /home/shadows/ros2_ws/install/my_mesh_interfaces/share/ament_index/resource_index/package_run_dependencies/my_mesh_interfaces
-- Up-to-date: /home/shadows/ros2_ws/install/my_mesh_interfaces/share/ament_index/resource_index/parent_prefix_path/my_mesh_interfaces
-- Up-to-date: /home/shadows/ros2_ws/install/my_mesh_interfaces/share/my_mesh_interfaces/environment/ament_prefix_path.sh
-- Up-to-date: /home/shadows/ros2_ws/install/my_mesh_interfaces/share/my_mesh_interfaces/environment/ament_prefix_path.dsv
-- Up-to-date: /home/shadows/ros2_ws/install/my_mesh_interfaces/share/my_mesh_interfaces/environment/path.sh
-- Up-to-date: /home/shadows/ros2_ws/install/my_mesh_interfaces/share/my_mesh_interfaces/environment/path.dsv
-- Up-to-date: /home/shadows/ros2_ws/install/my_mesh_interfaces/share/my_mesh_interfaces/local_setup.bash
-- Up-to-date: /home/shadows/ros2_ws/install/my_mesh_interfaces/share/my_mesh_interfaces/local_setup.sh
-- Up-to-date: /home/shadows/ros2_ws/install/my_mesh_interfaces/share/my_mesh_interfaces/local_setup.zsh
-- Up-to-date: /home/shadows/ros2_ws/install/my_mesh_interfaces/share/my_mesh_interfaces/local_setup.dsv
-- Installing: /home/shadows/ros2_ws/install/my_mesh_interfaces/share/my_mesh_interfaces/package.dsv
-- Up-to-date: /home/shadows/ros2_ws/install/my_mesh_interfaces/share/ament_index/resource_index/packages/my_mesh_interfaces
-- Up-to-date: /home/shadows/ros2_ws/install/my_mesh_interfaces/share/my_mesh_interfaces/cmake/export_my_mesh_interfaces__rosidl_generator_cExport.cmake
-- Up-to-date: /home/shadows/ros2_ws/install/my_mesh_interfaces/share/my_mesh_interfaces/cmake/export_my_mesh_interfaces__rosidl_generator_cExport-noconfig.cmake
-- Up-to-date: /home/shadows/ros2_ws/install/my_mesh_interfaces/share/my_mesh_interfaces/cmake/export_my_mesh_interfaces__rosidl_typesupport_fastrtps_cExport.cmake
-- Up-to-date: /home/shadows/ros2_ws/install/my_mesh_interfaces/share/my_mesh_interfaces/cmake/export_my_mesh_interfaces__rosidl_typesupport_fastrtps_cExport-noconfig.cmake
-- Up-to-date: /home/shadows/ros2_ws/install/my_mesh_interfaces/share/my_mesh_interfaces/cmake/my_mesh_interfaces__rosidl_typesupport_introspection_cExport.cmake
-- Up-to-date: /home/shadows/ros2_ws/install/my_mesh_interfaces/share/my_mesh_interfaces/cmake/my_mesh_interfaces__rosidl_typesupport_introspection_cExport-noconfig.cmake
-- Up-to-date: /home/shadows/ros2_ws/install/my_mesh_interfaces/share/my_mesh_interfaces/cmake/my_mesh_interfaces__rosidl_typesupport_cExport.cmake
-- Up-to-date: /home/shadows/ros2_ws/install/my_mesh_interfaces/share/my_mesh_interfaces/cmake/my_mesh_interfaces__rosidl_typesupport_cExport-noconfig.cmake
-- Up-to-date: /home/shadows/ros2_ws/install/my_mesh_interfaces/share/my_mesh_interfaces/cmake/export_my_mesh_interfaces__rosidl_generator_cppExport.cmake
-- Up-to-date: /home/shadows/ros2_ws/install/my_mesh_interfaces/share/my_mesh_interfaces/cmake/export_my_mesh_interfaces__rosidl_typesupport_fastrtps_cppExport.cmake
-- Up-to-date: /home/shadows/ros2_ws/install/my_mesh_interfaces/share/my_mesh_interfaces/cmake/export_my_mesh_interfaces__rosidl_typesupport_fastrtps_cppExport-noconfig.cmake
-- Up-to-date: /home/shadows/ros2_ws/install/my_mesh_interfaces/share/my_mesh_interfaces/cmake/my_mesh_interfaces__rosidl_typesupport_introspection_cppExport.cmake
-- Up-to-date: /home/shadows/ros2_ws/install/my_mesh_interfaces/share/my_mesh_interfaces/cmake/my_mesh_interfaces__rosidl_typesupport_introspection_cppExport-noconfig.cmake
-- Up-to-date: /home/shadows/ros2_ws/install/my_mesh_interfaces/share/my_mesh_interfaces/cmake/my_mesh_interfaces__rosidl_typesupport_cppExport.cmake
-- Up-to-date: /home/shadows/ros2_ws/install/my_mesh_interfaces/share/my_mesh_interfaces/cmake/my_mesh_interfaces__rosidl_typesupport_cppExport-noconfig.cmake
-- Up-to-date: /home/shadows/ros2_ws/install/my_mesh_interfaces/share/my_mesh_interfaces/cmake/export_my_mesh_interfaces__rosidl_generator_pyExport.cmake
-- Up-to-date: /home/shadows/ros2_ws/install/my_mesh_interfaces/share/my_mesh_interfaces/cmake/export_my_mesh_interfaces__rosidl_generator_pyExport-noconfig.cmake
-- Up-to-date: /home/shadows/ros2_ws/install/my_mesh_interfaces/share/my_mesh_interfaces/cmake/rosidl_cmake-extras.cmake
-- Up-to-date: /home/shadows/ros2_ws/install/my_mesh_interfaces/share/my_mesh_interfaces/cmake/ament_cmake_export_dependencies-extras.cmake
-- Up-to-date: /home/shadows/ros2_ws/install/my_mesh_interfaces/share/my_mesh_interfaces/cmake/ament_cmake_export_include_directories-extras.cmake
-- Up-to-date: /home/shadows/ros2_ws/install/my_mesh_interfaces/share/my_mesh_interfaces/cmake/ament_cmake_export_libraries-extras.cmake
-- Up-to-date: /home/shadows/ros2_ws/install/my_mesh_interfaces/share/my_mesh_interfaces/cmake/ament_cmake_export_targets-extras.cmake
-- Up-to-date: /home/shadows/ros2_ws/install/my_mesh_interfaces/share/my_mesh_interfaces/cmake/rosidl_cmake_export_typesupport_targets-extras.cmake
-- Up-to-date: /home/shadows/ros2_ws/install/my_mesh_interfaces/share/my_mesh_interfaces/cmake/rosidl_cmake_export_typesupport_libraries-extras.cmake
-- Up-to-date: /home/shadows/ros2_ws/install/my_mesh_interfaces/share/my_mesh_interfaces/cmake/rosidl_cmake_aggregate_target-extras.cmake
-- Up-to-date: /home/shadows/ros2_ws/install/my_mesh_interfaces/share/my_mesh_interfaces/cmake/my_mesh_interfacesConfig.cmake
-- Up-to-date: /home/shadows/ros2_ws/install/my_mesh_interfaces/share/my_mesh_interfaces/cmake/my_mesh_interfacesConfig-version.cmake
-- Up-to-date: /home/shadows/ros2_ws/install/my_mesh_interfaces/share/my_mesh_interfaces/package.xml
