[0.008s] Invoking command in '/home/shadows/ros2_ws/build/explorer_description': CMAKE_PREFIX_PATH=${CMAKE_PREFIX_PATH}:/opt/ros/jazzy DEBUGINFOD_URLS=https://debuginfod.ubuntu.com /usr/bin/cmake --build /home/shadows/ros2_ws/build/explorer_description -- -j20 -l20
[0.045s] [100%] Generating cave world
[5.200s] generate_cave: seed 7, grid 461x331 @ 0.05 m, triangles {'floor': 59941, 'walls': 19811, 'ceiling': 79752, 'collision': 24068, 'floor_open': 59941, 'walls_open': 50627}
[5.230s] [100%] Built target cave_world
[5.240s] Invoked command in '/home/shadows/ros2_ws/build/explorer_description' returned '0': CMAKE_PREFIX_PATH=${CMAKE_PREFIX_PATH}:/opt/ros/jazzy DEBUGINFOD_URLS=https://debuginfod.ubuntu.com /usr/bin/cmake --build /home/shadows/ros2_ws/build/explorer_description -- -j20 -l20
[5.247s] Invoking command in '/home/shadows/ros2_ws/build/explorer_description': CMAKE_PREFIX_PATH=${CMAKE_PREFIX_PATH}:/opt/ros/jazzy DEBUGINFOD_URLS=https://debuginfod.ubuntu.com /usr/bin/cmake --install /home/shadows/ros2_ws/build/explorer_description
[5.258s] -- Install configuration: ""
[5.258s] -- Up-to-date: /home/shadows/ros2_ws/install/explorer_description/share/explorer_description/urdf
[5.258s] -- Up-to-date: /home/shadows/ros2_ws/install/explorer_description/share/explorer_description/urdf/explorer_gazebo.xacro
[5.258s] -- Up-to-date: /home/shadows/ros2_ws/install/explorer_description/share/explorer_description/urdf/explorer.urdf.xacro
[5.258s] -- Up-to-date: /home/shadows/ros2_ws/install/explorer_description/share/explorer_description/launch
[5.258s] -- Up-to-date: /home/shadows/ros2_ws/install/explorer_description/share/explorer_description/launch/explorer_gazebo.launch.py
[5.258s] -- Up-to-date: /home/shadows/ros2_ws/install/explorer_description/share/explorer_description/rviz
[5.258s] -- Up-to-date: /home/shadows/ros2_ws/install/explorer_description/share/explorer_description/rviz/explorer.rviz
[5.258s] -- Up-to-date: /home/shadows/ros2_ws/install/explorer_description/share/explorer_description/models
[5.258s] -- Up-to-date: /home/shadows/ros2_ws/install/explorer_description/share/explorer_description/models/cave_roof
[5.258s] -- Up-to-date: /home/shadows/ros2_ws/install/explorer_description/share/explorer_description/models/cave_roof/meshes
[5.258s] -- Installing: /home/shadows/ros2_ws/install/explorer_description/share/explorer_description/models/cave_roof/meshes/ceiling.obj
[5.265s] -- Installing: /home/shadows/ros2_ws/install/explorer_description/share/explorer_description/models/cave_roof/meshes/stalactites.obj
[5.266s] -- Installing: /home/shadows/ros2_ws/install/explorer_description/share/explorer_description/models/cave_roof/model.sdf
[5.266s] -- Installing: /home/shadows/ros2_ws/install/explorer_description/share/explorer_description/models/cave_roof/model.config
[5.266s] -- Up-to-date: /home/shadows/ros2_ws/install/explorer_description/share/explorer_description/models/cave_rock
[5.266s] -- Up-to-date: /home/shadows/ros2_ws/install/explorer_description/share/explorer_description/models/cave_rock/meshes
[5.266s] -- Installing: /home/shadows/ros2_ws/install/explorer_description/share/explorer_description/models/cave_rock/meshes/formations.obj
[5.267s] -- Installing: /home/shadows/ros2_ws/install/explorer_description/share/explorer_description/models/cave_rock/meshes/floor_open.obj
[5.270s] -- Installing: /home/shadows/ros2_ws/install/explorer_description/share/explorer_description/models/cave_rock/meshes/floor.obj
[5.273s] -- Installing: /home/shadows/ros2_ws/install/explorer_description/share/explorer_description/models/cave_rock/meshes/collision.obj
[5.274s] -- Installing: /home/shadows/ros2_ws/install/explorer_description/share/explorer_description/models/cave_rock/meshes/puddles.obj
[5.274s] -- Installing: /home/shadows/ros2_ws/install/explorer_description/share/explorer_description/models/cave_rock/meshes/walls_open.obj
[5.277s] -- Installing: /home/shadows/ros2_ws/install/explorer_description/share/explorer_description/models/cave_rock/meshes/walls.obj
[5.278s] -- Installing: /home/shadows/ros2_ws/install/explorer_description/share/explorer_description/models/cave_rock/model.sdf
[5.278s] -- Installing: /home/shadows/ros2_ws/install/explorer_description/share/explorer_description/models/cave_rock/model.config
[5.278s] -- Up-to-date: /home/shadows/ros2_ws/install/explorer_description/share/explorer_description/models/cave_rock/materials
[5.278s] -- Up-to-date: /home/shadows/ros2_ws/install/explorer_description/share/explorer_description/models/cave_rock/materials/textures
[5.278s] -- Installing: /home/shadows/ros2_ws/install/explorer_description/share/explorer_description/models/cave_rock/materials/textures/gravel_normal.png
[5.278s] -- Installing: /home/shadows/ros2_ws/install/explorer_description/share/explorer_description/models/cave_rock/materials/textures/gravel_albedo.png
[5.279s] -- Installing: /home/shadows/ros2_ws/install/explorer_description/share/explorer_description/models/cave_rock/materials/textures/rock_normal.png
[5.279s] -- Installing: /home/shadows/ros2_ws/install/explorer_description/share/explorer_description/models/cave_rock/materials/textures/rock_albedo.png
[5.280s] -- Up-to-date: /home/shadows/ros2_ws/install/explorer_description/share/explorer_description/models/cave_rock_open
[5.280s] -- Installing: /home/shadows/ros2_ws/install/explorer_description/share/explorer_description/models/cave_rock_open/model.sdf
[5.280s] -- Installing: /home/shadows/ros2_ws/install/explorer_description/share/explorer_description/models/cave_rock_open/model.config
[5.280s] -- Up-to-date: /home/shadows/ros2_ws/install/explorer_description/share/explorer_description/worlds
[5.280s] -- Installing: /home/shadows/ros2_ws/install/explorer_description/share/explorer_description/worlds/cave.sdf
[5.280s] -- Installing: /home/shadows/ros2_ws/install/explorer_description/share/explorer_description/worlds/cave_open.sdf
[5.280s] -- Installing: /home/shadows/ros2_ws/install/explorer_description/lib/explorer_description/generate_cave.py
[5.280s] -- Up-to-date: /home/shadows/ros2_ws/install/explorer_description/share/ament_index/resource_index/package_run_dependencies/explorer_description
[5.280s] -- Up-to-date: /home/shadows/ros2_ws/install/explorer_description/share/ament_index/resource_index/parent_prefix_path/explorer_description
[5.280s] -- Up-to-date: /home/shadows/ros2_ws/install/explorer_description/share/explorer_description/environment/ament_prefix_path.sh
[5.280s] -- Up-to-date: /home/shadows/ros2_ws/install/explorer_description/share/explorer_description/environment/ament_prefix_path.dsv
[5.280s] -- Up-to-date: /home/shadows/ros2_ws/install/explorer_description/share/explorer_description/environment/path.sh
[5.280s] -- Up-to-date: /home/shadows/ros2_ws/install/explorer_description/share/explorer_description/environment/path.dsv
[5.280s] -- Up-to-date: /home/shadows/ros2_ws/install/explorer_description/share/explorer_description/local_setup.bash
[5.280s] -- Up-to-date: /home/shadows/ros2_ws/install/explorer_description/share/explorer_description/local_setup.sh
[5.280s] -- Up-to-date: /home/shadows/ros2_ws/install/explorer_description/share/explorer_description/local_setup.zsh
[5.281s] -- Up-to-date: /home/shadows/ros2_ws/install/explorer_description/share/explorer_description/local_setup.dsv
[5.281s] -- Installing: /home/shadows/ros2_ws/install/explorer_description/share/explorer_description/package.dsv
[5.281s] -- Up-to-date: /home/shadows/ros2_ws/install/explorer_description/share/ament_index/resource_index/packages/explorer_description
[5.281s] -- Up-to-date: /home/shadows/ros2_ws/install/explorer_description/share/explorer_description/cmake/explorer_descriptionConfig.cmake
[5.281s] -- Up-to-date: /home/shadows/ros2_ws/install/explorer_description/share/explorer_description/cmake/explorer_descriptionConfig-version.cmake
[5.281s] -- Up-to-date: /home/shadows/ros2_ws/install/explorer_description/share/explorer_description/package.xml
[5.282s] Invoked command in '/home/shadows/ros2_ws/build/explorer_description' returned '0': CMAKE_PREFIX_PATH=${CMAKE_PREFIX_PATH}:/opt/ros/jazzy DEBUGINFOD_URLS=https://debuginfod.ubuntu.com /usr/bin/cmake --install /home/shadows/ros2_ws/build/explorer_description
