[0.094s] DEBUG:colcon:Command line arguments: ['/usr/bin/colcon', 'build']
[0.094s] DEBUG:colcon:Parsed command line arguments: Namespace(log_base=None, log_level=None, verb_name='build', build_base='build', install_base='install', merge_install=False, symlink_install=False, test_result_base=None, continue_on_error=False, executor='parallel', parallel_workers=20, event_handlers=None, ignore_user_meta=False, metas=['./colcon.meta'], base_paths=['.'], packages_ignore=None, packages_ignore_regex=None, paths=None, packages_up_to=None, packages_up_to_regex=None, packages_above=None, packages_above_and_dependencies=None, packages_above_depth=None, packages_select_by_dep=None, packages_skip_by_dep=None, packages_skip_up_to=None, packages_select_build_failed=False, packages_skip_build_finished=False, packages_select_test_failures=False, packages_skip_test_passed=False, packages_select=None, packages_skip=None, packages_select_regex=None, packages_skip_regex=None, packages_start=None, packages_end=None, allow_overriding=[], cmake_args=None, cmake_target=None, cmake_target_skip_unavailable=False, cmake_clean_cache=False, cmake_clean_first=False, cmake_force_configure=False, ament_cmake_args=None, catkin_cmake_args=None, catkin_skip_building_tests=False, mixin_files=None, mixin=None, verb_parser=<colcon_mixin.mixin.mixin_argument.MixinArgumentDecorator object at 0x7493e18edee0>, verb_extension=<colcon_core.verb.build.BuildVerb object at 0x7493e16c3890>, main=<bound method BuildVerb.main of <colcon_core.verb.build.BuildVerb object at 0x7493e16c3890>>, mixin_verb=('build',))
[0.129s] Level 1:colcon.colcon_core.package_discovery:discover_packages(colcon_meta) check parameters
[0.129s] Level 1:colcon.colcon_core.package_discovery:discover_packages(recursive) check parameters
[0.129s] Level 1:colcon.colcon_core.package_discovery:discover_packages(ignore) check parameters
[0.129s] Level 1:colcon.colcon_core.package_discovery:discover_packages(path) check parameters
[0.129s] Level 1:colcon.colcon_core.package_discovery:discover_packages(colcon_meta) discover
[0.129s] Level 1:colcon.colcon_core.package_discovery:discover_packages(recursive) discover
[0.129s] INFO:colcon.colcon_core.package_discovery:Crawling recursively for packages in '/home/shadows/ros2_ws'
[0.129s] Level 1:colcon.colcon_core.package_identification:_identify(.) by extensions ['ignore', 'ignore_ament_install']
[0.129s] Level 1:colcon.colcon_core.package_identification:_identify(.) by extension 'ignore'
[0.129s] Level 1:colcon.colcon_core.package_identification:_identify(.) by extension 'ignore_ament_install'
[0.129s] Level 1:colcon.colcon_core.package_identification:_identify(.) by extensions ['colcon_pkg']
[0.129s] Level 1:colcon.colcon_core.package_identification:_identify(.) by extension 'colcon_pkg'
[0.129s] Level 1:colcon.colcon_core.package_identification:_identify(.) by extensions ['colcon_meta']
[0.129s] Level 1:colcon.colcon_core.package_identification:_identify(.) by extension 'colcon_meta'
[0.129s] Level 1:colcon.colcon_core.package_identification:_identify(.) by extensions ['ros']
[0.129s] Level 1:colcon.colcon_core.package_identification:_identify(.) by extension 'ros'
[0.145s] Level 1:colcon.colcon_core.package_identification:_identify(.) by extensions ['cmake', 'python']
[0.145s] Level 1:colcon.colcon_core.package_identification:_identify(.) by extension 'cmake'
[0.145s] Level 1:colcon.colcon_core.package_identification:_identify(.) by extension 'python'
[0.145s] Level 1:colcon.colcon_core.package_identification:_identify(.) by extensions ['python_setup_py']
[0.145s] Level 1:colcon.colcon_core.package_identification:_identify(.) by extension 'python_setup_py'
[0.146s] Level 1:colcon.colcon_core.package_identification:_identify(build) by extensions ['ignore', 'ignore_ament_install']
[0.146s] Level 1:colcon.colcon_core.package_identification:_identify(build) by extension 'ignore'
[0.146s] Level 1:colcon.colcon_core.package_identification:_identify(build) ignored
[0.146s] Level 1:colcon.colcon_core.package_identification:_identify(docs) by extensions ['ignore', 'ignore_ament_install']
[0.146s] Level 1:colcon.colcon_core.package_identification:_identify(docs) by extension 'ignore'
[0.146s] Level 1:colcon.colcon_core.package_identification:_identify(docs) by extension 'ignore_ament_install'
[0.146s] Level 1:colcon.colcon_core.package_identification:_identify(docs) by extensions ['colcon_pkg']
[0.146s] Level 1:colcon.colcon_core.package_identification:_identify(docs) by extension 'colcon_pkg'
[0.146s] Level 1:colcon.colcon_core.package_identification:_identify(docs) by extensions ['colcon_meta']
[0.146s] Level 1:colcon.colcon_core.package_identification:_identify(docs) by extension 'colcon_meta'
[0.146s] Level 1:colcon.colcon_core.package_identification:_identify(docs) by extensions ['ros']
[0.146s] Level 1:colcon.colcon_core.package_identification:_identify(docs) by extension 'ros'
[0.146s] Level 1:colcon.colcon_core.package_identification:_identify(docs) by extensions ['cmake', 'python']
[0.146s] Level 1:colcon.colcon_core.package_identification:_identify(docs) by extension 'cmake'
[0.146s] Level 1:colcon.colcon_core.package_identification:_identify(docs) by extension 'python'
[0.146s] Level 1:colcon.colcon_core.package_identification:_identify(docs) by extensions ['python_setup_py']
[0.146s] Level 1:colcon.colcon_core.package_identification:_identify(docs) by extension 'python_setup_py'
[0.146s] Level 1:colcon.colcon_core.package_identification:_identify(install) by extensions ['ignore', 'ignore_ament_install']
[0.146s] Level 1:colcon.colcon_core.package_identification:_identify(install) by extension 'ignore'
[0.146s] Level 1:colcon.colcon_core.package_identification:_identify(install) ignored
[0.146s] Level 1:colcon.colcon_core.package_identification:_identify(log) by extensions ['ignore', 'ignore_ament_install']
[0.146s] Level 1:colcon.colcon_core.package_identification:_identify(log) by extension 'ignore'
[0.146s] Level 1:colcon.colcon_core.package_identification:_identify(log) ignored
[0.146s] Level 1:colcon.colcon_core.package_identification:_identify(src) by extensions ['ignore', 'ignore_ament_install']
[0.146s] Level 1:colcon.colcon_core.package_identification:_identify(src) by extension 'ignore'
[0.146s] Level 1:colcon.colcon_core.package_identification:_identify(src) by extension 'ignore_ament_install'
[0.146s] Level 1:colcon.colcon_core.package_identification:_identify(src) by extensions ['colcon_pkg']
[0.146s] Level 1:colcon.colcon_core.package_identification:_identify(src) by extension 'colcon_pkg'
[0.146s] Level 1:colcon.colcon_core.package_identification:_identify(src) by extensions ['colcon_meta']
[0.146s] Level 1:colcon.colcon_core.package_identification:_identify(src) by extension 'colcon_meta'
[0.146s] Level 1:colcon.colcon_core.package_identification:_identify(src) by extensions ['ros']
[0.146s] Level 1:colcon.colcon_core.package_identification:_identify(src) by extension 'ros'
[0.146s] Level 1:colcon.colcon_core.package_identification:_identify(src) by extensions ['cmake', 'python']
[0.146s] Level 1:colcon.colcon_core.package_identification:_identify(src) by extension 'cmake'
[0.146s] Level 1:colcon.colcon_core.package_identification:_identify(src) by extension 'python'
[0.146s] Level 1:colcon.colcon_core.package_identification:_identify(src) by extensions ['python_setup_py']
[0.147s] Level 1:colcon.colcon_core.package_identification:_identify(src) by extension 'python_setup_py'
[0.147s] Level 1:colcon.colcon_core.package_identification:_identify(src/explorer_description) by extensions ['ignore', 'ignore_ament_install']
[0.147s] Level 1:colcon.colcon_core.package_identification:_identify(src/explorer_description) by extension 'ignore'
[0.147s] Level 1:colcon.colcon_core.package_identification:_identify(src/explorer_description) by extension 'ignore_ament_install'
[0.147s] Level 1:colcon.colcon_core.package_identification:_identify(src/explorer_description) by extensions ['colcon_pkg']
[0.147s] Level 1:colcon.colcon_core.package_identification:_identify(src/explorer_description) by extension 'colcon_pkg'
[0.147s] Level 1:colcon.colcon_core.package_identification:_identify(src/explorer_description) by extensions ['colcon_meta']
[0.147s] Level 1:colcon.colcon_core.package_identification:_identify(src/explorer_description) by extension 'colcon_meta'
[0.147s] Level 1:colcon.colcon_core.package_identification:_identify(src/explorer_description) by extensions ['ros']
[0.147s] Level 1:colcon.colcon_core.package_identification:_identify(src/explorer_description) by extension 'ros'
[0.148s] DEBUG:colcon.colcon_core.package_identification:Package 'src/explorer_description' with type 'ros.ament_cmake' and name 'explorer_description'
[0.148s] Level 1:colcon.colcon_core.package_identification:_identify(src/mesh_nodes) by extensions ['ignore', 'ignore_ament_install']
[0.148s] Level 1:colcon.colcon_core.package_identification:_identify(src/mesh_nodes) by extension 'ignore'
[0.148s] Level 1:colcon.colcon_core.package_identification:_identify(src/mesh_nodes) by extension 'ignore_ament_install'
[0.148s] Level 1:colcon.colcon_core.package_identification:_identify(src/mesh_nodes) by extensions ['colcon_pkg']
[0.148s] Level 1:colcon.colcon_core.package_identification:_identify(src/mesh_nodes) by extension 'colcon_pkg'
[0.148s] Level 1:colcon.colcon_core.package_identification:_identify(src/mesh_nodes) by extensions ['colcon_meta']
[0.148s] Level 1:colcon.colcon_core.package_identification:_identify(src/mesh_nodes) by extension 'colcon_meta'
[0.149s] Level 1:colcon.colcon_core.package_identification:_identify(src/mesh_nodes) by extensions ['ros']
[0.149s] Level 1:colcon.colcon_core.package_identification:_identify(src/mesh_nodes) by extension 'ros'
[0.149s] DEBUG:colcon.colcon_core.package_identification:Package 'src/mesh_nodes' with type 'ros.ament_python' and name 'mesh_nodes'
[0.149s] Level 1:colcon.colcon_core.package_identification:_identify(src/my_mesh_interfaces) by extensions ['ignore', 'ignore_ament_install']
[0.149s] Level 1:colcon.colcon_core.package_identification:_identify(src/my_mesh_interfaces) by extension 'ignore'
[0.149s] Level 1:colcon.colcon_core.package_identification:_identify(src/my_mesh_interfaces) by extension 'ignore_ament_install'
[0.149s] Level 1:colcon.colcon_core.package_identification:_identify(src/my_mesh_interfaces) by extensions ['colcon_pkg']
[0.149s] Level 1:colcon.colcon_core.package_identification:_identify(src/my_mesh_interfaces) by extension 'colcon_pkg'
[0.149s] Level 1:colcon.colcon_core.package_identification:_identify(src/my_mesh_interfaces) by extensions ['colcon_meta']
[0.149s] Level 1:colcon.colcon_core.package_identification:_identify(src/my_mesh_interfaces) by extension 'colcon_meta'
[0.149s] Level 1:colcon.colcon_core.package_identification:_identify(src/my_mesh_interfaces) by extensions ['ros']
[0.149s] Level 1:colcon.colcon_core.package_identification:_identify(src/my_mesh_interfaces) by extension 'ros'
[0.149s] DEBUG:colcon.colcon_core.package_identification:Package 'src/my_mesh_interfaces' with type 'ros.ament_cmake' and name 'my_mesh_interfaces'
[0.149s] Level 1:colcon.colcon_core.package_discovery:discover_packages(recursive) using defaults
[0.149s] Level 1:colcon.colcon_core.package_discovery:discover_packages(ignore) discover
[0.149s] Level 1:colcon.colcon_core.package_discovery:discover_packages(ignore) using defaults
[0.149s] Level 1:colcon.colcon_core.package_discovery:discover_packages(path) discover
[0.149s] Level 1:colcon.colcon_core.package_discovery:discover_packages(path) using defaults
[0.165s] Level 1:colcon.colcon_core.package_discovery:discover_packages(prefix_path) check parameters
[0.165s] Level 1:colcon.colcon_core.package_discovery:discover_packages(prefix_path) discover
[0.166s] DEBUG:colcon.colcon_installed_package_information.package_discovery:Found 1 installed packages in /home/shadows/ros2_ws/install
[0.168s] DEBUG:colcon.colcon_installed_package_information.package_discovery:Found 503 installed packages in /opt/ros/jazzy
[0.169s] Level 1:colcon.colcon_core.package_discovery:discover_packages(prefix_path) using defaults
[0.200s] Level 5:colcon.colcon_core.verb:set package 'explorer_description' build argument 'cmake_args' from command line to 'None'
[0.200s] Level 5:colcon.colcon_core.verb:set package 'explorer_description' build argument 'cmake_target' from command line to 'None'
[0.200s] Level 5:colcon.colcon_core.verb:set package 'explorer_description' build argument 'cmake_target_skip_unavailable' from command line to 'False'
[0.200s] Level 5:colcon.colcon_core.verb:set package 'explorer_description' build argument 'cmake_clean_cache' from command line to 'False'
[0.200s] Level 5:colcon.colcon_core.verb:set package 'explorer_description' build argument 'cmake_clean_first' from command line to 'False'
[0.200s] Level 5:colcon.colcon_core.verb:set package 'explorer_description' build argument 'cmake_force_configure' from command line to 'False'
[0.200s] Level 5:colcon.colcon_core.verb:set package 'explorer_description' build argument 'ament_cmake_args' from command line to 'None'
[0.200s] Level 5:colcon.colcon_core.verb:set package 'explorer_description' build argument 'catkin_cmake_args' from command line to 'None'
[0.200s] Level 5:colcon.colcon_core.verb:set package 'explorer_description' build argument 'catkin_skip_building_tests' from command line to 'False'
[0.200s] DEBUG:colcon.colcon_core.verb:Building package 'explorer_description' with the following arguments: {'ament_cmake_args': None, 'build_base': '/home/shadows/ros2_ws/build/explorer_description', 'catkin_cmake_args': None, 'catkin_skip_building_tests': False, 'cmake_args': None, 'cmake_clean_cache': False, 'cmake_clean_first': False, 'cmake_force_configure': False, 'cmake_target': None, 'cmake_target_skip_unavailable': False, 'install_base': '/home/shadows/ros2_ws/install/explorer_description', 'merge_install': False, 'path': '/home/shadows/ros2_ws/src/explorer_description', 'symlink_install': False, 'test_result_base': None}
[0.200s] Level 5:colcon.colcon_core.verb:set package 'my_mesh_interfaces' build argument 'cmake_args' from command line to 'None'
[0.200s] Level 5:colcon.colcon_core.verb:set package 'my_mesh_interfaces' build argument 'cmake_target' from command line to 'None'
[0.200s] Level 5:colcon.colcon_core.verb:set package 'my_mesh_interfaces' build argument 'cmake_target_skip_unavailable' from command line to 'False'
[0.200s] Level 5:colcon.colcon_core.verb:set package 'my_mesh_interfaces' build argument 'cmake_clean_cache' from command line to 'False'
[0.200s] Level 5:colcon.colcon_core.verb:set package 'my_mesh_interfaces' build argument 'cmake_clean_first' from command line to 'False'
[0.200s] Level 5:colcon.colcon_core.verb:set package 'my_mesh_interfaces' build argument 'cmake_force_configure' from command line to 'False'
[0.200s] Level 5:colcon.colcon_core.verb:set package 'my_mesh_interfaces' build argument 'ament_cmake_args' from command line to 'None'
[0.200s] Level 5:colcon.colcon_core.verb:set package 'my_mesh_interfaces' build argument 'catkin_cmake_args' from command line to 'None'
[0.200s] Level 5:colcon.colcon_core.verb:set package 'my_mesh_interfaces' build argument 'catkin_skip_building_tests' from command line to 'False'
[0.200s] DEBUG:colcon.colcon_core.verb:Building package 'my_mesh_interfaces' with the following arguments: {'ament_cmake_args': None, 'build_base': '/home/shadows/ros2_ws/build/my_mesh_interfaces', 'catkin_cmake_args': None, 'catkin_skip_building_tests': False, 'cmake_args': None, 'cmake_clean_cache': False, 'cmake_clean_first': False, 'cmake_force_configure': False, 'cmake_target': None, 'cmake_target_skip_unavailable': False, 'install_base': '/home/shadows/ros2_ws/install/my_mesh_interfaces', 'merge_install': False, 'path': '/home/shadows/ros2_ws/src/my_mesh_interfaces', 'symlink_install': False, 'test_result_base': None}
[0.200s] Level 5:colcon.colcon_core.verb:set package 'mesh_nodes' build argument 'cmake_args' from command line to 'None'
[0.200s] Level 5:colcon.colcon_core.verb:set package 'mesh_nodes' build argument 'cmake_target' from command line to 'None'
[0.200s] Level 5:colcon.colcon_core.verb:set package 'mesh_nodes' build argument 'cmake_target_skip_unavailable' from command line to 'False'
[0.200s] Level 5:colcon.colcon_core.verb:set package 'mesh_nodes' build argument 'cmake_clean_cache' from command line to 'False'
[0.200s] Level 5:colcon.colcon_core.verb:set package 'mesh_nodes' build argument 'cmake_clean_first' from command line to 'False'
[0.200s] Level 5:colcon.colcon_core.verb:set package 'mesh_nodes' build argument 'cmake_force_configure' from command line to 'False'
[0.200s] Level 5:colcon.colcon_core.verb:set package 'mesh_nodes' build argument 'ament_cmake_args' from command line to 'None'
[0.200s] Level 5:colcon.colcon_core.verb:set package 'mesh_nodes' build argument 'catkin_cmake_args' from command line to 'None'
[0.200s] Level 5:colcon.colcon_core.verb:set package 'mesh_nodes' build argument 'catkin_skip_building_tests' from command line to 'False'
[0.200s] DEBUG:colcon.colcon_core.verb:Building package 'mesh_nodes' with the following arguments: {'ament_cmake_args': None, 'build_base': '/home/shadows/ros2_ws/build/mesh_nodes', 'catkin_cmake_args': None, 'catkin_skip_building_tests': False, 'cmake_args': None, 'cmake_clean_cache': False, 'cmake_clean_first': False, 'cmake_force_configure': False, 'cmake_target': None, 'cmake_target_skip_unavailable': False, 'install_base': '/home/shadows/ros2_ws/install/mesh_nodes', 'merge_install': False, 'path': '/home/shadows/ros2_ws/src/mesh_nodes', 'symlink_install': False, 'test_result_base': None}
[0.200s] INFO:colcon.colcon_core.executor:Executing jobs using 'parallel' executor
[0.201s] DEBUG:colcon.colcon_parallel_executor.executor.parallel:run_until_complete
[0.201s] INFO:colcon.colcon_ros.task.ament_cmake.build:Building ROS package in '/home/shadows/ros2_ws/src/my_mesh_interfaces' with build type 'ament_cmake'
[0.201s] INFO:colcon.colcon_cmake.task.cmake.build:Building CMake package in '/home/shadows/ros2_ws/src/my_mesh_interfaces'
[0.203s] INFO:colcon.colcon_core.plugin_system:Skipping extension 'colcon_core.shell.bat': Not used on non-Windows systems
[0.203s] INFO:colcon.colcon_core.shell:Skip shell extension 'powershell' for command environment: Not usable outside of PowerShell
[0.203s] DEBUG:colcon.colcon_core.shell:Skip shell extension 'dsv' for command environment
[0.206s] INFO:colcon.colcon_ros.task.ament_cmake.build:Building ROS package in '/home/shadows/ros2_ws/src/explorer_description' with build type 'ament_cmake'
[0.206s] INFO:colcon.colcon_cmake.task.cmake.build:Building CMake package in '/home/shadows/ros2_ws/src/explorer_description'
[0.206s] INFO:colcon.colcon_core.shell:Skip shell extension 'powershell' for command environment: Not usable outside of PowerShell
[0.206s] DEBUG:colcon.colcon_core.shell:Skip shell extension 'dsv' for command environment
[0.211s] DEBUG:colcon.colcon_core.event_handler.log_command:Invoking command in '/home/shadows/ros2_ws/build/my_mesh_interfaces': CMAKE_PREFIX_PATH=${CMAKE_PREFIX_PATH}:/opt/ros/jazzy DEBUGINFOD_URLS=https://debuginfod.ubuntu.com /usr/bin/cmake --build /home/shadows/ros2_ws/build/my_mesh_interfaces -- -j20 -l20
[0.212s] DEBUG:colcon.colcon_core.event_handler.log_command:Invoking command in '/home/shadows/ros2_ws/build/explorer_description': CMAKE_PREFIX_PATH=${CMAKE_PREFIX_PATH}:/opt/ros/jazzy DEBUGINFOD_URLS=https://debuginfod.ubuntu.com /usr/bin/cmake /home/shadows/ros2_ws/src/explorer_description -DCMAKE_INSTALL_PREFIX=/home/shadows/ros2_ws/install/explorer_description
[0.594s] DEBUG:colcon.colcon_core.event_handler.log_command:Invoked command in '/home/shadows/ros2_ws/build/my_mesh_interfaces' returned '0': CMAKE_PREFIX_PATH=${CMAKE_PREFIX_PATH}:/opt/ros/jazzy DEBUGINFOD_URLS=https://debuginfod.ubuntu.com /usr/bin/cmake --build /home/shadows/ros2_ws/build/my_mesh_interfaces -- -j20 -l20
[0.602s] DEBUG:colcon.colcon_core.event_handler.log_command:Invoking command in '/home/shadows/ros2_ws/build/my_mesh_interfaces': CMAKE_PREFIX_PATH=${CMAKE_PREFIX_PATH}:/opt/ros/jazzy DEBUGINFOD_URLS=https://debuginfod.ubuntu.com /usr/bin/cmake --install /home/shadows/ros2_ws/build/my_mesh_interfaces
[0.753s] Level 1:colcon.colcon_core.environment:create_environment_scripts_only(my_mesh_interfaces)
[0.755s] DEBUG:colcon.colcon_core.event_handler.log_command:Invoked command in '/home/shadows/ros2_ws/build/my_mesh_interfaces' returned '0': CMAKE_PREFIX_PATH=${CMAKE_PREFIX_PATH}:/opt/ros/jazzy DEBUGINFOD_URLS=https://debuginfod.ubuntu.com /usr/bin/cmake --install /home/shadows/ros2_ws/build/my_mesh_interfaces
[0.757s] Level 1:colcon.colcon_core.environment:checking '/home/shadows/ros2_ws/install/my_mesh_interfaces' for CMake module files
[0.757s] Level 1:colcon.colcon_core.environment:checking '/home/shadows/ros2_ws/install/my_mesh_interfaces' for CMake config files
[0.757s] Level 1:colcon.colcon_core.shell:create_environment_hook('my_mesh_interfaces', 'cmake_prefix_path')
[0.757s] INFO:colcon.colcon_core.shell:Creating environment hook '/home/shadows/ros2_ws/install/my_mesh_interfaces/share/my_mesh_interfaces/hook/cmake_prefix_path.ps1'
[0.758s] INFO:colcon.colcon_core.shell:Creating environment descriptor '/home/shadows/ros2_ws/install/my_mesh_interfaces/share/my_mesh_interfaces/hook/cmake_prefix_path.dsv'
[0.758s] INFO:colcon.colcon_core.shell:Creating environment hook '/home/shadows/ros2_ws/install/my_mesh_interfaces/share/my_mesh_interfaces/hook/cmake_prefix_path.sh'
[0.759s] Level 1:colcon.colcon_core.environment:checking '/home/shadows/ros2_ws/install/my_mesh_interfaces/lib'
[0.759s] Level 1:colcon.colcon_core.shell:create_environment_hook('my_mesh_interfaces', 'ld_library_path_lib')
[0.759s] INFO:colcon.colcon_core.shell:Creating environment hook '/home/shadows/ros2_ws/install/my_mesh_interfaces/share/my_mesh_interfaces/hook/ld_library_path_lib.ps1'
[0.760s] INFO:colcon.colcon_core.shell:Creating environment descriptor '/home/shadows/ros2_ws/install/my_mesh_interfaces/share/my_mesh_interfaces/hook/ld_library_path_lib.dsv'
[0.760s] INFO:colcon.colcon_core.shell:Creating environment hook '/home/shadows/ros2_ws/install/my_mesh_interfaces/share/my_mesh_interfaces/hook/ld_library_path_lib.sh'
[0.760s] Level 1:colcon.colcon_core.environment:checking '/home/shadows/ros2_ws/install/my_mesh_interfaces/bin'
[0.760s] Level 1:colcon.colcon_core.environment:checking '/home/shadows/ros2_ws/install/my_mesh_interfaces/lib/pkgconfig/my_mesh_interfaces.pc'
[0.760s] Level 1:colcon.colcon_core.environment:checking '/home/shadows/ros2_ws/install/my_mesh_interfaces/lib/python3.12/site-packages'
[0.760s] Level 1:colcon.colcon_core.shell:create_environment_hook('my_mesh_interfaces', 'pythonpath')
[0.760s] INFO:colcon.colcon_core.shell:Creating environment hook '/home/shadows/ros2_ws/install/my_mesh_interfaces/share/my_mesh_interfaces/hook/pythonpath.ps1'
[0.760s] INFO:colcon.colcon_core.shell:Creating environment descriptor '/home/shadows/ros2_ws/install/my_mesh_interfaces/share/my_mesh_interfaces/hook/pythonpath.dsv'
[0.761s] INFO:colcon.colcon_core.shell:Creating environment hook '/home/shadows/ros2_ws/install/my_mesh_interfaces/share/my_mesh_interfaces/hook/pythonpath.sh'
[0.761s] Level 1:colcon.colcon_core.environment:checking '/home/shadows/ros2_ws/install/my_mesh_interfaces/bin'
[0.761s] INFO:colcon.colcon_core.shell:Creating package script '/home/shadows/ros2_ws/install/my_mesh_interfaces/share/my_mesh_interfaces/package.ps1'
[0.762s] INFO:colcon.colcon_core.shell:Creating package descriptor '/home/shadows/ros2_ws/install/my_mesh_interfaces/share/my_mesh_interfaces/package.dsv'
[0.762s] INFO:colcon.colcon_core.shell:Creating package script '/home/shadows/ros2_ws/install/my_mesh_interfaces/share/my_mesh_interfaces/package.sh'
[0.763s] INFO:colcon.colcon_core.shell:Creating package script '/home/shadows/ros2_ws/install/my_mesh_interfaces/share/my_mesh_interfaces/package.bash'
[0.763s] INFO:colcon.colcon_core.shell:Creating package script '/home/shadows/ros2_ws/install/my_mesh_interfaces/share/my_mesh_interfaces/package.zsh'
[0.764s] Level 1:colcon.colcon_core.environment:create_file_with_runtime_dependencies(/home/shadows/ros2_ws/install/my_mesh_interfaces/share/colcon-core/packages/my_mesh_interfaces)
[0.764s] Level 1:colcon.colcon_core.environment:create_environment_scripts_only(my_mesh_interfaces)
[0.764s] Level 1:colcon.colcon_core.environment:checking '/home/shadows/ros2_ws/install/my_mesh_interfaces' for CMake module files
[0.764s] Level 1:colcon.colcon_core.environment:checking '/home/shadows/ros2_ws/install/my_mesh_interfaces' for CMake config files
[0.765s] Level 1:colcon.colcon_core.shell:create_environment_hook('my_mesh_interfaces', 'cmake_prefix_path')
[0.765s] INFO:colcon.colcon_core.shell:Creating environment hook '/home/shadows/ros2_ws/install/my_mesh_interfaces/share/my_mesh_interfaces/hook/cmake_prefix_path.ps1'
[0.765s] INFO:colcon.colcon_core.shell:Creating environment descriptor '/home/shadows/ros2_ws/install/my_mesh_interfaces/share/my_mesh_interfaces/hook/cmake_prefix_path.dsv'
[0.765s] INFO:colcon.colcon_core.shell:Creating environment hook '/home/shadows/ros2_ws/install/my_mesh_interfaces/share/my_mesh_interfaces/hook/cmake_prefix_path.sh'
[0.765s] Level 1:colcon.colcon_core.environment:checking '/home/shadows/ros2_ws/install/my_mesh_interfaces/lib'
[0.765s] Level 1:colcon.colcon_core.shell:create_environment_hook('my_mesh_interfaces', 'ld_library_path_lib')
[0.765s] INFO:colcon.colcon_core.shell:Creating environment hook '/home/shadows/ros2_ws/install/my_mesh_interfaces/share/my_mesh_interfaces/hook/ld_library_path_lib.ps1'
[0.766s] INFO:colcon.colcon_core.shell:Creating environment descriptor '/home/shadows/ros2_ws/install/my_mesh_interfaces/share/my_mesh_interfaces/hook/ld_library_path_lib.dsv'
[0.766s] INFO:colcon.colcon_core.shell:Creating environment hook '/home/shadows/ros2_ws/install/my_mesh_interfaces/share/my_mesh_interfaces/hook/ld_library_path_lib.sh'
[0.766s] Level 1:colcon.colcon_core.environment:checking '/home/shadows/ros2_ws/install/my_mesh_interfaces/bin'
[0.766s] Level 1:colcon.colcon_core.environment:checking '/home/shadows/ros2_ws/install/my_mesh_interfaces/lib/pkgconfig/my_mesh_interfaces.pc'
[0.766s] Level 1:colcon.colcon_core.environment:checking '/home/shadows/ros2_ws/install/my_mesh_interfaces/lib/python3.12/site-packages'
[0.766s] Level 1:colcon.colcon_core.shell:create_environment_hook('my_mesh_interfaces', 'pythonpath')
[0.766s] INFO:colcon.colcon_core.shell:Creating environment hook '/home/shadows/ros2_ws/install/my_mesh_interfaces/share/my_mesh_interfaces/hook/pythonpath.ps1'
[0.767s] INFO:colcon.colcon_core.shell:Creating environment descriptor '/home/shadows/ros2_ws/install/my_mesh_interfaces/share/my_mesh_interfaces/hook/pythonpath.dsv'
[0.773s] INFO:colcon.colcon_core.shell:Creating environment hook '/home/shadows/ros2_ws/install/my_mesh_interfaces/share/my_mesh_interfaces/hook/pythonpath.sh'
[0.774s] Level 1:colcon.colcon_core.environment:checking '/home/shadows/ros2_ws/install/my_mesh_interfaces/bin'
[0.774s] INFO:colcon.colcon_core.shell:Creating package script '/home/shadows/ros2_ws/install/my_mesh_interfaces/share/my_mesh_interfaces/package.ps1'
[0.774s] INFO:colcon.colcon_core.shell:Creating package descriptor '/home/shadows/ros2_ws/install/my_mesh_interfaces/share/my_mesh_interfaces/package.dsv'
[0.774s] INFO:colcon.colcon_core.shell:Creating package script '/home/shadows/ros2_ws/install/my_mesh_interfaces/share/my_mesh_interfaces/package.sh'
[0.775s] INFO:colcon.colcon_core.shell:Creating package script '/home/shadows/ros2_ws/install/my_mesh_interfaces/share/my_mesh_interfaces/package.bash'
[0.775s] INFO:colcon.colcon_core.shell:Creating package script '/home/shadows/ros2_ws/install/my_mesh_interfaces/share/my_mesh_interfaces/package.zsh'
[0.775s] Level 1:colcon.colcon_core.environment:create_file_with_runtime_dependencies(/home/shadows/ros2_ws/install/my_mesh_interfaces/share/colcon-core/packages/my_mesh_interfaces)
[0.775s] INFO:colcon.colcon_ros.task.ament_python.build:Building ROS package in '/home/shadows/ros2_ws/src/mesh_nodes' with build type 'ament_python'
[0.775s] Level 1:colcon.colcon_core.shell:create_environment_hook('mesh_nodes', 'ament_prefix_path')
[0.775s] INFO:colcon.colcon_core.shell:Creating environment hook '/home/shadows/ros2_ws/install/mesh_nodes/share/mesh_nodes/hook/ament_prefix_path.ps1'
[0.776s] INFO:colcon.colcon_core.shell:Creating environment descriptor '/home/shadows/ros2_ws/install/mesh_nodes/share/mesh_nodes/hook/ament_prefix_path.dsv'
[0.776s] INFO:colcon.colcon_core.shell:Creating environment hook '/home/shadows/ros2_ws/install/mesh_nodes/share/mesh_nodes/hook/ament_prefix_path.sh'
[0.776s] INFO:colcon.colcon_core.shell:Skip shell extension 'powershell' for command environment: Not usable outside of PowerShell
[0.776s] DEBUG:colcon.colcon_core.shell:Skip shell extension 'dsv' for command environment
[0.915s] INFO:colcon.colcon_core.task.python.build:Building Python package in '/home/shadows/ros2_ws/src/mesh_nodes'
[0.915s] INFO:colcon.colcon_core.shell:Skip shell extension 'powershell' for command environment: Not usable outside of PowerShell
[0.915s] DEBUG:colcon.colcon_core.shell:Skip shell extension 'dsv' for command environment
[1.148s] DEBUG:colcon.colcon_core.event_handler.log_command:Invoked command in '/home/shadows/ros2_ws/build/explorer_description' returned '0': CMAKE_PREFIX_PATH=${CMAKE_PREFIX_PATH}:/opt/ros/jazzy DEBUGINFOD_URLS=https://debuginfod.ubuntu.com /usr/bin/cmake /home/shadows/ros2_ws/src/explorer_description -DCMAKE_INSTALL_PREFIX=/home/shadows/ros2_ws/install/explorer_description
[1.148s] DEBUG:colcon.colcon_core.event_handler.log_command:Invoking command in '/home/shadows/ros2_ws/build/explorer_description': CMAKE_PREFIX_PATH=${CMAKE_PREFIX_PATH}:/opt/ros/jazzy DEBUGINFOD_URLS=https://debuginfod.ubuntu.com /usr/bin/cmake --build /home/shadows/ros2_ws/build/explorer_description -- -j20 -l20
[1.181s] DEBUG:colcon.colcon_core.event_handler.log_command:Invoked command in '/home/shadows/ros2_ws/build/explorer_description' returned '0': CMAKE_PREFIX_PATH=${CMAKE_PREFIX_PATH}:/opt/ros/jazzy DEBUGINFOD_URLS=https://debuginfod.ubuntu.com /usr/bin/cmake --build /home/shadows/ros2_ws/build/explorer_description -- -j20 -l20
[1.182s] DEBUG:colcon.colcon_core.event_handler.log_command:Invoking command in '/home/shadows/ros2_ws/build/explorer_description': CMAKE_PREFIX_PATH=${CMAKE_PREFIX_PATH}:/opt/ros/jazzy DEBUGINFOD_URLS=https://debuginfod.ubuntu.com /usr/bin/cmake --install /home/shadows/ros2_ws/build/explorer_description
[1.192s] Level 1:colcon.colcon_core.environment:create_environment_scripts_only(explorer_description)
[1.192s] Level 1:colcon.colcon_core.environment:checking '/home/shadows/ros2_ws/install/explorer_description' for CMake module files
[1.192s] DEBUG:colcon.colcon_core.event_handler.log_command:Invoked command in '/home/shadows/ros2_ws/build/explorer_description' returned '0': CMAKE_PREFIX_PATH=${CMAKE_PREFIX_PATH}:/opt/ros/jazzy DEBUGINFOD_URLS=https://debuginfod.ubuntu.com /usr/bin/cmake --install /home/shadows/ros2_ws/build/explorer_description
[1.192s] Level 1:colcon.colcon_core.environment:checking '/home/shadows/ros2_ws/install/explorer_description' for CMake config files
[1.192s] Level 1:colcon.colcon_core.shell:create_environment_hook('explorer_description', 'cmake_prefix_path')
[1.193s] INFO:colcon.colcon_core.shell:Creating environment hook '/home/shadows/ros2_ws/install/explorer_description/share/explorer_description/hook/cmake_prefix_path.ps1'
[1.193s] INFO:colcon.colcon_core.shell:Creating environment descriptor '/home/shadows/ros2_ws/install/explorer_description/share/explorer_description/hook/cmake_prefix_path.dsv'
[1.193s] INFO:colcon.colcon_core.shell:Creating environment hook '/home/shadows/ros2_ws/install/explorer_description/share/explorer_description/hook/cmake_prefix_path.sh'
[1.193s] Level 1:colcon.colcon_core.environment:checking '/home/shadows/ros2_ws/install/explorer_description/bin'
[1.193s] Level 1:colcon.colcon_core.environment:checking '/home/shadows/ros2_ws/install/explorer_description/lib/pkgconfig/explorer_description.pc'
[1.194s] Level 1:colcon.colcon_core.environment:checking '/home/shadows/ros2_ws/install/explorer_description/lib/python3.12/site-packages'
[1.194s] Level 1:colcon.colcon_core.environment:checking '/home/shadows/ros2_ws/install/explorer_description/bin'
[1.194s] INFO:colcon.colcon_core.shell:Creating package script '/home/shadows/ros2_ws/install/explorer_description/share/explorer_description/package.ps1'
[1.194s] INFO:colcon.colcon_core.shell:Creating package descriptor '/home/shadows/ros2_ws/install/explorer_description/share/explorer_description/package.dsv'
[1.194s] INFO:colcon.colcon_core.shell:Creating package script '/home/shadows/ros2_ws/install/explorer_description/share/explorer_description/package.sh'
[1.194s] INFO:colcon.colcon_core.shell:Creating package script '/home/shadows/ros2_ws/install/explorer_description/share/explorer_description/package.bash'
[1.195s] INFO:colcon.colcon_core.shell:Creating package script '/home/shadows/ros2_ws/install/explorer_description/share/explorer_description/package.zsh'
[1.195s] Level 1:colcon.colcon_core.environment:create_file_with_runtime_dependencies(/home/shadows/ros2_ws/install/explorer_description/share/colcon-core/packages/explorer_description)
[1.195s] Level 1:colcon.colcon_core.environment:create_environment_scripts_only(explorer_description)
[1.195s] Level 1:colcon.colcon_core.environment:checking '/home/shadows/ros2_ws/install/explorer_description' for CMake module files
[1.196s] Level 1:colcon.colcon_core.environment:checking '/home/shadows/ros2_ws/install/explorer_description' for CMake config files
[1.196s] Level 1:colcon.colcon_core.shell:create_environment_hook('explorer_description', 'cmake_prefix_path')
[1.196s] INFO:colcon.colcon_core.shell:Creating environment hook '/home/shadows/ros2_ws/install/explorer_description/share/explorer_description/hook/cmake_prefix_path.ps1'
[1.196s] INFO:colcon.colcon_core.shell:Creating environment descriptor '/home/shadows/ros2_ws/install/explorer_description/share/explorer_description/hook/cmake_prefix_path.dsv'
[1.196s] INFO:colcon.colcon_core.shell:Creating environment hook '/home/shadows/ros2_ws/install/explorer_description/share/explorer_description/hook/cmake_prefix_path.sh'
[1.197s] Level 1:colcon.colcon_core.environment:checking '/home/shadows/ros2_ws/install/explorer_description/bin'
[1.197s] Level 1:colcon.colcon_core.environment:checking '/home/shadows/ros2_ws/install/explorer_description/lib/pkgconfig/explorer_description.pc'
[1.197s] Level 1:colcon.colcon_core.environment:checking '/home/shadows/ros2_ws/install/explorer_description/lib/python3.12/site-packages'
[1.197s] Level 1:colcon.colcon_core.environment:checking '/home/shadows/ros2_ws/install/explorer_description/bin'
[1.197s] INFO:colcon.colcon_core.shell:Creating package script '/home/shadows/ros2_ws/install/explorer_description/share/explorer_description/package.ps1'
[1.198s] INFO:colcon.colcon_core.shell:Creating package descriptor '/home/shadows/ros2_ws/install/explorer_description/share/explorer_description/package.dsv'
[1.198s] INFO:colcon.colcon_core.shell:Creating package script '/home/shadows/ros2_ws/install/explorer_description/share/explorer_description/package.sh'
[1.198s] INFO:colcon.colcon_core.shell:Creating package script '/home/shadows/ros2_ws/install/explorer_description/share/explorer_description/package.bash'
[1.198s] INFO:colcon.colcon_core.shell:Creating package script '/home/shadows/ros2_ws/install/explorer_description/share/explorer_description/package.zsh'
[1.199s] Level 1:colcon.colcon_core.environment:create_file_with_runtime_dependencies(/home/shadows/ros2_ws/install/explorer_description/share/colcon-core/packages/explorer_description)
[1.463s] DEBUG:colcon.colcon_core.task.python.build:Available setuptools commands: upload_docs, build_py, extract_messages, update_catalog, bdist_wheel, setopt, install_data, install_lib, build, init_catalog, install_headers, build_ext, alias, bdist_rpm, upload, egg_info, saveopts, build_scripts, install, check, develop, editable_wheel, bdist, symlink_data, register, clean, bdist_dumb, bdist_egg, easy_install, sdist, dist_info, install_egg_info, install_scripts, rotate, compile_catalog, build_clib, test
[1.464s] DEBUG:colcon.colcon_core.event_handler.log_command:Invoking command in '/home/shadows/ros2_ws/src/mesh_nodes': DEBUGINFOD_URLS=https://debuginfod.ubuntu.com PYTHONPATH=/home/shadows/ros2_ws/build/mesh_nodes/prefix_override:/usr/lib/python3/dist-packages/colcon_core/task/python/colcon_distutils_commands:/home/shadows/ros2_ws/install/mesh_nodes/lib/python3.12/site-packages:${PYTHONPATH} /usr/bin/python3 -W ignore:setup.py install is deprecated -W ignore:easy_install command is deprecated setup.py egg_info --egg-base ../../build/mesh_nodes build --build-base /home/shadows/ros2_ws/build/mesh_nodes/build install --record /home/shadows/ros2_ws/build/mesh_nodes/install.log --install-scripts $base/lib/mesh_nodes --single-version-externally-managed install_data
[1.784s] Level 1:colcon.colcon_core.environment:checking '/home/shadows/ros2_ws/install/mesh_nodes' for CMake module files
[1.784s] DEBUG:colcon.colcon_core.event_handler.log_command:Invoked command in '/home/shadows/ros2_ws/src/mesh_nodes' returned '0': DEBUGINFOD_URLS=https://debuginfod.ubuntu.com PYTHONPATH=/home/shadows/ros2_ws/build/mesh_nodes/prefix_override:/usr/lib/python3/dist-packages/colcon_core/task/python/colcon_distutils_commands:/home/shadows/ros2_ws/install/mesh_nodes/lib/python3.12/site-packages:${PYTHONPATH} /usr/bin/python3 -W ignore:setup.py install is deprecated -W ignore:easy_install command is deprecated setup.py egg_info --egg-base ../../build/mesh_nodes build --build-base /home/shadows/ros2_ws/build/mesh_nodes/build install --record /home/shadows/ros2_ws/build/mesh_nodes/install.log --install-scripts $base/lib/mesh_nodes --single-version-externally-managed install_data
[1.784s] Level 1:colcon.colcon_core.environment:checking '/home/shadows/ros2_ws/install/mesh_nodes' for CMake config files
[1.785s] Level 1:colcon.colcon_core.environment:checking '/home/shadows/ros2_ws/install/mesh_nodes/lib'
[1.785s] Level 1:colcon.colcon_core.environment:checking '/home/shadows/ros2_ws/install/mesh_nodes/bin'
[1.785s] Level 1:colcon.colcon_core.environment:checking '/home/shadows/ros2_ws/install/mesh_nodes/lib/pkgconfig/mesh_nodes.pc'
[1.785s] Level 1:colcon.colcon_core.environment:checking '/home/shadows/ros2_ws/install/mesh_nodes/lib/python3.12/site-packages'
[1.785s] Level 1:colcon.colcon_core.shell:create_environment_hook('mesh_nodes', 'pythonpath')
[1.785s] INFO:colcon.colcon_core.shell:Creating environment hook '/home/shadows/ros2_ws/install/mesh_nodes/share/mesh_nodes/hook/pythonpath.ps1'
[1.785s] INFO:colcon.colcon_core.shell:Creating environment descriptor '/home/shadows/ros2_ws/install/mesh_nodes/share/mesh_nodes/hook/pythonpath.dsv'
[1.785s] INFO:colcon.colcon_core.shell:Creating environment hook '/home/shadows/ros2_ws/install/mesh_nodes/share/mesh_nodes/hook/pythonpath.sh'
[1.786s] Level 1:colcon.colcon_core.environment:checking '/home/shadows/ros2_ws/install/mesh_nodes/bin'
[1.786s] Level 1:colcon.colcon_core.environment:create_environment_scripts_only(mesh_nodes)
[1.786s] INFO:colcon.colcon_core.shell:Creating package script '/home/shadows/ros2_ws/install/mesh_nodes/share/mesh_nodes/package.ps1'
[1.786s] INFO:colcon.colcon_core.shell:Creating package descriptor '/home/shadows/ros2_ws/install/mesh_nodes/share/mesh_nodes/package.dsv'
[1.787s] INFO:colcon.colcon_core.shell:Creating package script '/home/shadows/ros2_ws/install/mesh_nodes/share/mesh_nodes/package.sh'
[1.787s] INFO:colcon.colcon_core.shell:Creating package script '/home/shadows/ros2_ws/install/mesh_nodes/share/mesh_nodes/package.bash'
[1.787s] INFO:colcon.colcon_core.shell:Creating package script '/home/shadows/ros2_ws/install/mesh_nodes/share/mesh_nodes/package.zsh'
[1.787s] Level 1:colcon.colcon_core.environment:create_file_with_runtime_dependencies(/home/shadows/ros2_ws/install/mesh_nodes/share/colcon-core/packages/mesh_nodes)
[1.787s] DEBUG:colcon.colcon_parallel_executor.executor.parallel:closing loop
[1.787s] DEBUG:colcon.colcon_parallel_executor.executor.parallel:loop closed
[1.787s] DEBUG:colcon.colcon_parallel_executor.executor.parallel:run_until_complete finished with '0'
[1.787s] DEBUG:colcon.colcon_core.event_reactor:joining thread
[1.795s] INFO:colcon.colcon_core.plugin_system:Skipping extension 'colcon_notification.desktop_notification.terminal_notifier': Not used on non-Darwin systems
[1.795s] INFO:colcon.colcon_core.plugin_system:Skipping extension 'colcon_notification.desktop_notification.win32': Not used on non-Windows systems
[1.795s] INFO:colcon.colcon_notification.desktop_notification:Sending desktop notification using 'notify2'
[1.804s] DEBUG:colcon.colcon_core.event_reactor:joined thread
[1.804s] INFO:colcon.colcon_core.shell:Creating prefix script '/home/shadows/ros2_ws/install/local_setup.ps1'
[1.805s] INFO:colcon.colcon_core.shell:Creating prefix util module '/home/shadows/ros2_ws/install/_local_setup_util_ps1.py'
[1.805s] INFO:colcon.colcon_core.shell:Creating prefix chain script '/home/shadows/ros2_ws/install/setup.ps1'
[1.806s] INFO:colcon.colcon_core.shell:Creating prefix script '/home/shadows/ros2_ws/install/local_setup.sh'
[1.807s] INFO:colcon.colcon_core.shell:Creating prefix util module '/home/shadows/ros2_ws/install/_local_setup_util_sh.py'
[1.807s] INFO:colcon.colcon_core.shell:Creating prefix chain script '/home/shadows/ros2_ws/install/setup.sh'
[1.807s] INFO:colcon.colcon_core.shell:Creating prefix script '/home/shadows/ros2_ws/install/local_setup.bash'
[1.808s] INFO:colcon.colcon_core.shell:Creating prefix chain script '/home/shadows/ros2_ws/install/setup.bash'
[1.808s] INFO:colcon.colcon_core.shell:Creating prefix script '/home/shadows/ros2_ws/install/local_setup.zsh'
[1.809s] INFO:colcon.colcon_core.shell:Creating prefix chain script '/home/shadows/ros2_ws/install/setup.zsh'
