[0.007s] Invoking command in '/home/shadows/ros2_ws/build/explorer_description': CMAKE_PREFIX_PATH=${CMAKE_PREFIX_PATH}:/opt/ros/jazzy DEBUGINFOD_URLS=https://debuginfod.ubuntu.com /usr/bin/cmake --build /home/shadows/ros2_ws/build/explorer_description -- -j20 -l20
[0.042s] Invoked command in '/home/shadows/ros2_ws/build/explorer_description' returned '0': CMAKE_PREFIX_PATH=${CMAKE_PREFIX_PATH}:/opt/ros/jazzy DEBUGINFOD_URLS=https://debuginfod.ubuntu.com /usr/bin/cmake --build /home/shadows/ros2_ws/build/explorer_description -- -j20 -l20
[0.057s] Invoking command in '/home/shadows/ros2_ws/build/explorer_description': CMAKE_PREFIX_PATH=${CMAKE_PREFIX_PATH}:/opt/ros/jazzy DEBUGINFOD_URLS=https://debuginfod.ubuntu.com /usr/bin/cmake --install /home/shadows/ros2_ws/build/explorer_description
[0.066s] -- Install configuration: ""
[0.066s] -- Up-to-date: /home/shadows/ros2_ws/install/explorer_description/share/explorer_description/urdf
[0.067s] -- Up-to-date: /home/shadows/ros2_ws/install/explorer_description/share/explorer_description/urdf/explorer_gazebo.xacro
[0.067s] -- Up-to-date: /home/shadows/ros2_ws/install/explorer_description/share/explorer_description/urdf/explorer.urdf.xacro
[0.067s] -- Up-to-date: /home/shadows/ros2_ws/install/explorer_description/share/explorer_description/launch
[0.067s] -- Installing: /home/shadows/ros2_ws/install/explorer_description/share/explorer_description/launch/explorer_gazebo.launch.py
[0.067s] -- Up-to-date: /home/shadows/ros2_ws/install/explorer_description/share/explorer_description/rviz
[0.067s] -- Up-to-date: /home/shadows/ros2_ws/install/explorer_description/share/explorer_description/rviz/explorer.rviz
[0.067s] -- Up-to-date: /home/shadows/ros2_ws/install/explorer_description/share/ament_index/resource_index/package_run_dependencies/explorer_description
[0.067s] -- Up-to-date: /home/shadows/ros2_ws/install/explorer_description/share/ament_index/resource_index/parent_prefix_path/explorer_description
[0.067s] -- Up-to-date: /home/shadows/ros2_ws/install/explorer_description/share/explorer_description/environment/ament_prefix_path.sh
[0.067s] -- Up-to-date: /home/shadows/ros2_ws/install/explorer_description/share/explorer_description/environment/ament_prefix_path.dsv
[0.067s] -- Up-to-date: /home/shadows/ros2_ws/install/explorer_description/share/explorer_description/environment/path.sh
[0.067s] -- Up-to-date: /home/shadows/ros2_ws/install/explorer_description/share/explorer_description/environment/path.dsv
[0.067s] -- Up-to-date: /home/shadows/ros2_ws/install/explorer_description/share/explorer_description/local_setup.bash
[0.067s] -- Up-to-date: /home/shadows/ros2_ws/install/explorer_description/share/explorer_description/local_setup.sh
[0.067s] -- Up-to-date: /home/shadows/ros2_ws/install/explorer_description/share/explorer_description/local_setup.zsh
[0.067s] -- Up-to-date: /home/shadows/ros2_ws/install/explorer_description/share/explorer_description/local_setup.dsv
[0.067s] -- Installing: /home/shadows/ros2_ws/install/explorer_description/share/explorer_description/package.dsv
[0.067s] -- Up-to-date: /home/shadows/ros2_ws/install/explorer_description/share/ament_index/resource_index/packages/explorer_description
[0.067s] -- Up-to-date: /home/shadows/ros2_ws/install/explorer_description/share/explorer_description/cmake/explorer_descriptionConfig.cmake
[0.067s] -- Up-to-date: /home/shadows/ros2_ws/install/explorer_description/share/explorer_description/cmake/explorer_descriptionConfig-version.cmake
[0.067s] -- Up-to-date: /home/shadows/ros2_ws/install/explorer_description/share/explorer_description/package.xml
[0.068s] Invoked command in '/home/shadows/ros2_ws/build/explorer_description' returned '0': CMAKE_PREFIX_PATH=${CMAKE_PREFIX_PATH}:/opt/ros/jazzy DEBUGINFOD_URLS=https://debuginfod.ubuntu.com /usr/bin/cmake --install /home/shadows/ros2_ws/build/explorer_description
