[0.060s] DEBUG:colcon:Command line arguments: ['/usr/bin/colcon', 'build', '--packages-select', 'explorer_description', 'explorer_exploration']
[0.060s] DEBUG:colcon:Parsed command line arguments: Namespace(log_base=None, log_level=None, verb_name='build', build_base='build', install_base='install', merge_install=False, symlink_install=False, test_result_base=None, continue_on_error=False, executor='parallel', parallel_workers=20, event_handlers=None, ignore_user_meta=False, metas=['./colcon.meta'], base_paths=['.'], packages_ignore=None, packages_ignore_regex=None, paths=None, packages_up_to=None, packages_up_to_regex=None, packages_above=None, packages_above_and_dependencies=None, packages_above_depth=None, packages_select_by_dep=None, packages_skip_by_dep=None, packages_skip_up_to=None, packages_select_build_failed=False, packages_skip_build_finished=False, packages_select_test_failures=False, packages_skip_test_passed=False, packages_select=['explorer_description', 'explorer_exploration'], packages_skip=None, packages_select_regex=None, packages_skip_regex=None, packages_start=None, packages_end=None, allow_overriding=[], cmake_args=None, cmake_target=None, cmake_target_skip_unavailable=False, cmake_clean_cache=False, cmake_clean_first=False, cmake_force_configure=False, ament_cmake_args=None, catkin_cmake_args=None, catkin_skip_building_tests=False, mixin_files=None, mixin=None, verb_parser=<colcon_mixin.mixin.mixin_argument.MixinArgumentDecorator object at 0x7c13ab0c82c0>, verb_extension=<colcon_core.verb.build.BuildVerb object at 0x7c13ab786c00>, main=<bound method BuildVerb.main of <colcon_core.verb.build.BuildVerb object at 0x7c13ab786c00>>, mixin_verb=('build',))
[0.082s] Level 1:colcon.colcon_core.package_discovery:discover_packages(colcon_meta) check parameters
[0.082s] Level 1:colcon.colcon_core.package_discovery:discover_packages(recursive) check parameters
[0.082s] Level 1:colcon.colcon_core.package_discovery:discover_packages(ignore) check parameters
[0.082s] Level 1:colcon.colcon_core.package_discovery:discover_packages(path) check parameters
[0.082s] Level 1:colcon.colcon_core.package_discovery:discover_packages(colcon_meta) discover
[0.082s] Level 1:colcon.colcon_core.package_discovery:discover_packages(recursive) discover
[0.082s] INFO:colcon.colcon_core.package_discovery:Crawling recursively for packages in '/home/shadows/ros2_ws'
[0.082s] Level 1:colcon.colcon_core.package_identification:_identify(.) by extensions ['ignore', 'ignore_ament_install']
[0.082s] Level 1:colcon.colcon_core.package_identification:_identify(.) by extension 'ignore'
[0.082s] Level 1:colcon.colcon_core.package_identification:_identify(.) by extension 'ignore_ament_install'
[0.082s] Level 1:colcon.colcon_core.package_identification:_identify(.) by extensions ['colcon_pkg']
[0.082s] Level 1:colcon.colcon_core.package_identification:_identify(.) by extension 'colcon_pkg'
[0.082s] Level 1:colcon.colcon_core.package_identification:_identify(.) by extensions ['colcon_meta']
[0.082s] Level 1:colcon.colcon_core.package_identification:_identify(.) by extension 'colcon_meta'
[0.082s] Level 1:colcon.colcon_core.package_identification:_identify(.) by extensions ['ros']
[0.082s] Level 1:colcon.colcon_core.package_identification:_identify(.) by extension 'ros'
[0.097s] Level 1:colcon.colcon_core.package_identification:_identify(.) by extensions ['cmake', 'python']
[0.097s] Level 1:colcon.colcon_core.package_identification:_identify(.) by extension 'cmake'
[0.097s] Level 1:colcon.colcon_core.package_identification:_identify(.) by extension 'python'
[0.097s] Level 1:colcon.colcon_core.package_identification:_identify(.) by extensions ['python_setup_py']
[0.097s] Level 1:colcon.colcon_core.package_identification:_identify(.) by extension 'python_setup_py'
[0.097s] Level 1:colcon.colcon_core.package_identification:_identify(build) by extensions ['ignore', 'ignore_ament_install']
[0.097s] Level 1:colcon.colcon_core.package_identification:_identify(build) by extension 'ignore'
[0.097s] Level 1:colcon.colcon_core.package_identification:_identify(build) ignored
[0.097s] Level 1:colcon.colcon_core.package_identification:_identify(docs) by extensions ['ignore', 'ignore_ament_install']
[0.097s] Level 1:colcon.colcon_core.package_identification:_identify(docs) by extension 'ignore'
[0.097s] Level 1:colcon.colcon_core.package_identification:_identify(docs) by extension 'ignore_ament_install'
[0.097s] Level 1:colcon.colcon_core.package_identification:_identify(docs) by extensions ['colcon_pkg']
[0.097s] Level 1:colcon.colcon_core.package_identification:_identify(docs) by extension 'colcon_pkg'
[0.097s] Level 1:colcon.colcon_core.package_identification:_identify(docs) by extensions ['colcon_meta']
[0.097s] Level 1:colcon.colcon_core.package_identification:_identify(docs) by extension 'colcon_meta'
[0.097s] Level 1:colcon.colcon_core.package_identification:_identify(docs) by extensions ['ros']
[0.097s] Level 1:colcon.colcon_core.package_identification:_identify(docs) by extension 'ros'
[0.097s] Level 1:colcon.colcon_core.package_identification:_identify(docs) by extensions ['cmake', 'python']
[0.097s] Level 1:colcon.colcon_core.package_identification:_identify(docs) by extension 'cmake'
[0.097s] Level 1:colcon.colcon_core.package_identification:_identify(docs) by extension 'python'
[0.097s] Level 1:colcon.colcon_core.package_identification:_identify(docs) by extensions ['python_setup_py']
[0.097s] Level 1:colcon.colcon_core.package_identification:_identify(docs) by extension 'python_setup_py'
[0.097s] Level 1:colcon.colcon_core.package_identification:_identify(docs/assets) by extensions ['ignore', 'ignore_ament_install']
[0.098s] Level 1:colcon.colcon_core.package_identification:_identify(docs/assets) by extension 'ignore'
[0.098s] Level 1:colcon.colcon_core.package_identification:_identify(docs/assets) by extension 'ignore_ament_install'
[0.098s] Level 1:colcon.colcon_core.package_identification:_identify(docs/assets) by extensions ['colcon_pkg']
[0.098s] Level 1:colcon.colcon_core.package_identification:_identify(docs/assets) by extension 'colcon_pkg'
[0.098s] Level 1:colcon.colcon_core.package_identification:_identify(docs/assets) by extensions ['colcon_meta']
[0.098s] Level 1:colcon.colcon_core.package_identification:_identify(docs/assets) by extension 'colcon_meta'
[0.098s] Level 1:colcon.colcon_core.package_identification:_identify(docs/assets) by extensions ['ros']
[0.098s] Level 1:colcon.colcon_core.package_identification:_identify(docs/assets) by extension 'ros'
[0.098s] Level 1:colcon.colcon_core.package_identification:_identify(docs/assets) by extensions ['cmake', 'python']
[0.098s] Level 1:colcon.colcon_core.package_identification:_identify(docs/assets) by extension 'cmake'
[0.098s] Level 1:colcon.colcon_core.package_identification:_identify(docs/assets) by extension 'python'
[0.098s] Level 1:colcon.colcon_core.package_identification:_identify(docs/assets) by extensions ['python_setup_py']
[0.098s] Level 1:colcon.colcon_core.package_identification:_identify(docs/assets) by extension 'python_setup_py'
[0.098s] Level 1:colcon.colcon_core.package_identification:_identify(docs/concepts) by extensions ['ignore', 'ignore_ament_install']
[0.098s] Level 1:colcon.colcon_core.package_identification:_identify(docs/concepts) by extension 'ignore'
[0.098s] Level 1:colcon.colcon_core.package_identification:_identify(docs/concepts) by extension 'ignore_ament_install'
[0.098s] Level 1:colcon.colcon_core.package_identification:_identify(docs/concepts) by extensions ['colcon_pkg']
[0.098s] Level 1:colcon.colcon_core.package_identification:_identify(docs/concepts) by extension 'colcon_pkg'
[0.098s] Level 1:colcon.colcon_core.package_identification:_identify(docs/concepts) by extensions ['colcon_meta']
[0.098s] Level 1:colcon.colcon_core.package_identification:_identify(docs/concepts) by extension 'colcon_meta'
[0.098s] Level 1:colcon.colcon_core.package_identification:_identify(docs/concepts) by extensions ['ros']
[0.098s] Level 1:colcon.colcon_core.package_identification:_identify(docs/concepts) by extension 'ros'
[0.098s] Level 1:colcon.colcon_core.package_identification:_identify(docs/concepts) by extensions ['cmake', 'python']
[0.098s] Level 1:colcon.colcon_core.package_identification:_identify(docs/concepts) by extension 'cmake'
[0.098s] Level 1:colcon.colcon_core.package_identification:_identify(docs/concepts) by extension 'python'
[0.098s] Level 1:colcon.colcon_core.package_identification:_identify(docs/concepts) by extensions ['python_setup_py']
[0.098s] Level 1:colcon.colcon_core.package_identification:_identify(docs/concepts) by extension 'python_setup_py'
[0.098s] Level 1:colcon.colcon_core.package_identification:_identify(docs/issues) by extensions ['ignore', 'ignore_ament_install']
[0.098s] Level 1:colcon.colcon_core.package_identification:_identify(docs/issues) by extension 'ignore'
[0.098s] Level 1:colcon.colcon_core.package_identification:_identify(docs/issues) by extension 'ignore_ament_install'
[0.098s] Level 1:colcon.colcon_core.package_identification:_identify(docs/issues) by extensions ['colcon_pkg']
[0.098s] Level 1:colcon.colcon_core.package_identification:_identify(docs/issues) by extension 'colcon_pkg'
[0.098s] Level 1:colcon.colcon_core.package_identification:_identify(docs/issues) by extensions ['colcon_meta']
[0.098s] Level 1:colcon.colcon_core.package_identification:_identify(docs/issues) by extension 'colcon_meta'
[0.098s] Level 1:colcon.colcon_core.package_identification:_identify(docs/issues) by extensions ['ros']
[0.098s] Level 1:colcon.colcon_core.package_identification:_identify(docs/issues) by extension 'ros'
[0.098s] Level 1:colcon.colcon_core.package_identification:_identify(docs/issues) by extensions ['cmake', 'python']
[0.098s] Level 1:colcon.colcon_core.package_identification:_identify(docs/issues) by extension 'cmake'
[0.098s] Level 1:colcon.colcon_core.package_identification:_identify(docs/issues) by extension 'python'
[0.098s] Level 1:colcon.colcon_core.package_identification:_identify(docs/issues) by extensions ['python_setup_py']
[0.098s] Level 1:colcon.colcon_core.package_identification:_identify(docs/issues) by extension 'python_setup_py'
[0.098s] Level 1:colcon.colcon_core.package_identification:_identify(docs/log) by extensions ['ignore', 'ignore_ament_install']
[0.098s] Level 1:colcon.colcon_core.package_identification:_identify(docs/log) by extension 'ignore'
[0.098s] Level 1:colcon.colcon_core.package_identification:_identify(docs/log) by extension 'ignore_ament_install'
[0.098s] Level 1:colcon.colcon_core.package_identification:_identify(docs/log) by extensions ['colcon_pkg']
[0.099s] Level 1:colcon.colcon_core.package_identification:_identify(docs/log) by extension 'colcon_pkg'
[0.099s] Level 1:colcon.colcon_core.package_identification:_identify(docs/log) by extensions ['colcon_meta']
[0.099s] Level 1:colcon.colcon_core.package_identification:_identify(docs/log) by extension 'colcon_meta'
[0.099s] Level 1:colcon.colcon_core.package_identification:_identify(docs/log) by extensions ['ros']
[0.099s] Level 1:colcon.colcon_core.package_identification:_identify(docs/log) by extension 'ros'
[0.099s] Level 1:colcon.colcon_core.package_identification:_identify(docs/log) by extensions ['cmake', 'python']
[0.099s] Level 1:colcon.colcon_core.package_identification:_identify(docs/log) by extension 'cmake'
[0.099s] Level 1:colcon.colcon_core.package_identification:_identify(docs/log) by extension 'python'
[0.099s] Level 1:colcon.colcon_core.package_identification:_identify(docs/log) by extensions ['python_setup_py']
[0.099s] Level 1:colcon.colcon_core.package_identification:_identify(docs/log) by extension 'python_setup_py'
[0.099s] Level 1:colcon.colcon_core.package_identification:_identify(docs/packages) by extensions ['ignore', 'ignore_ament_install']
[0.099s] Level 1:colcon.colcon_core.package_identification:_identify(docs/packages) by extension 'ignore'
[0.099s] Level 1:colcon.colcon_core.package_identification:_identify(docs/packages) by extension 'ignore_ament_install'
[0.099s] Level 1:colcon.colcon_core.package_identification:_identify(docs/packages) by extensions ['colcon_pkg']
[0.099s] Level 1:colcon.colcon_core.package_identification:_identify(docs/packages) by extension 'colcon_pkg'
[0.099s] Level 1:colcon.colcon_core.package_identification:_identify(docs/packages) by extensions ['colcon_meta']
[0.099s] Level 1:colcon.colcon_core.package_identification:_identify(docs/packages) by extension 'colcon_meta'
[0.099s] Level 1:colcon.colcon_core.package_identification:_identify(docs/packages) by extensions ['ros']
[0.099s] Level 1:colcon.colcon_core.package_identification:_identify(docs/packages) by extension 'ros'
[0.099s] Level 1:colcon.colcon_core.package_identification:_identify(docs/packages) by extensions ['cmake', 'python']
[0.099s] Level 1:colcon.colcon_core.package_identification:_identify(docs/packages) by extension 'cmake'
[0.099s] Level 1:colcon.colcon_core.package_identification:_identify(docs/packages) by extension 'python'
[0.099s] Level 1:colcon.colcon_core.package_identification:_identify(docs/packages) by extensions ['python_setup_py']
[0.099s] Level 1:colcon.colcon_core.package_identification:_identify(docs/packages) by extension 'python_setup_py'
[0.099s] Level 1:colcon.colcon_core.package_identification:_identify(docs/robot) by extensions ['ignore', 'ignore_ament_install']
[0.099s] Level 1:colcon.colcon_core.package_identification:_identify(docs/robot) by extension 'ignore'
[0.099s] Level 1:colcon.colcon_core.package_identification:_identify(docs/robot) by extension 'ignore_ament_install'
[0.099s] Level 1:colcon.colcon_core.package_identification:_identify(docs/robot) by extensions ['colcon_pkg']
[0.099s] Level 1:colcon.colcon_core.package_identification:_identify(docs/robot) by extension 'colcon_pkg'
[0.099s] Level 1:colcon.colcon_core.package_identification:_identify(docs/robot) by extensions ['colcon_meta']
[0.099s] Level 1:colcon.colcon_core.package_identification:_identify(docs/robot) by extension 'colcon_meta'
[0.099s] Level 1:colcon.colcon_core.package_identification:_identify(docs/robot) by extensions ['ros']
[0.099s] Level 1:colcon.colcon_core.package_identification:_identify(docs/robot) by extension 'ros'
[0.099s] Level 1:colcon.colcon_core.package_identification:_identify(docs/robot) by extensions ['cmake', 'python']
[0.099s] Level 1:colcon.colcon_core.package_identification:_identify(docs/robot) by extension 'cmake'
[0.099s] Level 1:colcon.colcon_core.package_identification:_identify(docs/robot) by extension 'python'
[0.099s] Level 1:colcon.colcon_core.package_identification:_identify(docs/robot) by extensions ['python_setup_py']
[0.099s] Level 1:colcon.colcon_core.package_identification:_identify(docs/robot) by extension 'python_setup_py'
[0.099s] Level 1:colcon.colcon_core.package_identification:_identify(install) by extensions ['ignore', 'ignore_ament_install']
[0.099s] Level 1:colcon.colcon_core.package_identification:_identify(install) by extension 'ignore'
[0.099s] Level 1:colcon.colcon_core.package_identification:_identify(install) ignored
[0.099s] Level 1:colcon.colcon_core.package_identification:_identify(log) by extensions ['ignore', 'ignore_ament_install']
[0.099s] Level 1:colcon.colcon_core.package_identification:_identify(log) by extension 'ignore'
[0.099s] Level 1:colcon.colcon_core.package_identification:_identify(log) ignored
[0.099s] Level 1:colcon.colcon_core.package_identification:_identify(src) by extensions ['ignore', 'ignore_ament_install']
[0.100s] Level 1:colcon.colcon_core.package_identification:_identify(src) by extension 'ignore'
[0.100s] Level 1:colcon.colcon_core.package_identification:_identify(src) by extension 'ignore_ament_install'
[0.100s] Level 1:colcon.colcon_core.package_identification:_identify(src) by extensions ['colcon_pkg']
[0.100s] Level 1:colcon.colcon_core.package_identification:_identify(src) by extension 'colcon_pkg'
[0.100s] Level 1:colcon.colcon_core.package_identification:_identify(src) by extensions ['colcon_meta']
[0.100s] Level 1:colcon.colcon_core.package_identification:_identify(src) by extension 'colcon_meta'
[0.100s] Level 1:colcon.colcon_core.package_identification:_identify(src) by extensions ['ros']
[0.100s] Level 1:colcon.colcon_core.package_identification:_identify(src) by extension 'ros'
[0.100s] Level 1:colcon.colcon_core.package_identification:_identify(src) by extensions ['cmake', 'python']
[0.100s] Level 1:colcon.colcon_core.package_identification:_identify(src) by extension 'cmake'
[0.100s] Level 1:colcon.colcon_core.package_identification:_identify(src) by extension 'python'
[0.100s] Level 1:colcon.colcon_core.package_identification:_identify(src) by extensions ['python_setup_py']
[0.100s] Level 1:colcon.colcon_core.package_identification:_identify(src) by extension 'python_setup_py'
[0.100s] Level 1:colcon.colcon_core.package_identification:_identify(src/explorer_description) by extensions ['ignore', 'ignore_ament_install']
[0.100s] Level 1:colcon.colcon_core.package_identification:_identify(src/explorer_description) by extension 'ignore'
[0.100s] Level 1:colcon.colcon_core.package_identification:_identify(src/explorer_description) by extension 'ignore_ament_install'
[0.100s] Level 1:colcon.colcon_core.package_identification:_identify(src/explorer_description) by extensions ['colcon_pkg']
[0.100s] Level 1:colcon.colcon_core.package_identification:_identify(src/explorer_description) by extension 'colcon_pkg'
[0.100s] Level 1:colcon.colcon_core.package_identification:_identify(src/explorer_description) by extensions ['colcon_meta']
[0.100s] Level 1:colcon.colcon_core.package_identification:_identify(src/explorer_description) by extension 'colcon_meta'
[0.100s] Level 1:colcon.colcon_core.package_identification:_identify(src/explorer_description) by extensions ['ros']
[0.100s] Level 1:colcon.colcon_core.package_identification:_identify(src/explorer_description) by extension 'ros'
[0.101s] DEBUG:colcon.colcon_core.package_identification:Package 'src/explorer_description' with type 'ros.ament_cmake' and name 'explorer_description'
[0.101s] Level 1:colcon.colcon_core.package_identification:_identify(src/explorer_exploration) by extensions ['ignore', 'ignore_ament_install']
[0.101s] Level 1:colcon.colcon_core.package_identification:_identify(src/explorer_exploration) by extension 'ignore'
[0.101s] Level 1:colcon.colcon_core.package_identification:_identify(src/explorer_exploration) by extension 'ignore_ament_install'
[0.102s] Level 1:colcon.colcon_core.package_identification:_identify(src/explorer_exploration) by extensions ['colcon_pkg']
[0.102s] Level 1:colcon.colcon_core.package_identification:_identify(src/explorer_exploration) by extension 'colcon_pkg'
[0.102s] Level 1:colcon.colcon_core.package_identification:_identify(src/explorer_exploration) by extensions ['colcon_meta']
[0.102s] Level 1:colcon.colcon_core.package_identification:_identify(src/explorer_exploration) by extension 'colcon_meta'
[0.102s] Level 1:colcon.colcon_core.package_identification:_identify(src/explorer_exploration) by extensions ['ros']
[0.102s] Level 1:colcon.colcon_core.package_identification:_identify(src/explorer_exploration) by extension 'ros'
[0.102s] DEBUG:colcon.colcon_core.package_identification:Package 'src/explorer_exploration' with type 'ros.ament_python' and name 'explorer_exploration'
[0.102s] Level 1:colcon.colcon_core.package_identification:_identify(src/mesh_nodes) by extensions ['ignore', 'ignore_ament_install']
[0.102s] Level 1:colcon.colcon_core.package_identification:_identify(src/mesh_nodes) by extension 'ignore'
[0.102s] Level 1:colcon.colcon_core.package_identification:_identify(src/mesh_nodes) by extension 'ignore_ament_install'
[0.102s] Level 1:colcon.colcon_core.package_identification:_identify(src/mesh_nodes) by extensions ['colcon_pkg']
[0.102s] Level 1:colcon.colcon_core.package_identification:_identify(src/mesh_nodes) by extension 'colcon_pkg'
[0.102s] Level 1:colcon.colcon_core.package_identification:_identify(src/mesh_nodes) by extensions ['colcon_meta']
[0.102s] Level 1:colcon.colcon_core.package_identification:_identify(src/mesh_nodes) by extension 'colcon_meta'
[0.102s] Level 1:colcon.colcon_core.package_identification:_identify(src/mesh_nodes) by extensions ['ros']
[0.102s] Level 1:colcon.colcon_core.package_identification:_identify(src/mesh_nodes) by extension 'ros'
[0.102s] DEBUG:colcon.colcon_core.package_identification:Package 'src/mesh_nodes' with type 'ros.ament_python' and name 'mesh_nodes'
[0.103s] Level 1:colcon.colcon_core.package_identification:_identify(src/my_mesh_interfaces) by extensions ['ignore', 'ignore_ament_install']
[0.103s] Level 1:colcon.colcon_core.package_identification:_identify(src/my_mesh_interfaces) by extension 'ignore'
[0.103s] Level 1:colcon.colcon_core.package_identification:_identify(src/my_mesh_interfaces) by extension 'ignore_ament_install'
[0.103s] Level 1:colcon.colcon_core.package_identification:_identify(src/my_mesh_interfaces) by extensions ['colcon_pkg']
[0.103s] Level 1:colcon.colcon_core.package_identification:_identify(src/my_mesh_interfaces) by extension 'colcon_pkg'
[0.103s] Level 1:colcon.colcon_core.package_identification:_identify(src/my_mesh_interfaces) by extensions ['colcon_meta']
[0.103s] Level 1:colcon.colcon_core.package_identification:_identify(src/my_mesh_interfaces) by extension 'colcon_meta'
[0.103s] Level 1:colcon.colcon_core.package_identification:_identify(src/my_mesh_interfaces) by extensions ['ros']
[0.103s] Level 1:colcon.colcon_core.package_identification:_identify(src/my_mesh_interfaces) by extension 'ros'
[0.103s] DEBUG:colcon.colcon_core.package_identification:Package 'src/my_mesh_interfaces' with type 'ros.ament_cmake' and name 'my_mesh_interfaces'
[0.103s] Level 1:colcon.colcon_core.package_discovery:discover_packages(recursive) using defaults
[0.103s] Level 1:colcon.colcon_core.package_discovery:discover_packages(ignore) discover
[0.103s] Level 1:colcon.colcon_core.package_discovery:discover_packages(ignore) using defaults
[0.103s] Level 1:colcon.colcon_core.package_discovery:discover_packages(path) discover
[0.103s] Level 1:colcon.colcon_core.package_discovery:discover_packages(path) using defaults
[0.114s] INFO:colcon.colcon_core.package_selection:Skipping not selected package 'my_mesh_interfaces' in 'src/my_mesh_interfaces'
[0.114s] INFO:colcon.colcon_core.package_selection:Skipping not selected package 'mesh_nodes' in 'src/mesh_nodes'
[0.114s] Level 1:colcon.colcon_core.package_discovery:discover_packages(prefix_path) check parameters
[0.114s] Level 1:colcon.colcon_core.package_discovery:discover_packages(prefix_path) discover
[0.115s] DEBUG:colcon.colcon_installed_package_information.package_discovery:Found 3 installed packages in /home/shadows/ros2_ws/install
[0.116s] DEBUG:colcon.colcon_installed_package_information.package_discovery:Found 503 installed packages in /opt/ros/jazzy
[0.117s] Level 1:colcon.colcon_core.package_discovery:discover_packages(prefix_path) using defaults
[0.147s] Level 5:colcon.colcon_core.verb:set package 'explorer_description' build argument 'cmake_args' from command line to 'None'
[0.147s] Level 5:colcon.colcon_core.verb:set package 'explorer_description' build argument 'cmake_target' from command line to 'None'
[0.147s] Level 5:colcon.colcon_core.verb:set package 'explorer_description' build argument 'cmake_target_skip_unavailable' from command line to 'False'
[0.147s] Level 5:colcon.colcon_core.verb:set package 'explorer_description' build argument 'cmake_clean_cache' from command line to 'False'
[0.147s] Level 5:colcon.colcon_core.verb:set package 'explorer_description' build argument 'cmake_clean_first' from command line to 'False'
[0.147s] Level 5:colcon.colcon_core.verb:set package 'explorer_description' build argument 'cmake_force_configure' from command line to 'False'
[0.147s] Level 5:colcon.colcon_core.verb:set package 'explorer_description' build argument 'ament_cmake_args' from command line to 'None'
[0.147s] Level 5:colcon.colcon_core.verb:set package 'explorer_description' build argument 'catkin_cmake_args' from command line to 'None'
[0.147s] Level 5:colcon.colcon_core.verb:set package 'explorer_description' build argument 'catkin_skip_building_tests' from command line to 'False'
[0.147s] DEBUG:colcon.colcon_core.verb:Building package 'explorer_description' with the following arguments: {'ament_cmake_args': None, 'build_base': '/home/shadows/ros2_ws/build/explorer_description', 'catkin_cmake_args': None, 'catkin_skip_building_tests': False, 'cmake_args': None, 'cmake_clean_cache': False, 'cmake_clean_first': False, 'cmake_force_configure': False, 'cmake_target': None, 'cmake_target_skip_unavailable': False, 'install_base': '/home/shadows/ros2_ws/install/explorer_description', 'merge_install': False, 'path': '/home/shadows/ros2_ws/src/explorer_description', 'symlink_install': False, 'test_result_base': None}
[0.147s] Level 5:colcon.colcon_core.verb:set package 'explorer_exploration' build argument 'cmake_args' from command line to 'None'
[0.147s] Level 5:colcon.colcon_core.verb:set package 'explorer_exploration' build argument 'cmake_target' from command line to 'None'
[0.147s] Level 5:colcon.colcon_core.verb:set package 'explorer_exploration' build argument 'cmake_target_skip_unavailable' from command line to 'False'
[0.147s] Level 5:colcon.colcon_core.verb:set package 'explorer_exploration' build argument 'cmake_clean_cache' from command line to 'False'
[0.147s] Level 5:colcon.colcon_core.verb:set package 'explorer_exploration' build argument 'cmake_clean_first' from command line to 'False'
[0.147s] Level 5:colcon.colcon_core.verb:set package 'explorer_exploration' build argument 'cmake_force_configure' from command line to 'False'
[0.147s] Level 5:colcon.colcon_core.verb:set package 'explorer_exploration' build argument 'ament_cmake_args' from command line to 'None'
[0.147s] Level 5:colcon.colcon_core.verb:set package 'explorer_exploration' build argument 'catkin_cmake_args' from command line to 'None'
[0.147s] Level 5:colcon.colcon_core.verb:set package 'explorer_exploration' build argument 'catkin_skip_building_tests' from command line to 'False'
[0.147s] DEBUG:colcon.colcon_core.verb:Building package 'explorer_exploration' with the following arguments: {'ament_cmake_args': None, 'build_base': '/home/shadows/ros2_ws/build/explorer_exploration', 'catkin_cmake_args': None, 'catkin_skip_building_tests': False, 'cmake_args': None, 'cmake_clean_cache': False, 'cmake_clean_first': False, 'cmake_force_configure': False, 'cmake_target': None, 'cmake_target_skip_unavailable': False, 'install_base': '/home/shadows/ros2_ws/install/explorer_exploration', 'merge_install': False, 'path': '/home/shadows/ros2_ws/src/explorer_exploration', 'symlink_install': False, 'test_result_base': None}
[0.147s] INFO:colcon.colcon_core.executor:Executing jobs using 'parallel' executor
[0.148s] DEBUG:colcon.colcon_parallel_executor.executor.parallel:run_until_complete
[0.148s] INFO:colcon.colcon_ros.task.ament_cmake.build:Building ROS package in '/home/shadows/ros2_ws/src/explorer_description' with build type 'ament_cmake'
[0.148s] INFO:colcon.colcon_cmake.task.cmake.build:Building CMake package in '/home/shadows/ros2_ws/src/explorer_description'
[0.149s] INFO:colcon.colcon_core.plugin_system:Skipping extension 'colcon_core.shell.bat': Not used on non-Windows systems
[0.149s] INFO:colcon.colcon_core.shell:Skip shell extension 'powershell' for command environment: Not usable outside of PowerShell
[0.149s] DEBUG:colcon.colcon_core.shell:Skip shell extension 'dsv' for command environment
[0.156s] DEBUG:colcon.colcon_core.event_handler.log_command:Invoking command in '/home/shadows/ros2_ws/build/explorer_description': CMAKE_PREFIX_PATH=${CMAKE_PREFIX_PATH}:/opt/ros/jazzy DEBUGINFOD_URLS=https://debuginfod.ubuntu.com /usr/bin/cmake --build /home/shadows/ros2_ws/build/explorer_description -- -j20 -l20
[0.210s] DEBUG:colcon.colcon_core.event_handler.log_command:Invoked command in '/home/shadows/ros2_ws/build/explorer_description' returned '0': CMAKE_PREFIX_PATH=${CMAKE_PREFIX_PATH}:/opt/ros/jazzy DEBUGINFOD_URLS=https://debuginfod.ubuntu.com /usr/bin/cmake --build /home/shadows/ros2_ws/build/explorer_description -- -j20 -l20
[0.217s] DEBUG:colcon.colcon_core.event_handler.log_command:Invoking command in '/home/shadows/ros2_ws/build/explorer_description': CMAKE_PREFIX_PATH=${CMAKE_PREFIX_PATH}:/opt/ros/jazzy DEBUGINFOD_URLS=https://debuginfod.ubuntu.com /usr/bin/cmake --install /home/shadows/ros2_ws/build/explorer_description
[0.225s] Level 1:colcon.colcon_core.environment:create_environment_scripts_only(explorer_description)
[0.228s] Level 1:colcon.colcon_core.environment:checking '/home/shadows/ros2_ws/install/explorer_description' for CMake module files
[0.229s] Level 1:colcon.colcon_core.environment:checking '/home/shadows/ros2_ws/install/explorer_description' for CMake config files
[0.230s] Level 1:colcon.colcon_core.shell:create_environment_hook('explorer_description', 'cmake_prefix_path')
[0.230s] INFO:colcon.colcon_core.shell:Creating environment hook '/home/shadows/ros2_ws/install/explorer_description/share/explorer_description/hook/cmake_prefix_path.ps1'
[0.231s] INFO:colcon.colcon_core.shell:Creating environment descriptor '/home/shadows/ros2_ws/install/explorer_description/share/explorer_description/hook/cmake_prefix_path.dsv'
[0.231s] INFO:colcon.colcon_core.shell:Creating environment hook '/home/shadows/ros2_ws/install/explorer_description/share/explorer_description/hook/cmake_prefix_path.sh'
[0.232s] Level 1:colcon.colcon_core.environment:checking '/home/shadows/ros2_ws/install/explorer_description/lib'
[0.232s] Level 1:colcon.colcon_core.environment:checking '/home/shadows/ros2_ws/install/explorer_description/bin'
[0.232s] Level 1:colcon.colcon_core.environment:checking '/home/shadows/ros2_ws/install/explorer_description/lib/pkgconfig/explorer_description.pc'
[0.232s] DEBUG:colcon.colcon_core.event_handler.log_command:Invoked command in '/home/shadows/ros2_ws/build/explorer_description' returned '0': CMAKE_PREFIX_PATH=${CMAKE_PREFIX_PATH}:/opt/ros/jazzy DEBUGINFOD_URLS=https://debuginfod.ubuntu.com /usr/bin/cmake --install /home/shadows/ros2_ws/build/explorer_description
[0.232s] Level 1:colcon.colcon_core.environment:checking '/home/shadows/ros2_ws/install/explorer_description/lib/python3.12/site-packages'
[0.233s] Level 1:colcon.colcon_core.environment:checking '/home/shadows/ros2_ws/install/explorer_description/bin'
[0.233s] INFO:colcon.colcon_core.shell:Creating package script '/home/shadows/ros2_ws/install/explorer_description/share/explorer_description/package.ps1'
[0.233s] INFO:colcon.colcon_core.shell:Creating package descriptor '/home/shadows/ros2_ws/install/explorer_description/share/explorer_description/package.dsv'
[0.234s] INFO:colcon.colcon_core.shell:Creating package script '/home/shadows/ros2_ws/install/explorer_description/share/explorer_description/package.sh'
[0.234s] INFO:colcon.colcon_core.shell:Creating package script '/home/shadows/ros2_ws/install/explorer_description/share/explorer_description/package.bash'
[0.234s] INFO:colcon.colcon_core.shell:Creating package script '/home/shadows/ros2_ws/install/explorer_description/share/explorer_description/package.zsh'
[0.234s] Level 1:colcon.colcon_core.environment:create_file_with_runtime_dependencies(/home/shadows/ros2_ws/install/explorer_description/share/colcon-core/packages/explorer_description)
[0.235s] Level 1:colcon.colcon_core.environment:create_environment_scripts_only(explorer_description)
[0.235s] Level 1:colcon.colcon_core.environment:checking '/home/shadows/ros2_ws/install/explorer_description' for CMake module files
[0.235s] Level 1:colcon.colcon_core.environment:checking '/home/shadows/ros2_ws/install/explorer_description' for CMake config files
[0.235s] Level 1:colcon.colcon_core.shell:create_environment_hook('explorer_description', 'cmake_prefix_path')
[0.235s] INFO:colcon.colcon_core.shell:Creating environment hook '/home/shadows/ros2_ws/install/explorer_description/share/explorer_description/hook/cmake_prefix_path.ps1'
[0.235s] INFO:colcon.colcon_core.shell:Creating environment descriptor '/home/shadows/ros2_ws/install/explorer_description/share/explorer_description/hook/cmake_prefix_path.dsv'
[0.236s] INFO:colcon.colcon_core.shell:Creating environment hook '/home/shadows/ros2_ws/install/explorer_description/share/explorer_description/hook/cmake_prefix_path.sh'
[0.236s] Level 1:colcon.colcon_core.environment:checking '/home/shadows/ros2_ws/install/explorer_description/lib'
[0.236s] Level 1:colcon.colcon_core.environment:checking '/home/shadows/ros2_ws/install/explorer_description/bin'
[0.236s] Level 1:colcon.colcon_core.environment:checking '/home/shadows/ros2_ws/install/explorer_description/lib/pkgconfig/explorer_description.pc'
[0.236s] Level 1:colcon.colcon_core.environment:checking '/home/shadows/ros2_ws/install/explorer_description/lib/python3.12/site-packages'
[0.236s] Level 1:colcon.colcon_core.environment:checking '/home/shadows/ros2_ws/install/explorer_description/bin'
[0.236s] INFO:colcon.colcon_core.shell:Creating package script '/home/shadows/ros2_ws/install/explorer_description/share/explorer_description/package.ps1'
[0.237s] INFO:colcon.colcon_core.shell:Creating package descriptor '/home/shadows/ros2_ws/install/explorer_description/share/explorer_description/package.dsv'
[0.237s] INFO:colcon.colcon_core.shell:Creating package script '/home/shadows/ros2_ws/install/explorer_description/share/explorer_description/package.sh'
[0.237s] INFO:colcon.colcon_core.shell:Creating package script '/home/shadows/ros2_ws/install/explorer_description/share/explorer_description/package.bash'
[0.237s] INFO:colcon.colcon_core.shell:Creating package script '/home/shadows/ros2_ws/install/explorer_description/share/explorer_description/package.zsh'
[0.238s] Level 1:colcon.colcon_core.environment:create_file_with_runtime_dependencies(/home/shadows/ros2_ws/install/explorer_description/share/colcon-core/packages/explorer_description)
[0.238s] INFO:colcon.colcon_ros.task.ament_python.build:Building ROS package in '/home/shadows/ros2_ws/src/explorer_exploration' with build type 'ament_python'
[0.238s] Level 1:colcon.colcon_core.shell:create_environment_hook('explorer_exploration', 'ament_prefix_path')
[0.238s] INFO:colcon.colcon_core.shell:Creating environment hook '/home/shadows/ros2_ws/install/explorer_exploration/share/explorer_exploration/hook/ament_prefix_path.ps1'
[0.238s] INFO:colcon.colcon_core.shell:Creating environment descriptor '/home/shadows/ros2_ws/install/explorer_exploration/share/explorer_exploration/hook/ament_prefix_path.dsv'
[0.239s] INFO:colcon.colcon_core.shell:Creating environment hook '/home/shadows/ros2_ws/install/explorer_exploration/share/explorer_exploration/hook/ament_prefix_path.sh'
[0.239s] INFO:colcon.colcon_core.shell:Skip shell extension 'powershell' for command environment: Not usable outside of PowerShell
[0.239s] DEBUG:colcon.colcon_core.shell:Skip shell extension 'dsv' for command environment
[0.408s] INFO:colcon.colcon_core.task.python.build:Building Python package in '/home/shadows/ros2_ws/src/explorer_exploration'
[0.408s] INFO:colcon.colcon_core.shell:Skip shell extension 'powershell' for command environment: Not usable outside of PowerShell
[0.408s] DEBUG:colcon.colcon_core.shell:Skip shell extension 'dsv' for command environment
[0.737s] DEBUG:colcon.colcon_core.task.python.build:Available setuptools commands: develop, egg_info, install_headers, sdist, bdist_wheel, symlink_data, build, register, rotate, setopt, clean, extract_messages, bdist_dumb, test, install_scripts, dist_info, build_scripts, compile_catalog, check, init_catalog, update_catalog, bdist_rpm, build_clib, build_py, easy_install, upload_docs, install_data, alias, bdist_egg, upload, install, build_ext, bdist, install_egg_info, saveopts, editable_wheel, install_lib
[0.739s] DEBUG:colcon.colcon_core.event_handler.log_command:Invoking command in '/home/shadows/ros2_ws/src/explorer_exploration': AMENT_PREFIX_PATH=/home/shadows/ros2_ws/install/explorer_description:${AMENT_PREFIX_PATH} CMAKE_PREFIX_PATH=/home/shadows/ros2_ws/install/explorer_description:${CMAKE_PREFIX_PATH} DEBUGINFOD_URLS=https://debuginfod.ubuntu.com PYTHONPATH=/home/shadows/ros2_ws/build/explorer_exploration/prefix_override:/usr/lib/python3/dist-packages/colcon_core/task/python/colcon_distutils_commands:/home/shadows/ros2_ws/install/explorer_exploration/lib/python3.12/site-packages:${PYTHONPATH} /usr/bin/python3 -W ignore:setup.py install is deprecated -W ignore:easy_install command is deprecated setup.py egg_info --egg-base ../../build/explorer_exploration build --build-base /home/shadows/ros2_ws/build/explorer_exploration/build install --record /home/shadows/ros2_ws/build/explorer_exploration/install.log --install-scripts $base/lib/explorer_exploration --single-version-externally-managed install_data
[1.047s] Level 1:colcon.colcon_core.environment:checking '/home/shadows/ros2_ws/install/explorer_exploration' for CMake module files
[1.047s] DEBUG:colcon.colcon_core.event_handler.log_command:Invoked command in '/home/shadows/ros2_ws/src/explorer_exploration' returned '0': AMENT_PREFIX_PATH=/home/shadows/ros2_ws/install/explorer_description:${AMENT_PREFIX_PATH} CMAKE_PREFIX_PATH=/home/shadows/ros2_ws/install/explorer_description:${CMAKE_PREFIX_PATH} DEBUGINFOD_URLS=https://debuginfod.ubuntu.com PYTHONPATH=/home/shadows/ros2_ws/build/explorer_exploration/prefix_override:/usr/lib/python3/dist-packages/colcon_core/task/python/colcon_distutils_commands:/home/shadows/ros2_ws/install/explorer_exploration/lib/python3.12/site-packages:${PYTHONPATH} /usr/bin/python3 -W ignore:setup.py install is deprecated -W ignore:easy_install command is deprecated setup.py egg_info --egg-base ../../build/explorer_exploration build --build-base /home/shadows/ros2_ws/build/explorer_exploration/build install --record /home/shadows/ros2_ws/build/explorer_exploration/install.log --install-scripts $base/lib/explorer_exploration --single-version-externally-managed install_data
[1.047s] Level 1:colcon.colcon_core.environment:checking '/home/shadows/ros2_ws/install/explorer_exploration' for CMake config files
[1.048s] Level 1:colcon.colcon_core.environment:checking '/home/shadows/ros2_ws/install/explorer_exploration/lib'
[1.048s] Level 1:colcon.colcon_core.environment:checking '/home/shadows/ros2_ws/install/explorer_exploration/bin'
[1.048s] Level 1:colcon.colcon_core.environment:checking '/home/shadows/ros2_ws/install/explorer_exploration/lib/pkgconfig/explorer_exploration.pc'
[1.048s] Level 1:colcon.colcon_core.environment:checking '/home/shadows/ros2_ws/install/explorer_exploration/lib/python3.12/site-packages'
[1.048s] Level 1:colcon.colcon_core.shell:create_environment_hook('explorer_exploration', 'pythonpath')
[1.048s] INFO:colcon.colcon_core.shell:Creating environment hook '/home/shadows/ros2_ws/install/explorer_exploration/share/explorer_exploration/hook/pythonpath.ps1'
[1.048s] INFO:colcon.colcon_core.shell:Creating environment descriptor '/home/shadows/ros2_ws/install/explorer_exploration/share/explorer_exploration/hook/pythonpath.dsv'
[1.048s] INFO:colcon.colcon_core.shell:Creating environment hook '/home/shadows/ros2_ws/install/explorer_exploration/share/explorer_exploration/hook/pythonpath.sh'
[1.049s] Level 1:colcon.colcon_core.environment:checking '/home/shadows/ros2_ws/install/explorer_exploration/bin'
[1.049s] Level 1:colcon.colcon_core.environment:create_environment_scripts_only(explorer_exploration)
[1.049s] INFO:colcon.colcon_core.shell:Creating package script '/home/shadows/ros2_ws/install/explorer_exploration/share/explorer_exploration/package.ps1'
[1.049s] INFO:colcon.colcon_core.shell:Creating package descriptor '/home/shadows/ros2_ws/install/explorer_exploration/share/explorer_exploration/package.dsv'
[1.049s] INFO:colcon.colcon_core.shell:Creating package script '/home/shadows/ros2_ws/install/explorer_exploration/share/explorer_exploration/package.sh'
[1.050s] INFO:colcon.colcon_core.shell:Creating package script '/home/shadows/ros2_ws/install/explorer_exploration/share/explorer_exploration/package.bash'
[1.050s] INFO:colcon.colcon_core.shell:Creating package script '/home/shadows/ros2_ws/install/explorer_exploration/share/explorer_exploration/package.zsh'
[1.050s] Level 1:colcon.colcon_core.environment:create_file_with_runtime_dependencies(/home/shadows/ros2_ws/install/explorer_exploration/share/colcon-core/packages/explorer_exploration)
[1.050s] DEBUG:colcon.colcon_parallel_executor.executor.parallel:closing loop
[1.050s] DEBUG:colcon.colcon_parallel_executor.executor.parallel:loop closed
[1.050s] DEBUG:colcon.colcon_parallel_executor.executor.parallel:run_until_complete finished with '0'
[1.050s] DEBUG:colcon.colcon_core.event_reactor:joining thread
[1.054s] INFO:colcon.colcon_core.plugin_system:Skipping extension 'colcon_notification.desktop_notification.terminal_notifier': Not used on non-Darwin systems
[1.054s] INFO:colcon.colcon_core.plugin_system:Skipping extension 'colcon_notification.desktop_notification.win32': Not used on non-Windows systems
[1.054s] INFO:colcon.colcon_notification.desktop_notification:Sending desktop notification using 'notify2'
[1.062s] DEBUG:colcon.colcon_core.event_reactor:joined thread
[1.062s] INFO:colcon.colcon_core.shell:Creating prefix script '/home/shadows/ros2_ws/install/local_setup.ps1'
[1.063s] INFO:colcon.colcon_core.shell:Creating prefix util module '/home/shadows/ros2_ws/install/_local_setup_util_ps1.py'
[1.063s] INFO:colcon.colcon_core.shell:Creating prefix chain script '/home/shadows/ros2_ws/install/setup.ps1'
[1.064s] INFO:colcon.colcon_core.shell:Creating prefix script '/home/shadows/ros2_ws/install/local_setup.sh'
[1.064s] INFO:colcon.colcon_core.shell:Creating prefix util module '/home/shadows/ros2_ws/install/_local_setup_util_sh.py'
[1.065s] INFO:colcon.colcon_core.shell:Creating prefix chain script '/home/shadows/ros2_ws/install/setup.sh'
[1.065s] INFO:colcon.colcon_core.shell:Creating prefix script '/home/shadows/ros2_ws/install/local_setup.bash'
[1.065s] INFO:colcon.colcon_core.shell:Creating prefix chain script '/home/shadows/ros2_ws/install/setup.bash'
[1.066s] INFO:colcon.colcon_core.shell:Creating prefix script '/home/shadows/ros2_ws/install/local_setup.zsh'
[1.066s] INFO:colcon.colcon_core.shell:Creating prefix chain script '/home/shadows/ros2_ws/install/setup.zsh'
