[0.558s] Invoking command in '/home/shadows/ros2_ws/src/explorer_exploration': AMENT_PREFIX_PATH=/home/shadows/ros2_ws/install/explorer_bringup:/home/shadows/ros2_ws/install/explorer_description:${AMENT_PREFIX_PATH} CMAKE_PREFIX_PATH=/home/shadows/ros2_ws/install/explorer_description:${CMAKE_PREFIX_PATH} DEBUGINFOD_URLS=https://debuginfod.ubuntu.com PYTHONPATH=/home/shadows/ros2_ws/build/explorer_exploration/prefix_override:/usr/lib/python3/dist-packages/colcon_core/task/python/colcon_distutils_commands:/home/shadows/ros2_ws/install/explorer_exploration/lib/python3.12/site-packages:/home/shadows/ros2_ws/install/explorer_bringup/lib/python3.12/site-packages:${PYTHONPATH} /usr/bin/python3 -W ignore:setup.py install is deprecated -W ignore:easy_install command is deprecated setup.py egg_info --egg-base ../../build/explorer_exploration build --build-base /home/shadows/ros2_ws/build/explorer_exploration/build install --record /home/shadows/ros2_ws/build/explorer_exploration/install.log --install-scripts $base/lib/explorer_exploration --single-version-externally-managed install_data
[0.740s] running egg_info
[0.753s] writing ../../build/explorer_exploration/explorer_exploration.egg-info/PKG-INFO
[0.753s] writing dependency_links to ../../build/explorer_exploration/explorer_exploration.egg-info/dependency_links.txt
[0.753s] writing entry points to ../../build/explorer_exploration/explorer_exploration.egg-info/entry_points.txt
[0.753s] writing requirements to ../../build/explorer_exploration/explorer_exploration.egg-info/requires.txt
[0.753s] writing top-level names to ../../build/explorer_exploration/explorer_exploration.egg-info/top_level.txt
[0.779s] reading manifest file '../../build/explorer_exploration/explorer_exploration.egg-info/SOURCES.txt'
[0.779s] writing manifest file '../../build/explorer_exploration/explorer_exploration.egg-info/SOURCES.txt'
[0.779s] running build
[0.780s] running build_py
[0.780s] copying explorer_exploration/explore_coordinator.py -> /home/shadows/ros2_ws/build/explorer_exploration/build/lib/explorer_exploration
[0.781s] copying explorer_exploration/frontier_tad_node.py -> /home/shadows/ros2_ws/build/explorer_exploration/build/lib/explorer_exploration
[0.781s] running install
[0.784s] running install_lib
[0.798s] copying /home/shadows/ros2_ws/build/explorer_exploration/build/lib/explorer_exploration/explore_coordinator.py -> /home/shadows/ros2_ws/install/explorer_exploration/lib/python3.12/site-packages/explorer_exploration
[0.798s] copying /home/shadows/ros2_ws/build/explorer_exploration/build/lib/explorer_exploration/frontier_tad_node.py -> /home/shadows/ros2_ws/install/explorer_exploration/lib/python3.12/site-packages/explorer_exploration
[0.799s] byte-compiling /home/shadows/ros2_ws/install/explorer_exploration/lib/python3.12/site-packages/explorer_exploration/explore_coordinator.py to explore_coordinator.cpython-312.pyc
[0.800s] byte-compiling /home/shadows/ros2_ws/install/explorer_exploration/lib/python3.12/site-packages/explorer_exploration/frontier_tad_node.py to frontier_tad_node.cpython-312.pyc
[0.803s] running install_data
[0.803s] running install_egg_info
[0.817s] removing '/home/shadows/ros2_ws/install/explorer_exploration/lib/python3.12/site-packages/explorer_exploration-0.0.1-py3.12.egg-info' (and everything under it)
[0.817s] Copying ../../build/explorer_exploration/explorer_exploration.egg-info to /home/shadows/ros2_ws/install/explorer_exploration/lib/python3.12/site-packages/explorer_exploration-0.0.1-py3.12.egg-info
[0.817s] running install_scripts
[0.907s] Installing explore_coordinator script to /home/shadows/ros2_ws/install/explorer_exploration/lib/explorer_exploration
[0.907s] Installing frontier_tad_node script to /home/shadows/ros2_ws/install/explorer_exploration/lib/explorer_exploration
[0.907s] Installing manual_drive script to /home/shadows/ros2_ws/install/explorer_exploration/lib/explorer_exploration
[0.908s] Installing metrics_logger script to /home/shadows/ros2_ws/install/explorer_exploration/lib/explorer_exploration
[0.908s] writing list of installed files to '/home/shadows/ros2_ws/build/explorer_exploration/install.log'
[0.926s] Invoked command in '/home/shadows/ros2_ws/src/explorer_exploration' returned '0': AMENT_PREFIX_PATH=/home/shadows/ros2_ws/install/explorer_bringup:/home/shadows/ros2_ws/install/explorer_description:${AMENT_PREFIX_PATH} CMAKE_PREFIX_PATH=/home/shadows/ros2_ws/install/explorer_description:${CMAKE_PREFIX_PATH} DEBUGINFOD_URLS=https://debuginfod.ubuntu.com PYTHONPATH=/home/shadows/ros2_ws/build/explorer_exploration/prefix_override:/usr/lib/python3/dist-packages/colcon_core/task/python/colcon_distutils_commands:/home/shadows/ros2_ws/install/explorer_exploration/lib/python3.12/site-packages:/home/shadows/ros2_ws/install/explorer_bringup/lib/python3.12/site-packages:${PYTHONPATH} /usr/bin/python3 -W ignore:setup.py install is deprecated -W ignore:easy_install command is deprecated setup.py egg_info --egg-base ../../build/explorer_exploration build --build-base /home/shadows/ros2_ws/build/explorer_exploration/build install --record /home/shadows/ros2_ws/build/explorer_exploration/install.log --install-scripts $base/lib/explorer_exploration --single-version-externally-managed install_data
