[0.084s] DEBUG:colcon:Command line arguments: ['/usr/bin/colcon', 'build', '--packages-select', 'my_mesh_interfaces', '--symlink-install']
[0.084s] DEBUG:colcon:Parsed command line arguments: Namespace(log_base=None, log_level=None, verb_name='build', build_base='build', install_base='install', merge_install=False, symlink_install=True, test_result_base=None, continue_on_error=False, executor='parallel', parallel_workers=20, event_handlers=None, ignore_user_meta=False, metas=['./colcon.meta'], base_paths=['.'], packages_ignore=None, packages_ignore_regex=None, paths=None, packages_up_to=None, packages_up_to_regex=None, packages_above=None, packages_above_and_dependencies=None, packages_above_depth=None, packages_select_by_dep=None, packages_skip_by_dep=None, packages_skip_up_to=None, packages_select_build_failed=False, packages_skip_build_finished=False, packages_select_test_failures=False, packages_skip_test_passed=False, packages_select=['my_mesh_interfaces'], packages_skip=None, packages_select_regex=None, packages_skip_regex=None, packages_start=None, packages_end=None, allow_overriding=[], cmake_args=None, cmake_target=None, cmake_target_skip_unavailable=False, cmake_clean_cache=False, cmake_clean_first=False, cmake_force_configure=False, ament_cmake_args=None, catkin_cmake_args=None, catkin_skip_building_tests=False, mixin_files=None, mixin=None, verb_parser=<colcon_mixin.mixin.mixin_argument.MixinArgumentDecorator object at 0x7132f343ebd0>, verb_extension=<colcon_core.verb.build.BuildVerb object at 0x7132f352b1d0>, main=<bound method BuildVerb.main of <colcon_core.verb.build.BuildVerb object at 0x7132f352b1d0>>, mixin_verb=('build',))
[0.105s] Level 1:colcon.colcon_core.package_discovery:discover_packages(colcon_meta) check parameters
[0.106s] Level 1:colcon.colcon_core.package_discovery:discover_packages(recursive) check parameters
[0.106s] Level 1:colcon.colcon_core.package_discovery:discover_packages(ignore) check parameters
[0.106s] Level 1:colcon.colcon_core.package_discovery:discover_packages(path) check parameters
[0.106s] Level 1:colcon.colcon_core.package_discovery:discover_packages(colcon_meta) discover
[0.106s] Level 1:colcon.colcon_core.package_discovery:discover_packages(recursive) discover
[0.106s] INFO:colcon.colcon_core.package_discovery:Crawling recursively for packages in '/home/shadows/ros2_ws'
[0.106s] Level 1:colcon.colcon_core.package_identification:_identify(.) by extensions ['ignore', 'ignore_ament_install']
[0.106s] Level 1:colcon.colcon_core.package_identification:_identify(.) by extension 'ignore'
[0.106s] Level 1:colcon.colcon_core.package_identification:_identify(.) by extension 'ignore_ament_install'
[0.106s] Level 1:colcon.colcon_core.package_identification:_identify(.) by extensions ['colcon_pkg']
[0.106s] Level 1:colcon.colcon_core.package_identification:_identify(.) by extension 'colcon_pkg'
[0.106s] Level 1:colcon.colcon_core.package_identification:_identify(.) by extensions ['colcon_meta']
[0.106s] Level 1:colcon.colcon_core.package_identification:_identify(.) by extension 'colcon_meta'
[0.106s] Level 1:colcon.colcon_core.package_identification:_identify(.) by extensions ['ros']
[0.106s] Level 1:colcon.colcon_core.package_identification:_identify(.) by extension 'ros'
[0.120s] Level 1:colcon.colcon_core.package_identification:_identify(.) by extensions ['cmake', 'python']
[0.120s] Level 1:colcon.colcon_core.package_identification:_identify(.) by extension 'cmake'
[0.120s] Level 1:colcon.colcon_core.package_identification:_identify(.) by extension 'python'
[0.120s] Level 1:colcon.colcon_core.package_identification:_identify(.) by extensions ['python_setup_py']
[0.120s] Level 1:colcon.colcon_core.package_identification:_identify(.) by extension 'python_setup_py'
[0.120s] Level 1:colcon.colcon_core.package_identification:_identify(build) by extensions ['ignore', 'ignore_ament_install']
[0.120s] Level 1:colcon.colcon_core.package_identification:_identify(build) by extension 'ignore'
[0.120s] Level 1:colcon.colcon_core.package_identification:_identify(build) ignored
[0.120s] Level 1:colcon.colcon_core.package_identification:_identify(install) by extensions ['ignore', 'ignore_ament_install']
[0.120s] Level 1:colcon.colcon_core.package_identification:_identify(install) by extension 'ignore'
[0.120s] Level 1:colcon.colcon_core.package_identification:_identify(install) ignored
[0.120s] Level 1:colcon.colcon_core.package_identification:_identify(log) by extensions ['ignore', 'ignore_ament_install']
[0.120s] Level 1:colcon.colcon_core.package_identification:_identify(log) by extension 'ignore'
[0.120s] Level 1:colcon.colcon_core.package_identification:_identify(log) ignored
[0.120s] Level 1:colcon.colcon_core.package_identification:_identify(src) by extensions ['ignore', 'ignore_ament_install']
[0.120s] Level 1:colcon.colcon_core.package_identification:_identify(src) by extension 'ignore'
[0.120s] Level 1:colcon.colcon_core.package_identification:_identify(src) by extension 'ignore_ament_install'
[0.120s] Level 1:colcon.colcon_core.package_identification:_identify(src) by extensions ['colcon_pkg']
[0.120s] Level 1:colcon.colcon_core.package_identification:_identify(src) by extension 'colcon_pkg'
[0.120s] Level 1:colcon.colcon_core.package_identification:_identify(src) by extensions ['colcon_meta']
[0.120s] Level 1:colcon.colcon_core.package_identification:_identify(src) by extension 'colcon_meta'
[0.121s] Level 1:colcon.colcon_core.package_identification:_identify(src) by extensions ['ros']
[0.121s] Level 1:colcon.colcon_core.package_identification:_identify(src) by extension 'ros'
[0.121s] Level 1:colcon.colcon_core.package_identification:_identify(src) by extensions ['cmake', 'python']
[0.121s] Level 1:colcon.colcon_core.package_identification:_identify(src) by extension 'cmake'
[0.121s] Level 1:colcon.colcon_core.package_identification:_identify(src) by extension 'python'
[0.121s] Level 1:colcon.colcon_core.package_identification:_identify(src) by extensions ['python_setup_py']
[0.121s] Level 1:colcon.colcon_core.package_identification:_identify(src) by extension 'python_setup_py'
[0.121s] Level 1:colcon.colcon_core.package_identification:_identify(src/my_mesh_interfaces) by extensions ['ignore', 'ignore_ament_install']
[0.121s] Level 1:colcon.colcon_core.package_identification:_identify(src/my_mesh_interfaces) by extension 'ignore'
[0.121s] Level 1:colcon.colcon_core.package_identification:_identify(src/my_mesh_interfaces) by extension 'ignore_ament_install'
[0.121s] Level 1:colcon.colcon_core.package_identification:_identify(src/my_mesh_interfaces) by extensions ['colcon_pkg']
[0.121s] Level 1:colcon.colcon_core.package_identification:_identify(src/my_mesh_interfaces) by extension 'colcon_pkg'
[0.121s] Level 1:colcon.colcon_core.package_identification:_identify(src/my_mesh_interfaces) by extensions ['colcon_meta']
[0.121s] Level 1:colcon.colcon_core.package_identification:_identify(src/my_mesh_interfaces) by extension 'colcon_meta'
[0.121s] Level 1:colcon.colcon_core.package_identification:_identify(src/my_mesh_interfaces) by extensions ['ros']
[0.121s] Level 1:colcon.colcon_core.package_identification:_identify(src/my_mesh_interfaces) by extension 'ros'
[0.122s] DEBUG:colcon.colcon_core.package_identification:Package 'src/my_mesh_interfaces' with type 'ros.ament_cmake' and name 'my_mesh_interfaces'
[0.122s] Level 1:colcon.colcon_core.package_discovery:discover_packages(recursive) using defaults
[0.122s] Level 1:colcon.colcon_core.package_discovery:discover_packages(ignore) discover
[0.122s] Level 1:colcon.colcon_core.package_discovery:discover_packages(ignore) using defaults
[0.122s] Level 1:colcon.colcon_core.package_discovery:discover_packages(path) discover
[0.122s] Level 1:colcon.colcon_core.package_discovery:discover_packages(path) using defaults
[0.213s] Level 1:colcon.colcon_core.package_discovery:discover_packages(prefix_path) check parameters
[0.213s] Level 1:colcon.colcon_core.package_discovery:discover_packages(prefix_path) discover
[0.216s] DEBUG:colcon.colcon_installed_package_information.package_discovery:Found 501 installed packages in /opt/ros/jazzy
[0.217s] Level 1:colcon.colcon_core.package_discovery:discover_packages(prefix_path) using defaults
[0.246s] Level 5:colcon.colcon_core.verb:set package 'my_mesh_interfaces' build argument 'cmake_args' from command line to 'None'
[0.246s] Level 5:colcon.colcon_core.verb:set package 'my_mesh_interfaces' build argument 'cmake_target' from command line to 'None'
[0.246s] Level 5:colcon.colcon_core.verb:set package 'my_mesh_interfaces' build argument 'cmake_target_skip_unavailable' from command line to 'False'
[0.246s] Level 5:colcon.colcon_core.verb:set package 'my_mesh_interfaces' build argument 'cmake_clean_cache' from command line to 'False'
[0.246s] Level 5:colcon.colcon_core.verb:set package 'my_mesh_interfaces' build argument 'cmake_clean_first' from command line to 'False'
[0.246s] Level 5:colcon.colcon_core.verb:set package 'my_mesh_interfaces' build argument 'cmake_force_configure' from command line to 'False'
[0.246s] Level 5:colcon.colcon_core.verb:set package 'my_mesh_interfaces' build argument 'ament_cmake_args' from command line to 'None'
[0.246s] Level 5:colcon.colcon_core.verb:set package 'my_mesh_interfaces' build argument 'catkin_cmake_args' from command line to 'None'
[0.246s] Level 5:colcon.colcon_core.verb:set package 'my_mesh_interfaces' build argument 'catkin_skip_building_tests' from command line to 'False'
[0.246s] DEBUG:colcon.colcon_core.verb:Building package 'my_mesh_interfaces' with the following arguments: {'ament_cmake_args': None, 'build_base': '/home/shadows/ros2_ws/build/my_mesh_interfaces', 'catkin_cmake_args': None, 'catkin_skip_building_tests': False, 'cmake_args': None, 'cmake_clean_cache': False, 'cmake_clean_first': False, 'cmake_force_configure': False, 'cmake_target': None, 'cmake_target_skip_unavailable': False, 'install_base': '/home/shadows/ros2_ws/install/my_mesh_interfaces', 'merge_install': False, 'path': '/home/shadows/ros2_ws/src/my_mesh_interfaces', 'symlink_install': True, 'test_result_base': None}
[0.246s] INFO:colcon.colcon_core.executor:Executing jobs using 'parallel' executor
[0.247s] DEBUG:colcon.colcon_parallel_executor.executor.parallel:run_until_complete
[0.247s] INFO:colcon.colcon_ros.task.ament_cmake.build:Building ROS package in '/home/shadows/ros2_ws/src/my_mesh_interfaces' with build type 'ament_cmake'
[0.247s] INFO:colcon.colcon_cmake.task.cmake.build:Building CMake package in '/home/shadows/ros2_ws/src/my_mesh_interfaces'
[0.252s] INFO:colcon.colcon_core.plugin_system:Skipping extension 'colcon_core.shell.bat': Not used on non-Windows systems
[0.252s] INFO:colcon.colcon_core.shell:Skip shell extension 'powershell' for command environment: Not usable outside of PowerShell
[0.252s] DEBUG:colcon.colcon_core.shell:Skip shell extension 'dsv' for command environment
[0.258s] DEBUG:colcon.colcon_core.event_handler.log_command:Invoking command in '/home/shadows/ros2_ws/build/my_mesh_interfaces': CMAKE_PREFIX_PATH=${CMAKE_PREFIX_PATH}:/opt/ros/jazzy DEBUGINFOD_URLS=https://debuginfod.ubuntu.com /usr/bin/cmake /home/shadows/ros2_ws/src/my_mesh_interfaces -DAMENT_CMAKE_SYMLINK_INSTALL=1 -DCMAKE_INSTALL_PREFIX=/home/shadows/ros2_ws/install/my_mesh_interfaces
[3.198s] DEBUG:colcon.colcon_core.event_handler.log_command:Invoked command in '/home/shadows/ros2_ws/build/my_mesh_interfaces' returned '0': CMAKE_PREFIX_PATH=${CMAKE_PREFIX_PATH}:/opt/ros/jazzy DEBUGINFOD_URLS=https://debuginfod.ubuntu.com /usr/bin/cmake /home/shadows/ros2_ws/src/my_mesh_interfaces -DAMENT_CMAKE_SYMLINK_INSTALL=1 -DCMAKE_INSTALL_PREFIX=/home/shadows/ros2_ws/install/my_mesh_interfaces
[3.199s] DEBUG:colcon.colcon_core.event_handler.log_command:Invoking command in '/home/shadows/ros2_ws/build/my_mesh_interfaces': CMAKE_PREFIX_PATH=${CMAKE_PREFIX_PATH}:/opt/ros/jazzy DEBUGINFOD_URLS=https://debuginfod.ubuntu.com /usr/bin/cmake --build /home/shadows/ros2_ws/build/my_mesh_interfaces -- -j20 -l20
[4.914s] DEBUG:colcon.colcon_core.event_handler.log_command:Invoked command in '/home/shadows/ros2_ws/build/my_mesh_interfaces' returned '0': CMAKE_PREFIX_PATH=${CMAKE_PREFIX_PATH}:/opt/ros/jazzy DEBUGINFOD_URLS=https://debuginfod.ubuntu.com /usr/bin/cmake --build /home/shadows/ros2_ws/build/my_mesh_interfaces -- -j20 -l20
[4.924s] DEBUG:colcon.colcon_core.event_handler.log_command:Invoking command in '/home/shadows/ros2_ws/build/my_mesh_interfaces': CMAKE_PREFIX_PATH=${CMAKE_PREFIX_PATH}:/opt/ros/jazzy DEBUGINFOD_URLS=https://debuginfod.ubuntu.com /usr/bin/cmake --install /home/shadows/ros2_ws/build/my_mesh_interfaces
[5.636s] Level 1:colcon.colcon_core.environment:create_environment_scripts_only(my_mesh_interfaces)
[5.637s] DEBUG:colcon.colcon_core.event_handler.log_command:Invoked command in '/home/shadows/ros2_ws/build/my_mesh_interfaces' returned '0': CMAKE_PREFIX_PATH=${CMAKE_PREFIX_PATH}:/opt/ros/jazzy DEBUGINFOD_URLS=https://debuginfod.ubuntu.com /usr/bin/cmake --install /home/shadows/ros2_ws/build/my_mesh_interfaces
[5.641s] Level 1:colcon.colcon_core.environment:checking '/home/shadows/ros2_ws/install/my_mesh_interfaces' for CMake module files
[5.641s] Level 1:colcon.colcon_core.environment:checking '/home/shadows/ros2_ws/install/my_mesh_interfaces' for CMake config files
[5.641s] Level 1:colcon.colcon_core.shell:create_environment_hook('my_mesh_interfaces', 'cmake_prefix_path')
[5.641s] INFO:colcon.colcon_core.shell:Creating environment hook '/home/shadows/ros2_ws/install/my_mesh_interfaces/share/my_mesh_interfaces/hook/cmake_prefix_path.ps1'
[5.642s] INFO:colcon.colcon_core.shell:Creating environment descriptor '/home/shadows/ros2_ws/install/my_mesh_interfaces/share/my_mesh_interfaces/hook/cmake_prefix_path.dsv'
[5.642s] INFO:colcon.colcon_core.shell:Creating environment hook '/home/shadows/ros2_ws/install/my_mesh_interfaces/share/my_mesh_interfaces/hook/cmake_prefix_path.sh'
[5.643s] Level 1:colcon.colcon_core.environment:checking '/home/shadows/ros2_ws/install/my_mesh_interfaces/lib'
[5.643s] Level 1:colcon.colcon_core.shell:create_environment_hook('my_mesh_interfaces', 'ld_library_path_lib')
[5.643s] INFO:colcon.colcon_core.shell:Creating environment hook '/home/shadows/ros2_ws/install/my_mesh_interfaces/share/my_mesh_interfaces/hook/ld_library_path_lib.ps1'
[5.643s] INFO:colcon.colcon_core.shell:Creating environment descriptor '/home/shadows/ros2_ws/install/my_mesh_interfaces/share/my_mesh_interfaces/hook/ld_library_path_lib.dsv'
[5.643s] INFO:colcon.colcon_core.shell:Creating environment hook '/home/shadows/ros2_ws/install/my_mesh_interfaces/share/my_mesh_interfaces/hook/ld_library_path_lib.sh'
[5.643s] Level 1:colcon.colcon_core.environment:checking '/home/shadows/ros2_ws/install/my_mesh_interfaces/bin'
[5.643s] Level 1:colcon.colcon_core.environment:checking '/home/shadows/ros2_ws/install/my_mesh_interfaces/lib/pkgconfig/my_mesh_interfaces.pc'
[5.644s] Level 1:colcon.colcon_core.environment:checking '/home/shadows/ros2_ws/install/my_mesh_interfaces/lib/python3.12/site-packages'
[5.644s] Level 1:colcon.colcon_core.shell:create_environment_hook('my_mesh_interfaces', 'pythonpath')
[5.644s] INFO:colcon.colcon_core.shell:Creating environment hook '/home/shadows/ros2_ws/install/my_mesh_interfaces/share/my_mesh_interfaces/hook/pythonpath.ps1'
[5.644s] INFO:colcon.colcon_core.shell:Creating environment descriptor '/home/shadows/ros2_ws/install/my_mesh_interfaces/share/my_mesh_interfaces/hook/pythonpath.dsv'
[5.644s] INFO:colcon.colcon_core.shell:Creating environment hook '/home/shadows/ros2_ws/install/my_mesh_interfaces/share/my_mesh_interfaces/hook/pythonpath.sh'
[5.644s] Level 1:colcon.colcon_core.environment:checking '/home/shadows/ros2_ws/install/my_mesh_interfaces/bin'
[5.644s] INFO:colcon.colcon_core.shell:Creating package script '/home/shadows/ros2_ws/install/my_mesh_interfaces/share/my_mesh_interfaces/package.ps1'
[5.645s] INFO:colcon.colcon_core.shell:Creating package descriptor '/home/shadows/ros2_ws/install/my_mesh_interfaces/share/my_mesh_interfaces/package.dsv'
[5.645s] INFO:colcon.colcon_core.shell:Creating package script '/home/shadows/ros2_ws/install/my_mesh_interfaces/share/my_mesh_interfaces/package.sh'
[5.646s] INFO:colcon.colcon_core.shell:Creating package script '/home/shadows/ros2_ws/install/my_mesh_interfaces/share/my_mesh_interfaces/package.bash'
[5.646s] INFO:colcon.colcon_core.shell:Creating package script '/home/shadows/ros2_ws/install/my_mesh_interfaces/share/my_mesh_interfaces/package.zsh'
[5.647s] Level 1:colcon.colcon_core.environment:create_file_with_runtime_dependencies(/home/shadows/ros2_ws/install/my_mesh_interfaces/share/colcon-core/packages/my_mesh_interfaces)
[5.647s] Level 1:colcon.colcon_core.environment:create_environment_scripts_only(my_mesh_interfaces)
[5.647s] Level 1:colcon.colcon_core.environment:checking '/home/shadows/ros2_ws/install/my_mesh_interfaces' for CMake module files
[5.647s] Level 1:colcon.colcon_core.environment:checking '/home/shadows/ros2_ws/install/my_mesh_interfaces' for CMake config files
[5.648s] Level 1:colcon.colcon_core.shell:create_environment_hook('my_mesh_interfaces', 'cmake_prefix_path')
[5.648s] INFO:colcon.colcon_core.shell:Creating environment hook '/home/shadows/ros2_ws/install/my_mesh_interfaces/share/my_mesh_interfaces/hook/cmake_prefix_path.ps1'
[5.648s] INFO:colcon.colcon_core.shell:Creating environment descriptor '/home/shadows/ros2_ws/install/my_mesh_interfaces/share/my_mesh_interfaces/hook/cmake_prefix_path.dsv'
[5.648s] INFO:colcon.colcon_core.shell:Creating environment hook '/home/shadows/ros2_ws/install/my_mesh_interfaces/share/my_mesh_interfaces/hook/cmake_prefix_path.sh'
[5.648s] Level 1:colcon.colcon_core.environment:checking '/home/shadows/ros2_ws/install/my_mesh_interfaces/lib'
[5.649s] Level 1:colcon.colcon_core.shell:create_environment_hook('my_mesh_interfaces', 'ld_library_path_lib')
[5.655s] INFO:colcon.colcon_core.shell:Creating environment hook '/home/shadows/ros2_ws/install/my_mesh_interfaces/share/my_mesh_interfaces/hook/ld_library_path_lib.ps1'
[5.655s] INFO:colcon.colcon_core.shell:Creating environment descriptor '/home/shadows/ros2_ws/install/my_mesh_interfaces/share/my_mesh_interfaces/hook/ld_library_path_lib.dsv'
[5.656s] INFO:colcon.colcon_core.shell:Creating environment hook '/home/shadows/ros2_ws/install/my_mesh_interfaces/share/my_mesh_interfaces/hook/ld_library_path_lib.sh'
[5.656s] Level 1:colcon.colcon_core.environment:checking '/home/shadows/ros2_ws/install/my_mesh_interfaces/bin'
[5.656s] Level 1:colcon.colcon_core.environment:checking '/home/shadows/ros2_ws/install/my_mesh_interfaces/lib/pkgconfig/my_mesh_interfaces.pc'
[5.656s] Level 1:colcon.colcon_core.environment:checking '/home/shadows/ros2_ws/install/my_mesh_interfaces/lib/python3.12/site-packages'
[5.656s] Level 1:colcon.colcon_core.shell:create_environment_hook('my_mesh_interfaces', 'pythonpath')
[5.656s] INFO:colcon.colcon_core.shell:Creating environment hook '/home/shadows/ros2_ws/install/my_mesh_interfaces/share/my_mesh_interfaces/hook/pythonpath.ps1'
[5.656s] INFO:colcon.colcon_core.shell:Creating environment descriptor '/home/shadows/ros2_ws/install/my_mesh_interfaces/share/my_mesh_interfaces/hook/pythonpath.dsv'
[5.656s] INFO:colcon.colcon_core.shell:Creating environment hook '/home/shadows/ros2_ws/install/my_mesh_interfaces/share/my_mesh_interfaces/hook/pythonpath.sh'
[5.657s] Level 1:colcon.colcon_core.environment:checking '/home/shadows/ros2_ws/install/my_mesh_interfaces/bin'
[5.657s] INFO:colcon.colcon_core.shell:Creating package script '/home/shadows/ros2_ws/install/my_mesh_interfaces/share/my_mesh_interfaces/package.ps1'
[5.657s] INFO:colcon.colcon_core.shell:Creating package descriptor '/home/shadows/ros2_ws/install/my_mesh_interfaces/share/my_mesh_interfaces/package.dsv'
[5.657s] INFO:colcon.colcon_core.shell:Creating package script '/home/shadows/ros2_ws/install/my_mesh_interfaces/share/my_mesh_interfaces/package.sh'
[5.658s] INFO:colcon.colcon_core.shell:Creating package script '/home/shadows/ros2_ws/install/my_mesh_interfaces/share/my_mesh_interfaces/package.bash'
[5.658s] INFO:colcon.colcon_core.shell:Creating package script '/home/shadows/ros2_ws/install/my_mesh_interfaces/share/my_mesh_interfaces/package.zsh'
[5.658s] Level 1:colcon.colcon_core.environment:create_file_with_runtime_dependencies(/home/shadows/ros2_ws/install/my_mesh_interfaces/share/colcon-core/packages/my_mesh_interfaces)
[5.658s] DEBUG:colcon.colcon_parallel_executor.executor.parallel:closing loop
[5.658s] DEBUG:colcon.colcon_parallel_executor.executor.parallel:loop closed
[5.658s] DEBUG:colcon.colcon_parallel_executor.executor.parallel:run_until_complete finished with '0'
[5.658s] DEBUG:colcon.colcon_core.event_reactor:joining thread
[5.662s] INFO:colcon.colcon_core.plugin_system:Skipping extension 'colcon_notification.desktop_notification.terminal_notifier': Not used on non-Darwin systems
[5.662s] INFO:colcon.colcon_core.plugin_system:Skipping extension 'colcon_notification.desktop_notification.win32': Not used on non-Windows systems
[5.662s] INFO:colcon.colcon_notification.desktop_notification:Sending desktop notification using 'notify2'
[5.675s] DEBUG:colcon.colcon_core.event_reactor:joined thread
[5.675s] INFO:colcon.colcon_core.shell:Creating prefix script '/home/shadows/ros2_ws/install/local_setup.ps1'
[5.676s] INFO:colcon.colcon_core.shell:Creating prefix util module '/home/shadows/ros2_ws/install/_local_setup_util_ps1.py'
[5.676s] INFO:colcon.colcon_core.shell:Creating prefix chain script '/home/shadows/ros2_ws/install/setup.ps1'
[5.677s] INFO:colcon.colcon_core.shell:Creating prefix script '/home/shadows/ros2_ws/install/local_setup.sh'
[5.677s] INFO:colcon.colcon_core.shell:Creating prefix util module '/home/shadows/ros2_ws/install/_local_setup_util_sh.py'
[5.677s] INFO:colcon.colcon_core.shell:Creating prefix chain script '/home/shadows/ros2_ws/install/setup.sh'
[5.678s] INFO:colcon.colcon_core.shell:Creating prefix script '/home/shadows/ros2_ws/install/local_setup.bash'
[5.678s] INFO:colcon.colcon_core.shell:Creating prefix chain script '/home/shadows/ros2_ws/install/setup.bash'
[5.679s] INFO:colcon.colcon_core.shell:Creating prefix script '/home/shadows/ros2_ws/install/local_setup.zsh'
[5.679s] INFO:colcon.colcon_core.shell:Creating prefix chain script '/home/shadows/ros2_ws/install/setup.zsh'
