[100%] Generating cave world
generate_cave: seed 7, grid 461x331 @ 0.05 m, triangles {'floor': 59800, 'walls': 19952, 'ceiling': 79752, 'collision': 24068, 'floor_open': 59800, 'walls_open': 50768}
[100%] Built target cave_world
-- Install configuration: ""
-- Up-to-date: /home/shadows/ros2_ws/install/explorer_description/share/explorer_description/urdf
-- Up-to-date: /home/shadows/ros2_ws/install/explorer_description/share/explorer_description/urdf/explorer_gazebo.xacro
-- Up-to-date: /home/shadows/ros2_ws/install/explorer_description/share/explorer_description/urdf/explorer.urdf.xacro
-- Up-to-date: /home/shadows/ros2_ws/install/explorer_description/share/explorer_description/launch
-- Up-to-date: /home/shadows/ros2_ws/install/explorer_description/share/explorer_description/launch/explorer_gazebo.launch.py
-- Up-to-date: /home/shadows/ros2_ws/install/explorer_description/share/explorer_description/rviz
-- Up-to-date: /home/shadows/ros2_ws/install/explorer_description/share/explorer_description/rviz/explorer.rviz
-- Up-to-date: /home/shadows/ros2_ws/install/explorer_description/share/explorer_description/models
-- Up-to-date: /home/shadows/ros2_ws/install/explorer_description/share/explorer_description/models/cave_roof
-- Up-to-date: /home/shadows/ros2_ws/install/explorer_description/share/explorer_description/models/cave_roof/meshes
-- Installing: /home/shadows/ros2_ws/install/explorer_description/share/explorer_description/models/cave_roof/meshes/ceiling.obj
-- Installing: /home/shadows/ros2_ws/install/explorer_description/share/explorer_description/models/cave_roof/meshes/stalactites.obj
-- Installing: /home/shadows/ros2_ws/install/explorer_description/share/explorer_description/models/cave_roof/model.sdf
-- Installing: /home/shadows/ros2_ws/install/explorer_description/share/explorer_description/models/cave_roof/model.config
-- Up-to-date: /home/shadows/ros2_ws/install/explorer_description/share/explorer_description/models/cave_rock
-- Up-to-date: /home/shadows/ros2_ws/install/explorer_description/share/explorer_description/models/cave_rock/meshes
-- Installing: /home/shadows/ros2_ws/install/explorer_description/share/explorer_description/models/cave_rock/meshes/formations.obj
-- Installing: /home/shadows/ros2_ws/install/explorer_description/share/explorer_description/models/cave_rock/meshes/floor_open.obj
-- Installing: /home/shadows/ros2_ws/install/explorer_description/share/explorer_description/models/cave_rock/meshes/floor.obj
-- Installing: /home/shadows/ros2_ws/install/explorer_description/share/explorer_description/models/cave_rock/meshes/collision.obj
-- Installing: /home/shadows/ros2_ws/install/explorer_description/share/explorer_description/models/cave_rock/meshes/puddles.obj
-- Installing: /home/shadows/ros2_ws/install/explorer_description/share/explorer_description/models/cave_rock/meshes/walls_open.obj
-- Installing: /home/shadows/ros2_ws/install/explorer_description/share/explorer_description/models/cave_rock/meshes/walls.obj
-- Installing: /home/shadows/ros2_ws/install/explorer_description/share/explorer_description/models/cave_rock/model.sdf
-- Installing: /home/shadows/ros2_ws/install/explorer_description/share/explorer_description/models/cave_rock/model.config
-- Up-to-date: /home/shadows/ros2_ws/install/explorer_description/share/explorer_description/models/cave_rock/materials
-- Up-to-date: /home/shadows/ros2_ws/install/explorer_description/share/explorer_description/models/cave_rock/materials/textures
-- Installing: /home/shadows/ros2_ws/install/explorer_description/share/explorer_description/models/cave_rock/materials/textures/gravel_normal.png
-- Installing: /home/shadows/ros2_ws/install/explorer_description/share/explorer_description/models/cave_rock/materials/textures/gravel_albedo.png
-- Installing: /home/shadows/ros2_ws/install/explorer_description/share/explorer_description/models/cave_rock/materials/textures/rock_normal.png
-- Installing: /home/shadows/ros2_ws/install/explorer_description/share/explorer_description/models/cave_rock/materials/textures/rock_albedo.png
-- Up-to-date: /home/shadows/ros2_ws/install/explorer_description/share/explorer_description/models/cave_rock_open
-- Installing: /home/shadows/ros2_ws/install/explorer_description/share/explorer_description/models/cave_rock_open/model.sdf
-- Installing: /home/shadows/ros2_ws/install/explorer_description/share/explorer_description/models/cave_rock_open/model.config
-- Up-to-date: /home/shadows/ros2_ws/install/explorer_description/share/explorer_description/worlds
-- Installing: /home/shadows/ros2_ws/install/explorer_description/share/explorer_description/worlds/cave.sdf
-- Installing: /home/shadows/ros2_ws/install/explorer_description/share/explorer_description/worlds/cave_open.sdf
-- Installing: /home/shadows/ros2_ws/install/explorer_description/lib/explorer_description/generate_cave.py
-- Up-to-date: /home/shadows/ros2_ws/install/explorer_description/share/ament_index/resource_index/package_run_dependencies/explorer_description
-- Up-to-date: /home/shadows/ros2_ws/install/explorer_description/share/ament_index/resource_index/parent_prefix_path/explorer_description
-- Up-to-date: /home/shadows/ros2_ws/install/explorer_description/share/explorer_description/environment/ament_prefix_path.sh
-- Up-to-date: /home/shadows/ros2_ws/install/explorer_description/share/explorer_description/environment/ament_prefix_path.dsv
-- Up-to-date: /home/shadows/ros2_ws/install/explorer_description/share/explorer_description/environment/path.sh
-- Up-to-date: /home/shadows/ros2_ws/install/explorer_description/share/explorer_description/environment/path.dsv
-- Up-to-date: /home/shadows/ros2_ws/install/explorer_description/share/explorer_description/local_setup.bash
-- Up-to-date: /home/shadows/ros2_ws/install/explorer_description/share/explorer_description/local_setup.sh
-- Up-to-date: /home/shadows/ros2_ws/install/explorer_description/share/explorer_description/local_setup.zsh
-- Up-to-date: /home/shadows/ros2_ws/install/explorer_description/share/explorer_description/local_setup.dsv
-- Installing: /home/shadows/ros2_ws/install/explorer_description/share/explorer_description/package.dsv
-- Up-to-date: /home/shadows/ros2_ws/install/explorer_description/share/ament_index/resource_index/packages/explorer_description
-- Up-to-date: /home/shadows/ros2_ws/install/explorer_description/share/explorer_description/cmake/explorer_descriptionConfig.cmake
-- Up-to-date: /home/shadows/ros2_ws/install/explorer_description/share/explorer_description/cmake/explorer_descriptionConfig-version.cmake
-- Up-to-date: /home/shadows/ros2_ws/install/explorer_description/share/explorer_description/package.xml
