[0.009s] Invoking command in '/home/shadows/ros2_ws/build/my_mesh_interfaces': CMAKE_PREFIX_PATH=${CMAKE_PREFIX_PATH}:/opt/ros/jazzy DEBUGINFOD_URLS=https://debuginfod.ubuntu.com /usr/bin/cmake /home/shadows/ros2_ws/src/my_mesh_interfaces -DCMAKE_INSTALL_PREFIX=/home/shadows/ros2_ws/install/my_mesh_interfaces
[0.054s] -- Found ament_cmake: 2.5.6 (/opt/ros/jazzy/share/ament_cmake/cmake)
[0.153s] -- Override CMake install command with custom implementation using symlinks instead of copying resources
[0.164s] -- Found rosidl_default_generators: 1.6.1 (/opt/ros/jazzy/share/rosidl_default_generators/cmake)
[0.167s] -- Using all available rosidl_typesupport_c: rosidl_typesupport_fastrtps_c;rosidl_typesupport_introspection_c
[0.194s] -- Using all available rosidl_typesupport_cpp: rosidl_typesupport_fastrtps_cpp;rosidl_typesupport_introspection_cpp
[0.217s] -- Found rosidl_adapter: 4.6.9 (/opt/ros/jazzy/share/rosidl_adapter/cmake)
[0.219s] -- Found sensor_msgs: 5.3.8 (/opt/ros/jazzy/share/sensor_msgs/cmake)
[0.500s] -- Found ament_cmake_ros: 0.12.1 (/opt/ros/jazzy/share/ament_cmake_ros/cmake)
[0.668s] -- Using all available rosidl_typesupport_c: rosidl_typesupport_fastrtps_c;rosidl_typesupport_introspection_c
[0.833s] -- Using all available rosidl_typesupport_cpp: rosidl_typesupport_fastrtps_cpp;rosidl_typesupport_introspection_cpp
[0.834s] -- Found python_cmake_module: 0.11.1 (/opt/ros/jazzy/share/python_cmake_module/cmake)
[1.056s] -- Found Python3: /usr/bin/python3 (found version "3.12.3") found components: Interpreter Development NumPy Development.Module Development.Embed 
[1.126s] -- Found Python3: /usr/bin/python3 (found version "3.12.3") found components: Interpreter 
[1.137s] -- Configuring done (1.1s)
[1.180s] -- Generating done (0.0s)
[1.187s] -- Build files have been written to: /home/shadows/ros2_ws/build/my_mesh_interfaces
[1.194s] Invoked command in '/home/shadows/ros2_ws/build/my_mesh_interfaces' returned '0': CMAKE_PREFIX_PATH=${CMAKE_PREFIX_PATH}:/opt/ros/jazzy DEBUGINFOD_URLS=https://debuginfod.ubuntu.com /usr/bin/cmake /home/shadows/ros2_ws/src/my_mesh_interfaces -DCMAKE_INSTALL_PREFIX=/home/shadows/ros2_ws/install/my_mesh_interfaces
[1.194s] Invoking command in '/home/shadows/ros2_ws/build/my_mesh_interfaces': CMAKE_PREFIX_PATH=${CMAKE_PREFIX_PATH}:/opt/ros/jazzy DEBUGINFOD_URLS=https://debuginfod.ubuntu.com /usr/bin/cmake --build /home/shadows/ros2_ws/build/my_mesh_interfaces -- -j20 -l20
[1.237s] [  1%] [34m[1mGenerating type hashes for ROS interfaces[0m
[1.237s] [  3%] [34m[1mGenerating Rust code for ROS interfaces[0m
[1.245s] [  3%] Built target ament_cmake_python_symlink_my_mesh_interfaces
[1.371s] [  3%] Built target my_mesh_interfaces__rosidl_generator_type_description
[1.379s] [  3%] Built target my_mesh_interfaces__rs
[1.379s] [  5%] [34m[1mGenerating C code for ROS interfaces[0m
[1.381s] running egg_info
[1.389s] [  7%] [34m[1mGenerating C++ code for ROS interfaces[0m
[1.392s] writing my_mesh_interfaces.egg-info/PKG-INFO
[1.392s] writing dependency_links to my_mesh_interfaces.egg-info/dependency_links.txt
[1.392s] writing top-level names to my_mesh_interfaces.egg-info/top_level.txt
[1.424s] reading manifest file 'my_mesh_interfaces.egg-info/SOURCES.txt'
[1.453s] writing manifest file 'my_mesh_interfaces.egg-info/SOURCES.txt'
[1.473s] [  7%] Built target ament_cmake_python_build_my_mesh_interfaces_egg
[1.556s] [  7%] Built target my_mesh_interfaces__cpp
[1.586s] [  9%] [32mBuilding C object CMakeFiles/my_mesh_interfaces__rosidl_generator_c.dir/rosidl_generator_c/my_mesh_interfaces/msg/detail/mesh_scan__type_support.c.o[0m
[1.586s] [ 10%] [32mBuilding C object CMakeFiles/my_mesh_interfaces__rosidl_generator_c.dir/rosidl_generator_c/my_mesh_interfaces/msg/detail/mesh_map__type_support.c.o[0m
[1.586s] [ 12%] [32mBuilding C object CMakeFiles/my_mesh_interfaces__rosidl_generator_c.dir/rosidl_generator_c/my_mesh_interfaces/msg/detail/sender_status__description.c.o[0m
[1.586s] [ 14%] [32mBuilding C object CMakeFiles/my_mesh_interfaces__rosidl_generator_c.dir/rosidl_generator_c/my_mesh_interfaces/msg/detail/sender_status__functions.c.o[0m
[1.586s] [ 16%] [32mBuilding C object CMakeFiles/my_mesh_interfaces__rosidl_generator_c.dir/rosidl_generator_c/my_mesh_interfaces/msg/detail/sender_status__type_support.c.o[0m
[1.587s] [ 18%] [32mBuilding C object CMakeFiles/my_mesh_interfaces__rosidl_generator_c.dir/rosidl_generator_c/my_mesh_interfaces/msg/detail/mesh_scan__description.c.o[0m
[1.587s] [ 21%] [32mBuilding C object CMakeFiles/my_mesh_interfaces__rosidl_generator_c.dir/rosidl_generator_c/my_mesh_interfaces/msg/detail/mesh_map__functions.c.o[0m
[1.587s] [ 21%] [32mBuilding C object CMakeFiles/my_mesh_interfaces__rosidl_generator_c.dir/rosidl_generator_c/my_mesh_interfaces/msg/detail/mesh_scan__functions.c.o[0m
[1.588s] [ 23%] [32mBuilding C object CMakeFiles/my_mesh_interfaces__rosidl_generator_c.dir/rosidl_generator_c/my_mesh_interfaces/msg/detail/mesh_map__description.c.o[0m
[1.660s] [ 25%] [32m[1mLinking C shared library libmy_mesh_interfaces__rosidl_generator_c.so[0m
[1.701s] [ 25%] Built target my_mesh_interfaces__rosidl_generator_c
[1.708s] [ 27%] [34m[1mGenerating C introspection for ROS interfaces[0m
[1.708s] [ 30%] [34m[1mGenerating C++ type support dispatch for ROS interfaces[0m
[1.708s] [ 30%] [34m[1mGenerating C++ introspection for ROS interfaces[0m
[1.709s] [ 32%] [34m[1mGenerating C type support for eProsima Fast-RTPS[0m
[1.710s] [ 34%] [34m[1mGenerating C++ type support for eProsima Fast-RTPS[0m
[1.710s] [ 36%] [34m[1mGenerating C type support dispatch for ROS interfaces[0m
[1.865s] [ 38%] [32mBuilding CXX object CMakeFiles/my_mesh_interfaces__rosidl_typesupport_c.dir/rosidl_typesupport_c/my_mesh_interfaces/msg/sender_status__type_support.cpp.o[0m
[1.866s] [ 40%] [32mBuilding CXX object CMakeFiles/my_mesh_interfaces__rosidl_typesupport_cpp.dir/rosidl_typesupport_cpp/my_mesh_interfaces/msg/sender_status__type_support.cpp.o[0m
[1.867s] [ 41%] [32mBuilding CXX object CMakeFiles/my_mesh_interfaces__rosidl_typesupport_c.dir/rosidl_typesupport_c/my_mesh_interfaces/msg/mesh_scan__type_support.cpp.o[0m
[1.867s] [ 43%] [32mBuilding CXX object CMakeFiles/my_mesh_interfaces__rosidl_typesupport_c.dir/rosidl_typesupport_c/my_mesh_interfaces/msg/mesh_map__type_support.cpp.o[0m
[1.868s] [ 45%] [32mBuilding CXX object CMakeFiles/my_mesh_interfaces__rosidl_typesupport_cpp.dir/rosidl_typesupport_cpp/my_mesh_interfaces/msg/mesh_map__type_support.cpp.o[0m
[1.868s] [ 47%] [32mBuilding CXX object CMakeFiles/my_mesh_interfaces__rosidl_typesupport_cpp.dir/rosidl_typesupport_cpp/my_mesh_interfaces/msg/mesh_scan__type_support.cpp.o[0m
[1.874s] [ 52%] [32mBuilding CXX object CMakeFiles/my_mesh_interfaces__rosidl_typesupport_introspection_cpp.dir/rosidl_typesupport_introspection_cpp/my_mesh_interfaces/msg/detail/sender_status__type_support.cpp.o[0m
[1.874s] [ 52%] [32mBuilding CXX object CMakeFiles/my_mesh_interfaces__rosidl_typesupport_introspection_cpp.dir/rosidl_typesupport_introspection_cpp/my_mesh_interfaces/msg/detail/mesh_map__type_support.cpp.o[0m
[1.874s] [ 52%] [32mBuilding C object CMakeFiles/my_mesh_interfaces__rosidl_typesupport_introspection_c.dir/rosidl_typesupport_introspection_c/my_mesh_interfaces/msg/detail/mesh_scan__type_support.c.o[0m
[1.875s] [ 54%] [32mBuilding CXX object CMakeFiles/my_mesh_interfaces__rosidl_typesupport_introspection_cpp.dir/rosidl_typesupport_introspection_cpp/my_mesh_interfaces/msg/detail/mesh_scan__type_support.cpp.o[0m
[1.876s] [ 58%] [32mBuilding C object CMakeFiles/my_mesh_interfaces__rosidl_typesupport_introspection_c.dir/rosidl_typesupport_introspection_c/my_mesh_interfaces/msg/detail/sender_status__type_support.c.o[0m
[1.876s] [ 58%] [32mBuilding C object CMakeFiles/my_mesh_interfaces__rosidl_typesupport_introspection_c.dir/rosidl_typesupport_introspection_c/my_mesh_interfaces/msg/detail/mesh_map__type_support.c.o[0m
[1.904s] [ 60%] [32mBuilding CXX object CMakeFiles/my_mesh_interfaces__rosidl_typesupport_fastrtps_cpp.dir/rosidl_typesupport_fastrtps_cpp/my_mesh_interfaces/msg/detail/dds_fastrtps/mesh_map__type_support.cpp.o[0m
[1.904s] [ 61%] [32mBuilding CXX object CMakeFiles/my_mesh_interfaces__rosidl_typesupport_fastrtps_cpp.dir/rosidl_typesupport_fastrtps_cpp/my_mesh_interfaces/msg/detail/dds_fastrtps/sender_status__type_support.cpp.o[0m
[1.906s] [ 63%] [32mBuilding CXX object CMakeFiles/my_mesh_interfaces__rosidl_typesupport_fastrtps_cpp.dir/rosidl_typesupport_fastrtps_cpp/my_mesh_interfaces/msg/detail/dds_fastrtps/mesh_scan__type_support.cpp.o[0m
[1.907s] [ 65%] [32m[1mLinking C shared library libmy_mesh_interfaces__rosidl_typesupport_introspection_c.so[0m
[1.916s] [ 67%] [32mBuilding CXX object CMakeFiles/my_mesh_interfaces__rosidl_typesupport_fastrtps_c.dir/rosidl_typesupport_fastrtps_c/my_mesh_interfaces/msg/detail/mesh_map__type_support_c.cpp.o[0m
[1.917s] [ 69%] [32mBuilding CXX object CMakeFiles/my_mesh_interfaces__rosidl_typesupport_fastrtps_c.dir/rosidl_typesupport_fastrtps_c/my_mesh_interfaces/msg/detail/mesh_scan__type_support_c.cpp.o[0m
[1.918s] [ 70%] [32mBuilding CXX object CMakeFiles/my_mesh_interfaces__rosidl_typesupport_fastrtps_c.dir/rosidl_typesupport_fastrtps_c/my_mesh_interfaces/msg/detail/sender_status__type_support_c.cpp.o[0m
[1.939s] [ 70%] Built target my_mesh_interfaces__rosidl_typesupport_introspection_c
[1.942s] [ 72%] [32m[1mLinking CXX shared library libmy_mesh_interfaces__rosidl_typesupport_c.so[0m
[1.982s] [ 72%] Built target my_mesh_interfaces__rosidl_typesupport_c
[2.148s] [ 74%] [32m[1mLinking CXX shared library libmy_mesh_interfaces__rosidl_typesupport_introspection_cpp.so[0m
[2.173s] [ 76%] [32m[1mLinking CXX shared library libmy_mesh_interfaces__rosidl_typesupport_cpp.so[0m
[2.199s] [ 76%] Built target my_mesh_interfaces__rosidl_typesupport_introspection_cpp
[2.207s] [ 76%] Built target my_mesh_interfaces__rosidl_typesupport_cpp
[2.249s] [ 78%] [32m[1mLinking CXX shared library libmy_mesh_interfaces__rosidl_typesupport_fastrtps_cpp.so[0m
[2.289s] [ 78%] Built target my_mesh_interfaces__rosidl_typesupport_fastrtps_cpp
[2.302s] [ 80%] [32m[1mLinking CXX shared library libmy_mesh_interfaces__rosidl_typesupport_fastrtps_c.so[0m
[2.341s] [ 80%] Built target my_mesh_interfaces__rosidl_typesupport_fastrtps_c
[2.360s] [ 80%] Built target my_mesh_interfaces
[2.376s] [ 81%] [34m[1mGenerating Python code for ROS interfaces[0m
[2.589s] [ 81%] Built target my_mesh_interfaces__py
[2.610s] [ 87%] [32mBuilding C object CMakeFiles/my_mesh_interfaces__rosidl_generator_py.dir/rosidl_generator_py/my_mesh_interfaces/msg/_mesh_scan_s.c.o[0m
[2.610s] [ 87%] [32mBuilding C object CMakeFiles/my_mesh_interfaces__rosidl_generator_py.dir/rosidl_generator_py/my_mesh_interfaces/msg/_sender_status_s.c.o[0m
[2.611s] [ 87%] [32mBuilding C object CMakeFiles/my_mesh_interfaces__rosidl_generator_py.dir/rosidl_generator_py/my_mesh_interfaces/msg/_mesh_map_s.c.o[0m
[2.693s] [ 89%] [32m[1mLinking C shared library libmy_mesh_interfaces__rosidl_generator_py.so[0m
[2.727s] [ 89%] Built target my_mesh_interfaces__rosidl_generator_py
[2.746s] [ 90%] [32mBuilding C object CMakeFiles/my_mesh_interfaces_s__rosidl_typesupport_fastrtps_c.dir/rosidl_generator_py/my_mesh_interfaces/_my_mesh_interfaces_s.ep.rosidl_typesupport_fastrtps_c.c.o[0m
[2.746s] [ 92%] [32mBuilding C object CMakeFiles/my_mesh_interfaces_s__rosidl_typesupport_introspection_c.dir/rosidl_generator_py/my_mesh_interfaces/_my_mesh_interfaces_s.ep.rosidl_typesupport_introspection_c.c.o[0m
[2.747s] [ 94%] [32mBuilding C object CMakeFiles/my_mesh_interfaces_s__rosidl_typesupport_c.dir/rosidl_generator_py/my_mesh_interfaces/_my_mesh_interfaces_s.ep.rosidl_typesupport_c.c.o[0m
[2.811s] [ 98%] [32m[1mLinking C shared module rosidl_generator_py/my_mesh_interfaces/my_mesh_interfaces_s__rosidl_typesupport_c.so[0m
[2.811s] [ 98%] [32m[1mLinking C shared module rosidl_generator_py/my_mesh_interfaces/my_mesh_interfaces_s__rosidl_typesupport_fastrtps_c.so[0m
[2.811s] [100%] [32m[1mLinking C shared module rosidl_generator_py/my_mesh_interfaces/my_mesh_interfaces_s__rosidl_typesupport_introspection_c.so[0m
[2.837s] [100%] Built target my_mesh_interfaces_s__rosidl_typesupport_fastrtps_c
[2.838s] [100%] Built target my_mesh_interfaces_s__rosidl_typesupport_c
[2.838s] [100%] Built target my_mesh_interfaces_s__rosidl_typesupport_introspection_c
[2.846s] Invoked command in '/home/shadows/ros2_ws/build/my_mesh_interfaces' returned '0': CMAKE_PREFIX_PATH=${CMAKE_PREFIX_PATH}:/opt/ros/jazzy DEBUGINFOD_URLS=https://debuginfod.ubuntu.com /usr/bin/cmake --build /home/shadows/ros2_ws/build/my_mesh_interfaces -- -j20 -l20
[2.854s] Invoking command in '/home/shadows/ros2_ws/build/my_mesh_interfaces': CMAKE_PREFIX_PATH=${CMAKE_PREFIX_PATH}:/opt/ros/jazzy DEBUGINFOD_URLS=https://debuginfod.ubuntu.com /usr/bin/cmake --install /home/shadows/ros2_ws/build/my_mesh_interfaces
[2.860s] -- Install configuration: ""
[2.860s] -- Execute custom install script
[2.861s] -- Up-to-date symlink: /home/shadows/ros2_ws/install/my_mesh_interfaces/share/ament_index/resource_index/rosidl_interfaces/my_mesh_interfaces
[2.861s] -- Up-to-date symlink: /home/shadows/ros2_ws/install/my_mesh_interfaces/share/my_mesh_interfaces/msg/MeshScan.json
[2.861s] -- Symlinking: /home/shadows/ros2_ws/install/my_mesh_interfaces/share/my_mesh_interfaces/msg/MeshMap.json
[2.866s] -- Up-to-date symlink: /home/shadows/ros2_ws/install/my_mesh_interfaces/share/my_mesh_interfaces/msg/SenderStatus.json
[2.867s] -- Symlinking: /home/shadows/ros2_ws/install/my_mesh_interfaces/include/my_mesh_interfaces/my_mesh_interfaces/msg/detail/mesh_map__functions.h
[2.874s] -- Symlinking: /home/shadows/ros2_ws/install/my_mesh_interfaces/include/my_mesh_interfaces/my_mesh_interfaces/msg/detail/mesh_map__struct.h
[2.881s] -- Symlinking: /home/shadows/ros2_ws/install/my_mesh_interfaces/include/my_mesh_interfaces/my_mesh_interfaces/msg/detail/mesh_map__type_support.h
[2.886s] -- Up-to-date symlink: /home/shadows/ros2_ws/install/my_mesh_interfaces/include/my_mesh_interfaces/my_mesh_interfaces/msg/detail/mesh_scan__functions.h
[2.886s] -- Up-to-date symlink: /home/shadows/ros2_ws/install/my_mesh_interfaces/include/my_mesh_interfaces/my_mesh_interfaces/msg/detail/mesh_scan__struct.h
[2.886s] -- Up-to-date symlink: /home/shadows/ros2_ws/install/my_mesh_interfaces/include/my_mesh_interfaces/my_mesh_interfaces/msg/detail/mesh_scan__type_support.h
[2.886s] -- Up-to-date symlink: /home/shadows/ros2_ws/install/my_mesh_interfaces/include/my_mesh_interfaces/my_mesh_interfaces/msg/detail/sender_status__functions.h
[2.886s] -- Up-to-date symlink: /home/shadows/ros2_ws/install/my_mesh_interfaces/include/my_mesh_interfaces/my_mesh_interfaces/msg/detail/sender_status__struct.h
[2.886s] -- Up-to-date symlink: /home/shadows/ros2_ws/install/my_mesh_interfaces/include/my_mesh_interfaces/my_mesh_interfaces/msg/detail/sender_status__type_support.h
[2.886s] -- Symlinking: /home/shadows/ros2_ws/install/my_mesh_interfaces/include/my_mesh_interfaces/my_mesh_interfaces/msg/mesh_map.h
[2.894s] -- Up-to-date symlink: /home/shadows/ros2_ws/install/my_mesh_interfaces/include/my_mesh_interfaces/my_mesh_interfaces/msg/mesh_scan.h
[2.894s] -- Up-to-date symlink: /home/shadows/ros2_ws/install/my_mesh_interfaces/include/my_mesh_interfaces/my_mesh_interfaces/msg/rosidl_generator_c__visibility_control.h
[2.894s] -- Up-to-date symlink: /home/shadows/ros2_ws/install/my_mesh_interfaces/include/my_mesh_interfaces/my_mesh_interfaces/msg/sender_status.h
[2.894s] -- Up-to-date symlink: /home/shadows/ros2_ws/install/my_mesh_interfaces/share/my_mesh_interfaces/environment/library_path.sh
[2.894s] -- Up-to-date symlink: /home/shadows/ros2_ws/install/my_mesh_interfaces/share/my_mesh_interfaces/environment/library_path.dsv
[2.894s] -- Symlinking: /home/shadows/ros2_ws/install/my_mesh_interfaces/include/my_mesh_interfaces/my_mesh_interfaces/msg/detail/mesh_map__rosidl_typesupport_fastrtps_c.h
[2.901s] -- Up-to-date symlink: /home/shadows/ros2_ws/install/my_mesh_interfaces/include/my_mesh_interfaces/my_mesh_interfaces/msg/detail/mesh_scan__rosidl_typesupport_fastrtps_c.h
[2.901s] -- Up-to-date symlink: /home/shadows/ros2_ws/install/my_mesh_interfaces/include/my_mesh_interfaces/my_mesh_interfaces/msg/detail/sender_status__rosidl_typesupport_fastrtps_c.h
[2.901s] -- Up-to-date symlink: /home/shadows/ros2_ws/install/my_mesh_interfaces/include/my_mesh_interfaces/my_mesh_interfaces/msg/rosidl_typesupport_fastrtps_c__visibility_control.h
[2.901s] -- Symlinking: /home/shadows/ros2_ws/install/my_mesh_interfaces/include/my_mesh_interfaces/my_mesh_interfaces/msg/detail/mesh_map__rosidl_typesupport_introspection_c.h
[2.907s] -- Up-to-date symlink: /home/shadows/ros2_ws/install/my_mesh_interfaces/include/my_mesh_interfaces/my_mesh_interfaces/msg/detail/mesh_scan__rosidl_typesupport_introspection_c.h
[2.907s] -- Up-to-date symlink: /home/shadows/ros2_ws/install/my_mesh_interfaces/include/my_mesh_interfaces/my_mesh_interfaces/msg/detail/sender_status__rosidl_typesupport_introspection_c.h
[2.907s] -- Up-to-date symlink: /home/shadows/ros2_ws/install/my_mesh_interfaces/include/my_mesh_interfaces/my_mesh_interfaces/msg/rosidl_typesupport_introspection_c__visibility_control.h
[2.907s] -- Symlinking: /home/shadows/ros2_ws/install/my_mesh_interfaces/include/my_mesh_interfaces/my_mesh_interfaces/msg/detail/mesh_map__builder.hpp
[2.914s] -- Symlinking: /home/shadows/ros2_ws/install/my_mesh_interfaces/include/my_mesh_interfaces/my_mesh_interfaces/msg/detail/mesh_map__struct.hpp
[2.921s] -- Symlinking: /home/shadows/ros2_ws/install/my_mesh_interfaces/include/my_mesh_interfaces/my_mesh_interfaces/msg/detail/mesh_map__traits.hpp
[2.927s] -- Symlinking: /home/shadows/ros2_ws/install/my_mesh_interfaces/include/my_mesh_interfaces/my_mesh_interfaces/msg/detail/mesh_map__type_support.hpp
[2.936s] -- Up-to-date symlink: /home/shadows/ros2_ws/install/my_mesh_interfaces/include/my_mesh_interfaces/my_mesh_interfaces/msg/detail/mesh_scan__builder.hpp
[2.936s] -- Up-to-date symlink: /home/shadows/ros2_ws/install/my_mesh_interfaces/include/my_mesh_interfaces/my_mesh_interfaces/msg/detail/mesh_scan__struct.hpp
[2.937s] -- Up-to-date symlink: /home/shadows/ros2_ws/install/my_mesh_interfaces/include/my_mesh_interfaces/my_mesh_interfaces/msg/detail/mesh_scan__traits.hpp
[2.937s] -- Up-to-date symlink: /home/shadows/ros2_ws/install/my_mesh_interfaces/include/my_mesh_interfaces/my_mesh_interfaces/msg/detail/mesh_scan__type_support.hpp
[2.937s] -- Up-to-date symlink: /home/shadows/ros2_ws/install/my_mesh_interfaces/include/my_mesh_interfaces/my_mesh_interfaces/msg/detail/sender_status__builder.hpp
[2.937s] -- Up-to-date symlink: /home/shadows/ros2_ws/install/my_mesh_interfaces/include/my_mesh_interfaces/my_mesh_interfaces/msg/detail/sender_status__struct.hpp
[2.937s] -- Up-to-date symlink: /home/shadows/ros2_ws/install/my_mesh_interfaces/include/my_mesh_interfaces/my_mesh_interfaces/msg/detail/sender_status__traits.hpp
[2.937s] -- Up-to-date symlink: /home/shadows/ros2_ws/install/my_mesh_interfaces/include/my_mesh_interfaces/my_mesh_interfaces/msg/detail/sender_status__type_support.hpp
[2.937s] -- Symlinking: /home/shadows/ros2_ws/install/my_mesh_interfaces/include/my_mesh_interfaces/my_mesh_interfaces/msg/mesh_map.hpp
[2.942s] -- Up-to-date symlink: /home/shadows/ros2_ws/install/my_mesh_interfaces/include/my_mesh_interfaces/my_mesh_interfaces/msg/mesh_scan.hpp
[2.942s] -- Up-to-date symlink: /home/shadows/ros2_ws/install/my_mesh_interfaces/include/my_mesh_interfaces/my_mesh_interfaces/msg/rosidl_generator_cpp__visibility_control.hpp
[2.942s] -- Up-to-date symlink: /home/shadows/ros2_ws/install/my_mesh_interfaces/include/my_mesh_interfaces/my_mesh_interfaces/msg/sender_status.hpp
[2.943s] -- Symlinking: /home/shadows/ros2_ws/install/my_mesh_interfaces/include/my_mesh_interfaces/my_mesh_interfaces/msg/detail/mesh_map__rosidl_typesupport_fastrtps_cpp.hpp
[2.949s] -- Up-to-date symlink: /home/shadows/ros2_ws/install/my_mesh_interfaces/include/my_mesh_interfaces/my_mesh_interfaces/msg/detail/mesh_scan__rosidl_typesupport_fastrtps_cpp.hpp
[2.949s] -- Up-to-date symlink: /home/shadows/ros2_ws/install/my_mesh_interfaces/include/my_mesh_interfaces/my_mesh_interfaces/msg/detail/sender_status__rosidl_typesupport_fastrtps_cpp.hpp
[2.949s] -- Up-to-date symlink: /home/shadows/ros2_ws/install/my_mesh_interfaces/include/my_mesh_interfaces/my_mesh_interfaces/msg/rosidl_typesupport_fastrtps_cpp__visibility_control.h
[2.949s] -- Symlinking: /home/shadows/ros2_ws/install/my_mesh_interfaces/include/my_mesh_interfaces/my_mesh_interfaces/msg/detail/mesh_map__rosidl_typesupport_introspection_cpp.hpp
[2.956s] -- Up-to-date symlink: /home/shadows/ros2_ws/install/my_mesh_interfaces/include/my_mesh_interfaces/my_mesh_interfaces/msg/detail/mesh_scan__rosidl_typesupport_introspection_cpp.hpp
[2.957s] -- Up-to-date symlink: /home/shadows/ros2_ws/install/my_mesh_interfaces/include/my_mesh_interfaces/my_mesh_interfaces/msg/detail/sender_status__rosidl_typesupport_introspection_cpp.hpp
[2.957s] -- Up-to-date symlink: /home/shadows/ros2_ws/install/my_mesh_interfaces/share/my_mesh_interfaces/environment/pythonpath.sh
[2.957s] -- Up-to-date symlink: /home/shadows/ros2_ws/install/my_mesh_interfaces/share/my_mesh_interfaces/environment/pythonpath.dsv
[2.957s] -- Up-to-date symlink: /home/shadows/ros2_ws/install/my_mesh_interfaces/lib/python3.12/site-packages/my_mesh_interfaces-0.0.0-py3.12.egg-info/PKG-INFO
[2.957s] -- Up-to-date symlink: /home/shadows/ros2_ws/install/my_mesh_interfaces/lib/python3.12/site-packages/my_mesh_interfaces-0.0.0-py3.12.egg-info/SOURCES.txt
[2.957s] -- Up-to-date symlink: /home/shadows/ros2_ws/install/my_mesh_interfaces/lib/python3.12/site-packages/my_mesh_interfaces-0.0.0-py3.12.egg-info/dependency_links.txt
[2.957s] -- Up-to-date symlink: /home/shadows/ros2_ws/install/my_mesh_interfaces/lib/python3.12/site-packages/my_mesh_interfaces-0.0.0-py3.12.egg-info/top_level.txt
[2.958s] -- Up-to-date symlink: /home/shadows/ros2_ws/install/my_mesh_interfaces/lib/python3.12/site-packages/my_mesh_interfaces/__init__.py
[2.958s] -- Up-to-date symlink: /home/shadows/ros2_ws/install/my_mesh_interfaces/lib/python3.12/site-packages/my_mesh_interfaces/_my_mesh_interfaces_s.ep.rosidl_typesupport_c.c
[2.958s] -- Up-to-date symlink: /home/shadows/ros2_ws/install/my_mesh_interfaces/lib/python3.12/site-packages/my_mesh_interfaces/_my_mesh_interfaces_s.ep.rosidl_typesupport_fastrtps_c.c
[2.958s] -- Up-to-date symlink: /home/shadows/ros2_ws/install/my_mesh_interfaces/lib/python3.12/site-packages/my_mesh_interfaces/_my_mesh_interfaces_s.ep.rosidl_typesupport_introspection_c.c
[2.959s] -- Up-to-date symlink: /home/shadows/ros2_ws/install/my_mesh_interfaces/lib/python3.12/site-packages/my_mesh_interfaces/msg/__init__.py
[2.959s] -- Symlinking: /home/shadows/ros2_ws/install/my_mesh_interfaces/lib/python3.12/site-packages/my_mesh_interfaces/msg/_mesh_map.py
[2.964s] -- Symlinking: /home/shadows/ros2_ws/install/my_mesh_interfaces/lib/python3.12/site-packages/my_mesh_interfaces/msg/_mesh_map_s.c
[2.972s] -- Up-to-date symlink: /home/shadows/ros2_ws/install/my_mesh_interfaces/lib/python3.12/site-packages/my_mesh_interfaces/msg/_mesh_scan.py
[2.972s] -- Up-to-date symlink: /home/shadows/ros2_ws/install/my_mesh_interfaces/lib/python3.12/site-packages/my_mesh_interfaces/msg/_mesh_scan_s.c
[2.972s] -- Up-to-date symlink: /home/shadows/ros2_ws/install/my_mesh_interfaces/lib/python3.12/site-packages/my_mesh_interfaces/msg/_sender_status.py
[2.972s] -- Up-to-date symlink: /home/shadows/ros2_ws/install/my_mesh_interfaces/lib/python3.12/site-packages/my_mesh_interfaces/msg/_sender_status_s.c
[2.972s] -- Up-to-date symlink: /home/shadows/ros2_ws/install/my_mesh_interfaces/lib/python3.12/site-packages/my_mesh_interfaces/my_mesh_interfaces_s__rosidl_typesupport_c.so
[2.972s] -- Up-to-date symlink: /home/shadows/ros2_ws/install/my_mesh_interfaces/lib/python3.12/site-packages/my_mesh_interfaces/my_mesh_interfaces_s__rosidl_typesupport_fastrtps_c.so
[2.973s] -- Up-to-date symlink: /home/shadows/ros2_ws/install/my_mesh_interfaces/lib/python3.12/site-packages/my_mesh_interfaces/my_mesh_interfaces_s__rosidl_typesupport_introspection_c.so
[2.973s] -- Up-to-date symlink: /home/shadows/ros2_ws/install/my_mesh_interfaces/lib/python3.12/site-packages/my_mesh_interfaces/my_mesh_interfaces_s__rosidl_typesupport_fastrtps_c.so
[2.973s] -- Up-to-date symlink: /home/shadows/ros2_ws/install/my_mesh_interfaces/lib/python3.12/site-packages/my_mesh_interfaces/my_mesh_interfaces_s__rosidl_typesupport_introspection_c.so
[2.973s] -- Up-to-date symlink: /home/shadows/ros2_ws/install/my_mesh_interfaces/lib/python3.12/site-packages/my_mesh_interfaces/my_mesh_interfaces_s__rosidl_typesupport_c.so
[2.973s] -- Up-to-date symlink: /home/shadows/ros2_ws/install/my_mesh_interfaces/share/my_mesh_interfaces/rust/Cargo.toml
[2.973s] -- Up-to-date symlink: /home/shadows/ros2_ws/install/my_mesh_interfaces/share/my_mesh_interfaces/rust/build.rs
[2.974s] -- Up-to-date symlink: /home/shadows/ros2_ws/install/my_mesh_interfaces/share/my_mesh_interfaces/rust/src/lib.rs
[2.974s] -- Up-to-date symlink: /home/shadows/ros2_ws/install/my_mesh_interfaces/share/my_mesh_interfaces/rust/src/msg.rs
[2.974s] -- Up-to-date symlink: /home/shadows/ros2_ws/install/my_mesh_interfaces/share/my_mesh_interfaces/rust/src/msg/rmw.rs
[2.974s] -- Up-to-date symlink: /home/shadows/ros2_ws/install/my_mesh_interfaces/share/my_mesh_interfaces/msg/MeshScan.idl
[2.974s] -- Symlinking: /home/shadows/ros2_ws/install/my_mesh_interfaces/share/my_mesh_interfaces/msg/MeshMap.idl
[2.981s] -- Up-to-date symlink: /home/shadows/ros2_ws/install/my_mesh_interfaces/share/my_mesh_interfaces/msg/SenderStatus.idl
[2.981s] -- Up-to-date symlink: /home/shadows/ros2_ws/install/my_mesh_interfaces/share/my_mesh_interfaces/msg/MeshScan.msg
[2.981s] -- Symlinking: /home/shadows/ros2_ws/install/my_mesh_interfaces/share/my_mesh_interfaces/msg/MeshMap.msg
[2.989s] -- Up-to-date symlink: /home/shadows/ros2_ws/install/my_mesh_interfaces/share/my_mesh_interfaces/msg/SenderStatus.msg
[2.989s] -- Up-to-date symlink: /home/shadows/ros2_ws/install/my_mesh_interfaces/share/ament_index/resource_index/package_run_dependencies/my_mesh_interfaces
[2.989s] -- Up-to-date symlink: /home/shadows/ros2_ws/install/my_mesh_interfaces/share/ament_index/resource_index/parent_prefix_path/my_mesh_interfaces
[2.989s] -- Up-to-date symlink: /home/shadows/ros2_ws/install/my_mesh_interfaces/share/my_mesh_interfaces/environment/ament_prefix_path.sh
[2.989s] -- Up-to-date symlink: /home/shadows/ros2_ws/install/my_mesh_interfaces/share/my_mesh_interfaces/environment/ament_prefix_path.dsv
[2.989s] -- Up-to-date symlink: /home/shadows/ros2_ws/install/my_mesh_interfaces/share/my_mesh_interfaces/environment/path.sh
[2.989s] -- Up-to-date symlink: /home/shadows/ros2_ws/install/my_mesh_interfaces/share/my_mesh_interfaces/environment/path.dsv
[2.989s] -- Up-to-date symlink: /home/shadows/ros2_ws/install/my_mesh_interfaces/share/my_mesh_interfaces/local_setup.bash
[2.989s] -- Up-to-date symlink: /home/shadows/ros2_ws/install/my_mesh_interfaces/share/my_mesh_interfaces/local_setup.sh
[2.990s] -- Up-to-date symlink: /home/shadows/ros2_ws/install/my_mesh_interfaces/share/my_mesh_interfaces/local_setup.zsh
[2.990s] -- Up-to-date symlink: /home/shadows/ros2_ws/install/my_mesh_interfaces/share/my_mesh_interfaces/local_setup.dsv
[2.990s] -- Symlinking: /home/shadows/ros2_ws/install/my_mesh_interfaces/share/my_mesh_interfaces/package.dsv
[2.995s] -- Up-to-date symlink: /home/shadows/ros2_ws/install/my_mesh_interfaces/share/ament_index/resource_index/packages/my_mesh_interfaces
[2.995s] -- Up-to-date symlink: /home/shadows/ros2_ws/install/my_mesh_interfaces/share/my_mesh_interfaces/cmake/rosidl_cmake-extras.cmake
[2.995s] -- Up-to-date symlink: /home/shadows/ros2_ws/install/my_mesh_interfaces/share/my_mesh_interfaces/cmake/ament_cmake_export_dependencies-extras.cmake
[2.995s] -- Up-to-date symlink: /home/shadows/ros2_ws/install/my_mesh_interfaces/share/my_mesh_interfaces/cmake/ament_cmake_export_include_directories-extras.cmake
[2.995s] -- Up-to-date symlink: /home/shadows/ros2_ws/install/my_mesh_interfaces/share/my_mesh_interfaces/cmake/ament_cmake_export_libraries-extras.cmake
[2.995s] -- Up-to-date symlink: /home/shadows/ros2_ws/install/my_mesh_interfaces/share/my_mesh_interfaces/cmake/ament_cmake_export_targets-extras.cmake
[2.996s] -- Up-to-date symlink: /home/shadows/ros2_ws/install/my_mesh_interfaces/share/my_mesh_interfaces/cmake/rosidl_cmake_export_typesupport_targets-extras.cmake
[2.996s] -- Up-to-date symlink: /home/shadows/ros2_ws/install/my_mesh_interfaces/share/my_mesh_interfaces/cmake/rosidl_cmake_export_typesupport_libraries-extras.cmake
[2.996s] -- Up-to-date symlink: /home/shadows/ros2_ws/install/my_mesh_interfaces/share/my_mesh_interfaces/cmake/rosidl_cmake_aggregate_target-extras.cmake
[2.996s] -- Up-to-date symlink: /home/shadows/ros2_ws/install/my_mesh_interfaces/share/my_mesh_interfaces/cmake/my_mesh_interfacesConfig.cmake
[2.996s] -- Up-to-date symlink: /home/shadows/ros2_ws/install/my_mesh_interfaces/share/my_mesh_interfaces/cmake/my_mesh_interfacesConfig-version.cmake
[2.996s] -- Up-to-date symlink: /home/shadows/ros2_ws/install/my_mesh_interfaces/share/my_mesh_interfaces/package.xml
[2.997s] -- Installing: /home/shadows/ros2_ws/install/my_mesh_interfaces/lib/libmy_mesh_interfaces__rosidl_generator_c.so
[2.997s] -- Set non-toolchain portion of runtime path of "/home/shadows/ros2_ws/install/my_mesh_interfaces/lib/libmy_mesh_interfaces__rosidl_generator_c.so" to ""
[2.997s] -- Installing: /home/shadows/ros2_ws/install/my_mesh_interfaces/lib/libmy_mesh_interfaces__rosidl_typesupport_fastrtps_c.so
[2.997s] -- Set non-toolchain portion of runtime path of "/home/shadows/ros2_ws/install/my_mesh_interfaces/lib/libmy_mesh_interfaces__rosidl_typesupport_fastrtps_c.so" to ""
[2.998s] -- Installing: /home/shadows/ros2_ws/install/my_mesh_interfaces/lib/libmy_mesh_interfaces__rosidl_typesupport_introspection_c.so
[2.998s] -- Set non-toolchain portion of runtime path of "/home/shadows/ros2_ws/install/my_mesh_interfaces/lib/libmy_mesh_interfaces__rosidl_typesupport_introspection_c.so" to ""
[2.998s] -- Installing: /home/shadows/ros2_ws/install/my_mesh_interfaces/lib/libmy_mesh_interfaces__rosidl_typesupport_c.so
[2.998s] -- Set non-toolchain portion of runtime path of "/home/shadows/ros2_ws/install/my_mesh_interfaces/lib/libmy_mesh_interfaces__rosidl_typesupport_c.so" to ""
[2.998s] -- Installing: /home/shadows/ros2_ws/install/my_mesh_interfaces/lib/libmy_mesh_interfaces__rosidl_typesupport_fastrtps_cpp.so
[2.998s] -- Set non-toolchain portion of runtime path of "/home/shadows/ros2_ws/install/my_mesh_interfaces/lib/libmy_mesh_interfaces__rosidl_typesupport_fastrtps_cpp.so" to ""
[2.999s] -- Installing: /home/shadows/ros2_ws/install/my_mesh_interfaces/lib/libmy_mesh_interfaces__rosidl_typesupport_introspection_cpp.so
[2.999s] -- Set non-toolchain portion of runtime path of "/home/shadows/ros2_ws/install/my_mesh_interfaces/lib/libmy_mesh_interfaces__rosidl_typesupport_introspection_cpp.so" to ""
[2.999s] -- Installing: /home/shadows/ros2_ws/install/my_mesh_interfaces/lib/libmy_mesh_interfaces__rosidl_typesupport_cpp.so
[2.999s] -- Set non-toolchain portion of runtime path of "/home/shadows/ros2_ws/install/my_mesh_interfaces/lib/libmy_mesh_interfaces__rosidl_typesupport_cpp.so" to ""
[3.024s] Listing '/home/shadows/ros2_ws/install/my_mesh_interfaces/lib/python3.12/site-packages/my_mesh_interfaces'...
[3.024s] Compiling '/home/shadows/ros2_ws/install/my_mesh_interfaces/lib/python3.12/site-packages/my_mesh_interfaces/__init__.py'...
[3.025s] Listing '/home/shadows/ros2_ws/install/my_mesh_interfaces/lib/python3.12/site-packages/my_mesh_interfaces/msg'...
[3.025s] Compiling '/home/shadows/ros2_ws/install/my_mesh_interfaces/lib/python3.12/site-packages/my_mesh_interfaces/msg/__init__.py'...
[3.025s] Compiling '/home/shadows/ros2_ws/install/my_mesh_interfaces/lib/python3.12/site-packages/my_mesh_interfaces/msg/_mesh_map.py'...
[3.025s] Compiling '/home/shadows/ros2_ws/install/my_mesh_interfaces/lib/python3.12/site-packages/my_mesh_interfaces/msg/_mesh_scan.py'...
[3.025s] Compiling '/home/shadows/ros2_ws/install/my_mesh_interfaces/lib/python3.12/site-packages/my_mesh_interfaces/msg/_sender_status.py'...
[3.028s] -- Installing: /home/shadows/ros2_ws/install/my_mesh_interfaces/lib/libmy_mesh_interfaces__rosidl_generator_py.so
[3.028s] -- Set non-toolchain portion of runtime path of "/home/shadows/ros2_ws/install/my_mesh_interfaces/lib/libmy_mesh_interfaces__rosidl_generator_py.so" to ""
[3.028s] -- Up-to-date: /home/shadows/ros2_ws/install/my_mesh_interfaces/share/my_mesh_interfaces/cmake/export_my_mesh_interfaces__rosidl_generator_cExport.cmake
[3.028s] -- Up-to-date: /home/shadows/ros2_ws/install/my_mesh_interfaces/share/my_mesh_interfaces/cmake/export_my_mesh_interfaces__rosidl_generator_cExport-noconfig.cmake
[3.028s] -- Up-to-date: /home/shadows/ros2_ws/install/my_mesh_interfaces/share/my_mesh_interfaces/cmake/export_my_mesh_interfaces__rosidl_typesupport_fastrtps_cExport.cmake
[3.029s] -- Up-to-date: /home/shadows/ros2_ws/install/my_mesh_interfaces/share/my_mesh_interfaces/cmake/export_my_mesh_interfaces__rosidl_typesupport_fastrtps_cExport-noconfig.cmake
[3.029s] -- Up-to-date: /home/shadows/ros2_ws/install/my_mesh_interfaces/share/my_mesh_interfaces/cmake/my_mesh_interfaces__rosidl_typesupport_introspection_cExport.cmake
[3.029s] -- Up-to-date: /home/shadows/ros2_ws/install/my_mesh_interfaces/share/my_mesh_interfaces/cmake/my_mesh_interfaces__rosidl_typesupport_introspection_cExport-noconfig.cmake
[3.029s] -- Up-to-date: /home/shadows/ros2_ws/install/my_mesh_interfaces/share/my_mesh_interfaces/cmake/my_mesh_interfaces__rosidl_typesupport_cExport.cmake
[3.029s] -- Up-to-date: /home/shadows/ros2_ws/install/my_mesh_interfaces/share/my_mesh_interfaces/cmake/my_mesh_interfaces__rosidl_typesupport_cExport-noconfig.cmake
[3.029s] -- Up-to-date: /home/shadows/ros2_ws/install/my_mesh_interfaces/share/my_mesh_interfaces/cmake/export_my_mesh_interfaces__rosidl_generator_cppExport.cmake
[3.029s] -- Up-to-date: /home/shadows/ros2_ws/install/my_mesh_interfaces/share/my_mesh_interfaces/cmake/export_my_mesh_interfaces__rosidl_typesupport_fastrtps_cppExport.cmake
[3.029s] -- Up-to-date: /home/shadows/ros2_ws/install/my_mesh_interfaces/share/my_mesh_interfaces/cmake/export_my_mesh_interfaces__rosidl_typesupport_fastrtps_cppExport-noconfig.cmake
[3.029s] -- Up-to-date: /home/shadows/ros2_ws/install/my_mesh_interfaces/share/my_mesh_interfaces/cmake/my_mesh_interfaces__rosidl_typesupport_introspection_cppExport.cmake
[3.029s] -- Up-to-date: /home/shadows/ros2_ws/install/my_mesh_interfaces/share/my_mesh_interfaces/cmake/my_mesh_interfaces__rosidl_typesupport_introspection_cppExport-noconfig.cmake
[3.029s] -- Up-to-date: /home/shadows/ros2_ws/install/my_mesh_interfaces/share/my_mesh_interfaces/cmake/my_mesh_interfaces__rosidl_typesupport_cppExport.cmake
[3.029s] -- Up-to-date: /home/shadows/ros2_ws/install/my_mesh_interfaces/share/my_mesh_interfaces/cmake/my_mesh_interfaces__rosidl_typesupport_cppExport-noconfig.cmake
[3.029s] -- Up-to-date: /home/shadows/ros2_ws/install/my_mesh_interfaces/share/my_mesh_interfaces/cmake/export_my_mesh_interfaces__rosidl_generator_pyExport.cmake
[3.029s] -- Up-to-date: /home/shadows/ros2_ws/install/my_mesh_interfaces/share/my_mesh_interfaces/cmake/export_my_mesh_interfaces__rosidl_generator_pyExport-noconfig.cmake
[3.031s] Invoked command in '/home/shadows/ros2_ws/build/my_mesh_interfaces' returned '0': CMAKE_PREFIX_PATH=${CMAKE_PREFIX_PATH}:/opt/ros/jazzy DEBUGINFOD_URLS=https://debuginfod.ubuntu.com /usr/bin/cmake --install /home/shadows/ros2_ws/build/my_mesh_interfaces
