running egg_info
writing ../../build/explorer_bringup/explorer_bringup.egg-info/PKG-INFO
writing dependency_links to ../../build/explorer_bringup/explorer_bringup.egg-info/dependency_links.txt
writing entry points to ../../build/explorer_bringup/explorer_bringup.egg-info/entry_points.txt
writing requirements to ../../build/explorer_bringup/explorer_bringup.egg-info/requires.txt
writing top-level names to ../../build/explorer_bringup/explorer_bringup.egg-info/top_level.txt
reading manifest file '../../build/explorer_bringup/explorer_bringup.egg-info/SOURCES.txt'
writing manifest file '../../build/explorer_bringup/explorer_bringup.egg-info/SOURCES.txt'
running build
running build_py
running install
running install_lib
running install_data
running install_egg_info
removing '/home/shadows/ros2_ws/install/explorer_bringup/lib/python3.12/site-packages/explorer_bringup-0.1.0-py3.12.egg-info' (and everything under it)
Copying ../../build/explorer_bringup/explorer_bringup.egg-info to /home/shadows/ros2_ws/install/explorer_bringup/lib/python3.12/site-packages/explorer_bringup-0.1.0-py3.12.egg-info
running install_scripts
Installing explorer_base script to /home/shadows/ros2_ws/install/explorer_bringup/lib/explorer_bringup
Installing mpu9250_imu script to /home/shadows/ros2_ws/install/explorer_bringup/lib/explorer_bringup
writing list of installed files to '/home/shadows/ros2_ws/build/explorer_bringup/install.log'
