[0.851s] Invoking command in '/home/shadows/ros2_ws/src/explorer_exploration': AMENT_PREFIX_PATH=/home/shadows/ros2_ws/install/explorer_bringup:/home/shadows/ros2_ws/install/mesh_nodes:/home/shadows/ros2_ws/install/my_mesh_interfaces:/home/shadows/ros2_ws/install/explorer_exploration:/home/shadows/ros2_ws/install/explorer_description:/opt/ros/jazzy CMAKE_PREFIX_PATH=/home/shadows/ros2_ws/install/explorer_description:/home/shadows/ros2_ws/install/my_mesh_interfaces:/opt/ros/jazzy/opt/gz_sim_vendor:/opt/ros/jazzy/opt/gz_sensors_vendor:/opt/ros/jazzy/opt/gz_physics_vendor:/opt/ros/jazzy/opt/sdformat_vendor:/opt/ros/jazzy/opt/gz_gui_vendor:/opt/ros/jazzy/opt/gz_transport_vendor:/opt/ros/jazzy/opt/gz_rendering_vendor:/opt/ros/jazzy/opt/gz_plugin_vendor:/opt/ros/jazzy/opt/gz_fuel_tools_vendor:/opt/ros/jazzy/opt/gz_msgs_vendor:/opt/ros/jazzy/opt/gz_common_vendor:/opt/ros/jazzy/opt/gz_math_vendor:/opt/ros/jazzy/opt/gz_utils_vendor:/opt/ros/jazzy/opt/gz_tools_vendor:/opt/ros/jazzy/opt/gz_ogre_next_vendor:/opt/ros/jazzy/opt/gz_dartsim_vendor:/opt/ros/jazzy/opt/gz_cmake_vendor DEBUGINFOD_URLS=https://debuginfod.ubuntu.com PYTHONPATH=/home/shadows/ros2_ws/build/explorer_exploration/prefix_override:/usr/lib/python3/dist-packages/colcon_core/task/python/colcon_distutils_commands:/home/shadows/ros2_ws/install/explorer_exploration/lib/python3.12/site-packages:/home/shadows/ros2_ws/install/explorer_bringup/lib/python3.12/site-packages:/home/shadows/ros2_ws/install/mesh_nodes/lib/python3.12/site-packages:/home/shadows/ros2_ws/install/my_mesh_interfaces/lib/python3.12/site-packages:/home/shadows/ros2_ws/install/explorer_exploration/lib/python3.12/site-packages:/opt/ros/jazzy/opt/gz_sim_vendor/lib/python:/opt/ros/jazzy/opt/sdformat_vendor/lib/python:/opt/ros/jazzy/opt/gz_transport_vendor/lib/python:/opt/ros/jazzy/opt/gz_msgs_vendor/lib/python:/opt/ros/jazzy/opt/gz_math_vendor/lib/python:/opt/ros/jazzy/lib/python3.12/site-packages /usr/bin/python3 -W ignore:setup.py install is deprecated -W ignore:easy_install command is deprecated setup.py egg_info --egg-base ../../build/explorer_exploration build --build-base /home/shadows/ros2_ws/build/explorer_exploration/build install --record /home/shadows/ros2_ws/build/explorer_exploration/install.log --install-scripts $base/lib/explorer_exploration --single-version-externally-managed install_data
[1.047s] running egg_info
[1.061s] writing ../../build/explorer_exploration/explorer_exploration.egg-info/PKG-INFO
[1.061s] writing dependency_links to ../../build/explorer_exploration/explorer_exploration.egg-info/dependency_links.txt
[1.061s] writing entry points to ../../build/explorer_exploration/explorer_exploration.egg-info/entry_points.txt
[1.061s] writing requirements to ../../build/explorer_exploration/explorer_exploration.egg-info/requires.txt
[1.061s] writing top-level names to ../../build/explorer_exploration/explorer_exploration.egg-info/top_level.txt
[1.088s] reading manifest file '../../build/explorer_exploration/explorer_exploration.egg-info/SOURCES.txt'
[1.091s] writing manifest file '../../build/explorer_exploration/explorer_exploration.egg-info/SOURCES.txt'
[1.091s] running build
[1.091s] running build_py
[1.091s] running install
[1.096s] running install_lib
[1.112s] running install_data
[1.112s] copying launch/bringup.launch.py -> /home/shadows/ros2_ws/install/explorer_exploration/share/explorer_exploration/launch
[1.112s] running install_egg_info
[1.130s] removing '/home/shadows/ros2_ws/install/explorer_exploration/lib/python3.12/site-packages/explorer_exploration-0.0.1-py3.12.egg-info' (and everything under it)
[1.131s] Copying ../../build/explorer_exploration/explorer_exploration.egg-info to /home/shadows/ros2_ws/install/explorer_exploration/lib/python3.12/site-packages/explorer_exploration-0.0.1-py3.12.egg-info
[1.173s] running install_scripts
[1.271s] Installing explore_coordinator script to /home/shadows/ros2_ws/install/explorer_exploration/lib/explorer_exploration
[1.271s] Installing frontier_tad_node script to /home/shadows/ros2_ws/install/explorer_exploration/lib/explorer_exploration
[1.271s] Installing manual_drive script to /home/shadows/ros2_ws/install/explorer_exploration/lib/explorer_exploration
[1.271s] Installing metrics_logger script to /home/shadows/ros2_ws/install/explorer_exploration/lib/explorer_exploration
[1.271s] writing list of installed files to '/home/shadows/ros2_ws/build/explorer_exploration/install.log'
[1.294s] Invoked command in '/home/shadows/ros2_ws/src/explorer_exploration' returned '0': AMENT_PREFIX_PATH=/home/shadows/ros2_ws/install/explorer_bringup:/home/shadows/ros2_ws/install/mesh_nodes:/home/shadows/ros2_ws/install/my_mesh_interfaces:/home/shadows/ros2_ws/install/explorer_exploration:/home/shadows/ros2_ws/install/explorer_description:/opt/ros/jazzy CMAKE_PREFIX_PATH=/home/shadows/ros2_ws/install/explorer_description:/home/shadows/ros2_ws/install/my_mesh_interfaces:/opt/ros/jazzy/opt/gz_sim_vendor:/opt/ros/jazzy/opt/gz_sensors_vendor:/opt/ros/jazzy/opt/gz_physics_vendor:/opt/ros/jazzy/opt/sdformat_vendor:/opt/ros/jazzy/opt/gz_gui_vendor:/opt/ros/jazzy/opt/gz_transport_vendor:/opt/ros/jazzy/opt/gz_rendering_vendor:/opt/ros/jazzy/opt/gz_plugin_vendor:/opt/ros/jazzy/opt/gz_fuel_tools_vendor:/opt/ros/jazzy/opt/gz_msgs_vendor:/opt/ros/jazzy/opt/gz_common_vendor:/opt/ros/jazzy/opt/gz_math_vendor:/opt/ros/jazzy/opt/gz_utils_vendor:/opt/ros/jazzy/opt/gz_tools_vendor:/opt/ros/jazzy/opt/gz_ogre_next_vendor:/opt/ros/jazzy/opt/gz_dartsim_vendor:/opt/ros/jazzy/opt/gz_cmake_vendor DEBUGINFOD_URLS=https://debuginfod.ubuntu.com PYTHONPATH=/home/shadows/ros2_ws/build/explorer_exploration/prefix_override:/usr/lib/python3/dist-packages/colcon_core/task/python/colcon_distutils_commands:/home/shadows/ros2_ws/install/explorer_exploration/lib/python3.12/site-packages:/home/shadows/ros2_ws/install/explorer_bringup/lib/python3.12/site-packages:/home/shadows/ros2_ws/install/mesh_nodes/lib/python3.12/site-packages:/home/shadows/ros2_ws/install/my_mesh_interfaces/lib/python3.12/site-packages:/home/shadows/ros2_ws/install/explorer_exploration/lib/python3.12/site-packages:/opt/ros/jazzy/opt/gz_sim_vendor/lib/python:/opt/ros/jazzy/opt/sdformat_vendor/lib/python:/opt/ros/jazzy/opt/gz_transport_vendor/lib/python:/opt/ros/jazzy/opt/gz_msgs_vendor/lib/python:/opt/ros/jazzy/opt/gz_math_vendor/lib/python:/opt/ros/jazzy/lib/python3.12/site-packages /usr/bin/python3 -W ignore:setup.py install is deprecated -W ignore:easy_install command is deprecated setup.py egg_info --egg-base ../../build/explorer_exploration build --build-base /home/shadows/ros2_ws/build/explorer_exploration/build install --record /home/shadows/ros2_ws/build/explorer_exploration/install.log --install-scripts $base/lib/explorer_exploration --single-version-externally-managed install_data
