running egg_info
writing ../../build/mesh_nodes/mesh_nodes.egg-info/PKG-INFO
writing dependency_links to ../../build/mesh_nodes/mesh_nodes.egg-info/dependency_links.txt
writing entry points to ../../build/mesh_nodes/mesh_nodes.egg-info/entry_points.txt
writing requirements to ../../build/mesh_nodes/mesh_nodes.egg-info/requires.txt
writing top-level names to ../../build/mesh_nodes/mesh_nodes.egg-info/top_level.txt
reading manifest file '../../build/mesh_nodes/mesh_nodes.egg-info/SOURCES.txt'
writing manifest file '../../build/mesh_nodes/mesh_nodes.egg-info/SOURCES.txt'
running build
running build_py
copying mesh_nodes/explorer_relay_node.py -> /home/shadows/ros2_ws/build/mesh_nodes/build/lib/mesh_nodes
running install
running install_lib
copying /home/shadows/ros2_ws/build/mesh_nodes/build/lib/mesh_nodes/explorer_relay_node.py -> /home/shadows/ros2_ws/install/mesh_nodes/lib/python3.12/site-packages/mesh_nodes
byte-compiling /home/shadows/ros2_ws/install/mesh_nodes/lib/python3.12/site-packages/mesh_nodes/explorer_relay_node.py to explorer_relay_node.cpython-312.pyc
running install_data
copying package.xml -> /home/shadows/ros2_ws/install/mesh_nodes/share/mesh_nodes
running install_egg_info
removing '/home/shadows/ros2_ws/install/mesh_nodes/lib/python3.12/site-packages/mesh_nodes-0.1.0-py3.12.egg-info' (and everything under it)
Copying ../../build/mesh_nodes/mesh_nodes.egg-info to /home/shadows/ros2_ws/install/mesh_nodes/lib/python3.12/site-packages/mesh_nodes-0.1.0-py3.12.egg-info
running install_scripts
Installing explorer_relay script to /home/shadows/ros2_ws/install/mesh_nodes/lib/mesh_nodes
writing list of installed files to '/home/shadows/ros2_ws/build/mesh_nodes/install.log'
