[0.870s] Invoking command in '/home/shadows/ros2_ws/src/explorer_bringup': CMAKE_PREFIX_PATH=/home/shadows/ros2_ws/install/explorer_description:/home/shadows/ydlidar_ws/install/ydlidar_sdk:/home/shadows/ydlidar_ws/install/ydlidar_ros2_driver:/home/shadows/ros2_ws/install/my_mesh_interfaces:/opt/ros/jazzy/opt/gz_sim_vendor:/opt/ros/jazzy/opt/gz_sensors_vendor:/opt/ros/jazzy/opt/gz_physics_vendor:/opt/ros/jazzy/opt/sdformat_vendor:/opt/ros/jazzy/opt/gz_gui_vendor:/opt/ros/jazzy/opt/gz_transport_vendor:/opt/ros/jazzy/opt/gz_rendering_vendor:/opt/ros/jazzy/opt/gz_plugin_vendor:/opt/ros/jazzy/opt/gz_fuel_tools_vendor:/opt/ros/jazzy/opt/gz_msgs_vendor:/opt/ros/jazzy/opt/gz_common_vendor:/opt/ros/jazzy/opt/gz_math_vendor:/opt/ros/jazzy/opt/gz_utils_vendor:/opt/ros/jazzy/opt/gz_tools_vendor:/opt/ros/jazzy/opt/gz_ogre_next_vendor:/opt/ros/jazzy/opt/gz_dartsim_vendor:/opt/ros/jazzy/opt/gz_cmake_vendor DEBUGINFOD_URLS=https://debuginfod.ubuntu.com PYTHONPATH=/home/shadows/ros2_ws/build/explorer_bringup/prefix_override:/usr/lib/python3/dist-packages/colcon_core/task/python/colcon_distutils_commands:/home/shadows/ros2_ws/install/explorer_bringup/lib/python3.12/site-packages:${PYTHONPATH} /usr/bin/python3 -W ignore:setup.py install is deprecated -W ignore:easy_install command is deprecated setup.py egg_info --egg-base ../../build/explorer_bringup build --build-base /home/shadows/ros2_ws/build/explorer_bringup/build install --record /home/shadows/ros2_ws/build/explorer_bringup/install.log --install-scripts $base/lib/explorer_bringup --single-version-externally-managed install_data
[1.024s] running egg_info
[1.035s] writing ../../build/explorer_bringup/explorer_bringup.egg-info/PKG-INFO
[1.036s] writing dependency_links to ../../build/explorer_bringup/explorer_bringup.egg-info/dependency_links.txt
[1.036s] writing entry points to ../../build/explorer_bringup/explorer_bringup.egg-info/entry_points.txt
[1.036s] writing requirements to ../../build/explorer_bringup/explorer_bringup.egg-info/requires.txt
[1.036s] writing top-level names to ../../build/explorer_bringup/explorer_bringup.egg-info/top_level.txt
[1.058s] reading manifest file '../../build/explorer_bringup/explorer_bringup.egg-info/SOURCES.txt'
[1.058s] writing manifest file '../../build/explorer_bringup/explorer_bringup.egg-info/SOURCES.txt'
[1.058s] running build
[1.058s] running build_py
[1.059s] running install
[1.062s] running install_lib
[1.073s] running install_data
[1.073s] running install_egg_info
[1.084s] removing '/home/shadows/ros2_ws/install/explorer_bringup/lib/python3.12/site-packages/explorer_bringup-0.1.0-py3.12.egg-info' (and everything under it)
[1.084s] Copying ../../build/explorer_bringup/explorer_bringup.egg-info to /home/shadows/ros2_ws/install/explorer_bringup/lib/python3.12/site-packages/explorer_bringup-0.1.0-py3.12.egg-info
[1.171s] running install_scripts
[1.246s] Installing explorer_base script to /home/shadows/ros2_ws/install/explorer_bringup/lib/explorer_bringup
[1.246s] Installing mpu9250_imu script to /home/shadows/ros2_ws/install/explorer_bringup/lib/explorer_bringup
[1.246s] writing list of installed files to '/home/shadows/ros2_ws/build/explorer_bringup/install.log'
[1.263s] Invoked command in '/home/shadows/ros2_ws/src/explorer_bringup' returned '0': CMAKE_PREFIX_PATH=/home/shadows/ros2_ws/install/explorer_description:/home/shadows/ydlidar_ws/install/ydlidar_sdk:/home/shadows/ydlidar_ws/install/ydlidar_ros2_driver:/home/shadows/ros2_ws/install/my_mesh_interfaces:/opt/ros/jazzy/opt/gz_sim_vendor:/opt/ros/jazzy/opt/gz_sensors_vendor:/opt/ros/jazzy/opt/gz_physics_vendor:/opt/ros/jazzy/opt/sdformat_vendor:/opt/ros/jazzy/opt/gz_gui_vendor:/opt/ros/jazzy/opt/gz_transport_vendor:/opt/ros/jazzy/opt/gz_rendering_vendor:/opt/ros/jazzy/opt/gz_plugin_vendor:/opt/ros/jazzy/opt/gz_fuel_tools_vendor:/opt/ros/jazzy/opt/gz_msgs_vendor:/opt/ros/jazzy/opt/gz_common_vendor:/opt/ros/jazzy/opt/gz_math_vendor:/opt/ros/jazzy/opt/gz_utils_vendor:/opt/ros/jazzy/opt/gz_tools_vendor:/opt/ros/jazzy/opt/gz_ogre_next_vendor:/opt/ros/jazzy/opt/gz_dartsim_vendor:/opt/ros/jazzy/opt/gz_cmake_vendor DEBUGINFOD_URLS=https://debuginfod.ubuntu.com PYTHONPATH=/home/shadows/ros2_ws/build/explorer_bringup/prefix_override:/usr/lib/python3/dist-packages/colcon_core/task/python/colcon_distutils_commands:/home/shadows/ros2_ws/install/explorer_bringup/lib/python3.12/site-packages:${PYTHONPATH} /usr/bin/python3 -W ignore:setup.py install is deprecated -W ignore:easy_install command is deprecated setup.py egg_info --egg-base ../../build/explorer_bringup build --build-base /home/shadows/ros2_ws/build/explorer_bringup/build install --record /home/shadows/ros2_ws/build/explorer_bringup/install.log --install-scripts $base/lib/explorer_bringup --single-version-externally-managed install_data
