-- Install configuration: ""
-- Up-to-date: /home/shadows/ros2_ws/install/explorer_description/share/explorer_description/urdf
-- Up-to-date: /home/shadows/ros2_ws/install/explorer_description/share/explorer_description/urdf/explorer_gazebo.xacro
-- Up-to-date: /home/shadows/ros2_ws/install/explorer_description/share/explorer_description/urdf/explorer.urdf.xacro
-- Up-to-date: /home/shadows/ros2_ws/install/explorer_description/share/explorer_description/launch
-- Up-to-date: /home/shadows/ros2_ws/install/explorer_description/share/explorer_description/launch/explorer_gazebo.launch.py
-- Up-to-date: /home/shadows/ros2_ws/install/explorer_description/share/explorer_description/rviz
-- Up-to-date: /home/shadows/ros2_ws/install/explorer_description/share/explorer_description/rviz/explorer.rviz
-- Up-to-date: /home/shadows/ros2_ws/install/explorer_description/share/ament_index/resource_index/package_run_dependencies/explorer_description
-- Up-to-date: /home/shadows/ros2_ws/install/explorer_description/share/ament_index/resource_index/parent_prefix_path/explorer_description
-- Up-to-date: /home/shadows/ros2_ws/install/explorer_description/share/explorer_description/environment/ament_prefix_path.sh
-- Up-to-date: /home/shadows/ros2_ws/install/explorer_description/share/explorer_description/environment/ament_prefix_path.dsv
-- Up-to-date: /home/shadows/ros2_ws/install/explorer_description/share/explorer_description/environment/path.sh
-- Up-to-date: /home/shadows/ros2_ws/install/explorer_description/share/explorer_description/environment/path.dsv
-- Up-to-date: /home/shadows/ros2_ws/install/explorer_description/share/explorer_description/local_setup.bash
-- Up-to-date: /home/shadows/ros2_ws/install/explorer_description/share/explorer_description/local_setup.sh
-- Up-to-date: /home/shadows/ros2_ws/install/explorer_description/share/explorer_description/local_setup.zsh
-- Up-to-date: /home/shadows/ros2_ws/install/explorer_description/share/explorer_description/local_setup.dsv
-- Up-to-date: /home/shadows/ros2_ws/install/explorer_description/share/explorer_description/package.dsv
-- Up-to-date: /home/shadows/ros2_ws/install/explorer_description/share/ament_index/resource_index/packages/explorer_description
-- Up-to-date: /home/shadows/ros2_ws/install/explorer_description/share/explorer_description/cmake/explorer_descriptionConfig.cmake
-- Up-to-date: /home/shadows/ros2_ws/install/explorer_description/share/explorer_description/cmake/explorer_descriptionConfig-version.cmake
-- Up-to-date: /home/shadows/ros2_ws/install/explorer_description/share/explorer_description/package.xml
