[0.577s] Invoking command in '/home/shadows/ros2_ws/src/mesh_nodes': CMAKE_PREFIX_PATH=/home/shadows/ros2_ws/install/my_mesh_interfaces:/home/shadows/ydlidar_ws/install/ydlidar_sdk:/home/shadows/ydlidar_ws/install/ydlidar_ros2_driver:/home/shadows/ros2_ws/install/explorer_description:/opt/ros/jazzy/opt/gz_sim_vendor:/opt/ros/jazzy/opt/gz_sensors_vendor:/opt/ros/jazzy/opt/gz_physics_vendor:/opt/ros/jazzy/opt/sdformat_vendor:/opt/ros/jazzy/opt/gz_gui_vendor:/opt/ros/jazzy/opt/gz_transport_vendor:/opt/ros/jazzy/opt/gz_rendering_vendor:/opt/ros/jazzy/opt/gz_plugin_vendor:/opt/ros/jazzy/opt/gz_fuel_tools_vendor:/opt/ros/jazzy/opt/gz_msgs_vendor:/opt/ros/jazzy/opt/gz_common_vendor:/opt/ros/jazzy/opt/gz_math_vendor:/opt/ros/jazzy/opt/gz_utils_vendor:/opt/ros/jazzy/opt/gz_tools_vendor:/opt/ros/jazzy/opt/gz_ogre_next_vendor:/opt/ros/jazzy/opt/gz_dartsim_vendor:/opt/ros/jazzy/opt/gz_cmake_vendor DEBUGINFOD_URLS=https://debuginfod.ubuntu.com PYTHONPATH=/home/shadows/ros2_ws/build/mesh_nodes/prefix_override:/usr/lib/python3/dist-packages/colcon_core/task/python/colcon_distutils_commands:/home/shadows/ros2_ws/install/mesh_nodes/lib/python3.12/site-packages:/home/shadows/ros2_ws/install/my_mesh_interfaces/lib/python3.12/site-packages:/home/shadows/ros2_ws/install/mesh_nodes/lib/python3.12/site-packages:/home/shadows/ros2_ws/install/explorer_exploration/lib/python3.12/site-packages:/home/shadows/ros2_ws/install/explorer_bringup/lib/python3.12/site-packages:/opt/ros/jazzy/opt/gz_sim_vendor/lib/python:/opt/ros/jazzy/opt/sdformat_vendor/lib/python:/opt/ros/jazzy/opt/gz_transport_vendor/lib/python:/opt/ros/jazzy/opt/gz_msgs_vendor/lib/python:/opt/ros/jazzy/opt/gz_math_vendor/lib/python:/opt/ros/jazzy/lib/python3.12/site-packages /usr/bin/python3 -W ignore:setup.py install is deprecated -W ignore:easy_install command is deprecated setup.py egg_info --egg-base ../../build/mesh_nodes build --build-base /home/shadows/ros2_ws/build/mesh_nodes/build install --record /home/shadows/ros2_ws/build/mesh_nodes/install.log --install-scripts $base/lib/mesh_nodes --single-version-externally-managed install_data
[0.723s] running egg_info
[0.733s] writing ../../build/mesh_nodes/mesh_nodes.egg-info/PKG-INFO
[0.733s] writing dependency_links to ../../build/mesh_nodes/mesh_nodes.egg-info/dependency_links.txt
[0.733s] writing entry points to ../../build/mesh_nodes/mesh_nodes.egg-info/entry_points.txt
[0.733s] writing requirements to ../../build/mesh_nodes/mesh_nodes.egg-info/requires.txt
[0.733s] writing top-level names to ../../build/mesh_nodes/mesh_nodes.egg-info/top_level.txt
[0.754s] reading manifest file '../../build/mesh_nodes/mesh_nodes.egg-info/SOURCES.txt'
[0.754s] writing manifest file '../../build/mesh_nodes/mesh_nodes.egg-info/SOURCES.txt'
[0.754s] running build
[0.754s] running build_py
[0.754s] running install
[0.758s] running install_lib
[0.768s] running install_data
[0.768s] running install_egg_info
[0.779s] removing '/home/shadows/ros2_ws/install/mesh_nodes/lib/python3.12/site-packages/mesh_nodes-0.1.0-py3.12.egg-info' (and everything under it)
[0.780s] Copying ../../build/mesh_nodes/mesh_nodes.egg-info to /home/shadows/ros2_ws/install/mesh_nodes/lib/python3.12/site-packages/mesh_nodes-0.1.0-py3.12.egg-info
[0.781s] running install_scripts
[0.858s] Installing explorer_relay script to /home/shadows/ros2_ws/install/mesh_nodes/lib/mesh_nodes
[0.858s] writing list of installed files to '/home/shadows/ros2_ws/build/mesh_nodes/install.log'
[1.007s] Invoked command in '/home/shadows/ros2_ws/src/mesh_nodes' returned '0': CMAKE_PREFIX_PATH=/home/shadows/ros2_ws/install/my_mesh_interfaces:/home/shadows/ydlidar_ws/install/ydlidar_sdk:/home/shadows/ydlidar_ws/install/ydlidar_ros2_driver:/home/shadows/ros2_ws/install/explorer_description:/opt/ros/jazzy/opt/gz_sim_vendor:/opt/ros/jazzy/opt/gz_sensors_vendor:/opt/ros/jazzy/opt/gz_physics_vendor:/opt/ros/jazzy/opt/sdformat_vendor:/opt/ros/jazzy/opt/gz_gui_vendor:/opt/ros/jazzy/opt/gz_transport_vendor:/opt/ros/jazzy/opt/gz_rendering_vendor:/opt/ros/jazzy/opt/gz_plugin_vendor:/opt/ros/jazzy/opt/gz_fuel_tools_vendor:/opt/ros/jazzy/opt/gz_msgs_vendor:/opt/ros/jazzy/opt/gz_common_vendor:/opt/ros/jazzy/opt/gz_math_vendor:/opt/ros/jazzy/opt/gz_utils_vendor:/opt/ros/jazzy/opt/gz_tools_vendor:/opt/ros/jazzy/opt/gz_ogre_next_vendor:/opt/ros/jazzy/opt/gz_dartsim_vendor:/opt/ros/jazzy/opt/gz_cmake_vendor DEBUGINFOD_URLS=https://debuginfod.ubuntu.com PYTHONPATH=/home/shadows/ros2_ws/build/mesh_nodes/prefix_override:/usr/lib/python3/dist-packages/colcon_core/task/python/colcon_distutils_commands:/home/shadows/ros2_ws/install/mesh_nodes/lib/python3.12/site-packages:/home/shadows/ros2_ws/install/my_mesh_interfaces/lib/python3.12/site-packages:/home/shadows/ros2_ws/install/mesh_nodes/lib/python3.12/site-packages:/home/shadows/ros2_ws/install/explorer_exploration/lib/python3.12/site-packages:/home/shadows/ros2_ws/install/explorer_bringup/lib/python3.12/site-packages:/opt/ros/jazzy/opt/gz_sim_vendor/lib/python:/opt/ros/jazzy/opt/sdformat_vendor/lib/python:/opt/ros/jazzy/opt/gz_transport_vendor/lib/python:/opt/ros/jazzy/opt/gz_msgs_vendor/lib/python:/opt/ros/jazzy/opt/gz_math_vendor/lib/python:/opt/ros/jazzy/lib/python3.12/site-packages /usr/bin/python3 -W ignore:setup.py install is deprecated -W ignore:easy_install command is deprecated setup.py egg_info --egg-base ../../build/mesh_nodes build --build-base /home/shadows/ros2_ws/build/mesh_nodes/build install --record /home/shadows/ros2_ws/build/mesh_nodes/install.log --install-scripts $base/lib/mesh_nodes --single-version-externally-managed install_data
