[0.057s] DEBUG:colcon:Command line arguments: ['/usr/bin/colcon', 'build']
[0.058s] DEBUG:colcon:Parsed command line arguments: Namespace(log_base=None, log_level=None, verb_name='build', build_base='build', install_base='install', merge_install=False, symlink_install=False, test_result_base=None, continue_on_error=False, executor='parallel', parallel_workers=20, event_handlers=None, ignore_user_meta=False, metas=['./colcon.meta'], base_paths=['.'], packages_ignore=None, packages_ignore_regex=None, paths=None, packages_up_to=None, packages_up_to_regex=None, packages_above=None, packages_above_and_dependencies=None, packages_above_depth=None, packages_select_by_dep=None, packages_skip_by_dep=None, packages_skip_up_to=None, packages_select_build_failed=False, packages_skip_build_finished=False, packages_select_test_failures=False, packages_skip_test_passed=False, packages_select=None, packages_skip=None, packages_select_regex=None, packages_skip_regex=None, packages_start=None, packages_end=None, allow_overriding=[], cmake_args=None, cmake_target=None, cmake_target_skip_unavailable=False, cmake_clean_cache=False, cmake_clean_first=False, cmake_force_configure=False, ament_cmake_args=None, catkin_cmake_args=None, catkin_skip_building_tests=False, mixin_files=None, mixin=None, verb_parser=<colcon_mixin.mixin.mixin_argument.MixinArgumentDecorator object at 0x7ce86a4700b0>, verb_extension=<colcon_core.verb.build.BuildVerb object at 0x7ce86ae46cc0>, main=<bound method BuildVerb.main of <colcon_core.verb.build.BuildVerb object at 0x7ce86ae46cc0>>, mixin_verb=('build',))
[0.079s] Level 1:colcon.colcon_core.package_discovery:discover_packages(colcon_meta) check parameters
[0.079s] Level 1:colcon.colcon_core.package_discovery:discover_packages(recursive) check parameters
[0.079s] Level 1:colcon.colcon_core.package_discovery:discover_packages(ignore) check parameters
[0.079s] Level 1:colcon.colcon_core.package_discovery:discover_packages(path) check parameters
[0.079s] Level 1:colcon.colcon_core.package_discovery:discover_packages(colcon_meta) discover
[0.079s] Level 1:colcon.colcon_core.package_discovery:discover_packages(recursive) discover
[0.079s] INFO:colcon.colcon_core.package_discovery:Crawling recursively for packages in '/home/shadows/ros2_ws'
[0.079s] Level 1:colcon.colcon_core.package_identification:_identify(.) by extensions ['ignore', 'ignore_ament_install']
[0.079s] Level 1:colcon.colcon_core.package_identification:_identify(.) by extension 'ignore'
[0.079s] Level 1:colcon.colcon_core.package_identification:_identify(.) by extension 'ignore_ament_install'
[0.079s] Level 1:colcon.colcon_core.package_identification:_identify(.) by extensions ['colcon_pkg']
[0.079s] Level 1:colcon.colcon_core.package_identification:_identify(.) by extension 'colcon_pkg'
[0.079s] Level 1:colcon.colcon_core.package_identification:_identify(.) by extensions ['colcon_meta']
[0.079s] Level 1:colcon.colcon_core.package_identification:_identify(.) by extension 'colcon_meta'
[0.079s] Level 1:colcon.colcon_core.package_identification:_identify(.) by extensions ['ros']
[0.080s] Level 1:colcon.colcon_core.package_identification:_identify(.) by extension 'ros'
[0.094s] Level 1:colcon.colcon_core.package_identification:_identify(.) by extensions ['cmake', 'python']
[0.094s] Level 1:colcon.colcon_core.package_identification:_identify(.) by extension 'cmake'
[0.094s] Level 1:colcon.colcon_core.package_identification:_identify(.) by extension 'python'
[0.094s] Level 1:colcon.colcon_core.package_identification:_identify(.) by extensions ['python_setup_py']
[0.094s] Level 1:colcon.colcon_core.package_identification:_identify(.) by extension 'python_setup_py'
[0.094s] Level 1:colcon.colcon_core.package_identification:_identify(build) by extensions ['ignore', 'ignore_ament_install']
[0.094s] Level 1:colcon.colcon_core.package_identification:_identify(build) by extension 'ignore'
[0.094s] Level 1:colcon.colcon_core.package_identification:_identify(build) ignored
[0.094s] Level 1:colcon.colcon_core.package_identification:_identify(docs) by extensions ['ignore', 'ignore_ament_install']
[0.094s] Level 1:colcon.colcon_core.package_identification:_identify(docs) by extension 'ignore'
[0.094s] Level 1:colcon.colcon_core.package_identification:_identify(docs) by extension 'ignore_ament_install'
[0.094s] Level 1:colcon.colcon_core.package_identification:_identify(docs) by extensions ['colcon_pkg']
[0.094s] Level 1:colcon.colcon_core.package_identification:_identify(docs) by extension 'colcon_pkg'
[0.094s] Level 1:colcon.colcon_core.package_identification:_identify(docs) by extensions ['colcon_meta']
[0.094s] Level 1:colcon.colcon_core.package_identification:_identify(docs) by extension 'colcon_meta'
[0.094s] Level 1:colcon.colcon_core.package_identification:_identify(docs) by extensions ['ros']
[0.094s] Level 1:colcon.colcon_core.package_identification:_identify(docs) by extension 'ros'
[0.095s] Level 1:colcon.colcon_core.package_identification:_identify(docs) by extensions ['cmake', 'python']
[0.095s] Level 1:colcon.colcon_core.package_identification:_identify(docs) by extension 'cmake'
[0.095s] Level 1:colcon.colcon_core.package_identification:_identify(docs) by extension 'python'
[0.095s] Level 1:colcon.colcon_core.package_identification:_identify(docs) by extensions ['python_setup_py']
[0.095s] Level 1:colcon.colcon_core.package_identification:_identify(docs) by extension 'python_setup_py'
[0.095s] Level 1:colcon.colcon_core.package_identification:_identify(docs/assets) by extensions ['ignore', 'ignore_ament_install']
[0.095s] Level 1:colcon.colcon_core.package_identification:_identify(docs/assets) by extension 'ignore'
[0.095s] Level 1:colcon.colcon_core.package_identification:_identify(docs/assets) by extension 'ignore_ament_install'
[0.095s] Level 1:colcon.colcon_core.package_identification:_identify(docs/assets) by extensions ['colcon_pkg']
[0.095s] Level 1:colcon.colcon_core.package_identification:_identify(docs/assets) by extension 'colcon_pkg'
[0.095s] Level 1:colcon.colcon_core.package_identification:_identify(docs/assets) by extensions ['colcon_meta']
[0.095s] Level 1:colcon.colcon_core.package_identification:_identify(docs/assets) by extension 'colcon_meta'
[0.095s] Level 1:colcon.colcon_core.package_identification:_identify(docs/assets) by extensions ['ros']
[0.095s] Level 1:colcon.colcon_core.package_identification:_identify(docs/assets) by extension 'ros'
[0.095s] Level 1:colcon.colcon_core.package_identification:_identify(docs/assets) by extensions ['cmake', 'python']
[0.095s] Level 1:colcon.colcon_core.package_identification:_identify(docs/assets) by extension 'cmake'
[0.095s] Level 1:colcon.colcon_core.package_identification:_identify(docs/assets) by extension 'python'
[0.095s] Level 1:colcon.colcon_core.package_identification:_identify(docs/assets) by extensions ['python_setup_py']
[0.095s] Level 1:colcon.colcon_core.package_identification:_identify(docs/assets) by extension 'python_setup_py'
[0.095s] Level 1:colcon.colcon_core.package_identification:_identify(docs/concepts) by extensions ['ignore', 'ignore_ament_install']
[0.095s] Level 1:colcon.colcon_core.package_identification:_identify(docs/concepts) by extension 'ignore'
[0.095s] Level 1:colcon.colcon_core.package_identification:_identify(docs/concepts) by extension 'ignore_ament_install'
[0.095s] Level 1:colcon.colcon_core.package_identification:_identify(docs/concepts) by extensions ['colcon_pkg']
[0.095s] Level 1:colcon.colcon_core.package_identification:_identify(docs/concepts) by extension 'colcon_pkg'
[0.095s] Level 1:colcon.colcon_core.package_identification:_identify(docs/concepts) by extensions ['colcon_meta']
[0.095s] Level 1:colcon.colcon_core.package_identification:_identify(docs/concepts) by extension 'colcon_meta'
[0.095s] Level 1:colcon.colcon_core.package_identification:_identify(docs/concepts) by extensions ['ros']
[0.095s] Level 1:colcon.colcon_core.package_identification:_identify(docs/concepts) by extension 'ros'
[0.095s] Level 1:colcon.colcon_core.package_identification:_identify(docs/concepts) by extensions ['cmake', 'python']
[0.095s] Level 1:colcon.colcon_core.package_identification:_identify(docs/concepts) by extension 'cmake'
[0.095s] Level 1:colcon.colcon_core.package_identification:_identify(docs/concepts) by extension 'python'
[0.095s] Level 1:colcon.colcon_core.package_identification:_identify(docs/concepts) by extensions ['python_setup_py']
[0.095s] Level 1:colcon.colcon_core.package_identification:_identify(docs/concepts) by extension 'python_setup_py'
[0.095s] Level 1:colcon.colcon_core.package_identification:_identify(docs/issues) by extensions ['ignore', 'ignore_ament_install']
[0.095s] Level 1:colcon.colcon_core.package_identification:_identify(docs/issues) by extension 'ignore'
[0.095s] Level 1:colcon.colcon_core.package_identification:_identify(docs/issues) by extension 'ignore_ament_install'
[0.095s] Level 1:colcon.colcon_core.package_identification:_identify(docs/issues) by extensions ['colcon_pkg']
[0.095s] Level 1:colcon.colcon_core.package_identification:_identify(docs/issues) by extension 'colcon_pkg'
[0.095s] Level 1:colcon.colcon_core.package_identification:_identify(docs/issues) by extensions ['colcon_meta']
[0.095s] Level 1:colcon.colcon_core.package_identification:_identify(docs/issues) by extension 'colcon_meta'
[0.095s] Level 1:colcon.colcon_core.package_identification:_identify(docs/issues) by extensions ['ros']
[0.095s] Level 1:colcon.colcon_core.package_identification:_identify(docs/issues) by extension 'ros'
[0.095s] Level 1:colcon.colcon_core.package_identification:_identify(docs/issues) by extensions ['cmake', 'python']
[0.095s] Level 1:colcon.colcon_core.package_identification:_identify(docs/issues) by extension 'cmake'
[0.095s] Level 1:colcon.colcon_core.package_identification:_identify(docs/issues) by extension 'python'
[0.096s] Level 1:colcon.colcon_core.package_identification:_identify(docs/issues) by extensions ['python_setup_py']
[0.096s] Level 1:colcon.colcon_core.package_identification:_identify(docs/issues) by extension 'python_setup_py'
[0.096s] Level 1:colcon.colcon_core.package_identification:_identify(docs/log) by extensions ['ignore', 'ignore_ament_install']
[0.096s] Level 1:colcon.colcon_core.package_identification:_identify(docs/log) by extension 'ignore'
[0.096s] Level 1:colcon.colcon_core.package_identification:_identify(docs/log) by extension 'ignore_ament_install'
[0.096s] Level 1:colcon.colcon_core.package_identification:_identify(docs/log) by extensions ['colcon_pkg']
[0.096s] Level 1:colcon.colcon_core.package_identification:_identify(docs/log) by extension 'colcon_pkg'
[0.096s] Level 1:colcon.colcon_core.package_identification:_identify(docs/log) by extensions ['colcon_meta']
[0.096s] Level 1:colcon.colcon_core.package_identification:_identify(docs/log) by extension 'colcon_meta'
[0.096s] Level 1:colcon.colcon_core.package_identification:_identify(docs/log) by extensions ['ros']
[0.096s] Level 1:colcon.colcon_core.package_identification:_identify(docs/log) by extension 'ros'
[0.096s] Level 1:colcon.colcon_core.package_identification:_identify(docs/log) by extensions ['cmake', 'python']
[0.096s] Level 1:colcon.colcon_core.package_identification:_identify(docs/log) by extension 'cmake'
[0.096s] Level 1:colcon.colcon_core.package_identification:_identify(docs/log) by extension 'python'
[0.096s] Level 1:colcon.colcon_core.package_identification:_identify(docs/log) by extensions ['python_setup_py']
[0.096s] Level 1:colcon.colcon_core.package_identification:_identify(docs/log) by extension 'python_setup_py'
[0.096s] Level 1:colcon.colcon_core.package_identification:_identify(docs/packages) by extensions ['ignore', 'ignore_ament_install']
[0.096s] Level 1:colcon.colcon_core.package_identification:_identify(docs/packages) by extension 'ignore'
[0.096s] Level 1:colcon.colcon_core.package_identification:_identify(docs/packages) by extension 'ignore_ament_install'
[0.096s] Level 1:colcon.colcon_core.package_identification:_identify(docs/packages) by extensions ['colcon_pkg']
[0.096s] Level 1:colcon.colcon_core.package_identification:_identify(docs/packages) by extension 'colcon_pkg'
[0.096s] Level 1:colcon.colcon_core.package_identification:_identify(docs/packages) by extensions ['colcon_meta']
[0.096s] Level 1:colcon.colcon_core.package_identification:_identify(docs/packages) by extension 'colcon_meta'
[0.096s] Level 1:colcon.colcon_core.package_identification:_identify(docs/packages) by extensions ['ros']
[0.096s] Level 1:colcon.colcon_core.package_identification:_identify(docs/packages) by extension 'ros'
[0.096s] Level 1:colcon.colcon_core.package_identification:_identify(docs/packages) by extensions ['cmake', 'python']
[0.096s] Level 1:colcon.colcon_core.package_identification:_identify(docs/packages) by extension 'cmake'
[0.096s] Level 1:colcon.colcon_core.package_identification:_identify(docs/packages) by extension 'python'
[0.096s] Level 1:colcon.colcon_core.package_identification:_identify(docs/packages) by extensions ['python_setup_py']
[0.096s] Level 1:colcon.colcon_core.package_identification:_identify(docs/packages) by extension 'python_setup_py'
[0.096s] Level 1:colcon.colcon_core.package_identification:_identify(docs/robot) by extensions ['ignore', 'ignore_ament_install']
[0.096s] Level 1:colcon.colcon_core.package_identification:_identify(docs/robot) by extension 'ignore'
[0.096s] Level 1:colcon.colcon_core.package_identification:_identify(docs/robot) by extension 'ignore_ament_install'
[0.096s] Level 1:colcon.colcon_core.package_identification:_identify(docs/robot) by extensions ['colcon_pkg']
[0.096s] Level 1:colcon.colcon_core.package_identification:_identify(docs/robot) by extension 'colcon_pkg'
[0.096s] Level 1:colcon.colcon_core.package_identification:_identify(docs/robot) by extensions ['colcon_meta']
[0.096s] Level 1:colcon.colcon_core.package_identification:_identify(docs/robot) by extension 'colcon_meta'
[0.096s] Level 1:colcon.colcon_core.package_identification:_identify(docs/robot) by extensions ['ros']
[0.096s] Level 1:colcon.colcon_core.package_identification:_identify(docs/robot) by extension 'ros'
[0.096s] Level 1:colcon.colcon_core.package_identification:_identify(docs/robot) by extensions ['cmake', 'python']
[0.096s] Level 1:colcon.colcon_core.package_identification:_identify(docs/robot) by extension 'cmake'
[0.096s] Level 1:colcon.colcon_core.package_identification:_identify(docs/robot) by extension 'python'
[0.096s] Level 1:colcon.colcon_core.package_identification:_identify(docs/robot) by extensions ['python_setup_py']
[0.096s] Level 1:colcon.colcon_core.package_identification:_identify(docs/robot) by extension 'python_setup_py'
[0.096s] Level 1:colcon.colcon_core.package_identification:_identify(install) by extensions ['ignore', 'ignore_ament_install']
[0.096s] Level 1:colcon.colcon_core.package_identification:_identify(install) by extension 'ignore'
[0.097s] Level 1:colcon.colcon_core.package_identification:_identify(install) ignored
[0.097s] Level 1:colcon.colcon_core.package_identification:_identify(log) by extensions ['ignore', 'ignore_ament_install']
[0.097s] Level 1:colcon.colcon_core.package_identification:_identify(log) by extension 'ignore'
[0.097s] Level 1:colcon.colcon_core.package_identification:_identify(log) ignored
[0.097s] Level 1:colcon.colcon_core.package_identification:_identify(src) by extensions ['ignore', 'ignore_ament_install']
[0.097s] Level 1:colcon.colcon_core.package_identification:_identify(src) by extension 'ignore'
[0.097s] Level 1:colcon.colcon_core.package_identification:_identify(src) by extension 'ignore_ament_install'
[0.097s] Level 1:colcon.colcon_core.package_identification:_identify(src) by extensions ['colcon_pkg']
[0.097s] Level 1:colcon.colcon_core.package_identification:_identify(src) by extension 'colcon_pkg'
[0.097s] Level 1:colcon.colcon_core.package_identification:_identify(src) by extensions ['colcon_meta']
[0.097s] Level 1:colcon.colcon_core.package_identification:_identify(src) by extension 'colcon_meta'
[0.097s] Level 1:colcon.colcon_core.package_identification:_identify(src) by extensions ['ros']
[0.097s] Level 1:colcon.colcon_core.package_identification:_identify(src) by extension 'ros'
[0.097s] Level 1:colcon.colcon_core.package_identification:_identify(src) by extensions ['cmake', 'python']
[0.097s] Level 1:colcon.colcon_core.package_identification:_identify(src) by extension 'cmake'
[0.097s] Level 1:colcon.colcon_core.package_identification:_identify(src) by extension 'python'
[0.097s] Level 1:colcon.colcon_core.package_identification:_identify(src) by extensions ['python_setup_py']
[0.097s] Level 1:colcon.colcon_core.package_identification:_identify(src) by extension 'python_setup_py'
[0.097s] Level 1:colcon.colcon_core.package_identification:_identify(src/explorer_description) by extensions ['ignore', 'ignore_ament_install']
[0.097s] Level 1:colcon.colcon_core.package_identification:_identify(src/explorer_description) by extension 'ignore'
[0.097s] Level 1:colcon.colcon_core.package_identification:_identify(src/explorer_description) by extension 'ignore_ament_install'
[0.097s] Level 1:colcon.colcon_core.package_identification:_identify(src/explorer_description) by extensions ['colcon_pkg']
[0.097s] Level 1:colcon.colcon_core.package_identification:_identify(src/explorer_description) by extension 'colcon_pkg'
[0.097s] Level 1:colcon.colcon_core.package_identification:_identify(src/explorer_description) by extensions ['colcon_meta']
[0.097s] Level 1:colcon.colcon_core.package_identification:_identify(src/explorer_description) by extension 'colcon_meta'
[0.097s] Level 1:colcon.colcon_core.package_identification:_identify(src/explorer_description) by extensions ['ros']
[0.097s] Level 1:colcon.colcon_core.package_identification:_identify(src/explorer_description) by extension 'ros'
[0.098s] DEBUG:colcon.colcon_core.package_identification:Package 'src/explorer_description' with type 'ros.ament_cmake' and name 'explorer_description'
[0.098s] Level 1:colcon.colcon_core.package_identification:_identify(src/explorer_exploration) by extensions ['ignore', 'ignore_ament_install']
[0.099s] Level 1:colcon.colcon_core.package_identification:_identify(src/explorer_exploration) by extension 'ignore'
[0.099s] Level 1:colcon.colcon_core.package_identification:_identify(src/explorer_exploration) by extension 'ignore_ament_install'
[0.099s] Level 1:colcon.colcon_core.package_identification:_identify(src/explorer_exploration) by extensions ['colcon_pkg']
[0.099s] Level 1:colcon.colcon_core.package_identification:_identify(src/explorer_exploration) by extension 'colcon_pkg'
[0.099s] Level 1:colcon.colcon_core.package_identification:_identify(src/explorer_exploration) by extensions ['colcon_meta']
[0.099s] Level 1:colcon.colcon_core.package_identification:_identify(src/explorer_exploration) by extension 'colcon_meta'
[0.099s] Level 1:colcon.colcon_core.package_identification:_identify(src/explorer_exploration) by extensions ['ros']
[0.099s] Level 1:colcon.colcon_core.package_identification:_identify(src/explorer_exploration) by extension 'ros'
[0.099s] DEBUG:colcon.colcon_core.package_identification:Package 'src/explorer_exploration' with type 'ros.ament_python' and name 'explorer_exploration'
[0.099s] Level 1:colcon.colcon_core.package_identification:_identify(src/mesh_nodes) by extensions ['ignore', 'ignore_ament_install']
[0.099s] Level 1:colcon.colcon_core.package_identification:_identify(src/mesh_nodes) by extension 'ignore'
[0.099s] Level 1:colcon.colcon_core.package_identification:_identify(src/mesh_nodes) by extension 'ignore_ament_install'
[0.099s] Level 1:colcon.colcon_core.package_identification:_identify(src/mesh_nodes) by extensions ['colcon_pkg']
[0.099s] Level 1:colcon.colcon_core.package_identification:_identify(src/mesh_nodes) by extension 'colcon_pkg'
[0.099s] Level 1:colcon.colcon_core.package_identification:_identify(src/mesh_nodes) by extensions ['colcon_meta']
[0.099s] Level 1:colcon.colcon_core.package_identification:_identify(src/mesh_nodes) by extension 'colcon_meta'
[0.099s] Level 1:colcon.colcon_core.package_identification:_identify(src/mesh_nodes) by extensions ['ros']
[0.099s] Level 1:colcon.colcon_core.package_identification:_identify(src/mesh_nodes) by extension 'ros'
[0.100s] DEBUG:colcon.colcon_core.package_identification:Package 'src/mesh_nodes' with type 'ros.ament_python' and name 'mesh_nodes'
[0.100s] Level 1:colcon.colcon_core.package_identification:_identify(src/my_mesh_interfaces) by extensions ['ignore', 'ignore_ament_install']
[0.100s] Level 1:colcon.colcon_core.package_identification:_identify(src/my_mesh_interfaces) by extension 'ignore'
[0.100s] Level 1:colcon.colcon_core.package_identification:_identify(src/my_mesh_interfaces) by extension 'ignore_ament_install'
[0.100s] Level 1:colcon.colcon_core.package_identification:_identify(src/my_mesh_interfaces) by extensions ['colcon_pkg']
[0.100s] Level 1:colcon.colcon_core.package_identification:_identify(src/my_mesh_interfaces) by extension 'colcon_pkg'
[0.100s] Level 1:colcon.colcon_core.package_identification:_identify(src/my_mesh_interfaces) by extensions ['colcon_meta']
[0.100s] Level 1:colcon.colcon_core.package_identification:_identify(src/my_mesh_interfaces) by extension 'colcon_meta'
[0.100s] Level 1:colcon.colcon_core.package_identification:_identify(src/my_mesh_interfaces) by extensions ['ros']
[0.100s] Level 1:colcon.colcon_core.package_identification:_identify(src/my_mesh_interfaces) by extension 'ros'
[0.100s] DEBUG:colcon.colcon_core.package_identification:Package 'src/my_mesh_interfaces' with type 'ros.ament_cmake' and name 'my_mesh_interfaces'
[0.100s] Level 1:colcon.colcon_core.package_discovery:discover_packages(recursive) using defaults
[0.100s] Level 1:colcon.colcon_core.package_discovery:discover_packages(ignore) discover
[0.100s] Level 1:colcon.colcon_core.package_discovery:discover_packages(ignore) using defaults
[0.100s] Level 1:colcon.colcon_core.package_discovery:discover_packages(path) discover
[0.100s] Level 1:colcon.colcon_core.package_discovery:discover_packages(path) using defaults
[0.111s] Level 1:colcon.colcon_core.package_discovery:discover_packages(prefix_path) check parameters
[0.111s] Level 1:colcon.colcon_core.package_discovery:discover_packages(prefix_path) discover
[0.112s] DEBUG:colcon.colcon_installed_package_information.package_discovery:Found 4 installed packages in /home/shadows/ros2_ws/install
[0.113s] DEBUG:colcon.colcon_installed_package_information.package_discovery:Found 503 installed packages in /opt/ros/jazzy
[0.114s] Level 1:colcon.colcon_core.package_discovery:discover_packages(prefix_path) using defaults
[0.145s] Level 5:colcon.colcon_core.verb:set package 'explorer_description' build argument 'cmake_args' from command line to 'None'
[0.145s] Level 5:colcon.colcon_core.verb:set package 'explorer_description' build argument 'cmake_target' from command line to 'None'
[0.145s] Level 5:colcon.colcon_core.verb:set package 'explorer_description' build argument 'cmake_target_skip_unavailable' from command line to 'False'
[0.145s] Level 5:colcon.colcon_core.verb:set package 'explorer_description' build argument 'cmake_clean_cache' from command line to 'False'
[0.145s] Level 5:colcon.colcon_core.verb:set package 'explorer_description' build argument 'cmake_clean_first' from command line to 'False'
[0.145s] Level 5:colcon.colcon_core.verb:set package 'explorer_description' build argument 'cmake_force_configure' from command line to 'False'
[0.145s] Level 5:colcon.colcon_core.verb:set package 'explorer_description' build argument 'ament_cmake_args' from command line to 'None'
[0.145s] Level 5:colcon.colcon_core.verb:set package 'explorer_description' build argument 'catkin_cmake_args' from command line to 'None'
[0.145s] Level 5:colcon.colcon_core.verb:set package 'explorer_description' build argument 'catkin_skip_building_tests' from command line to 'False'
[0.145s] DEBUG:colcon.colcon_core.verb:Building package 'explorer_description' with the following arguments: {'ament_cmake_args': None, 'build_base': '/home/shadows/ros2_ws/build/explorer_description', 'catkin_cmake_args': None, 'catkin_skip_building_tests': False, 'cmake_args': None, 'cmake_clean_cache': False, 'cmake_clean_first': False, 'cmake_force_configure': False, 'cmake_target': None, 'cmake_target_skip_unavailable': False, 'install_base': '/home/shadows/ros2_ws/install/explorer_description', 'merge_install': False, 'path': '/home/shadows/ros2_ws/src/explorer_description', 'symlink_install': False, 'test_result_base': None}
[0.145s] Level 5:colcon.colcon_core.verb:set package 'my_mesh_interfaces' build argument 'cmake_args' from command line to 'None'
[0.145s] Level 5:colcon.colcon_core.verb:set package 'my_mesh_interfaces' build argument 'cmake_target' from command line to 'None'
[0.145s] Level 5:colcon.colcon_core.verb:set package 'my_mesh_interfaces' build argument 'cmake_target_skip_unavailable' from command line to 'False'
[0.145s] Level 5:colcon.colcon_core.verb:set package 'my_mesh_interfaces' build argument 'cmake_clean_cache' from command line to 'False'
[0.145s] Level 5:colcon.colcon_core.verb:set package 'my_mesh_interfaces' build argument 'cmake_clean_first' from command line to 'False'
[0.145s] Level 5:colcon.colcon_core.verb:set package 'my_mesh_interfaces' build argument 'cmake_force_configure' from command line to 'False'
[0.145s] Level 5:colcon.colcon_core.verb:set package 'my_mesh_interfaces' build argument 'ament_cmake_args' from command line to 'None'
[0.145s] Level 5:colcon.colcon_core.verb:set package 'my_mesh_interfaces' build argument 'catkin_cmake_args' from command line to 'None'
[0.145s] Level 5:colcon.colcon_core.verb:set package 'my_mesh_interfaces' build argument 'catkin_skip_building_tests' from command line to 'False'
[0.145s] DEBUG:colcon.colcon_core.verb:Building package 'my_mesh_interfaces' with the following arguments: {'ament_cmake_args': None, 'build_base': '/home/shadows/ros2_ws/build/my_mesh_interfaces', 'catkin_cmake_args': None, 'catkin_skip_building_tests': False, 'cmake_args': None, 'cmake_clean_cache': False, 'cmake_clean_first': False, 'cmake_force_configure': False, 'cmake_target': None, 'cmake_target_skip_unavailable': False, 'install_base': '/home/shadows/ros2_ws/install/my_mesh_interfaces', 'merge_install': False, 'path': '/home/shadows/ros2_ws/src/my_mesh_interfaces', 'symlink_install': False, 'test_result_base': None}
[0.145s] Level 5:colcon.colcon_core.verb:set package 'explorer_exploration' build argument 'cmake_args' from command line to 'None'
[0.145s] Level 5:colcon.colcon_core.verb:set package 'explorer_exploration' build argument 'cmake_target' from command line to 'None'
[0.145s] Level 5:colcon.colcon_core.verb:set package 'explorer_exploration' build argument 'cmake_target_skip_unavailable' from command line to 'False'
[0.145s] Level 5:colcon.colcon_core.verb:set package 'explorer_exploration' build argument 'cmake_clean_cache' from command line to 'False'
[0.145s] Level 5:colcon.colcon_core.verb:set package 'explorer_exploration' build argument 'cmake_clean_first' from command line to 'False'
[0.145s] Level 5:colcon.colcon_core.verb:set package 'explorer_exploration' build argument 'cmake_force_configure' from command line to 'False'
[0.145s] Level 5:colcon.colcon_core.verb:set package 'explorer_exploration' build argument 'ament_cmake_args' from command line to 'None'
[0.145s] Level 5:colcon.colcon_core.verb:set package 'explorer_exploration' build argument 'catkin_cmake_args' from command line to 'None'
[0.145s] Level 5:colcon.colcon_core.verb:set package 'explorer_exploration' build argument 'catkin_skip_building_tests' from command line to 'False'
[0.145s] DEBUG:colcon.colcon_core.verb:Building package 'explorer_exploration' with the following arguments: {'ament_cmake_args': None, 'build_base': '/home/shadows/ros2_ws/build/explorer_exploration', 'catkin_cmake_args': None, 'catkin_skip_building_tests': False, 'cmake_args': None, 'cmake_clean_cache': False, 'cmake_clean_first': False, 'cmake_force_configure': False, 'cmake_target': None, 'cmake_target_skip_unavailable': False, 'install_base': '/home/shadows/ros2_ws/install/explorer_exploration', 'merge_install': False, 'path': '/home/shadows/ros2_ws/src/explorer_exploration', 'symlink_install': False, 'test_result_base': None}
[0.145s] Level 5:colcon.colcon_core.verb:set package 'mesh_nodes' build argument 'cmake_args' from command line to 'None'
[0.145s] Level 5:colcon.colcon_core.verb:set package 'mesh_nodes' build argument 'cmake_target' from command line to 'None'
[0.145s] Level 5:colcon.colcon_core.verb:set package 'mesh_nodes' build argument 'cmake_target_skip_unavailable' from command line to 'False'
[0.145s] Level 5:colcon.colcon_core.verb:set package 'mesh_nodes' build argument 'cmake_clean_cache' from command line to 'False'
[0.145s] Level 5:colcon.colcon_core.verb:set package 'mesh_nodes' build argument 'cmake_clean_first' from command line to 'False'
[0.145s] Level 5:colcon.colcon_core.verb:set package 'mesh_nodes' build argument 'cmake_force_configure' from command line to 'False'
[0.145s] Level 5:colcon.colcon_core.verb:set package 'mesh_nodes' build argument 'ament_cmake_args' from command line to 'None'
[0.145s] Level 5:colcon.colcon_core.verb:set package 'mesh_nodes' build argument 'catkin_cmake_args' from command line to 'None'
[0.145s] Level 5:colcon.colcon_core.verb:set package 'mesh_nodes' build argument 'catkin_skip_building_tests' from command line to 'False'
[0.145s] DEBUG:colcon.colcon_core.verb:Building package 'mesh_nodes' with the following arguments: {'ament_cmake_args': None, 'build_base': '/home/shadows/ros2_ws/build/mesh_nodes', 'catkin_cmake_args': None, 'catkin_skip_building_tests': False, 'cmake_args': None, 'cmake_clean_cache': False, 'cmake_clean_first': False, 'cmake_force_configure': False, 'cmake_target': None, 'cmake_target_skip_unavailable': False, 'install_base': '/home/shadows/ros2_ws/install/mesh_nodes', 'merge_install': False, 'path': '/home/shadows/ros2_ws/src/mesh_nodes', 'symlink_install': False, 'test_result_base': None}
[0.145s] INFO:colcon.colcon_core.executor:Executing jobs using 'parallel' executor
[0.146s] DEBUG:colcon.colcon_parallel_executor.executor.parallel:run_until_complete
[0.146s] INFO:colcon.colcon_ros.task.ament_cmake.build:Building ROS package in '/home/shadows/ros2_ws/src/explorer_description' with build type 'ament_cmake'
[0.146s] INFO:colcon.colcon_cmake.task.cmake.build:Building CMake package in '/home/shadows/ros2_ws/src/explorer_description'
[0.148s] INFO:colcon.colcon_core.plugin_system:Skipping extension 'colcon_core.shell.bat': Not used on non-Windows systems
[0.148s] INFO:colcon.colcon_core.shell:Skip shell extension 'powershell' for command environment: Not usable outside of PowerShell
[0.148s] DEBUG:colcon.colcon_core.shell:Skip shell extension 'dsv' for command environment
[0.150s] INFO:colcon.colcon_ros.task.ament_cmake.build:Building ROS package in '/home/shadows/ros2_ws/src/my_mesh_interfaces' with build type 'ament_cmake'
[0.150s] INFO:colcon.colcon_cmake.task.cmake.build:Building CMake package in '/home/shadows/ros2_ws/src/my_mesh_interfaces'
[0.150s] INFO:colcon.colcon_core.shell:Skip shell extension 'powershell' for command environment: Not usable outside of PowerShell
[0.150s] DEBUG:colcon.colcon_core.shell:Skip shell extension 'dsv' for command environment
[0.154s] DEBUG:colcon.colcon_core.event_handler.log_command:Invoking command in '/home/shadows/ros2_ws/build/explorer_description': CMAKE_PREFIX_PATH=${CMAKE_PREFIX_PATH}:/opt/ros/jazzy DEBUGINFOD_URLS=https://debuginfod.ubuntu.com /usr/bin/cmake --build /home/shadows/ros2_ws/build/explorer_description -- -j20 -l20
[0.155s] DEBUG:colcon.colcon_core.event_handler.log_command:Invoking command in '/home/shadows/ros2_ws/build/my_mesh_interfaces': CMAKE_PREFIX_PATH=${CMAKE_PREFIX_PATH}:/opt/ros/jazzy DEBUGINFOD_URLS=https://debuginfod.ubuntu.com /usr/bin/cmake --build /home/shadows/ros2_ws/build/my_mesh_interfaces -- -j20 -l20
[0.202s] DEBUG:colcon.colcon_core.event_handler.log_command:Invoked command in '/home/shadows/ros2_ws/build/explorer_description' returned '0': CMAKE_PREFIX_PATH=${CMAKE_PREFIX_PATH}:/opt/ros/jazzy DEBUGINFOD_URLS=https://debuginfod.ubuntu.com /usr/bin/cmake --build /home/shadows/ros2_ws/build/explorer_description -- -j20 -l20
[0.210s] DEBUG:colcon.colcon_core.event_handler.log_command:Invoking command in '/home/shadows/ros2_ws/build/explorer_description': CMAKE_PREFIX_PATH=${CMAKE_PREFIX_PATH}:/opt/ros/jazzy DEBUGINFOD_URLS=https://debuginfod.ubuntu.com /usr/bin/cmake --install /home/shadows/ros2_ws/build/explorer_description
[0.218s] Level 1:colcon.colcon_core.environment:create_environment_scripts_only(explorer_description)
[0.221s] Level 1:colcon.colcon_core.environment:checking '/home/shadows/ros2_ws/install/explorer_description' for CMake module files
[0.222s] Level 1:colcon.colcon_core.environment:checking '/home/shadows/ros2_ws/install/explorer_description' for CMake config files
[0.224s] DEBUG:colcon.colcon_core.event_handler.log_command:Invoked command in '/home/shadows/ros2_ws/build/explorer_description' returned '0': CMAKE_PREFIX_PATH=${CMAKE_PREFIX_PATH}:/opt/ros/jazzy DEBUGINFOD_URLS=https://debuginfod.ubuntu.com /usr/bin/cmake --install /home/shadows/ros2_ws/build/explorer_description
[0.224s] Level 1:colcon.colcon_core.shell:create_environment_hook('explorer_description', 'cmake_prefix_path')
[0.224s] INFO:colcon.colcon_core.shell:Creating environment hook '/home/shadows/ros2_ws/install/explorer_description/share/explorer_description/hook/cmake_prefix_path.ps1'
[0.225s] INFO:colcon.colcon_core.shell:Creating environment descriptor '/home/shadows/ros2_ws/install/explorer_description/share/explorer_description/hook/cmake_prefix_path.dsv'
[0.225s] INFO:colcon.colcon_core.shell:Creating environment hook '/home/shadows/ros2_ws/install/explorer_description/share/explorer_description/hook/cmake_prefix_path.sh'
[0.226s] Level 1:colcon.colcon_core.environment:checking '/home/shadows/ros2_ws/install/explorer_description/lib'
[0.226s] Level 1:colcon.colcon_core.environment:checking '/home/shadows/ros2_ws/install/explorer_description/bin'
[0.226s] Level 1:colcon.colcon_core.environment:checking '/home/shadows/ros2_ws/install/explorer_description/lib/pkgconfig/explorer_description.pc'
[0.226s] Level 1:colcon.colcon_core.environment:checking '/home/shadows/ros2_ws/install/explorer_description/lib/python3.12/site-packages'
[0.226s] Level 1:colcon.colcon_core.environment:checking '/home/shadows/ros2_ws/install/explorer_description/bin'
[0.226s] INFO:colcon.colcon_core.shell:Creating package script '/home/shadows/ros2_ws/install/explorer_description/share/explorer_description/package.ps1'
[0.227s] INFO:colcon.colcon_core.shell:Creating package descriptor '/home/shadows/ros2_ws/install/explorer_description/share/explorer_description/package.dsv'
[0.227s] INFO:colcon.colcon_core.shell:Creating package script '/home/shadows/ros2_ws/install/explorer_description/share/explorer_description/package.sh'
[0.228s] INFO:colcon.colcon_core.shell:Creating package script '/home/shadows/ros2_ws/install/explorer_description/share/explorer_description/package.bash'
[0.228s] INFO:colcon.colcon_core.shell:Creating package script '/home/shadows/ros2_ws/install/explorer_description/share/explorer_description/package.zsh'
[0.228s] Level 1:colcon.colcon_core.environment:create_file_with_runtime_dependencies(/home/shadows/ros2_ws/install/explorer_description/share/colcon-core/packages/explorer_description)
[0.229s] Level 1:colcon.colcon_core.environment:create_environment_scripts_only(explorer_description)
[0.229s] Level 1:colcon.colcon_core.environment:checking '/home/shadows/ros2_ws/install/explorer_description' for CMake module files
[0.229s] Level 1:colcon.colcon_core.environment:checking '/home/shadows/ros2_ws/install/explorer_description' for CMake config files
[0.229s] Level 1:colcon.colcon_core.shell:create_environment_hook('explorer_description', 'cmake_prefix_path')
[0.230s] INFO:colcon.colcon_core.shell:Creating environment hook '/home/shadows/ros2_ws/install/explorer_description/share/explorer_description/hook/cmake_prefix_path.ps1'
[0.230s] INFO:colcon.colcon_core.shell:Creating environment descriptor '/home/shadows/ros2_ws/install/explorer_description/share/explorer_description/hook/cmake_prefix_path.dsv'
[0.230s] INFO:colcon.colcon_core.shell:Creating environment hook '/home/shadows/ros2_ws/install/explorer_description/share/explorer_description/hook/cmake_prefix_path.sh'
[0.231s] Level 1:colcon.colcon_core.environment:checking '/home/shadows/ros2_ws/install/explorer_description/lib'
[0.231s] Level 1:colcon.colcon_core.environment:checking '/home/shadows/ros2_ws/install/explorer_description/bin'
[0.231s] Level 1:colcon.colcon_core.environment:checking '/home/shadows/ros2_ws/install/explorer_description/lib/pkgconfig/explorer_description.pc'
[0.231s] Level 1:colcon.colcon_core.environment:checking '/home/shadows/ros2_ws/install/explorer_description/lib/python3.12/site-packages'
[0.231s] Level 1:colcon.colcon_core.environment:checking '/home/shadows/ros2_ws/install/explorer_description/bin'
[0.232s] INFO:colcon.colcon_core.shell:Creating package script '/home/shadows/ros2_ws/install/explorer_description/share/explorer_description/package.ps1'
[0.232s] INFO:colcon.colcon_core.shell:Creating package descriptor '/home/shadows/ros2_ws/install/explorer_description/share/explorer_description/package.dsv'
[0.232s] INFO:colcon.colcon_core.shell:Creating package script '/home/shadows/ros2_ws/install/explorer_description/share/explorer_description/package.sh'
[0.233s] INFO:colcon.colcon_core.shell:Creating package script '/home/shadows/ros2_ws/install/explorer_description/share/explorer_description/package.bash'
[0.233s] INFO:colcon.colcon_core.shell:Creating package script '/home/shadows/ros2_ws/install/explorer_description/share/explorer_description/package.zsh'
[0.233s] Level 1:colcon.colcon_core.environment:create_file_with_runtime_dependencies(/home/shadows/ros2_ws/install/explorer_description/share/colcon-core/packages/explorer_description)
[0.233s] INFO:colcon.colcon_ros.task.ament_python.build:Building ROS package in '/home/shadows/ros2_ws/src/explorer_exploration' with build type 'ament_python'
[0.233s] Level 1:colcon.colcon_core.shell:create_environment_hook('explorer_exploration', 'ament_prefix_path')
[0.233s] INFO:colcon.colcon_core.shell:Creating environment hook '/home/shadows/ros2_ws/install/explorer_exploration/share/explorer_exploration/hook/ament_prefix_path.ps1'
[0.234s] INFO:colcon.colcon_core.shell:Creating environment descriptor '/home/shadows/ros2_ws/install/explorer_exploration/share/explorer_exploration/hook/ament_prefix_path.dsv'
[0.234s] INFO:colcon.colcon_core.shell:Creating environment hook '/home/shadows/ros2_ws/install/explorer_exploration/share/explorer_exploration/hook/ament_prefix_path.sh'
[0.234s] INFO:colcon.colcon_core.shell:Skip shell extension 'powershell' for command environment: Not usable outside of PowerShell
[0.235s] DEBUG:colcon.colcon_core.shell:Skip shell extension 'dsv' for command environment
[0.361s] INFO:colcon.colcon_core.task.python.build:Building Python package in '/home/shadows/ros2_ws/src/explorer_exploration'
[0.362s] INFO:colcon.colcon_core.shell:Skip shell extension 'powershell' for command environment: Not usable outside of PowerShell
[0.362s] DEBUG:colcon.colcon_core.shell:Skip shell extension 'dsv' for command environment
[0.468s] DEBUG:colcon.colcon_core.event_handler.log_command:Invoked command in '/home/shadows/ros2_ws/build/my_mesh_interfaces' returned '0': CMAKE_PREFIX_PATH=${CMAKE_PREFIX_PATH}:/opt/ros/jazzy DEBUGINFOD_URLS=https://debuginfod.ubuntu.com /usr/bin/cmake --build /home/shadows/ros2_ws/build/my_mesh_interfaces -- -j20 -l20
[0.469s] DEBUG:colcon.colcon_core.event_handler.log_command:Invoking command in '/home/shadows/ros2_ws/build/my_mesh_interfaces': CMAKE_PREFIX_PATH=${CMAKE_PREFIX_PATH}:/opt/ros/jazzy DEBUGINFOD_URLS=https://debuginfod.ubuntu.com /usr/bin/cmake --install /home/shadows/ros2_ws/build/my_mesh_interfaces
[0.508s] Level 1:colcon.colcon_core.environment:create_environment_scripts_only(my_mesh_interfaces)
[0.508s] Level 1:colcon.colcon_core.environment:checking '/home/shadows/ros2_ws/install/my_mesh_interfaces' for CMake module files
[0.508s] DEBUG:colcon.colcon_core.event_handler.log_command:Invoked command in '/home/shadows/ros2_ws/build/my_mesh_interfaces' returned '0': CMAKE_PREFIX_PATH=${CMAKE_PREFIX_PATH}:/opt/ros/jazzy DEBUGINFOD_URLS=https://debuginfod.ubuntu.com /usr/bin/cmake --install /home/shadows/ros2_ws/build/my_mesh_interfaces
[0.508s] Level 1:colcon.colcon_core.environment:checking '/home/shadows/ros2_ws/install/my_mesh_interfaces' for CMake config files
[0.509s] Level 1:colcon.colcon_core.shell:create_environment_hook('my_mesh_interfaces', 'cmake_prefix_path')
[0.509s] INFO:colcon.colcon_core.shell:Creating environment hook '/home/shadows/ros2_ws/install/my_mesh_interfaces/share/my_mesh_interfaces/hook/cmake_prefix_path.ps1'
[0.509s] INFO:colcon.colcon_core.shell:Creating environment descriptor '/home/shadows/ros2_ws/install/my_mesh_interfaces/share/my_mesh_interfaces/hook/cmake_prefix_path.dsv'
[0.509s] INFO:colcon.colcon_core.shell:Creating environment hook '/home/shadows/ros2_ws/install/my_mesh_interfaces/share/my_mesh_interfaces/hook/cmake_prefix_path.sh'
[0.510s] Level 1:colcon.colcon_core.environment:checking '/home/shadows/ros2_ws/install/my_mesh_interfaces/lib'
[0.510s] Level 1:colcon.colcon_core.shell:create_environment_hook('my_mesh_interfaces', 'ld_library_path_lib')
[0.510s] INFO:colcon.colcon_core.shell:Creating environment hook '/home/shadows/ros2_ws/install/my_mesh_interfaces/share/my_mesh_interfaces/hook/ld_library_path_lib.ps1'
[0.510s] INFO:colcon.colcon_core.shell:Creating environment descriptor '/home/shadows/ros2_ws/install/my_mesh_interfaces/share/my_mesh_interfaces/hook/ld_library_path_lib.dsv'
[0.510s] INFO:colcon.colcon_core.shell:Creating environment hook '/home/shadows/ros2_ws/install/my_mesh_interfaces/share/my_mesh_interfaces/hook/ld_library_path_lib.sh'
[0.510s] Level 1:colcon.colcon_core.environment:checking '/home/shadows/ros2_ws/install/my_mesh_interfaces/bin'
[0.510s] Level 1:colcon.colcon_core.environment:checking '/home/shadows/ros2_ws/install/my_mesh_interfaces/lib/pkgconfig/my_mesh_interfaces.pc'
[0.510s] Level 1:colcon.colcon_core.environment:checking '/home/shadows/ros2_ws/install/my_mesh_interfaces/lib/python3.12/site-packages'
[0.510s] Level 1:colcon.colcon_core.shell:create_environment_hook('my_mesh_interfaces', 'pythonpath')
[0.511s] INFO:colcon.colcon_core.shell:Creating environment hook '/home/shadows/ros2_ws/install/my_mesh_interfaces/share/my_mesh_interfaces/hook/pythonpath.ps1'
[0.511s] INFO:colcon.colcon_core.shell:Creating environment descriptor '/home/shadows/ros2_ws/install/my_mesh_interfaces/share/my_mesh_interfaces/hook/pythonpath.dsv'
[0.511s] INFO:colcon.colcon_core.shell:Creating environment hook '/home/shadows/ros2_ws/install/my_mesh_interfaces/share/my_mesh_interfaces/hook/pythonpath.sh'
[0.511s] Level 1:colcon.colcon_core.environment:checking '/home/shadows/ros2_ws/install/my_mesh_interfaces/bin'
[0.511s] INFO:colcon.colcon_core.shell:Creating package script '/home/shadows/ros2_ws/install/my_mesh_interfaces/share/my_mesh_interfaces/package.ps1'
[0.512s] INFO:colcon.colcon_core.shell:Creating package descriptor '/home/shadows/ros2_ws/install/my_mesh_interfaces/share/my_mesh_interfaces/package.dsv'
[0.512s] INFO:colcon.colcon_core.shell:Creating package script '/home/shadows/ros2_ws/install/my_mesh_interfaces/share/my_mesh_interfaces/package.sh'
[0.512s] INFO:colcon.colcon_core.shell:Creating package script '/home/shadows/ros2_ws/install/my_mesh_interfaces/share/my_mesh_interfaces/package.bash'
[0.512s] INFO:colcon.colcon_core.shell:Creating package script '/home/shadows/ros2_ws/install/my_mesh_interfaces/share/my_mesh_interfaces/package.zsh'
[0.512s] Level 1:colcon.colcon_core.environment:create_file_with_runtime_dependencies(/home/shadows/ros2_ws/install/my_mesh_interfaces/share/colcon-core/packages/my_mesh_interfaces)
[0.513s] Level 1:colcon.colcon_core.environment:create_environment_scripts_only(my_mesh_interfaces)
[0.513s] Level 1:colcon.colcon_core.environment:checking '/home/shadows/ros2_ws/install/my_mesh_interfaces' for CMake module files
[0.513s] Level 1:colcon.colcon_core.environment:checking '/home/shadows/ros2_ws/install/my_mesh_interfaces' for CMake config files
[0.513s] Level 1:colcon.colcon_core.shell:create_environment_hook('my_mesh_interfaces', 'cmake_prefix_path')
[0.513s] INFO:colcon.colcon_core.shell:Creating environment hook '/home/shadows/ros2_ws/install/my_mesh_interfaces/share/my_mesh_interfaces/hook/cmake_prefix_path.ps1'
[0.514s] INFO:colcon.colcon_core.shell:Creating environment descriptor '/home/shadows/ros2_ws/install/my_mesh_interfaces/share/my_mesh_interfaces/hook/cmake_prefix_path.dsv'
[0.514s] INFO:colcon.colcon_core.shell:Creating environment hook '/home/shadows/ros2_ws/install/my_mesh_interfaces/share/my_mesh_interfaces/hook/cmake_prefix_path.sh'
[0.514s] Level 1:colcon.colcon_core.environment:checking '/home/shadows/ros2_ws/install/my_mesh_interfaces/lib'
[0.514s] Level 1:colcon.colcon_core.shell:create_environment_hook('my_mesh_interfaces', 'ld_library_path_lib')
[0.514s] INFO:colcon.colcon_core.shell:Creating environment hook '/home/shadows/ros2_ws/install/my_mesh_interfaces/share/my_mesh_interfaces/hook/ld_library_path_lib.ps1'
[0.514s] INFO:colcon.colcon_core.shell:Creating environment descriptor '/home/shadows/ros2_ws/install/my_mesh_interfaces/share/my_mesh_interfaces/hook/ld_library_path_lib.dsv'
[0.514s] INFO:colcon.colcon_core.shell:Creating environment hook '/home/shadows/ros2_ws/install/my_mesh_interfaces/share/my_mesh_interfaces/hook/ld_library_path_lib.sh'
[0.515s] Level 1:colcon.colcon_core.environment:checking '/home/shadows/ros2_ws/install/my_mesh_interfaces/bin'
[0.515s] Level 1:colcon.colcon_core.environment:checking '/home/shadows/ros2_ws/install/my_mesh_interfaces/lib/pkgconfig/my_mesh_interfaces.pc'
[0.515s] Level 1:colcon.colcon_core.environment:checking '/home/shadows/ros2_ws/install/my_mesh_interfaces/lib/python3.12/site-packages'
[0.515s] Level 1:colcon.colcon_core.shell:create_environment_hook('my_mesh_interfaces', 'pythonpath')
[0.515s] INFO:colcon.colcon_core.shell:Creating environment hook '/home/shadows/ros2_ws/install/my_mesh_interfaces/share/my_mesh_interfaces/hook/pythonpath.ps1'
[0.515s] INFO:colcon.colcon_core.shell:Creating environment descriptor '/home/shadows/ros2_ws/install/my_mesh_interfaces/share/my_mesh_interfaces/hook/pythonpath.dsv'
[0.515s] INFO:colcon.colcon_core.shell:Creating environment hook '/home/shadows/ros2_ws/install/my_mesh_interfaces/share/my_mesh_interfaces/hook/pythonpath.sh'
[0.516s] Level 1:colcon.colcon_core.environment:checking '/home/shadows/ros2_ws/install/my_mesh_interfaces/bin'
[0.516s] INFO:colcon.colcon_core.shell:Creating package script '/home/shadows/ros2_ws/install/my_mesh_interfaces/share/my_mesh_interfaces/package.ps1'
[0.516s] INFO:colcon.colcon_core.shell:Creating package descriptor '/home/shadows/ros2_ws/install/my_mesh_interfaces/share/my_mesh_interfaces/package.dsv'
[0.516s] INFO:colcon.colcon_core.shell:Creating package script '/home/shadows/ros2_ws/install/my_mesh_interfaces/share/my_mesh_interfaces/package.sh'
[0.516s] INFO:colcon.colcon_core.shell:Creating package script '/home/shadows/ros2_ws/install/my_mesh_interfaces/share/my_mesh_interfaces/package.bash'
[0.517s] INFO:colcon.colcon_core.shell:Creating package script '/home/shadows/ros2_ws/install/my_mesh_interfaces/share/my_mesh_interfaces/package.zsh'
[0.517s] Level 1:colcon.colcon_core.environment:create_file_with_runtime_dependencies(/home/shadows/ros2_ws/install/my_mesh_interfaces/share/colcon-core/packages/my_mesh_interfaces)
[0.517s] INFO:colcon.colcon_ros.task.ament_python.build:Building ROS package in '/home/shadows/ros2_ws/src/mesh_nodes' with build type 'ament_python'
[0.517s] Level 1:colcon.colcon_core.shell:create_environment_hook('mesh_nodes', 'ament_prefix_path')
[0.517s] INFO:colcon.colcon_core.shell:Creating environment hook '/home/shadows/ros2_ws/install/mesh_nodes/share/mesh_nodes/hook/ament_prefix_path.ps1'
[0.517s] INFO:colcon.colcon_core.shell:Creating environment descriptor '/home/shadows/ros2_ws/install/mesh_nodes/share/mesh_nodes/hook/ament_prefix_path.dsv'
[0.518s] INFO:colcon.colcon_core.shell:Creating environment hook '/home/shadows/ros2_ws/install/mesh_nodes/share/mesh_nodes/hook/ament_prefix_path.sh'
[0.518s] INFO:colcon.colcon_core.shell:Skip shell extension 'powershell' for command environment: Not usable outside of PowerShell
[0.518s] DEBUG:colcon.colcon_core.shell:Skip shell extension 'dsv' for command environment
[0.648s] INFO:colcon.colcon_core.task.python.build:Building Python package in '/home/shadows/ros2_ws/src/mesh_nodes'
[0.648s] INFO:colcon.colcon_core.shell:Skip shell extension 'powershell' for command environment: Not usable outside of PowerShell
[0.648s] DEBUG:colcon.colcon_core.shell:Skip shell extension 'dsv' for command environment
[0.742s] DEBUG:colcon.colcon_core.task.python.build:Available setuptools commands: saveopts, bdist, symlink_data, alias, bdist_wheel, build_scripts, egg_info, easy_install, build_ext, clean, build_py, install_egg_info, build_clib, install, bdist_rpm, update_catalog, rotate, install_scripts, install_data, check, build, test, dist_info, install_lib, sdist, compile_catalog, register, bdist_egg, upload_docs, install_headers, setopt, develop, extract_messages, upload, bdist_dumb, editable_wheel, init_catalog
[0.743s] DEBUG:colcon.colcon_core.event_handler.log_command:Invoking command in '/home/shadows/ros2_ws/src/explorer_exploration': AMENT_PREFIX_PATH=/home/shadows/ros2_ws/install/explorer_description:${AMENT_PREFIX_PATH} CMAKE_PREFIX_PATH=/home/shadows/ros2_ws/install/explorer_description:${CMAKE_PREFIX_PATH} DEBUGINFOD_URLS=https://debuginfod.ubuntu.com PYTHONPATH=/home/shadows/ros2_ws/build/explorer_exploration/prefix_override:/usr/lib/python3/dist-packages/colcon_core/task/python/colcon_distutils_commands:/home/shadows/ros2_ws/install/explorer_exploration/lib/python3.12/site-packages:${PYTHONPATH} /usr/bin/python3 -W ignore:setup.py install is deprecated -W ignore:easy_install command is deprecated setup.py egg_info --egg-base ../../build/explorer_exploration build --build-base /home/shadows/ros2_ws/build/explorer_exploration/build install --record /home/shadows/ros2_ws/build/explorer_exploration/install.log --install-scripts $base/lib/explorer_exploration --single-version-externally-managed install_data
[0.995s] DEBUG:colcon.colcon_core.task.python.build:Available setuptools commands: saveopts, bdist, symlink_data, alias, bdist_wheel, build_scripts, egg_info, easy_install, build_ext, clean, build_py, install_egg_info, build_clib, install, bdist_rpm, update_catalog, rotate, install_scripts, install_data, check, build, test, dist_info, install_lib, sdist, compile_catalog, register, bdist_egg, upload_docs, install_headers, setopt, develop, extract_messages, upload, bdist_dumb, editable_wheel, init_catalog
[0.996s] DEBUG:colcon.colcon_core.event_handler.log_command:Invoking command in '/home/shadows/ros2_ws/src/mesh_nodes': DEBUGINFOD_URLS=https://debuginfod.ubuntu.com PYTHONPATH=/home/shadows/ros2_ws/build/mesh_nodes/prefix_override:/usr/lib/python3/dist-packages/colcon_core/task/python/colcon_distutils_commands:/home/shadows/ros2_ws/install/mesh_nodes/lib/python3.12/site-packages:${PYTHONPATH} /usr/bin/python3 -W ignore:setup.py install is deprecated -W ignore:easy_install command is deprecated setup.py egg_info --egg-base ../../build/mesh_nodes build --build-base /home/shadows/ros2_ws/build/mesh_nodes/build install --record /home/shadows/ros2_ws/build/mesh_nodes/install.log --install-scripts $base/lib/mesh_nodes --single-version-externally-managed install_data
[1.054s] Level 1:colcon.colcon_core.environment:checking '/home/shadows/ros2_ws/install/explorer_exploration' for CMake module files
[1.055s] DEBUG:colcon.colcon_core.event_handler.log_command:Invoked command in '/home/shadows/ros2_ws/src/explorer_exploration' returned '0': AMENT_PREFIX_PATH=/home/shadows/ros2_ws/install/explorer_description:${AMENT_PREFIX_PATH} CMAKE_PREFIX_PATH=/home/shadows/ros2_ws/install/explorer_description:${CMAKE_PREFIX_PATH} DEBUGINFOD_URLS=https://debuginfod.ubuntu.com PYTHONPATH=/home/shadows/ros2_ws/build/explorer_exploration/prefix_override:/usr/lib/python3/dist-packages/colcon_core/task/python/colcon_distutils_commands:/home/shadows/ros2_ws/install/explorer_exploration/lib/python3.12/site-packages:${PYTHONPATH} /usr/bin/python3 -W ignore:setup.py install is deprecated -W ignore:easy_install command is deprecated setup.py egg_info --egg-base ../../build/explorer_exploration build --build-base /home/shadows/ros2_ws/build/explorer_exploration/build install --record /home/shadows/ros2_ws/build/explorer_exploration/install.log --install-scripts $base/lib/explorer_exploration --single-version-externally-managed install_data
[1.055s] Level 1:colcon.colcon_core.environment:checking '/home/shadows/ros2_ws/install/explorer_exploration' for CMake config files
[1.055s] Level 1:colcon.colcon_core.environment:checking '/home/shadows/ros2_ws/install/explorer_exploration/lib'
[1.055s] Level 1:colcon.colcon_core.environment:checking '/home/shadows/ros2_ws/install/explorer_exploration/bin'
[1.055s] Level 1:colcon.colcon_core.environment:checking '/home/shadows/ros2_ws/install/explorer_exploration/lib/pkgconfig/explorer_exploration.pc'
[1.055s] Level 1:colcon.colcon_core.environment:checking '/home/shadows/ros2_ws/install/explorer_exploration/lib/python3.12/site-packages'
[1.055s] Level 1:colcon.colcon_core.shell:create_environment_hook('explorer_exploration', 'pythonpath')
[1.056s] INFO:colcon.colcon_core.shell:Creating environment hook '/home/shadows/ros2_ws/install/explorer_exploration/share/explorer_exploration/hook/pythonpath.ps1'
[1.056s] INFO:colcon.colcon_core.shell:Creating environment descriptor '/home/shadows/ros2_ws/install/explorer_exploration/share/explorer_exploration/hook/pythonpath.dsv'
[1.056s] INFO:colcon.colcon_core.shell:Creating environment hook '/home/shadows/ros2_ws/install/explorer_exploration/share/explorer_exploration/hook/pythonpath.sh'
[1.056s] Level 1:colcon.colcon_core.environment:checking '/home/shadows/ros2_ws/install/explorer_exploration/bin'
[1.057s] Level 1:colcon.colcon_core.environment:create_environment_scripts_only(explorer_exploration)
[1.057s] INFO:colcon.colcon_core.shell:Creating package script '/home/shadows/ros2_ws/install/explorer_exploration/share/explorer_exploration/package.ps1'
[1.057s] INFO:colcon.colcon_core.shell:Creating package descriptor '/home/shadows/ros2_ws/install/explorer_exploration/share/explorer_exploration/package.dsv'
[1.057s] INFO:colcon.colcon_core.shell:Creating package script '/home/shadows/ros2_ws/install/explorer_exploration/share/explorer_exploration/package.sh'
[1.057s] INFO:colcon.colcon_core.shell:Creating package script '/home/shadows/ros2_ws/install/explorer_exploration/share/explorer_exploration/package.bash'
[1.058s] INFO:colcon.colcon_core.shell:Creating package script '/home/shadows/ros2_ws/install/explorer_exploration/share/explorer_exploration/package.zsh'
[1.058s] Level 1:colcon.colcon_core.environment:create_file_with_runtime_dependencies(/home/shadows/ros2_ws/install/explorer_exploration/share/colcon-core/packages/explorer_exploration)
[1.315s] Level 1:colcon.colcon_core.environment:checking '/home/shadows/ros2_ws/install/mesh_nodes' for CMake module files
[1.316s] DEBUG:colcon.colcon_core.event_handler.log_command:Invoked command in '/home/shadows/ros2_ws/src/mesh_nodes' returned '0': DEBUGINFOD_URLS=https://debuginfod.ubuntu.com PYTHONPATH=/home/shadows/ros2_ws/build/mesh_nodes/prefix_override:/usr/lib/python3/dist-packages/colcon_core/task/python/colcon_distutils_commands:/home/shadows/ros2_ws/install/mesh_nodes/lib/python3.12/site-packages:${PYTHONPATH} /usr/bin/python3 -W ignore:setup.py install is deprecated -W ignore:easy_install command is deprecated setup.py egg_info --egg-base ../../build/mesh_nodes build --build-base /home/shadows/ros2_ws/build/mesh_nodes/build install --record /home/shadows/ros2_ws/build/mesh_nodes/install.log --install-scripts $base/lib/mesh_nodes --single-version-externally-managed install_data
[1.316s] Level 1:colcon.colcon_core.environment:checking '/home/shadows/ros2_ws/install/mesh_nodes' for CMake config files
[1.316s] Level 1:colcon.colcon_core.environment:checking '/home/shadows/ros2_ws/install/mesh_nodes/lib'
[1.317s] Level 1:colcon.colcon_core.environment:checking '/home/shadows/ros2_ws/install/mesh_nodes/bin'
[1.317s] Level 1:colcon.colcon_core.environment:checking '/home/shadows/ros2_ws/install/mesh_nodes/lib/pkgconfig/mesh_nodes.pc'
[1.317s] Level 1:colcon.colcon_core.environment:checking '/home/shadows/ros2_ws/install/mesh_nodes/lib/python3.12/site-packages'
[1.317s] Level 1:colcon.colcon_core.shell:create_environment_hook('mesh_nodes', 'pythonpath')
[1.317s] INFO:colcon.colcon_core.shell:Creating environment hook '/home/shadows/ros2_ws/install/mesh_nodes/share/mesh_nodes/hook/pythonpath.ps1'
[1.317s] INFO:colcon.colcon_core.shell:Creating environment descriptor '/home/shadows/ros2_ws/install/mesh_nodes/share/mesh_nodes/hook/pythonpath.dsv'
[1.317s] INFO:colcon.colcon_core.shell:Creating environment hook '/home/shadows/ros2_ws/install/mesh_nodes/share/mesh_nodes/hook/pythonpath.sh'
[1.318s] Level 1:colcon.colcon_core.environment:checking '/home/shadows/ros2_ws/install/mesh_nodes/bin'
[1.318s] Level 1:colcon.colcon_core.environment:create_environment_scripts_only(mesh_nodes)
[1.318s] INFO:colcon.colcon_core.shell:Creating package script '/home/shadows/ros2_ws/install/mesh_nodes/share/mesh_nodes/package.ps1'
[1.318s] INFO:colcon.colcon_core.shell:Creating package descriptor '/home/shadows/ros2_ws/install/mesh_nodes/share/mesh_nodes/package.dsv'
[1.318s] INFO:colcon.colcon_core.shell:Creating package script '/home/shadows/ros2_ws/install/mesh_nodes/share/mesh_nodes/package.sh'
[1.319s] INFO:colcon.colcon_core.shell:Creating package script '/home/shadows/ros2_ws/install/mesh_nodes/share/mesh_nodes/package.bash'
[1.319s] INFO:colcon.colcon_core.shell:Creating package script '/home/shadows/ros2_ws/install/mesh_nodes/share/mesh_nodes/package.zsh'
[1.319s] Level 1:colcon.colcon_core.environment:create_file_with_runtime_dependencies(/home/shadows/ros2_ws/install/mesh_nodes/share/colcon-core/packages/mesh_nodes)
[1.319s] DEBUG:colcon.colcon_parallel_executor.executor.parallel:closing loop
[1.319s] DEBUG:colcon.colcon_parallel_executor.executor.parallel:loop closed
[1.319s] DEBUG:colcon.colcon_parallel_executor.executor.parallel:run_until_complete finished with '0'
[1.319s] DEBUG:colcon.colcon_core.event_reactor:joining thread
[1.324s] INFO:colcon.colcon_core.plugin_system:Skipping extension 'colcon_notification.desktop_notification.terminal_notifier': Not used on non-Darwin systems
[1.325s] INFO:colcon.colcon_core.plugin_system:Skipping extension 'colcon_notification.desktop_notification.win32': Not used on non-Windows systems
[1.325s] INFO:colcon.colcon_notification.desktop_notification:Sending desktop notification using 'notify2'
[1.332s] DEBUG:colcon.colcon_core.event_reactor:joined thread
[1.332s] INFO:colcon.colcon_core.shell:Creating prefix script '/home/shadows/ros2_ws/install/local_setup.ps1'
[1.333s] INFO:colcon.colcon_core.shell:Creating prefix util module '/home/shadows/ros2_ws/install/_local_setup_util_ps1.py'
[1.333s] INFO:colcon.colcon_core.shell:Creating prefix chain script '/home/shadows/ros2_ws/install/setup.ps1'
[1.334s] INFO:colcon.colcon_core.shell:Creating prefix script '/home/shadows/ros2_ws/install/local_setup.sh'
[1.334s] INFO:colcon.colcon_core.shell:Creating prefix util module '/home/shadows/ros2_ws/install/_local_setup_util_sh.py'
[1.334s] INFO:colcon.colcon_core.shell:Creating prefix chain script '/home/shadows/ros2_ws/install/setup.sh'
[1.335s] INFO:colcon.colcon_core.shell:Creating prefix script '/home/shadows/ros2_ws/install/local_setup.bash'
[1.335s] INFO:colcon.colcon_core.shell:Creating prefix chain script '/home/shadows/ros2_ws/install/setup.bash'
[1.336s] INFO:colcon.colcon_core.shell:Creating prefix script '/home/shadows/ros2_ws/install/local_setup.zsh'
[1.336s] INFO:colcon.colcon_core.shell:Creating prefix chain script '/home/shadows/ros2_ws/install/setup.zsh'
