[0.007s] Invoking command in '/home/shadows/ros2_ws/build/explorer_description': CMAKE_PREFIX_PATH=${CMAKE_PREFIX_PATH}:/opt/ros/jazzy DEBUGINFOD_URLS=https://debuginfod.ubuntu.com /usr/bin/cmake --build /home/shadows/ros2_ws/build/explorer_description -- -j20 -l20
[0.049s] [100%] Built target cave_world
[0.058s] Invoked command in '/home/shadows/ros2_ws/build/explorer_description' returned '0': CMAKE_PREFIX_PATH=${CMAKE_PREFIX_PATH}:/opt/ros/jazzy DEBUGINFOD_URLS=https://debuginfod.ubuntu.com /usr/bin/cmake --build /home/shadows/ros2_ws/build/explorer_description -- -j20 -l20
[0.067s] Invoking command in '/home/shadows/ros2_ws/build/explorer_description': CMAKE_PREFIX_PATH=${CMAKE_PREFIX_PATH}:/opt/ros/jazzy DEBUGINFOD_URLS=https://debuginfod.ubuntu.com /usr/bin/cmake --install /home/shadows/ros2_ws/build/explorer_description
[0.075s] -- Install configuration: ""
[0.076s] -- Up-to-date: /home/shadows/ros2_ws/install/explorer_description/share/explorer_description/urdf
[0.076s] -- Up-to-date: /home/shadows/ros2_ws/install/explorer_description/share/explorer_description/urdf/explorer_gazebo.xacro
[0.076s] -- Up-to-date: /home/shadows/ros2_ws/install/explorer_description/share/explorer_description/urdf/explorer.urdf.xacro
[0.076s] -- Up-to-date: /home/shadows/ros2_ws/install/explorer_description/share/explorer_description/launch
[0.076s] -- Up-to-date: /home/shadows/ros2_ws/install/explorer_description/share/explorer_description/launch/explorer_gazebo.launch.py
[0.076s] -- Up-to-date: /home/shadows/ros2_ws/install/explorer_description/share/explorer_description/rviz
[0.076s] -- Up-to-date: /home/shadows/ros2_ws/install/explorer_description/share/explorer_description/rviz/explorer.rviz
[0.076s] -- Up-to-date: /home/shadows/ros2_ws/install/explorer_description/share/explorer_description/config
[0.076s] -- Up-to-date: /home/shadows/ros2_ws/install/explorer_description/share/explorer_description/config/ekf.yaml
[0.077s] -- Up-to-date: /home/shadows/ros2_ws/install/explorer_description/share/explorer_description/models
[0.077s] -- Up-to-date: /home/shadows/ros2_ws/install/explorer_description/share/explorer_description/models/cave_roof
[0.077s] -- Up-to-date: /home/shadows/ros2_ws/install/explorer_description/share/explorer_description/models/cave_roof/meshes
[0.077s] -- Up-to-date: /home/shadows/ros2_ws/install/explorer_description/share/explorer_description/models/cave_roof/meshes/ceiling.obj
[0.077s] -- Up-to-date: /home/shadows/ros2_ws/install/explorer_description/share/explorer_description/models/cave_roof/meshes/stalactites.obj
[0.077s] -- Up-to-date: /home/shadows/ros2_ws/install/explorer_description/share/explorer_description/models/cave_roof/model.sdf
[0.077s] -- Up-to-date: /home/shadows/ros2_ws/install/explorer_description/share/explorer_description/models/cave_roof/model.config
[0.077s] -- Up-to-date: /home/shadows/ros2_ws/install/explorer_description/share/explorer_description/models/cave_rock
[0.077s] -- Up-to-date: /home/shadows/ros2_ws/install/explorer_description/share/explorer_description/models/cave_rock/meshes
[0.077s] -- Up-to-date: /home/shadows/ros2_ws/install/explorer_description/share/explorer_description/models/cave_rock/meshes/formations.obj
[0.077s] -- Up-to-date: /home/shadows/ros2_ws/install/explorer_description/share/explorer_description/models/cave_rock/meshes/floor_open.obj
[0.077s] -- Up-to-date: /home/shadows/ros2_ws/install/explorer_description/share/explorer_description/models/cave_rock/meshes/floor.obj
[0.077s] -- Up-to-date: /home/shadows/ros2_ws/install/explorer_description/share/explorer_description/models/cave_rock/meshes/collision.obj
[0.077s] -- Up-to-date: /home/shadows/ros2_ws/install/explorer_description/share/explorer_description/models/cave_rock/meshes/puddles.obj
[0.077s] -- Up-to-date: /home/shadows/ros2_ws/install/explorer_description/share/explorer_description/models/cave_rock/meshes/walls_open.obj
[0.077s] -- Up-to-date: /home/shadows/ros2_ws/install/explorer_description/share/explorer_description/models/cave_rock/meshes/walls.obj
[0.077s] -- Up-to-date: /home/shadows/ros2_ws/install/explorer_description/share/explorer_description/models/cave_rock/model.sdf
[0.077s] -- Up-to-date: /home/shadows/ros2_ws/install/explorer_description/share/explorer_description/models/cave_rock/model.config
[0.077s] -- Up-to-date: /home/shadows/ros2_ws/install/explorer_description/share/explorer_description/models/cave_rock/materials
[0.077s] -- Up-to-date: /home/shadows/ros2_ws/install/explorer_description/share/explorer_description/models/cave_rock/materials/textures
[0.077s] -- Up-to-date: /home/shadows/ros2_ws/install/explorer_description/share/explorer_description/models/cave_rock/materials/textures/gravel_normal.png
[0.077s] -- Up-to-date: /home/shadows/ros2_ws/install/explorer_description/share/explorer_description/models/cave_rock/materials/textures/gravel_albedo.png
[0.077s] -- Up-to-date: /home/shadows/ros2_ws/install/explorer_description/share/explorer_description/models/cave_rock/materials/textures/rock_normal.png
[0.078s] -- Up-to-date: /home/shadows/ros2_ws/install/explorer_description/share/explorer_description/models/cave_rock/materials/textures/rock_albedo.png
[0.078s] -- Up-to-date: /home/shadows/ros2_ws/install/explorer_description/share/explorer_description/models/cave_rock_open
[0.078s] -- Up-to-date: /home/shadows/ros2_ws/install/explorer_description/share/explorer_description/models/cave_rock_open/model.sdf
[0.078s] -- Up-to-date: /home/shadows/ros2_ws/install/explorer_description/share/explorer_description/models/cave_rock_open/model.config
[0.078s] -- Up-to-date: /home/shadows/ros2_ws/install/explorer_description/share/explorer_description/worlds
[0.078s] -- Up-to-date: /home/shadows/ros2_ws/install/explorer_description/share/explorer_description/worlds/cave.sdf
[0.078s] -- Up-to-date: /home/shadows/ros2_ws/install/explorer_description/share/explorer_description/worlds/cave_open.sdf
[0.078s] -- Up-to-date: /home/shadows/ros2_ws/install/explorer_description/lib/explorer_description/generate_cave.py
[0.078s] -- Up-to-date: /home/shadows/ros2_ws/install/explorer_description/share/ament_index/resource_index/package_run_dependencies/explorer_description
[0.078s] -- Up-to-date: /home/shadows/ros2_ws/install/explorer_description/share/ament_index/resource_index/parent_prefix_path/explorer_description
[0.078s] -- Up-to-date: /home/shadows/ros2_ws/install/explorer_description/share/explorer_description/environment/ament_prefix_path.sh
[0.078s] -- Up-to-date: /home/shadows/ros2_ws/install/explorer_description/share/explorer_description/environment/ament_prefix_path.dsv
[0.078s] -- Up-to-date: /home/shadows/ros2_ws/install/explorer_description/share/explorer_description/environment/path.sh
[0.078s] -- Up-to-date: /home/shadows/ros2_ws/install/explorer_description/share/explorer_description/environment/path.dsv
[0.078s] -- Up-to-date: /home/shadows/ros2_ws/install/explorer_description/share/explorer_description/local_setup.bash
[0.078s] -- Up-to-date: /home/shadows/ros2_ws/install/explorer_description/share/explorer_description/local_setup.sh
[0.078s] -- Up-to-date: /home/shadows/ros2_ws/install/explorer_description/share/explorer_description/local_setup.zsh
[0.078s] -- Up-to-date: /home/shadows/ros2_ws/install/explorer_description/share/explorer_description/local_setup.dsv
[0.078s] -- Installing: /home/shadows/ros2_ws/install/explorer_description/share/explorer_description/package.dsv
[0.078s] -- Up-to-date: /home/shadows/ros2_ws/install/explorer_description/share/ament_index/resource_index/packages/explorer_description
[0.078s] -- Up-to-date: /home/shadows/ros2_ws/install/explorer_description/share/explorer_description/cmake/explorer_descriptionConfig.cmake
[0.078s] -- Up-to-date: /home/shadows/ros2_ws/install/explorer_description/share/explorer_description/cmake/explorer_descriptionConfig-version.cmake
[0.078s] -- Up-to-date: /home/shadows/ros2_ws/install/explorer_description/share/explorer_description/package.xml
[0.079s] Invoked command in '/home/shadows/ros2_ws/build/explorer_description' returned '0': CMAKE_PREFIX_PATH=${CMAKE_PREFIX_PATH}:/opt/ros/jazzy DEBUGINFOD_URLS=https://debuginfod.ubuntu.com /usr/bin/cmake --install /home/shadows/ros2_ws/build/explorer_description
