-- The C compiler identification is GNU 13.3.0
-- The CXX compiler identification is GNU 13.3.0
-- Detecting C compiler ABI info
-- Detecting C compiler ABI info - done
-- Check for working C compiler: /usr/bin/cc - skipped
-- Detecting C compile features
-- Detecting C compile features - done
-- Detecting CXX compiler ABI info
-- Detecting CXX compiler ABI info - done
-- Check for working CXX compiler: /usr/bin/c++ - skipped
-- Detecting CXX compile features
-- Detecting CXX compile features - done
-- Found ament_cmake: 2.5.6 (/opt/ros/jazzy/share/ament_cmake/cmake)
-- Found Python3: /usr/bin/python3 (found version "3.12.3") found components: Interpreter 
-- Found rosidl_default_generators: 1.6.1 (/opt/ros/jazzy/share/rosidl_default_generators/cmake)
-- Using all available rosidl_typesupport_c: rosidl_typesupport_fastrtps_c;rosidl_typesupport_introspection_c
-- Using all available rosidl_typesupport_cpp: rosidl_typesupport_fastrtps_cpp;rosidl_typesupport_introspection_cpp
-- Found rosidl_adapter: 4.6.9 (/opt/ros/jazzy/share/rosidl_adapter/cmake)
-- Found sensor_msgs: 5.3.8 (/opt/ros/jazzy/share/sensor_msgs/cmake)
-- Found ament_cmake_ros: 0.12.1 (/opt/ros/jazzy/share/ament_cmake_ros/cmake)
-- Using all available rosidl_typesupport_c: rosidl_typesupport_fastrtps_c;rosidl_typesupport_introspection_c
-- Using all available rosidl_typesupport_cpp: rosidl_typesupport_fastrtps_cpp;rosidl_typesupport_introspection_cpp
-- Found python_cmake_module: 0.11.1 (/opt/ros/jazzy/share/python_cmake_module/cmake)
-- Found PythonExtra: /usr/bin/python3  
-- Found Python3: /usr/bin/python3 (found version "3.12.3") found components: Interpreter Development NumPy Development.Module Development.Embed 
-- Found Python3: /usr/bin/python3 (found version "3.12.3") found components: Interpreter 
-- Configuring done (2.3s)
-- Generating done (0.0s)
-- Build files have been written to: /home/shadows/ros2_ws/build/my_mesh_interfaces
[  3%] [34m[1mGenerating Rust code for ROS interfaces[0m
[  3%] [34m[1mGenerating type hashes for ROS interfaces[0m
[  3%] Built target ament_cmake_python_copy_my_mesh_interfaces
running egg_info
creating my_mesh_interfaces.egg-info
[  3%] Built target my_mesh_interfaces__rs
writing my_mesh_interfaces.egg-info/PKG-INFO
writing dependency_links to my_mesh_interfaces.egg-info/dependency_links.txt
writing top-level names to my_mesh_interfaces.egg-info/top_level.txt
writing manifest file 'my_mesh_interfaces.egg-info/SOURCES.txt'
reading manifest file 'my_mesh_interfaces.egg-info/SOURCES.txt'
writing manifest file 'my_mesh_interfaces.egg-info/SOURCES.txt'
[  3%] Built target ament_cmake_python_build_my_mesh_interfaces_egg
Traceback (most recent call last):
  File "/opt/ros/jazzy/lib/rosidl_generator_type_description/rosidl_generator_type_description", line 50, in <module>
    sys.exit(main())
             ^^^^^^
  File "/opt/ros/jazzy/lib/rosidl_generator_type_description/rosidl_generator_type_description", line 46, in main
    generate_type_hash(args.generator_arguments_file)
  File "/opt/ros/jazzy/lib/python3.12/site-packages/rosidl_generator_type_description/__init__.py", line 160, in generate_type_hash
    pkg_dir = include_map[pkg]
              ~~~~~~~~~~~^^^^^
KeyError: 'nav_msgs'
gmake[2]: *** [CMakeFiles/my_mesh_interfaces__rosidl_generator_type_description.dir/build.make:79: rosidl_generator_type_description/my_mesh_interfaces/msg/MeshScan.json] Error 1
gmake[1]: *** [CMakeFiles/Makefile2:234: CMakeFiles/my_mesh_interfaces__rosidl_generator_type_description.dir/all] Error 2
gmake: *** [Makefile:146: all] Error 2
