[0.006s] Invoking command in '/home/shadows/ros2_ws/build/my_mesh_interfaces': CMAKE_PREFIX_PATH=${CMAKE_PREFIX_PATH}:/opt/ros/jazzy DEBUGINFOD_URLS=https://debuginfod.ubuntu.com /usr/bin/cmake /home/shadows/ros2_ws/src/my_mesh_interfaces -DCMAKE_INSTALL_PREFIX=/home/shadows/ros2_ws/install/my_mesh_interfaces
[0.057s] -- The C compiler identification is GNU 13.3.0
[0.092s] -- The CXX compiler identification is GNU 13.3.0
[0.106s] -- Detecting C compiler ABI info
[0.169s] -- Detecting C compiler ABI info - done
[0.176s] -- Check for working C compiler: /usr/bin/cc - skipped
[0.178s] -- Detecting C compile features
[0.179s] -- Detecting C compile features - done
[0.186s] -- Detecting CXX compiler ABI info
[0.254s] -- Detecting CXX compiler ABI info - done
[0.263s] -- Check for working CXX compiler: /usr/bin/c++ - skipped
[0.263s] -- Detecting CXX compile features
[0.263s] -- Detecting CXX compile features - done
[0.272s] -- Found ament_cmake: 2.5.6 (/opt/ros/jazzy/share/ament_cmake/cmake)
[0.373s] -- Found Python3: /usr/bin/python3 (found version "3.12.3") found components: Interpreter 
[0.452s] -- Found rosidl_default_generators: 1.6.1 (/opt/ros/jazzy/share/rosidl_default_generators/cmake)
[0.456s] -- Using all available rosidl_typesupport_c: rosidl_typesupport_fastrtps_c;rosidl_typesupport_introspection_c
[0.492s] -- Using all available rosidl_typesupport_cpp: rosidl_typesupport_fastrtps_cpp;rosidl_typesupport_introspection_cpp
[0.554s] -- Found rosidl_adapter: 4.6.9 (/opt/ros/jazzy/share/rosidl_adapter/cmake)
[0.556s] -- Found sensor_msgs: 5.3.8 (/opt/ros/jazzy/share/sensor_msgs/cmake)
[1.000s] -- Found ament_cmake_ros: 0.12.1 (/opt/ros/jazzy/share/ament_cmake_ros/cmake)
[1.353s] -- Using all available rosidl_typesupport_c: rosidl_typesupport_fastrtps_c;rosidl_typesupport_introspection_c
[1.821s] -- Using all available rosidl_typesupport_cpp: rosidl_typesupport_fastrtps_cpp;rosidl_typesupport_introspection_cpp
[1.823s] -- Found python_cmake_module: 0.11.1 (/opt/ros/jazzy/share/python_cmake_module/cmake)
[1.926s] -- Found PythonExtra: /usr/bin/python3  
[2.206s] -- Found Python3: /usr/bin/python3 (found version "3.12.3") found components: Interpreter Development NumPy Development.Module Development.Embed 
[2.288s] -- Found Python3: /usr/bin/python3 (found version "3.12.3") found components: Interpreter 
[2.291s] -- Configuring done (2.3s)
[2.316s] -- Generating done (0.0s)
[2.323s] -- Build files have been written to: /home/shadows/ros2_ws/build/my_mesh_interfaces
[2.330s] Invoked command in '/home/shadows/ros2_ws/build/my_mesh_interfaces' returned '0': CMAKE_PREFIX_PATH=${CMAKE_PREFIX_PATH}:/opt/ros/jazzy DEBUGINFOD_URLS=https://debuginfod.ubuntu.com /usr/bin/cmake /home/shadows/ros2_ws/src/my_mesh_interfaces -DCMAKE_INSTALL_PREFIX=/home/shadows/ros2_ws/install/my_mesh_interfaces
[2.330s] Invoking command in '/home/shadows/ros2_ws/build/my_mesh_interfaces': CMAKE_PREFIX_PATH=${CMAKE_PREFIX_PATH}:/opt/ros/jazzy DEBUGINFOD_URLS=https://debuginfod.ubuntu.com /usr/bin/cmake --build /home/shadows/ros2_ws/build/my_mesh_interfaces -- -j20 -l20
[2.372s] [  3%] [34m[1mGenerating Rust code for ROS interfaces[0m
[2.372s] [  3%] [34m[1mGenerating type hashes for ROS interfaces[0m
[2.377s] [  3%] Built target ament_cmake_python_copy_my_mesh_interfaces
[2.504s] running egg_info
[2.504s] creating my_mesh_interfaces.egg-info
[2.512s] [  3%] Built target my_mesh_interfaces__rs
[2.515s] writing my_mesh_interfaces.egg-info/PKG-INFO
[2.515s] writing dependency_links to my_mesh_interfaces.egg-info/dependency_links.txt
[2.515s] writing top-level names to my_mesh_interfaces.egg-info/top_level.txt
[2.515s] writing manifest file 'my_mesh_interfaces.egg-info/SOURCES.txt'
[2.547s] reading manifest file 'my_mesh_interfaces.egg-info/SOURCES.txt'
[2.547s] writing manifest file 'my_mesh_interfaces.egg-info/SOURCES.txt'
[2.564s] [  3%] Built target ament_cmake_python_build_my_mesh_interfaces_egg
[3.339s] Traceback (most recent call last):
[3.339s]   File "/opt/ros/jazzy/lib/rosidl_generator_type_description/rosidl_generator_type_description", line 50, in <module>
[3.339s]     sys.exit(main())
[3.339s]              ^^^^^^
[3.339s]   File "/opt/ros/jazzy/lib/rosidl_generator_type_description/rosidl_generator_type_description", line 46, in main
[3.339s]     generate_type_hash(args.generator_arguments_file)
[3.339s]   File "/opt/ros/jazzy/lib/python3.12/site-packages/rosidl_generator_type_description/__init__.py", line 160, in generate_type_hash
[3.339s]     pkg_dir = include_map[pkg]
[3.339s]               ~~~~~~~~~~~^^^^^
[3.340s] KeyError: 'nav_msgs'
[3.362s] gmake[2]: *** [CMakeFiles/my_mesh_interfaces__rosidl_generator_type_description.dir/build.make:79: rosidl_generator_type_description/my_mesh_interfaces/msg/MeshScan.json] Error 1
[3.362s] gmake[1]: *** [CMakeFiles/Makefile2:234: CMakeFiles/my_mesh_interfaces__rosidl_generator_type_description.dir/all] Error 2
[3.363s] gmake: *** [Makefile:146: all] Error 2
[3.364s] Invoked command in '/home/shadows/ros2_ws/build/my_mesh_interfaces' returned '2': CMAKE_PREFIX_PATH=${CMAKE_PREFIX_PATH}:/opt/ros/jazzy DEBUGINFOD_URLS=https://debuginfod.ubuntu.com /usr/bin/cmake --build /home/shadows/ros2_ws/build/my_mesh_interfaces -- -j20 -l20
