/home/shadows/ros2_ws/install/explorer_exploration/lib/python3.12/site-packages/explorer_exploration/explore_coordinator.py
/home/shadows/ros2_ws/install/explorer_exploration/lib/python3.12/site-packages/explorer_exploration/__init__.py
/home/shadows/ros2_ws/install/explorer_exploration/lib/python3.12/site-packages/explorer_exploration/metrics_logger.py
/home/shadows/ros2_ws/install/explorer_exploration/lib/python3.12/site-packages/explorer_exploration/frontier_tad_node.py
/home/shadows/ros2_ws/install/explorer_exploration/lib/python3.12/site-packages/explorer_exploration/__pycache__/explore_coordinator.cpython-312.pyc
/home/shadows/ros2_ws/install/explorer_exploration/lib/python3.12/site-packages/explorer_exploration/__pycache__/__init__.cpython-312.pyc
/home/shadows/ros2_ws/install/explorer_exploration/lib/python3.12/site-packages/explorer_exploration/__pycache__/metrics_logger.cpython-312.pyc
/home/shadows/ros2_ws/install/explorer_exploration/lib/python3.12/site-packages/explorer_exploration/__pycache__/frontier_tad_node.cpython-312.pyc
/home/shadows/ros2_ws/install/explorer_exploration/share/ament_index/resource_index/packages/explorer_exploration
/home/shadows/ros2_ws/install/explorer_exploration/share/explorer_exploration/package.xml
/home/shadows/ros2_ws/install/explorer_exploration/share/explorer_exploration/launch/explore.launch.py
/home/shadows/ros2_ws/install/explorer_exploration/share/explorer_exploration/launch/bringup.launch.py
/home/shadows/ros2_ws/install/explorer_exploration/share/explorer_exploration/launch/benchmark_headless.launch.py
/home/shadows/ros2_ws/install/explorer_exploration/share/explorer_exploration/config/nav2_params.yaml
/home/shadows/ros2_ws/install/explorer_exploration/lib/python3.12/site-packages/explorer_exploration-0.0.1-py3.12.egg-info/requires.txt
/home/shadows/ros2_ws/install/explorer_exploration/lib/python3.12/site-packages/explorer_exploration-0.0.1-py3.12.egg-info/SOURCES.txt
/home/shadows/ros2_ws/install/explorer_exploration/lib/python3.12/site-packages/explorer_exploration-0.0.1-py3.12.egg-info/dependency_links.txt
/home/shadows/ros2_ws/install/explorer_exploration/lib/python3.12/site-packages/explorer_exploration-0.0.1-py3.12.egg-info/top_level.txt
/home/shadows/ros2_ws/install/explorer_exploration/lib/python3.12/site-packages/explorer_exploration-0.0.1-py3.12.egg-info/entry_points.txt
/home/shadows/ros2_ws/install/explorer_exploration/lib/python3.12/site-packages/explorer_exploration-0.0.1-py3.12.egg-info/PKG-INFO
/home/shadows/ros2_ws/install/explorer_exploration/lib/python3.12/site-packages/explorer_exploration-0.0.1-py3.12.egg-info/zip-safe
/home/shadows/ros2_ws/install/explorer_exploration/lib/explorer_exploration/explore_coordinator
/home/shadows/ros2_ws/install/explorer_exploration/lib/explorer_exploration/frontier_tad_node
/home/shadows/ros2_ws/install/explorer_exploration/lib/explorer_exploration/metrics_logger
