[0.442s] Invoking command in '/home/shadows/ros2_ws/src/explorer_bringup': CMAKE_PREFIX_PATH=/home/shadows/ros2_ws/install/explorer_description:/home/shadows/ros2_ws/install/my_mesh_interfaces:/opt/ros/jazzy/opt/gz_sim_vendor:/opt/ros/jazzy/opt/gz_sensors_vendor:/opt/ros/jazzy/opt/gz_physics_vendor:/opt/ros/jazzy/opt/sdformat_vendor:/opt/ros/jazzy/opt/gz_gui_vendor:/opt/ros/jazzy/opt/gz_transport_vendor:/opt/ros/jazzy/opt/gz_rendering_vendor:/opt/ros/jazzy/opt/gz_plugin_vendor:/opt/ros/jazzy/opt/gz_fuel_tools_vendor:/opt/ros/jazzy/opt/gz_msgs_vendor:/opt/ros/jazzy/opt/gz_common_vendor:/opt/ros/jazzy/opt/gz_math_vendor:/opt/ros/jazzy/opt/gz_utils_vendor:/opt/ros/jazzy/opt/gz_tools_vendor:/opt/ros/jazzy/opt/gz_ogre_next_vendor:/opt/ros/jazzy/opt/gz_dartsim_vendor:/opt/ros/jazzy/opt/gz_cmake_vendor DEBUGINFOD_URLS=https://debuginfod.ubuntu.com PYTHONPATH=/home/shadows/ros2_ws/build/explorer_bringup/prefix_override:/usr/lib/python3/dist-packages/colcon_core/task/python/colcon_distutils_commands:/home/shadows/ros2_ws/install/explorer_bringup/lib/python3.12/site-packages:${PYTHONPATH} /usr/bin/python3 -W ignore:setup.py install is deprecated -W ignore:easy_install command is deprecated setup.py egg_info --egg-base ../../build/explorer_bringup build --build-base /home/shadows/ros2_ws/build/explorer_bringup/build install --record /home/shadows/ros2_ws/build/explorer_bringup/install.log --install-scripts $base/lib/explorer_bringup --single-version-externally-managed install_data
[0.594s] running egg_info
[0.604s] writing ../../build/explorer_bringup/explorer_bringup.egg-info/PKG-INFO
[0.604s] writing dependency_links to ../../build/explorer_bringup/explorer_bringup.egg-info/dependency_links.txt
[0.604s] writing entry points to ../../build/explorer_bringup/explorer_bringup.egg-info/entry_points.txt
[0.604s] writing requirements to ../../build/explorer_bringup/explorer_bringup.egg-info/requires.txt
[0.604s] writing top-level names to ../../build/explorer_bringup/explorer_bringup.egg-info/top_level.txt
[0.625s] reading manifest file '../../build/explorer_bringup/explorer_bringup.egg-info/SOURCES.txt'
[0.625s] writing manifest file '../../build/explorer_bringup/explorer_bringup.egg-info/SOURCES.txt'
[0.625s] running build
[0.625s] running build_py
[0.625s] running install
[0.629s] running install_lib
[0.640s] running install_data
[0.640s] running install_egg_info
[0.650s] removing '/home/shadows/ros2_ws/install/explorer_bringup/lib/python3.12/site-packages/explorer_bringup-0.1.0-py3.12.egg-info' (and everything under it)
[0.650s] Copying ../../build/explorer_bringup/explorer_bringup.egg-info to /home/shadows/ros2_ws/install/explorer_bringup/lib/python3.12/site-packages/explorer_bringup-0.1.0-py3.12.egg-info
[0.651s] running install_scripts
[0.722s] Installing explorer_base script to /home/shadows/ros2_ws/install/explorer_bringup/lib/explorer_bringup
[0.722s] Installing mpu9250_imu script to /home/shadows/ros2_ws/install/explorer_bringup/lib/explorer_bringup
[0.723s] writing list of installed files to '/home/shadows/ros2_ws/build/explorer_bringup/install.log'
[0.738s] Invoked command in '/home/shadows/ros2_ws/src/explorer_bringup' returned '0': CMAKE_PREFIX_PATH=/home/shadows/ros2_ws/install/explorer_description:/home/shadows/ros2_ws/install/my_mesh_interfaces:/opt/ros/jazzy/opt/gz_sim_vendor:/opt/ros/jazzy/opt/gz_sensors_vendor:/opt/ros/jazzy/opt/gz_physics_vendor:/opt/ros/jazzy/opt/sdformat_vendor:/opt/ros/jazzy/opt/gz_gui_vendor:/opt/ros/jazzy/opt/gz_transport_vendor:/opt/ros/jazzy/opt/gz_rendering_vendor:/opt/ros/jazzy/opt/gz_plugin_vendor:/opt/ros/jazzy/opt/gz_fuel_tools_vendor:/opt/ros/jazzy/opt/gz_msgs_vendor:/opt/ros/jazzy/opt/gz_common_vendor:/opt/ros/jazzy/opt/gz_math_vendor:/opt/ros/jazzy/opt/gz_utils_vendor:/opt/ros/jazzy/opt/gz_tools_vendor:/opt/ros/jazzy/opt/gz_ogre_next_vendor:/opt/ros/jazzy/opt/gz_dartsim_vendor:/opt/ros/jazzy/opt/gz_cmake_vendor DEBUGINFOD_URLS=https://debuginfod.ubuntu.com PYTHONPATH=/home/shadows/ros2_ws/build/explorer_bringup/prefix_override:/usr/lib/python3/dist-packages/colcon_core/task/python/colcon_distutils_commands:/home/shadows/ros2_ws/install/explorer_bringup/lib/python3.12/site-packages:${PYTHONPATH} /usr/bin/python3 -W ignore:setup.py install is deprecated -W ignore:easy_install command is deprecated setup.py egg_info --egg-base ../../build/explorer_bringup build --build-base /home/shadows/ros2_ws/build/explorer_bringup/build install --record /home/shadows/ros2_ws/build/explorer_bringup/install.log --install-scripts $base/lib/explorer_bringup --single-version-externally-managed install_data
