/usr/lib/python3/dist-packages/setuptools/dist.py:744: SetuptoolsDeprecationWarning: Invalid dash-separated options
!!

        ********************************************************************************
        Usage of dash-separated 'script-dir' will not be supported in future
        versions. Please use the underscore name 'script_dir' instead.

        This deprecation is overdue, please update your project and remove deprecated
        calls to avoid build errors in the future.

        See https://setuptools.pypa.io/en/latest/userguide/declarative_config.html for details.
        ********************************************************************************

!!
  opt = self.warn_dash_deprecation(opt, section)
running egg_info
creating ../../build/explorer_exploration/explorer_exploration.egg-info
writing ../../build/explorer_exploration/explorer_exploration.egg-info/PKG-INFO
writing dependency_links to ../../build/explorer_exploration/explorer_exploration.egg-info/dependency_links.txt
writing entry points to ../../build/explorer_exploration/explorer_exploration.egg-info/entry_points.txt
writing requirements to ../../build/explorer_exploration/explorer_exploration.egg-info/requires.txt
writing top-level names to ../../build/explorer_exploration/explorer_exploration.egg-info/top_level.txt
writing manifest file '../../build/explorer_exploration/explorer_exploration.egg-info/SOURCES.txt'
reading manifest file '../../build/explorer_exploration/explorer_exploration.egg-info/SOURCES.txt'
writing manifest file '../../build/explorer_exploration/explorer_exploration.egg-info/SOURCES.txt'
running build
running build_py
creating /home/shadows/ros2_ws/build/explorer_exploration/build
creating /home/shadows/ros2_ws/build/explorer_exploration/build/lib
creating /home/shadows/ros2_ws/build/explorer_exploration/build/lib/explorer_exploration
copying explorer_exploration/explore_coordinator.py -> /home/shadows/ros2_ws/build/explorer_exploration/build/lib/explorer_exploration
copying explorer_exploration/__init__.py -> /home/shadows/ros2_ws/build/explorer_exploration/build/lib/explorer_exploration
copying explorer_exploration/metrics_logger.py -> /home/shadows/ros2_ws/build/explorer_exploration/build/lib/explorer_exploration
copying explorer_exploration/frontier_tad_node.py -> /home/shadows/ros2_ws/build/explorer_exploration/build/lib/explorer_exploration
running install
running install_lib
creating /home/shadows/ros2_ws/install/explorer_exploration/lib/python3.12/site-packages/explorer_exploration
copying /home/shadows/ros2_ws/build/explorer_exploration/build/lib/explorer_exploration/explore_coordinator.py -> /home/shadows/ros2_ws/install/explorer_exploration/lib/python3.12/site-packages/explorer_exploration
copying /home/shadows/ros2_ws/build/explorer_exploration/build/lib/explorer_exploration/__init__.py -> /home/shadows/ros2_ws/install/explorer_exploration/lib/python3.12/site-packages/explorer_exploration
copying /home/shadows/ros2_ws/build/explorer_exploration/build/lib/explorer_exploration/metrics_logger.py -> /home/shadows/ros2_ws/install/explorer_exploration/lib/python3.12/site-packages/explorer_exploration
copying /home/shadows/ros2_ws/build/explorer_exploration/build/lib/explorer_exploration/frontier_tad_node.py -> /home/shadows/ros2_ws/install/explorer_exploration/lib/python3.12/site-packages/explorer_exploration
byte-compiling /home/shadows/ros2_ws/install/explorer_exploration/lib/python3.12/site-packages/explorer_exploration/explore_coordinator.py to explore_coordinator.cpython-312.pyc
byte-compiling /home/shadows/ros2_ws/install/explorer_exploration/lib/python3.12/site-packages/explorer_exploration/__init__.py to __init__.cpython-312.pyc
byte-compiling /home/shadows/ros2_ws/install/explorer_exploration/lib/python3.12/site-packages/explorer_exploration/metrics_logger.py to metrics_logger.cpython-312.pyc
byte-compiling /home/shadows/ros2_ws/install/explorer_exploration/lib/python3.12/site-packages/explorer_exploration/frontier_tad_node.py to frontier_tad_node.cpython-312.pyc
running install_data
creating /home/shadows/ros2_ws/install/explorer_exploration/share/ament_index
creating /home/shadows/ros2_ws/install/explorer_exploration/share/ament_index/resource_index
creating /home/shadows/ros2_ws/install/explorer_exploration/share/ament_index/resource_index/packages
copying resource/explorer_exploration -> /home/shadows/ros2_ws/install/explorer_exploration/share/ament_index/resource_index/packages
copying package.xml -> /home/shadows/ros2_ws/install/explorer_exploration/share/explorer_exploration
creating /home/shadows/ros2_ws/install/explorer_exploration/share/explorer_exploration/launch
copying launch/explore.launch.py -> /home/shadows/ros2_ws/install/explorer_exploration/share/explorer_exploration/launch
copying launch/bringup.launch.py -> /home/shadows/ros2_ws/install/explorer_exploration/share/explorer_exploration/launch
copying launch/benchmark_headless.launch.py -> /home/shadows/ros2_ws/install/explorer_exploration/share/explorer_exploration/launch
creating /home/shadows/ros2_ws/install/explorer_exploration/share/explorer_exploration/config
copying config/nav2_params.yaml -> /home/shadows/ros2_ws/install/explorer_exploration/share/explorer_exploration/config
running install_egg_info
Copying ../../build/explorer_exploration/explorer_exploration.egg-info to /home/shadows/ros2_ws/install/explorer_exploration/lib/python3.12/site-packages/explorer_exploration-0.0.1-py3.12.egg-info
running install_scripts
Installing explore_coordinator script to /home/shadows/ros2_ws/install/explorer_exploration/lib/explorer_exploration
Installing frontier_tad_node script to /home/shadows/ros2_ws/install/explorer_exploration/lib/explorer_exploration
Installing metrics_logger script to /home/shadows/ros2_ws/install/explorer_exploration/lib/explorer_exploration
writing list of installed files to '/home/shadows/ros2_ws/build/explorer_exploration/install.log'
