[0.472s] Invoking command in '/home/shadows/ros2_ws/src/explorer_bringup': AMENT_PREFIX_PATH=/home/shadows/ros2_ws/install/explorer_description:${AMENT_PREFIX_PATH} CMAKE_PREFIX_PATH=/home/shadows/ros2_ws/install/explorer_description:${CMAKE_PREFIX_PATH} DEBUGINFOD_URLS=https://debuginfod.ubuntu.com PYTHONPATH=/home/shadows/ros2_ws/build/explorer_bringup/prefix_override:/usr/lib/python3/dist-packages/colcon_core/task/python/colcon_distutils_commands:/home/shadows/ros2_ws/install/explorer_bringup/lib/python3.12/site-packages:${PYTHONPATH} /usr/bin/python3 -W ignore:setup.py install is deprecated -W ignore:easy_install command is deprecated setup.py egg_info --egg-base ../../build/explorer_bringup build --build-base /home/shadows/ros2_ws/build/explorer_bringup/build install --record /home/shadows/ros2_ws/build/explorer_bringup/install.log --install-scripts $base/lib/explorer_bringup --single-version-externally-managed install_data
[0.621s] running egg_info
[0.631s] writing ../../build/explorer_bringup/explorer_bringup.egg-info/PKG-INFO
[0.631s] writing dependency_links to ../../build/explorer_bringup/explorer_bringup.egg-info/dependency_links.txt
[0.631s] writing entry points to ../../build/explorer_bringup/explorer_bringup.egg-info/entry_points.txt
[0.631s] writing requirements to ../../build/explorer_bringup/explorer_bringup.egg-info/requires.txt
[0.631s] writing top-level names to ../../build/explorer_bringup/explorer_bringup.egg-info/top_level.txt
[0.653s] reading manifest file '../../build/explorer_bringup/explorer_bringup.egg-info/SOURCES.txt'
[0.654s] writing manifest file '../../build/explorer_bringup/explorer_bringup.egg-info/SOURCES.txt'
[0.654s] running build
[0.654s] running build_py
[0.654s] running install
[0.658s] running install_lib
[0.669s] running install_data
[0.669s] running install_egg_info
[0.680s] removing '/home/shadows/ros2_ws/install/explorer_bringup/lib/python3.12/site-packages/explorer_bringup-0.1.0-py3.12.egg-info' (and everything under it)
[0.680s] Copying ../../build/explorer_bringup/explorer_bringup.egg-info to /home/shadows/ros2_ws/install/explorer_bringup/lib/python3.12/site-packages/explorer_bringup-0.1.0-py3.12.egg-info
[0.681s] running install_scripts
[0.759s] Installing explorer_base script to /home/shadows/ros2_ws/install/explorer_bringup/lib/explorer_bringup
[0.759s] Installing mpu9250_imu script to /home/shadows/ros2_ws/install/explorer_bringup/lib/explorer_bringup
[0.759s] writing list of installed files to '/home/shadows/ros2_ws/build/explorer_bringup/install.log'
[0.774s] Invoked command in '/home/shadows/ros2_ws/src/explorer_bringup' returned '0': AMENT_PREFIX_PATH=/home/shadows/ros2_ws/install/explorer_description:${AMENT_PREFIX_PATH} CMAKE_PREFIX_PATH=/home/shadows/ros2_ws/install/explorer_description:${CMAKE_PREFIX_PATH} DEBUGINFOD_URLS=https://debuginfod.ubuntu.com PYTHONPATH=/home/shadows/ros2_ws/build/explorer_bringup/prefix_override:/usr/lib/python3/dist-packages/colcon_core/task/python/colcon_distutils_commands:/home/shadows/ros2_ws/install/explorer_bringup/lib/python3.12/site-packages:${PYTHONPATH} /usr/bin/python3 -W ignore:setup.py install is deprecated -W ignore:easy_install command is deprecated setup.py egg_info --egg-base ../../build/explorer_bringup build --build-base /home/shadows/ros2_ws/build/explorer_bringup/build install --record /home/shadows/ros2_ws/build/explorer_bringup/install.log --install-scripts $base/lib/explorer_bringup --single-version-externally-managed install_data
