[0.479s] Invoking command in '/home/shadows/ros2_ws/src/mesh_nodes': DEBUGINFOD_URLS=https://debuginfod.ubuntu.com PYTHONPATH=/home/shadows/ros2_ws/build/mesh_nodes/prefix_override:/usr/lib/python3/dist-packages/colcon_core/task/python/colcon_distutils_commands:/home/shadows/ros2_ws/install/mesh_nodes/lib/python3.12/site-packages:${PYTHONPATH} /usr/bin/python3 -W ignore:setup.py install is deprecated -W ignore:easy_install command is deprecated setup.py egg_info --egg-base ../../build/mesh_nodes build --build-base /home/shadows/ros2_ws/build/mesh_nodes/build install --record /home/shadows/ros2_ws/build/mesh_nodes/install.log --install-scripts $base/lib/mesh_nodes --single-version-externally-managed install_data
[0.640s] running egg_info
[0.651s] writing ../../build/mesh_nodes/mesh_nodes.egg-info/PKG-INFO
[0.651s] writing dependency_links to ../../build/mesh_nodes/mesh_nodes.egg-info/dependency_links.txt
[0.651s] writing entry points to ../../build/mesh_nodes/mesh_nodes.egg-info/entry_points.txt
[0.651s] writing requirements to ../../build/mesh_nodes/mesh_nodes.egg-info/requires.txt
[0.651s] writing top-level names to ../../build/mesh_nodes/mesh_nodes.egg-info/top_level.txt
[0.674s] reading manifest file '../../build/mesh_nodes/mesh_nodes.egg-info/SOURCES.txt'
[0.674s] writing manifest file '../../build/mesh_nodes/mesh_nodes.egg-info/SOURCES.txt'
[0.675s] running build
[0.675s] running build_py
[0.675s] running install
[0.679s] running install_lib
[0.690s] running install_data
[0.690s] running install_egg_info
[0.702s] removing '/home/shadows/ros2_ws/install/mesh_nodes/lib/python3.12/site-packages/mesh_nodes-0.1.0-py3.12.egg-info' (and everything under it)
[0.702s] Copying ../../build/mesh_nodes/mesh_nodes.egg-info to /home/shadows/ros2_ws/install/mesh_nodes/lib/python3.12/site-packages/mesh_nodes-0.1.0-py3.12.egg-info
[0.702s] running install_scripts
[0.782s] Installing explorer_relay script to /home/shadows/ros2_ws/install/mesh_nodes/lib/mesh_nodes
[0.782s] writing list of installed files to '/home/shadows/ros2_ws/build/mesh_nodes/install.log'
[0.798s] Invoked command in '/home/shadows/ros2_ws/src/mesh_nodes' returned '0': DEBUGINFOD_URLS=https://debuginfod.ubuntu.com PYTHONPATH=/home/shadows/ros2_ws/build/mesh_nodes/prefix_override:/usr/lib/python3/dist-packages/colcon_core/task/python/colcon_distutils_commands:/home/shadows/ros2_ws/install/mesh_nodes/lib/python3.12/site-packages:${PYTHONPATH} /usr/bin/python3 -W ignore:setup.py install is deprecated -W ignore:easy_install command is deprecated setup.py egg_info --egg-base ../../build/mesh_nodes build --build-base /home/shadows/ros2_ws/build/mesh_nodes/build install --record /home/shadows/ros2_ws/build/mesh_nodes/install.log --install-scripts $base/lib/mesh_nodes --single-version-externally-managed install_data
