[0.007s] Invoking command in '/home/shadows/ros2_ws/build/explorer_description': CMAKE_PREFIX_PATH=${CMAKE_PREFIX_PATH}:/opt/ros/jazzy DEBUGINFOD_URLS=https://debuginfod.ubuntu.com /usr/bin/cmake --build /home/shadows/ros2_ws/build/explorer_description -- -j20 -l20
[0.031s] -- Found ament_cmake: 2.5.6 (/opt/ros/jazzy/share/ament_cmake/cmake)
[0.489s] -- Configuring done (0.5s)
[0.496s] -- Generating done (0.0s)
[0.499s] -- Build files have been written to: /home/shadows/ros2_ws/build/explorer_description
[0.548s] [100%] Generating cave world
[4.833s] generate_cave: seed 7, grid 461x331 @ 0.05 m, triangles {'floor': 63816, 'walls': 15520, 'ceiling': 79336, 'collision': 20674, 'floor_open': 63816, 'walls_open': 45996}
[4.860s] [100%] Built target cave_world
[4.870s] Invoked command in '/home/shadows/ros2_ws/build/explorer_description' returned '0': CMAKE_PREFIX_PATH=${CMAKE_PREFIX_PATH}:/opt/ros/jazzy DEBUGINFOD_URLS=https://debuginfod.ubuntu.com /usr/bin/cmake --build /home/shadows/ros2_ws/build/explorer_description -- -j20 -l20
[4.877s] Invoking command in '/home/shadows/ros2_ws/build/explorer_description': CMAKE_PREFIX_PATH=${CMAKE_PREFIX_PATH}:/opt/ros/jazzy DEBUGINFOD_URLS=https://debuginfod.ubuntu.com /usr/bin/cmake --install /home/shadows/ros2_ws/build/explorer_description
[4.885s] -- Install configuration: ""
[4.885s] -- Up-to-date: /home/shadows/ros2_ws/install/explorer_description/share/explorer_description/urdf
[4.885s] -- Up-to-date: /home/shadows/ros2_ws/install/explorer_description/share/explorer_description/urdf/explorer_gazebo.xacro
[4.885s] -- Up-to-date: /home/shadows/ros2_ws/install/explorer_description/share/explorer_description/urdf/explorer.urdf.xacro
[4.885s] -- Up-to-date: /home/shadows/ros2_ws/install/explorer_description/share/explorer_description/launch
[4.886s] -- Installing: /home/shadows/ros2_ws/install/explorer_description/share/explorer_description/launch/explorer_gazebo.launch.py
[4.886s] -- Up-to-date: /home/shadows/ros2_ws/install/explorer_description/share/explorer_description/rviz
[4.886s] -- Up-to-date: /home/shadows/ros2_ws/install/explorer_description/share/explorer_description/rviz/explorer.rviz
[4.886s] -- Installing: /home/shadows/ros2_ws/install/explorer_description/share/explorer_description/models
[4.886s] -- Installing: /home/shadows/ros2_ws/install/explorer_description/share/explorer_description/models/cave_roof
[4.886s] -- Installing: /home/shadows/ros2_ws/install/explorer_description/share/explorer_description/models/cave_roof/meshes
[4.886s] -- Installing: /home/shadows/ros2_ws/install/explorer_description/share/explorer_description/models/cave_roof/meshes/cap.obj
[4.886s] -- Installing: /home/shadows/ros2_ws/install/explorer_description/share/explorer_description/models/cave_roof/meshes/ceiling.obj
[4.892s] -- Installing: /home/shadows/ros2_ws/install/explorer_description/share/explorer_description/models/cave_roof/meshes/stalactites.obj
[4.893s] -- Installing: /home/shadows/ros2_ws/install/explorer_description/share/explorer_description/models/cave_roof/model.sdf
[4.893s] -- Installing: /home/shadows/ros2_ws/install/explorer_description/share/explorer_description/models/cave_roof/model.config
[4.893s] -- Installing: /home/shadows/ros2_ws/install/explorer_description/share/explorer_description/models/cave_rock
[4.893s] -- Installing: /home/shadows/ros2_ws/install/explorer_description/share/explorer_description/models/cave_rock/meshes
[4.893s] -- Installing: /home/shadows/ros2_ws/install/explorer_description/share/explorer_description/models/cave_rock/meshes/formations.obj
[4.893s] -- Installing: /home/shadows/ros2_ws/install/explorer_description/share/explorer_description/models/cave_rock/meshes/floor_open.obj
[4.896s] -- Installing: /home/shadows/ros2_ws/install/explorer_description/share/explorer_description/models/cave_rock/meshes/floor.obj
[4.899s] -- Installing: /home/shadows/ros2_ws/install/explorer_description/share/explorer_description/models/cave_rock/meshes/collision.obj
[4.900s] -- Installing: /home/shadows/ros2_ws/install/explorer_description/share/explorer_description/models/cave_rock/meshes/puddles.obj
[4.900s] -- Installing: /home/shadows/ros2_ws/install/explorer_description/share/explorer_description/models/cave_rock/meshes/walls_open.obj
[4.902s] -- Installing: /home/shadows/ros2_ws/install/explorer_description/share/explorer_description/models/cave_rock/meshes/walls.obj
[4.903s] -- Installing: /home/shadows/ros2_ws/install/explorer_description/share/explorer_description/models/cave_rock/model.sdf
[4.903s] -- Installing: /home/shadows/ros2_ws/install/explorer_description/share/explorer_description/models/cave_rock/model.config
[4.903s] -- Installing: /home/shadows/ros2_ws/install/explorer_description/share/explorer_description/models/cave_rock/materials
[4.903s] -- Installing: /home/shadows/ros2_ws/install/explorer_description/share/explorer_description/models/cave_rock/materials/textures
[4.903s] -- Installing: /home/shadows/ros2_ws/install/explorer_description/share/explorer_description/models/cave_rock/materials/textures/gravel_normal.png
[4.904s] -- Installing: /home/shadows/ros2_ws/install/explorer_description/share/explorer_description/models/cave_rock/materials/textures/gravel_albedo.png
[4.904s] -- Installing: /home/shadows/ros2_ws/install/explorer_description/share/explorer_description/models/cave_rock/materials/textures/rock_normal.png
[4.904s] -- Installing: /home/shadows/ros2_ws/install/explorer_description/share/explorer_description/models/cave_rock/materials/textures/rock_albedo.png
[4.905s] -- Installing: /home/shadows/ros2_ws/install/explorer_description/share/explorer_description/models/cave_rock_open
[4.905s] -- Installing: /home/shadows/ros2_ws/install/explorer_description/share/explorer_description/models/cave_rock_open/model.sdf
[4.905s] -- Installing: /home/shadows/ros2_ws/install/explorer_description/share/explorer_description/models/cave_rock_open/model.config
[4.905s] -- Installing: /home/shadows/ros2_ws/install/explorer_description/share/explorer_description/worlds
[4.905s] -- Installing: /home/shadows/ros2_ws/install/explorer_description/share/explorer_description/worlds/cave.sdf
[4.905s] -- Installing: /home/shadows/ros2_ws/install/explorer_description/share/explorer_description/worlds/cave_open.sdf
[4.905s] -- Installing: /home/shadows/ros2_ws/install/explorer_description/lib/explorer_description/generate_cave.py
[4.905s] -- Up-to-date: /home/shadows/ros2_ws/install/explorer_description/share/ament_index/resource_index/package_run_dependencies/explorer_description
[4.906s] -- Up-to-date: /home/shadows/ros2_ws/install/explorer_description/share/ament_index/resource_index/parent_prefix_path/explorer_description
[4.906s] -- Up-to-date: /home/shadows/ros2_ws/install/explorer_description/share/explorer_description/environment/ament_prefix_path.sh
[4.906s] -- Up-to-date: /home/shadows/ros2_ws/install/explorer_description/share/explorer_description/environment/ament_prefix_path.dsv
[4.906s] -- Up-to-date: /home/shadows/ros2_ws/install/explorer_description/share/explorer_description/environment/path.sh
[4.906s] -- Up-to-date: /home/shadows/ros2_ws/install/explorer_description/share/explorer_description/environment/path.dsv
[4.906s] -- Up-to-date: /home/shadows/ros2_ws/install/explorer_description/share/explorer_description/local_setup.bash
[4.906s] -- Up-to-date: /home/shadows/ros2_ws/install/explorer_description/share/explorer_description/local_setup.sh
[4.906s] -- Up-to-date: /home/shadows/ros2_ws/install/explorer_description/share/explorer_description/local_setup.zsh
[4.906s] -- Up-to-date: /home/shadows/ros2_ws/install/explorer_description/share/explorer_description/local_setup.dsv
[4.907s] -- Installing: /home/shadows/ros2_ws/install/explorer_description/share/explorer_description/package.dsv
[4.907s] -- Up-to-date: /home/shadows/ros2_ws/install/explorer_description/share/ament_index/resource_index/packages/explorer_description
[4.907s] -- Up-to-date: /home/shadows/ros2_ws/install/explorer_description/share/explorer_description/cmake/explorer_descriptionConfig.cmake
[4.907s] -- Up-to-date: /home/shadows/ros2_ws/install/explorer_description/share/explorer_description/cmake/explorer_descriptionConfig-version.cmake
[4.907s] -- Installing: /home/shadows/ros2_ws/install/explorer_description/share/explorer_description/package.xml
[4.908s] Invoked command in '/home/shadows/ros2_ws/build/explorer_description' returned '0': CMAKE_PREFIX_PATH=${CMAKE_PREFIX_PATH}:/opt/ros/jazzy DEBUGINFOD_URLS=https://debuginfod.ubuntu.com /usr/bin/cmake --install /home/shadows/ros2_ws/build/explorer_description
