[0.007s] Invoking command in '/home/shadows/ros2_ws/build/my_mesh_interfaces': CMAKE_PREFIX_PATH=${CMAKE_PREFIX_PATH}:/opt/ros/jazzy DEBUGINFOD_URLS=https://debuginfod.ubuntu.com /usr/bin/cmake /home/shadows/ros2_ws/src/my_mesh_interfaces -DCMAKE_INSTALL_PREFIX=/home/shadows/ros2_ws/install/my_mesh_interfaces
[0.047s] -- The C compiler identification is GNU 13.3.0
[0.142s] -- The CXX compiler identification is GNU 13.3.0
[0.154s] -- Detecting C compiler ABI info
[0.213s] -- Detecting C compiler ABI info - done
[0.220s] -- Check for working C compiler: /usr/bin/cc - skipped
[0.220s] -- Detecting C compile features
[0.221s] -- Detecting C compile features - done
[0.228s] -- Detecting CXX compiler ABI info
[0.298s] -- Detecting CXX compiler ABI info - done
[0.303s] -- Check for working CXX compiler: /usr/bin/c++ - skipped
[0.304s] -- Detecting CXX compile features
[0.304s] -- Detecting CXX compile features - done
[0.306s] -- Found ament_cmake: 2.5.6 (/opt/ros/jazzy/share/ament_cmake/cmake)
[0.407s] -- Found Python3: /usr/bin/python3 (found version "3.12.3") found components: Interpreter 
[0.484s] -- Found rosidl_default_generators: 1.6.1 (/opt/ros/jazzy/share/rosidl_default_generators/cmake)
[0.488s] -- Using all available rosidl_typesupport_c: rosidl_typesupport_fastrtps_c;rosidl_typesupport_introspection_c
[0.525s] -- Using all available rosidl_typesupport_cpp: rosidl_typesupport_fastrtps_cpp;rosidl_typesupport_introspection_cpp
[0.558s] -- Found rosidl_adapter: 4.6.9 (/opt/ros/jazzy/share/rosidl_adapter/cmake)
[0.561s] -- Found sensor_msgs: 5.3.8 (/opt/ros/jazzy/share/sensor_msgs/cmake)
[0.617s] -- Found nav_msgs: 5.3.8 (/opt/ros/jazzy/share/nav_msgs/cmake)
[0.640s] -- Found tf2_msgs: 0.36.22 (/opt/ros/jazzy/share/tf2_msgs/cmake)
[1.108s] -- Found ament_cmake_ros: 0.12.1 (/opt/ros/jazzy/share/ament_cmake_ros/cmake)
[1.489s] -- Using all available rosidl_typesupport_c: rosidl_typesupport_fastrtps_c;rosidl_typesupport_introspection_c
[1.983s] -- Using all available rosidl_typesupport_cpp: rosidl_typesupport_fastrtps_cpp;rosidl_typesupport_introspection_cpp
[1.985s] -- Found python_cmake_module: 0.11.1 (/opt/ros/jazzy/share/python_cmake_module/cmake)
[2.082s] -- Found PythonExtra: /usr/bin/python3  
[2.348s] -- Found Python3: /usr/bin/python3 (found version "3.12.3") found components: Interpreter Development NumPy Development.Module Development.Embed 
[2.437s] -- Found Python3: /usr/bin/python3 (found version "3.12.3") found components: Interpreter 
[2.441s] -- Configuring done (2.4s)
[2.468s] -- Generating done (0.0s)
[2.476s] -- Build files have been written to: /home/shadows/ros2_ws/build/my_mesh_interfaces
[2.483s] Invoked command in '/home/shadows/ros2_ws/build/my_mesh_interfaces' returned '0': CMAKE_PREFIX_PATH=${CMAKE_PREFIX_PATH}:/opt/ros/jazzy DEBUGINFOD_URLS=https://debuginfod.ubuntu.com /usr/bin/cmake /home/shadows/ros2_ws/src/my_mesh_interfaces -DCMAKE_INSTALL_PREFIX=/home/shadows/ros2_ws/install/my_mesh_interfaces
[2.483s] Invoking command in '/home/shadows/ros2_ws/build/my_mesh_interfaces': CMAKE_PREFIX_PATH=${CMAKE_PREFIX_PATH}:/opt/ros/jazzy DEBUGINFOD_URLS=https://debuginfod.ubuntu.com /usr/bin/cmake --build /home/shadows/ros2_ws/build/my_mesh_interfaces -- -j20 -l20
[2.527s] [  1%] [34m[1mGenerating type hashes for ROS interfaces[0m
[2.527s] [  3%] [34m[1mGenerating Rust code for ROS interfaces[0m
[2.531s] [  3%] Built target ament_cmake_python_copy_my_mesh_interfaces
[2.665s] running egg_info
[2.665s] creating my_mesh_interfaces.egg-info
[2.666s] [  3%] Built target my_mesh_interfaces__rosidl_generator_type_description
[2.668s] [  3%] Built target my_mesh_interfaces__rs
[2.675s] [  4%] [34m[1mGenerating C code for ROS interfaces[0m
[2.676s] writing my_mesh_interfaces.egg-info/PKG-INFO
[2.676s] writing dependency_links to my_mesh_interfaces.egg-info/dependency_links.txt
[2.676s] writing top-level names to my_mesh_interfaces.egg-info/top_level.txt
[2.676s] writing manifest file 'my_mesh_interfaces.egg-info/SOURCES.txt'
[2.683s] [  6%] [34m[1mGenerating C++ code for ROS interfaces[0m
[2.708s] reading manifest file 'my_mesh_interfaces.egg-info/SOURCES.txt'
[2.708s] writing manifest file 'my_mesh_interfaces.egg-info/SOURCES.txt'
[2.729s] [  6%] Built target ament_cmake_python_build_my_mesh_interfaces_egg
[2.863s] [  6%] Built target my_mesh_interfaces__cpp
[2.896s] [  9%] [32mBuilding C object CMakeFiles/my_mesh_interfaces__rosidl_generator_c.dir/rosidl_generator_c/my_mesh_interfaces/msg/detail/mesh_map__type_support.c.o[0m
[2.896s] [  9%] [32mBuilding C object CMakeFiles/my_mesh_interfaces__rosidl_generator_c.dir/rosidl_generator_c/my_mesh_interfaces/msg/detail/mesh_map__functions.c.o[0m
[2.896s] [ 10%] [32mBuilding C object CMakeFiles/my_mesh_interfaces__rosidl_generator_c.dir/rosidl_generator_c/my_mesh_interfaces/msg/detail/mesh_tf__functions.c.o[0m
[2.896s] [ 12%] [32mBuilding C object CMakeFiles/my_mesh_interfaces__rosidl_generator_c.dir/rosidl_generator_c/my_mesh_interfaces/msg/detail/mesh_tf__type_support.c.o[0m
[2.896s] [ 13%] [32mBuilding C object CMakeFiles/my_mesh_interfaces__rosidl_generator_c.dir/rosidl_generator_c/my_mesh_interfaces/msg/detail/sender_status__description.c.o[0m
[2.896s] [ 15%] [32mBuilding C object CMakeFiles/my_mesh_interfaces__rosidl_generator_c.dir/rosidl_generator_c/my_mesh_interfaces/msg/detail/sender_status__type_support.c.o[0m
[2.897s] [ 16%] [32mBuilding C object CMakeFiles/my_mesh_interfaces__rosidl_generator_c.dir/rosidl_generator_c/my_mesh_interfaces/msg/detail/mesh_scan__description.c.o[0m
[2.897s] [ 20%] [32mBuilding C object CMakeFiles/my_mesh_interfaces__rosidl_generator_c.dir/rosidl_generator_c/my_mesh_interfaces/msg/detail/mesh_scan__type_support.c.o[0m
[2.898s] [ 20%] [32mBuilding C object CMakeFiles/my_mesh_interfaces__rosidl_generator_c.dir/rosidl_generator_c/my_mesh_interfaces/msg/detail/mesh_scan__functions.c.o[0m
[2.898s] [ 21%] [32mBuilding C object CMakeFiles/my_mesh_interfaces__rosidl_generator_c.dir/rosidl_generator_c/my_mesh_interfaces/msg/detail/mesh_map__description.c.o[0m
[2.898s] [ 23%] [32mBuilding C object CMakeFiles/my_mesh_interfaces__rosidl_generator_c.dir/rosidl_generator_c/my_mesh_interfaces/msg/detail/mesh_tf__description.c.o[0m
[2.899s] [ 24%] [32mBuilding C object CMakeFiles/my_mesh_interfaces__rosidl_generator_c.dir/rosidl_generator_c/my_mesh_interfaces/msg/detail/sender_status__functions.c.o[0m
[2.941s] [ 26%] [32m[1mLinking C shared library libmy_mesh_interfaces__rosidl_generator_c.so[0m
[2.967s] [ 26%] Built target my_mesh_interfaces__rosidl_generator_c
[2.974s] [ 29%] [34m[1mGenerating C++ type support for eProsima Fast-RTPS[0m
[2.974s] [ 29%] [34m[1mGenerating C++ type support dispatch for ROS interfaces[0m
[2.976s] [ 30%] [34m[1mGenerating C type support for eProsima Fast-RTPS[0m
[2.976s] [ 35%] [34m[1mGenerating C++ introspection for ROS interfaces[0m
[2.976s] [ 35%] [34m[1mGenerating C type support dispatch for ROS interfaces[0m
[2.976s] [ 35%] [34m[1mGenerating C introspection for ROS interfaces[0m
[3.134s] [ 36%] [32mBuilding CXX object CMakeFiles/my_mesh_interfaces__rosidl_typesupport_cpp.dir/rosidl_typesupport_cpp/my_mesh_interfaces/msg/sender_status__type_support.cpp.o[0m
[3.134s] [ 38%] [32mBuilding CXX object CMakeFiles/my_mesh_interfaces__rosidl_typesupport_cpp.dir/rosidl_typesupport_cpp/my_mesh_interfaces/msg/mesh_tf__type_support.cpp.o[0m
[3.135s] [ 44%] [32mBuilding CXX object CMakeFiles/my_mesh_interfaces__rosidl_typesupport_cpp.dir/rosidl_typesupport_cpp/my_mesh_interfaces/msg/mesh_map__type_support.cpp.o[0m
[3.135s] [ 44%] [32mBuilding CXX object CMakeFiles/my_mesh_interfaces__rosidl_typesupport_cpp.dir/rosidl_typesupport_cpp/my_mesh_interfaces/msg/mesh_scan__type_support.cpp.o[0m
[3.136s] [ 44%] [32mBuilding CXX object CMakeFiles/my_mesh_interfaces__rosidl_typesupport_c.dir/rosidl_typesupport_c/my_mesh_interfaces/msg/mesh_scan__type_support.cpp.o[0m
[3.136s] [ 44%] [32mBuilding CXX object CMakeFiles/my_mesh_interfaces__rosidl_typesupport_c.dir/rosidl_typesupport_c/my_mesh_interfaces/msg/mesh_map__type_support.cpp.o[0m
[3.136s] [ 47%] [32mBuilding CXX object CMakeFiles/my_mesh_interfaces__rosidl_typesupport_c.dir/rosidl_typesupport_c/my_mesh_interfaces/msg/sender_status__type_support.cpp.o[0m
[3.136s] [ 47%] [32mBuilding CXX object CMakeFiles/my_mesh_interfaces__rosidl_typesupport_c.dir/rosidl_typesupport_c/my_mesh_interfaces/msg/mesh_tf__type_support.cpp.o[0m
[3.157s] [ 49%] [32mBuilding C object CMakeFiles/my_mesh_interfaces__rosidl_typesupport_introspection_c.dir/rosidl_typesupport_introspection_c/my_mesh_interfaces/msg/detail/mesh_map__type_support.c.o[0m
[3.157s] [ 53%] [32mBuilding CXX object CMakeFiles/my_mesh_interfaces__rosidl_typesupport_introspection_cpp.dir/rosidl_typesupport_introspection_cpp/my_mesh_interfaces/msg/detail/mesh_scan__type_support.cpp.o[0m
[3.157s] [ 53%] [32mBuilding CXX object CMakeFiles/my_mesh_interfaces__rosidl_typesupport_introspection_cpp.dir/rosidl_typesupport_introspection_cpp/my_mesh_interfaces/msg/detail/mesh_tf__type_support.cpp.o[0m
[3.157s] [ 53%] [32mBuilding CXX object CMakeFiles/my_mesh_interfaces__rosidl_typesupport_introspection_cpp.dir/rosidl_typesupport_introspection_cpp/my_mesh_interfaces/msg/detail/sender_status__type_support.cpp.o[0m
[3.157s] [ 55%] [32mBuilding CXX object CMakeFiles/my_mesh_interfaces__rosidl_typesupport_introspection_cpp.dir/rosidl_typesupport_introspection_cpp/my_mesh_interfaces/msg/detail/mesh_map__type_support.cpp.o[0m
[3.158s] [ 56%] [32mBuilding C object CMakeFiles/my_mesh_interfaces__rosidl_typesupport_introspection_c.dir/rosidl_typesupport_introspection_c/my_mesh_interfaces/msg/detail/sender_status__type_support.c.o[0m
[3.158s] [ 58%] [32mBuilding C object CMakeFiles/my_mesh_interfaces__rosidl_typesupport_introspection_c.dir/rosidl_typesupport_introspection_c/my_mesh_interfaces/msg/detail/mesh_tf__type_support.c.o[0m
[3.159s] [ 60%] [32mBuilding C object CMakeFiles/my_mesh_interfaces__rosidl_typesupport_introspection_c.dir/rosidl_typesupport_introspection_c/my_mesh_interfaces/msg/detail/mesh_scan__type_support.c.o[0m
[3.177s] [ 61%] [32m[1mLinking CXX shared library libmy_mesh_interfaces__rosidl_typesupport_c.so[0m
[3.192s] [ 63%] [32m[1mLinking C shared library libmy_mesh_interfaces__rosidl_typesupport_introspection_c.so[0m
[3.194s] [ 64%] [32mBuilding CXX object CMakeFiles/my_mesh_interfaces__rosidl_typesupport_fastrtps_cpp.dir/rosidl_typesupport_fastrtps_cpp/my_mesh_interfaces/msg/detail/dds_fastrtps/mesh_tf__type_support.cpp.o[0m
[3.194s] [ 66%] [32mBuilding CXX object CMakeFiles/my_mesh_interfaces__rosidl_typesupport_fastrtps_cpp.dir/rosidl_typesupport_fastrtps_cpp/my_mesh_interfaces/msg/detail/dds_fastrtps/mesh_scan__type_support.cpp.o[0m
[3.194s] [ 67%] [32mBuilding CXX object CMakeFiles/my_mesh_interfaces__rosidl_typesupport_fastrtps_cpp.dir/rosidl_typesupport_fastrtps_cpp/my_mesh_interfaces/msg/detail/dds_fastrtps/mesh_map__type_support.cpp.o[0m
[3.196s] [ 69%] [32mBuilding CXX object CMakeFiles/my_mesh_interfaces__rosidl_typesupport_fastrtps_cpp.dir/rosidl_typesupport_fastrtps_cpp/my_mesh_interfaces/msg/detail/dds_fastrtps/sender_status__type_support.cpp.o[0m
[3.208s] [ 73%] [32mBuilding CXX object CMakeFiles/my_mesh_interfaces__rosidl_typesupport_fastrtps_c.dir/rosidl_typesupport_fastrtps_c/my_mesh_interfaces/msg/detail/mesh_tf__type_support_c.cpp.o[0m
[3.209s] [ 73%] [32mBuilding CXX object CMakeFiles/my_mesh_interfaces__rosidl_typesupport_fastrtps_c.dir/rosidl_typesupport_fastrtps_c/my_mesh_interfaces/msg/detail/mesh_scan__type_support_c.cpp.o[0m
[3.209s] [ 73%] [32mBuilding CXX object CMakeFiles/my_mesh_interfaces__rosidl_typesupport_fastrtps_c.dir/rosidl_typesupport_fastrtps_c/my_mesh_interfaces/msg/detail/sender_status__type_support_c.cpp.o[0m
[3.209s] [ 75%] [32mBuilding CXX object CMakeFiles/my_mesh_interfaces__rosidl_typesupport_fastrtps_c.dir/rosidl_typesupport_fastrtps_c/my_mesh_interfaces/msg/detail/mesh_map__type_support_c.cpp.o[0m
[3.219s] [ 75%] Built target my_mesh_interfaces__rosidl_typesupport_c
[3.220s] [ 75%] Built target my_mesh_interfaces__rosidl_typesupport_introspection_c
[3.517s] [ 76%] [32m[1mLinking CXX shared library libmy_mesh_interfaces__rosidl_typesupport_cpp.so[0m
[3.519s] [ 78%] [32m[1mLinking CXX shared library libmy_mesh_interfaces__rosidl_typesupport_introspection_cpp.so[0m
[3.553s] [ 78%] Built target my_mesh_interfaces__rosidl_typesupport_cpp
[3.570s] [ 78%] Built target my_mesh_interfaces__rosidl_typesupport_introspection_cpp
[3.571s] [ 80%] [32m[1mLinking CXX shared library libmy_mesh_interfaces__rosidl_typesupport_fastrtps_c.so[0m
[3.578s] [ 81%] [32m[1mLinking CXX shared library libmy_mesh_interfaces__rosidl_typesupport_fastrtps_cpp.so[0m
[3.664s] [ 81%] Built target my_mesh_interfaces__rosidl_typesupport_fastrtps_c
[3.666s] [ 81%] Built target my_mesh_interfaces__rosidl_typesupport_fastrtps_cpp
[3.681s] [ 81%] Built target my_mesh_interfaces
[3.697s] [ 83%] [34m[1mGenerating Python code for ROS interfaces[0m
[3.927s] [ 83%] Built target my_mesh_interfaces__py
[3.940s] [ 84%] [32mBuilding C object CMakeFiles/my_mesh_interfaces__rosidl_generator_py.dir/rosidl_generator_py/my_mesh_interfaces/msg/_mesh_map_s.c.o[0m
[3.942s] [ 86%] [32mBuilding C object CMakeFiles/my_mesh_interfaces__rosidl_generator_py.dir/rosidl_generator_py/my_mesh_interfaces/msg/_mesh_scan_s.c.o[0m
[3.942s] [ 87%] [32mBuilding C object CMakeFiles/my_mesh_interfaces__rosidl_generator_py.dir/rosidl_generator_py/my_mesh_interfaces/msg/_mesh_tf_s.c.o[0m
[3.943s] [ 89%] [32mBuilding C object CMakeFiles/my_mesh_interfaces__rosidl_generator_py.dir/rosidl_generator_py/my_mesh_interfaces/msg/_sender_status_s.c.o[0m
[4.020s] [ 90%] [32m[1mLinking C shared library libmy_mesh_interfaces__rosidl_generator_py.so[0m
[4.088s] [ 90%] Built target my_mesh_interfaces__rosidl_generator_py
[4.105s] [ 92%] [32mBuilding C object CMakeFiles/my_mesh_interfaces_s__rosidl_typesupport_c.dir/rosidl_generator_py/my_mesh_interfaces/_my_mesh_interfaces_s.ep.rosidl_typesupport_c.c.o[0m
[4.105s] [ 93%] [32mBuilding C object CMakeFiles/my_mesh_interfaces_s__rosidl_typesupport_fastrtps_c.dir/rosidl_generator_py/my_mesh_interfaces/_my_mesh_interfaces_s.ep.rosidl_typesupport_fastrtps_c.c.o[0m
[4.106s] [ 95%] [32mBuilding C object CMakeFiles/my_mesh_interfaces_s__rosidl_typesupport_introspection_c.dir/rosidl_generator_py/my_mesh_interfaces/_my_mesh_interfaces_s.ep.rosidl_typesupport_introspection_c.c.o[0m
[4.208s] [ 96%] [32m[1mLinking C shared module rosidl_generator_py/my_mesh_interfaces/my_mesh_interfaces_s__rosidl_typesupport_c.so[0m
[4.209s] [100%] [32m[1mLinking C shared module rosidl_generator_py/my_mesh_interfaces/my_mesh_interfaces_s__rosidl_typesupport_fastrtps_c.so[0m
[4.209s] [100%] [32m[1mLinking C shared module rosidl_generator_py/my_mesh_interfaces/my_mesh_interfaces_s__rosidl_typesupport_introspection_c.so[0m
[4.234s] [100%] Built target my_mesh_interfaces_s__rosidl_typesupport_introspection_c
[4.235s] [100%] Built target my_mesh_interfaces_s__rosidl_typesupport_c
[4.235s] [100%] Built target my_mesh_interfaces_s__rosidl_typesupport_fastrtps_c
[4.245s] Invoked command in '/home/shadows/ros2_ws/build/my_mesh_interfaces' returned '0': CMAKE_PREFIX_PATH=${CMAKE_PREFIX_PATH}:/opt/ros/jazzy DEBUGINFOD_URLS=https://debuginfod.ubuntu.com /usr/bin/cmake --build /home/shadows/ros2_ws/build/my_mesh_interfaces -- -j20 -l20
[4.253s] Invoking command in '/home/shadows/ros2_ws/build/my_mesh_interfaces': CMAKE_PREFIX_PATH=${CMAKE_PREFIX_PATH}:/opt/ros/jazzy DEBUGINFOD_URLS=https://debuginfod.ubuntu.com /usr/bin/cmake --install /home/shadows/ros2_ws/build/my_mesh_interfaces
[4.260s] -- Install configuration: ""
[4.260s] -- Installing: /home/shadows/ros2_ws/install/my_mesh_interfaces/share/ament_index/resource_index/rosidl_interfaces/my_mesh_interfaces
[4.260s] -- Installing: /home/shadows/ros2_ws/install/my_mesh_interfaces/share/my_mesh_interfaces/msg/MeshScan.json
[4.260s] -- Installing: /home/shadows/ros2_ws/install/my_mesh_interfaces/share/my_mesh_interfaces/msg/MeshMap.json
[4.260s] -- Installing: /home/shadows/ros2_ws/install/my_mesh_interfaces/share/my_mesh_interfaces/msg/MeshTf.json
[4.261s] -- Installing: /home/shadows/ros2_ws/install/my_mesh_interfaces/share/my_mesh_interfaces/msg/SenderStatus.json
[4.261s] -- Installing: /home/shadows/ros2_ws/install/my_mesh_interfaces/include/my_mesh_interfaces/my_mesh_interfaces
[4.261s] -- Installing: /home/shadows/ros2_ws/install/my_mesh_interfaces/include/my_mesh_interfaces/my_mesh_interfaces/msg
[4.261s] -- Installing: /home/shadows/ros2_ws/install/my_mesh_interfaces/include/my_mesh_interfaces/my_mesh_interfaces/msg/sender_status.h
[4.261s] -- Installing: /home/shadows/ros2_ws/install/my_mesh_interfaces/include/my_mesh_interfaces/my_mesh_interfaces/msg/mesh_scan.h
[4.261s] -- Installing: /home/shadows/ros2_ws/install/my_mesh_interfaces/include/my_mesh_interfaces/my_mesh_interfaces/msg/mesh_tf.h
[4.261s] -- Installing: /home/shadows/ros2_ws/install/my_mesh_interfaces/include/my_mesh_interfaces/my_mesh_interfaces/msg/rosidl_generator_c__visibility_control.h
[4.261s] -- Installing: /home/shadows/ros2_ws/install/my_mesh_interfaces/include/my_mesh_interfaces/my_mesh_interfaces/msg/mesh_map.h
[4.261s] -- Installing: /home/shadows/ros2_ws/install/my_mesh_interfaces/include/my_mesh_interfaces/my_mesh_interfaces/msg/detail
[4.261s] -- Installing: /home/shadows/ros2_ws/install/my_mesh_interfaces/include/my_mesh_interfaces/my_mesh_interfaces/msg/detail/mesh_tf__functions.h
[4.261s] -- Installing: /home/shadows/ros2_ws/install/my_mesh_interfaces/include/my_mesh_interfaces/my_mesh_interfaces/msg/detail/mesh_scan__functions.c
[4.261s] -- Installing: /home/shadows/ros2_ws/install/my_mesh_interfaces/include/my_mesh_interfaces/my_mesh_interfaces/msg/detail/mesh_map__functions.c
[4.262s] -- Installing: /home/shadows/ros2_ws/install/my_mesh_interfaces/include/my_mesh_interfaces/my_mesh_interfaces/msg/detail/mesh_map__functions.h
[4.262s] -- Installing: /home/shadows/ros2_ws/install/my_mesh_interfaces/include/my_mesh_interfaces/my_mesh_interfaces/msg/detail/mesh_scan__type_support.h
[4.262s] -- Installing: /home/shadows/ros2_ws/install/my_mesh_interfaces/include/my_mesh_interfaces/my_mesh_interfaces/msg/detail/sender_status__functions.h
[4.262s] -- Installing: /home/shadows/ros2_ws/install/my_mesh_interfaces/include/my_mesh_interfaces/my_mesh_interfaces/msg/detail/mesh_tf__type_support.h
[4.262s] -- Installing: /home/shadows/ros2_ws/install/my_mesh_interfaces/include/my_mesh_interfaces/my_mesh_interfaces/msg/detail/sender_status__functions.c
[4.262s] -- Installing: /home/shadows/ros2_ws/install/my_mesh_interfaces/include/my_mesh_interfaces/my_mesh_interfaces/msg/detail/mesh_tf__type_support.c
[4.262s] -- Installing: /home/shadows/ros2_ws/install/my_mesh_interfaces/include/my_mesh_interfaces/my_mesh_interfaces/msg/detail/mesh_scan__description.c
[4.262s] -- Installing: /home/shadows/ros2_ws/install/my_mesh_interfaces/include/my_mesh_interfaces/my_mesh_interfaces/msg/detail/mesh_scan__type_support.c
[4.262s] -- Installing: /home/shadows/ros2_ws/install/my_mesh_interfaces/include/my_mesh_interfaces/my_mesh_interfaces/msg/detail/mesh_tf__description.c
[4.262s] -- Installing: /home/shadows/ros2_ws/install/my_mesh_interfaces/include/my_mesh_interfaces/my_mesh_interfaces/msg/detail/mesh_map__description.c
[4.262s] -- Installing: /home/shadows/ros2_ws/install/my_mesh_interfaces/include/my_mesh_interfaces/my_mesh_interfaces/msg/detail/sender_status__struct.h
[4.262s] -- Installing: /home/shadows/ros2_ws/install/my_mesh_interfaces/include/my_mesh_interfaces/my_mesh_interfaces/msg/detail/mesh_map__type_support.h
[4.262s] -- Installing: /home/shadows/ros2_ws/install/my_mesh_interfaces/include/my_mesh_interfaces/my_mesh_interfaces/msg/detail/mesh_map__struct.h
[4.262s] -- Installing: /home/shadows/ros2_ws/install/my_mesh_interfaces/include/my_mesh_interfaces/my_mesh_interfaces/msg/detail/mesh_tf__functions.c
[4.262s] -- Installing: /home/shadows/ros2_ws/install/my_mesh_interfaces/include/my_mesh_interfaces/my_mesh_interfaces/msg/detail/mesh_scan__functions.h
[4.262s] -- Installing: /home/shadows/ros2_ws/install/my_mesh_interfaces/include/my_mesh_interfaces/my_mesh_interfaces/msg/detail/mesh_map__type_support.c
[4.262s] -- Installing: /home/shadows/ros2_ws/install/my_mesh_interfaces/include/my_mesh_interfaces/my_mesh_interfaces/msg/detail/sender_status__type_support.h
[4.262s] -- Installing: /home/shadows/ros2_ws/install/my_mesh_interfaces/include/my_mesh_interfaces/my_mesh_interfaces/msg/detail/sender_status__description.c
[4.262s] -- Installing: /home/shadows/ros2_ws/install/my_mesh_interfaces/include/my_mesh_interfaces/my_mesh_interfaces/msg/detail/mesh_scan__struct.h
[4.262s] -- Installing: /home/shadows/ros2_ws/install/my_mesh_interfaces/include/my_mesh_interfaces/my_mesh_interfaces/msg/detail/mesh_tf__struct.h
[4.262s] -- Installing: /home/shadows/ros2_ws/install/my_mesh_interfaces/include/my_mesh_interfaces/my_mesh_interfaces/msg/detail/sender_status__type_support.c
[4.262s] -- Installing: /home/shadows/ros2_ws/install/my_mesh_interfaces/share/my_mesh_interfaces/environment/library_path.sh
[4.262s] -- Installing: /home/shadows/ros2_ws/install/my_mesh_interfaces/share/my_mesh_interfaces/environment/library_path.dsv
[4.262s] -- Installing: /home/shadows/ros2_ws/install/my_mesh_interfaces/lib/libmy_mesh_interfaces__rosidl_generator_c.so
[4.262s] -- Set non-toolchain portion of runtime path of "/home/shadows/ros2_ws/install/my_mesh_interfaces/lib/libmy_mesh_interfaces__rosidl_generator_c.so" to ""
[4.263s] -- Up-to-date: /home/shadows/ros2_ws/install/my_mesh_interfaces/include/my_mesh_interfaces/my_mesh_interfaces
[4.263s] -- Up-to-date: /home/shadows/ros2_ws/install/my_mesh_interfaces/include/my_mesh_interfaces/my_mesh_interfaces/msg
[4.263s] -- Installing: /home/shadows/ros2_ws/install/my_mesh_interfaces/include/my_mesh_interfaces/my_mesh_interfaces/msg/rosidl_typesupport_fastrtps_c__visibility_control.h
[4.263s] -- Up-to-date: /home/shadows/ros2_ws/install/my_mesh_interfaces/include/my_mesh_interfaces/my_mesh_interfaces/msg/detail
[4.263s] -- Installing: /home/shadows/ros2_ws/install/my_mesh_interfaces/include/my_mesh_interfaces/my_mesh_interfaces/msg/detail/mesh_tf__rosidl_typesupport_fastrtps_c.h
[4.263s] -- Installing: /home/shadows/ros2_ws/install/my_mesh_interfaces/include/my_mesh_interfaces/my_mesh_interfaces/msg/detail/sender_status__rosidl_typesupport_fastrtps_c.h
[4.263s] -- Installing: /home/shadows/ros2_ws/install/my_mesh_interfaces/include/my_mesh_interfaces/my_mesh_interfaces/msg/detail/mesh_scan__rosidl_typesupport_fastrtps_c.h
[4.263s] -- Installing: /home/shadows/ros2_ws/install/my_mesh_interfaces/include/my_mesh_interfaces/my_mesh_interfaces/msg/detail/mesh_map__rosidl_typesupport_fastrtps_c.h
[4.263s] -- Installing: /home/shadows/ros2_ws/install/my_mesh_interfaces/lib/libmy_mesh_interfaces__rosidl_typesupport_fastrtps_c.so
[4.263s] -- Set non-toolchain portion of runtime path of "/home/shadows/ros2_ws/install/my_mesh_interfaces/lib/libmy_mesh_interfaces__rosidl_typesupport_fastrtps_c.so" to ""
[4.263s] -- Up-to-date: /home/shadows/ros2_ws/install/my_mesh_interfaces/include/my_mesh_interfaces/my_mesh_interfaces
[4.263s] -- Up-to-date: /home/shadows/ros2_ws/install/my_mesh_interfaces/include/my_mesh_interfaces/my_mesh_interfaces/msg
[4.263s] -- Installing: /home/shadows/ros2_ws/install/my_mesh_interfaces/include/my_mesh_interfaces/my_mesh_interfaces/msg/rosidl_typesupport_introspection_c__visibility_control.h
[4.263s] -- Up-to-date: /home/shadows/ros2_ws/install/my_mesh_interfaces/include/my_mesh_interfaces/my_mesh_interfaces/msg/detail
[4.263s] -- Installing: /home/shadows/ros2_ws/install/my_mesh_interfaces/include/my_mesh_interfaces/my_mesh_interfaces/msg/detail/mesh_scan__rosidl_typesupport_introspection_c.h
[4.263s] -- Installing: /home/shadows/ros2_ws/install/my_mesh_interfaces/include/my_mesh_interfaces/my_mesh_interfaces/msg/detail/mesh_tf__rosidl_typesupport_introspection_c.h
[4.263s] -- Installing: /home/shadows/ros2_ws/install/my_mesh_interfaces/include/my_mesh_interfaces/my_mesh_interfaces/msg/detail/mesh_tf__type_support.c
[4.263s] -- Installing: /home/shadows/ros2_ws/install/my_mesh_interfaces/include/my_mesh_interfaces/my_mesh_interfaces/msg/detail/mesh_map__rosidl_typesupport_introspection_c.h
[4.263s] -- Installing: /home/shadows/ros2_ws/install/my_mesh_interfaces/include/my_mesh_interfaces/my_mesh_interfaces/msg/detail/sender_status__rosidl_typesupport_introspection_c.h
[4.263s] -- Installing: /home/shadows/ros2_ws/install/my_mesh_interfaces/include/my_mesh_interfaces/my_mesh_interfaces/msg/detail/mesh_scan__type_support.c
[4.263s] -- Installing: /home/shadows/ros2_ws/install/my_mesh_interfaces/include/my_mesh_interfaces/my_mesh_interfaces/msg/detail/mesh_map__type_support.c
[4.263s] -- Installing: /home/shadows/ros2_ws/install/my_mesh_interfaces/include/my_mesh_interfaces/my_mesh_interfaces/msg/detail/sender_status__type_support.c
[4.263s] -- Installing: /home/shadows/ros2_ws/install/my_mesh_interfaces/lib/libmy_mesh_interfaces__rosidl_typesupport_introspection_c.so
[4.263s] -- Set non-toolchain portion of runtime path of "/home/shadows/ros2_ws/install/my_mesh_interfaces/lib/libmy_mesh_interfaces__rosidl_typesupport_introspection_c.so" to ""
[4.263s] -- Installing: /home/shadows/ros2_ws/install/my_mesh_interfaces/lib/libmy_mesh_interfaces__rosidl_typesupport_c.so
[4.263s] -- Set non-toolchain portion of runtime path of "/home/shadows/ros2_ws/install/my_mesh_interfaces/lib/libmy_mesh_interfaces__rosidl_typesupport_c.so" to ""
[4.264s] -- Up-to-date: /home/shadows/ros2_ws/install/my_mesh_interfaces/include/my_mesh_interfaces/my_mesh_interfaces
[4.264s] -- Up-to-date: /home/shadows/ros2_ws/install/my_mesh_interfaces/include/my_mesh_interfaces/my_mesh_interfaces/msg
[4.264s] -- Installing: /home/shadows/ros2_ws/install/my_mesh_interfaces/include/my_mesh_interfaces/my_mesh_interfaces/msg/sender_status.hpp
[4.264s] -- Installing: /home/shadows/ros2_ws/install/my_mesh_interfaces/include/my_mesh_interfaces/my_mesh_interfaces/msg/mesh_map.hpp
[4.264s] -- Installing: /home/shadows/ros2_ws/install/my_mesh_interfaces/include/my_mesh_interfaces/my_mesh_interfaces/msg/mesh_scan.hpp
[4.264s] -- Installing: /home/shadows/ros2_ws/install/my_mesh_interfaces/include/my_mesh_interfaces/my_mesh_interfaces/msg/mesh_tf.hpp
[4.264s] -- Installing: /home/shadows/ros2_ws/install/my_mesh_interfaces/include/my_mesh_interfaces/my_mesh_interfaces/msg/rosidl_generator_cpp__visibility_control.hpp
[4.264s] -- Up-to-date: /home/shadows/ros2_ws/install/my_mesh_interfaces/include/my_mesh_interfaces/my_mesh_interfaces/msg/detail
[4.264s] -- Installing: /home/shadows/ros2_ws/install/my_mesh_interfaces/include/my_mesh_interfaces/my_mesh_interfaces/msg/detail/sender_status__builder.hpp
[4.264s] -- Installing: /home/shadows/ros2_ws/install/my_mesh_interfaces/include/my_mesh_interfaces/my_mesh_interfaces/msg/detail/sender_status__traits.hpp
[4.264s] -- Installing: /home/shadows/ros2_ws/install/my_mesh_interfaces/include/my_mesh_interfaces/my_mesh_interfaces/msg/detail/mesh_scan__type_support.hpp
[4.264s] -- Installing: /home/shadows/ros2_ws/install/my_mesh_interfaces/include/my_mesh_interfaces/my_mesh_interfaces/msg/detail/mesh_scan__traits.hpp
[4.264s] -- Installing: /home/shadows/ros2_ws/install/my_mesh_interfaces/include/my_mesh_interfaces/my_mesh_interfaces/msg/detail/mesh_tf__traits.hpp
[4.264s] -- Installing: /home/shadows/ros2_ws/install/my_mesh_interfaces/include/my_mesh_interfaces/my_mesh_interfaces/msg/detail/mesh_map__type_support.hpp
[4.264s] -- Installing: /home/shadows/ros2_ws/install/my_mesh_interfaces/include/my_mesh_interfaces/my_mesh_interfaces/msg/detail/mesh_map__traits.hpp
[4.264s] -- Installing: /home/shadows/ros2_ws/install/my_mesh_interfaces/include/my_mesh_interfaces/my_mesh_interfaces/msg/detail/sender_status__type_support.hpp
[4.264s] -- Installing: /home/shadows/ros2_ws/install/my_mesh_interfaces/include/my_mesh_interfaces/my_mesh_interfaces/msg/detail/mesh_map__builder.hpp
[4.264s] -- Installing: /home/shadows/ros2_ws/install/my_mesh_interfaces/include/my_mesh_interfaces/my_mesh_interfaces/msg/detail/mesh_scan__struct.hpp
[4.264s] -- Installing: /home/shadows/ros2_ws/install/my_mesh_interfaces/include/my_mesh_interfaces/my_mesh_interfaces/msg/detail/mesh_tf__builder.hpp
[4.264s] -- Installing: /home/shadows/ros2_ws/install/my_mesh_interfaces/include/my_mesh_interfaces/my_mesh_interfaces/msg/detail/mesh_scan__builder.hpp
[4.264s] -- Installing: /home/shadows/ros2_ws/install/my_mesh_interfaces/include/my_mesh_interfaces/my_mesh_interfaces/msg/detail/mesh_tf__type_support.hpp
[4.264s] -- Installing: /home/shadows/ros2_ws/install/my_mesh_interfaces/include/my_mesh_interfaces/my_mesh_interfaces/msg/detail/sender_status__struct.hpp
[4.264s] -- Installing: /home/shadows/ros2_ws/install/my_mesh_interfaces/include/my_mesh_interfaces/my_mesh_interfaces/msg/detail/mesh_tf__struct.hpp
[4.264s] -- Installing: /home/shadows/ros2_ws/install/my_mesh_interfaces/include/my_mesh_interfaces/my_mesh_interfaces/msg/detail/mesh_map__struct.hpp
[4.264s] -- Up-to-date: /home/shadows/ros2_ws/install/my_mesh_interfaces/include/my_mesh_interfaces/my_mesh_interfaces
[4.264s] -- Up-to-date: /home/shadows/ros2_ws/install/my_mesh_interfaces/include/my_mesh_interfaces/my_mesh_interfaces/msg
[4.264s] -- Installing: /home/shadows/ros2_ws/install/my_mesh_interfaces/include/my_mesh_interfaces/my_mesh_interfaces/msg/rosidl_typesupport_fastrtps_cpp__visibility_control.h
[4.264s] -- Up-to-date: /home/shadows/ros2_ws/install/my_mesh_interfaces/include/my_mesh_interfaces/my_mesh_interfaces/msg/detail
[4.265s] -- Installing: /home/shadows/ros2_ws/install/my_mesh_interfaces/include/my_mesh_interfaces/my_mesh_interfaces/msg/detail/mesh_map__rosidl_typesupport_fastrtps_cpp.hpp
[4.265s] -- Installing: /home/shadows/ros2_ws/install/my_mesh_interfaces/include/my_mesh_interfaces/my_mesh_interfaces/msg/detail/sender_status__rosidl_typesupport_fastrtps_cpp.hpp
[4.265s] -- Installing: /home/shadows/ros2_ws/install/my_mesh_interfaces/include/my_mesh_interfaces/my_mesh_interfaces/msg/detail/mesh_tf__rosidl_typesupport_fastrtps_cpp.hpp
[4.265s] -- Installing: /home/shadows/ros2_ws/install/my_mesh_interfaces/include/my_mesh_interfaces/my_mesh_interfaces/msg/detail/dds_fastrtps
[4.265s] -- Installing: /home/shadows/ros2_ws/install/my_mesh_interfaces/include/my_mesh_interfaces/my_mesh_interfaces/msg/detail/mesh_scan__rosidl_typesupport_fastrtps_cpp.hpp
[4.265s] -- Installing: /home/shadows/ros2_ws/install/my_mesh_interfaces/lib/libmy_mesh_interfaces__rosidl_typesupport_fastrtps_cpp.so
[4.265s] -- Set non-toolchain portion of runtime path of "/home/shadows/ros2_ws/install/my_mesh_interfaces/lib/libmy_mesh_interfaces__rosidl_typesupport_fastrtps_cpp.so" to ""
[4.265s] -- Up-to-date: /home/shadows/ros2_ws/install/my_mesh_interfaces/include/my_mesh_interfaces/my_mesh_interfaces
[4.265s] -- Up-to-date: /home/shadows/ros2_ws/install/my_mesh_interfaces/include/my_mesh_interfaces/my_mesh_interfaces/msg
[4.265s] -- Up-to-date: /home/shadows/ros2_ws/install/my_mesh_interfaces/include/my_mesh_interfaces/my_mesh_interfaces/msg/detail
[4.265s] -- Installing: /home/shadows/ros2_ws/install/my_mesh_interfaces/include/my_mesh_interfaces/my_mesh_interfaces/msg/detail/mesh_scan__type_support.cpp
[4.265s] -- Installing: /home/shadows/ros2_ws/install/my_mesh_interfaces/include/my_mesh_interfaces/my_mesh_interfaces/msg/detail/sender_status__type_support.cpp
[4.265s] -- Installing: /home/shadows/ros2_ws/install/my_mesh_interfaces/include/my_mesh_interfaces/my_mesh_interfaces/msg/detail/mesh_tf__rosidl_typesupport_introspection_cpp.hpp
[4.265s] -- Installing: /home/shadows/ros2_ws/install/my_mesh_interfaces/include/my_mesh_interfaces/my_mesh_interfaces/msg/detail/mesh_tf__type_support.cpp
[4.265s] -- Installing: /home/shadows/ros2_ws/install/my_mesh_interfaces/include/my_mesh_interfaces/my_mesh_interfaces/msg/detail/mesh_map__type_support.cpp
[4.265s] -- Installing: /home/shadows/ros2_ws/install/my_mesh_interfaces/include/my_mesh_interfaces/my_mesh_interfaces/msg/detail/sender_status__rosidl_typesupport_introspection_cpp.hpp
[4.265s] -- Installing: /home/shadows/ros2_ws/install/my_mesh_interfaces/include/my_mesh_interfaces/my_mesh_interfaces/msg/detail/mesh_scan__rosidl_typesupport_introspection_cpp.hpp
[4.265s] -- Installing: /home/shadows/ros2_ws/install/my_mesh_interfaces/include/my_mesh_interfaces/my_mesh_interfaces/msg/detail/mesh_map__rosidl_typesupport_introspection_cpp.hpp
[4.265s] -- Installing: /home/shadows/ros2_ws/install/my_mesh_interfaces/lib/libmy_mesh_interfaces__rosidl_typesupport_introspection_cpp.so
[4.265s] -- Set non-toolchain portion of runtime path of "/home/shadows/ros2_ws/install/my_mesh_interfaces/lib/libmy_mesh_interfaces__rosidl_typesupport_introspection_cpp.so" to ""
[4.265s] -- Installing: /home/shadows/ros2_ws/install/my_mesh_interfaces/lib/libmy_mesh_interfaces__rosidl_typesupport_cpp.so
[4.265s] -- Set non-toolchain portion of runtime path of "/home/shadows/ros2_ws/install/my_mesh_interfaces/lib/libmy_mesh_interfaces__rosidl_typesupport_cpp.so" to ""
[4.265s] -- Installing: /home/shadows/ros2_ws/install/my_mesh_interfaces/share/my_mesh_interfaces/environment/pythonpath.sh
[4.265s] -- Installing: /home/shadows/ros2_ws/install/my_mesh_interfaces/share/my_mesh_interfaces/environment/pythonpath.dsv
[4.265s] -- Installing: /home/shadows/ros2_ws/install/my_mesh_interfaces/lib/python3.12/site-packages/my_mesh_interfaces-0.0.0-py3.12.egg-info
[4.265s] -- Installing: /home/shadows/ros2_ws/install/my_mesh_interfaces/lib/python3.12/site-packages/my_mesh_interfaces-0.0.0-py3.12.egg-info/SOURCES.txt
[4.265s] -- Installing: /home/shadows/ros2_ws/install/my_mesh_interfaces/lib/python3.12/site-packages/my_mesh_interfaces-0.0.0-py3.12.egg-info/dependency_links.txt
[4.265s] -- Installing: /home/shadows/ros2_ws/install/my_mesh_interfaces/lib/python3.12/site-packages/my_mesh_interfaces-0.0.0-py3.12.egg-info/top_level.txt
[4.265s] -- Installing: /home/shadows/ros2_ws/install/my_mesh_interfaces/lib/python3.12/site-packages/my_mesh_interfaces-0.0.0-py3.12.egg-info/PKG-INFO
[4.266s] -- Installing: /home/shadows/ros2_ws/install/my_mesh_interfaces/lib/python3.12/site-packages/my_mesh_interfaces
[4.266s] -- Installing: /home/shadows/ros2_ws/install/my_mesh_interfaces/lib/python3.12/site-packages/my_mesh_interfaces/my_mesh_interfaces_s__rosidl_typesupport_c.so
[4.266s] -- Installing: /home/shadows/ros2_ws/install/my_mesh_interfaces/lib/python3.12/site-packages/my_mesh_interfaces/_my_mesh_interfaces_s.ep.rosidl_typesupport_c.c
[4.266s] -- Installing: /home/shadows/ros2_ws/install/my_mesh_interfaces/lib/python3.12/site-packages/my_mesh_interfaces/__init__.py
[4.266s] -- Installing: /home/shadows/ros2_ws/install/my_mesh_interfaces/lib/python3.12/site-packages/my_mesh_interfaces/_my_mesh_interfaces_s.ep.rosidl_typesupport_introspection_c.c
[4.266s] -- Installing: /home/shadows/ros2_ws/install/my_mesh_interfaces/lib/python3.12/site-packages/my_mesh_interfaces/_my_mesh_interfaces_s.ep.rosidl_typesupport_fastrtps_c.c
[4.266s] -- Installing: /home/shadows/ros2_ws/install/my_mesh_interfaces/lib/python3.12/site-packages/my_mesh_interfaces/my_mesh_interfaces_s__rosidl_typesupport_fastrtps_c.so
[4.266s] -- Installing: /home/shadows/ros2_ws/install/my_mesh_interfaces/lib/python3.12/site-packages/my_mesh_interfaces/my_mesh_interfaces_s__rosidl_typesupport_introspection_c.so
[4.266s] -- Installing: /home/shadows/ros2_ws/install/my_mesh_interfaces/lib/python3.12/site-packages/my_mesh_interfaces/msg
[4.266s] -- Installing: /home/shadows/ros2_ws/install/my_mesh_interfaces/lib/python3.12/site-packages/my_mesh_interfaces/msg/_sender_status_s.c
[4.266s] -- Installing: /home/shadows/ros2_ws/install/my_mesh_interfaces/lib/python3.12/site-packages/my_mesh_interfaces/msg/_mesh_tf.py
[4.266s] -- Installing: /home/shadows/ros2_ws/install/my_mesh_interfaces/lib/python3.12/site-packages/my_mesh_interfaces/msg/_sender_status.py
[4.266s] -- Installing: /home/shadows/ros2_ws/install/my_mesh_interfaces/lib/python3.12/site-packages/my_mesh_interfaces/msg/__init__.py
[4.266s] -- Installing: /home/shadows/ros2_ws/install/my_mesh_interfaces/lib/python3.12/site-packages/my_mesh_interfaces/msg/_mesh_tf_s.c
[4.266s] -- Installing: /home/shadows/ros2_ws/install/my_mesh_interfaces/lib/python3.12/site-packages/my_mesh_interfaces/msg/_mesh_map_s.c
[4.266s] -- Installing: /home/shadows/ros2_ws/install/my_mesh_interfaces/lib/python3.12/site-packages/my_mesh_interfaces/msg/_mesh_scan.py
[4.266s] -- Installing: /home/shadows/ros2_ws/install/my_mesh_interfaces/lib/python3.12/site-packages/my_mesh_interfaces/msg/_mesh_scan_s.c
[4.266s] -- Installing: /home/shadows/ros2_ws/install/my_mesh_interfaces/lib/python3.12/site-packages/my_mesh_interfaces/msg/_mesh_map.py
[4.293s] Listing '/home/shadows/ros2_ws/install/my_mesh_interfaces/lib/python3.12/site-packages/my_mesh_interfaces'...
[4.293s] Compiling '/home/shadows/ros2_ws/install/my_mesh_interfaces/lib/python3.12/site-packages/my_mesh_interfaces/__init__.py'...
[4.293s] Listing '/home/shadows/ros2_ws/install/my_mesh_interfaces/lib/python3.12/site-packages/my_mesh_interfaces/msg'...
[4.293s] Compiling '/home/shadows/ros2_ws/install/my_mesh_interfaces/lib/python3.12/site-packages/my_mesh_interfaces/msg/__init__.py'...
[4.293s] Compiling '/home/shadows/ros2_ws/install/my_mesh_interfaces/lib/python3.12/site-packages/my_mesh_interfaces/msg/_mesh_map.py'...
[4.293s] Compiling '/home/shadows/ros2_ws/install/my_mesh_interfaces/lib/python3.12/site-packages/my_mesh_interfaces/msg/_mesh_scan.py'...
[4.293s] Compiling '/home/shadows/ros2_ws/install/my_mesh_interfaces/lib/python3.12/site-packages/my_mesh_interfaces/msg/_mesh_tf.py'...
[4.293s] Compiling '/home/shadows/ros2_ws/install/my_mesh_interfaces/lib/python3.12/site-packages/my_mesh_interfaces/msg/_sender_status.py'...
[4.296s] -- Installing: /home/shadows/ros2_ws/install/my_mesh_interfaces/lib/python3.12/site-packages/my_mesh_interfaces/my_mesh_interfaces_s__rosidl_typesupport_fastrtps_c.so
[4.296s] -- Set non-toolchain portion of runtime path of "/home/shadows/ros2_ws/install/my_mesh_interfaces/lib/python3.12/site-packages/my_mesh_interfaces/my_mesh_interfaces_s__rosidl_typesupport_fastrtps_c.so" to ""
[4.296s] -- Installing: /home/shadows/ros2_ws/install/my_mesh_interfaces/lib/python3.12/site-packages/my_mesh_interfaces/my_mesh_interfaces_s__rosidl_typesupport_introspection_c.so
[4.296s] -- Set non-toolchain portion of runtime path of "/home/shadows/ros2_ws/install/my_mesh_interfaces/lib/python3.12/site-packages/my_mesh_interfaces/my_mesh_interfaces_s__rosidl_typesupport_introspection_c.so" to ""
[4.296s] -- Installing: /home/shadows/ros2_ws/install/my_mesh_interfaces/lib/python3.12/site-packages/my_mesh_interfaces/my_mesh_interfaces_s__rosidl_typesupport_c.so
[4.296s] -- Set non-toolchain portion of runtime path of "/home/shadows/ros2_ws/install/my_mesh_interfaces/lib/python3.12/site-packages/my_mesh_interfaces/my_mesh_interfaces_s__rosidl_typesupport_c.so" to ""
[4.296s] -- Installing: /home/shadows/ros2_ws/install/my_mesh_interfaces/lib/libmy_mesh_interfaces__rosidl_generator_py.so
[4.296s] -- Set non-toolchain portion of runtime path of "/home/shadows/ros2_ws/install/my_mesh_interfaces/lib/libmy_mesh_interfaces__rosidl_generator_py.so" to ""
[4.296s] -- Installing: /home/shadows/ros2_ws/install/my_mesh_interfaces/share/my_mesh_interfaces/rust
[4.296s] -- Installing: /home/shadows/ros2_ws/install/my_mesh_interfaces/share/my_mesh_interfaces/rust/Cargo.toml
[4.296s] -- Installing: /home/shadows/ros2_ws/install/my_mesh_interfaces/share/my_mesh_interfaces/rust/src
[4.296s] -- Installing: /home/shadows/ros2_ws/install/my_mesh_interfaces/share/my_mesh_interfaces/rust/src/lib.rs
[4.296s] -- Installing: /home/shadows/ros2_ws/install/my_mesh_interfaces/share/my_mesh_interfaces/rust/src/msg.rs
[4.296s] -- Installing: /home/shadows/ros2_ws/install/my_mesh_interfaces/share/my_mesh_interfaces/rust/src/msg
[4.296s] -- Installing: /home/shadows/ros2_ws/install/my_mesh_interfaces/share/my_mesh_interfaces/rust/src/msg/rmw.rs
[4.296s] -- Installing: /home/shadows/ros2_ws/install/my_mesh_interfaces/share/my_mesh_interfaces/rust/build.rs
[4.296s] -- Installing: /home/shadows/ros2_ws/install/my_mesh_interfaces/share/my_mesh_interfaces/msg/MeshScan.idl
[4.296s] -- Installing: /home/shadows/ros2_ws/install/my_mesh_interfaces/share/my_mesh_interfaces/msg/MeshMap.idl
[4.296s] -- Installing: /home/shadows/ros2_ws/install/my_mesh_interfaces/share/my_mesh_interfaces/msg/MeshTf.idl
[4.297s] -- Installing: /home/shadows/ros2_ws/install/my_mesh_interfaces/share/my_mesh_interfaces/msg/SenderStatus.idl
[4.297s] -- Installing: /home/shadows/ros2_ws/install/my_mesh_interfaces/share/my_mesh_interfaces/msg/MeshScan.msg
[4.297s] -- Installing: /home/shadows/ros2_ws/install/my_mesh_interfaces/share/my_mesh_interfaces/msg/MeshMap.msg
[4.297s] -- Installing: /home/shadows/ros2_ws/install/my_mesh_interfaces/share/my_mesh_interfaces/msg/MeshTf.msg
[4.297s] -- Installing: /home/shadows/ros2_ws/install/my_mesh_interfaces/share/my_mesh_interfaces/msg/SenderStatus.msg
[4.297s] -- Installing: /home/shadows/ros2_ws/install/my_mesh_interfaces/share/ament_index/resource_index/package_run_dependencies/my_mesh_interfaces
[4.297s] -- Installing: /home/shadows/ros2_ws/install/my_mesh_interfaces/share/ament_index/resource_index/parent_prefix_path/my_mesh_interfaces
[4.297s] -- Installing: /home/shadows/ros2_ws/install/my_mesh_interfaces/share/my_mesh_interfaces/environment/ament_prefix_path.sh
[4.297s] -- Installing: /home/shadows/ros2_ws/install/my_mesh_interfaces/share/my_mesh_interfaces/environment/ament_prefix_path.dsv
[4.297s] -- Installing: /home/shadows/ros2_ws/install/my_mesh_interfaces/share/my_mesh_interfaces/environment/path.sh
[4.297s] -- Installing: /home/shadows/ros2_ws/install/my_mesh_interfaces/share/my_mesh_interfaces/environment/path.dsv
[4.297s] -- Installing: /home/shadows/ros2_ws/install/my_mesh_interfaces/share/my_mesh_interfaces/local_setup.bash
[4.297s] -- Installing: /home/shadows/ros2_ws/install/my_mesh_interfaces/share/my_mesh_interfaces/local_setup.sh
[4.297s] -- Installing: /home/shadows/ros2_ws/install/my_mesh_interfaces/share/my_mesh_interfaces/local_setup.zsh
[4.297s] -- Installing: /home/shadows/ros2_ws/install/my_mesh_interfaces/share/my_mesh_interfaces/local_setup.dsv
[4.297s] -- Installing: /home/shadows/ros2_ws/install/my_mesh_interfaces/share/my_mesh_interfaces/package.dsv
[4.297s] -- Installing: /home/shadows/ros2_ws/install/my_mesh_interfaces/share/ament_index/resource_index/packages/my_mesh_interfaces
[4.297s] -- Installing: /home/shadows/ros2_ws/install/my_mesh_interfaces/share/my_mesh_interfaces/cmake/export_my_mesh_interfaces__rosidl_generator_cExport.cmake
[4.297s] -- Installing: /home/shadows/ros2_ws/install/my_mesh_interfaces/share/my_mesh_interfaces/cmake/export_my_mesh_interfaces__rosidl_generator_cExport-noconfig.cmake
[4.297s] -- Installing: /home/shadows/ros2_ws/install/my_mesh_interfaces/share/my_mesh_interfaces/cmake/export_my_mesh_interfaces__rosidl_typesupport_fastrtps_cExport.cmake
[4.297s] -- Installing: /home/shadows/ros2_ws/install/my_mesh_interfaces/share/my_mesh_interfaces/cmake/export_my_mesh_interfaces__rosidl_typesupport_fastrtps_cExport-noconfig.cmake
[4.297s] -- Installing: /home/shadows/ros2_ws/install/my_mesh_interfaces/share/my_mesh_interfaces/cmake/my_mesh_interfaces__rosidl_typesupport_introspection_cExport.cmake
[4.297s] -- Installing: /home/shadows/ros2_ws/install/my_mesh_interfaces/share/my_mesh_interfaces/cmake/my_mesh_interfaces__rosidl_typesupport_introspection_cExport-noconfig.cmake
[4.297s] -- Installing: /home/shadows/ros2_ws/install/my_mesh_interfaces/share/my_mesh_interfaces/cmake/my_mesh_interfaces__rosidl_typesupport_cExport.cmake
[4.297s] -- Installing: /home/shadows/ros2_ws/install/my_mesh_interfaces/share/my_mesh_interfaces/cmake/my_mesh_interfaces__rosidl_typesupport_cExport-noconfig.cmake
[4.297s] -- Installing: /home/shadows/ros2_ws/install/my_mesh_interfaces/share/my_mesh_interfaces/cmake/export_my_mesh_interfaces__rosidl_generator_cppExport.cmake
[4.298s] -- Installing: /home/shadows/ros2_ws/install/my_mesh_interfaces/share/my_mesh_interfaces/cmake/export_my_mesh_interfaces__rosidl_typesupport_fastrtps_cppExport.cmake
[4.298s] -- Installing: /home/shadows/ros2_ws/install/my_mesh_interfaces/share/my_mesh_interfaces/cmake/export_my_mesh_interfaces__rosidl_typesupport_fastrtps_cppExport-noconfig.cmake
[4.298s] -- Installing: /home/shadows/ros2_ws/install/my_mesh_interfaces/share/my_mesh_interfaces/cmake/my_mesh_interfaces__rosidl_typesupport_introspection_cppExport.cmake
[4.298s] -- Installing: /home/shadows/ros2_ws/install/my_mesh_interfaces/share/my_mesh_interfaces/cmake/my_mesh_interfaces__rosidl_typesupport_introspection_cppExport-noconfig.cmake
[4.298s] -- Installing: /home/shadows/ros2_ws/install/my_mesh_interfaces/share/my_mesh_interfaces/cmake/my_mesh_interfaces__rosidl_typesupport_cppExport.cmake
[4.298s] -- Installing: /home/shadows/ros2_ws/install/my_mesh_interfaces/share/my_mesh_interfaces/cmake/my_mesh_interfaces__rosidl_typesupport_cppExport-noconfig.cmake
[4.298s] -- Installing: /home/shadows/ros2_ws/install/my_mesh_interfaces/share/my_mesh_interfaces/cmake/export_my_mesh_interfaces__rosidl_generator_pyExport.cmake
[4.298s] -- Installing: /home/shadows/ros2_ws/install/my_mesh_interfaces/share/my_mesh_interfaces/cmake/export_my_mesh_interfaces__rosidl_generator_pyExport-noconfig.cmake
[4.298s] -- Installing: /home/shadows/ros2_ws/install/my_mesh_interfaces/share/my_mesh_interfaces/cmake/rosidl_cmake-extras.cmake
[4.298s] -- Installing: /home/shadows/ros2_ws/install/my_mesh_interfaces/share/my_mesh_interfaces/cmake/ament_cmake_export_dependencies-extras.cmake
[4.298s] -- Installing: /home/shadows/ros2_ws/install/my_mesh_interfaces/share/my_mesh_interfaces/cmake/ament_cmake_export_include_directories-extras.cmake
[4.298s] -- Installing: /home/shadows/ros2_ws/install/my_mesh_interfaces/share/my_mesh_interfaces/cmake/ament_cmake_export_libraries-extras.cmake
[4.298s] -- Installing: /home/shadows/ros2_ws/install/my_mesh_interfaces/share/my_mesh_interfaces/cmake/ament_cmake_export_targets-extras.cmake
[4.298s] -- Installing: /home/shadows/ros2_ws/install/my_mesh_interfaces/share/my_mesh_interfaces/cmake/rosidl_cmake_export_typesupport_targets-extras.cmake
[4.298s] -- Installing: /home/shadows/ros2_ws/install/my_mesh_interfaces/share/my_mesh_interfaces/cmake/rosidl_cmake_export_typesupport_libraries-extras.cmake
[4.298s] -- Installing: /home/shadows/ros2_ws/install/my_mesh_interfaces/share/my_mesh_interfaces/cmake/rosidl_cmake_aggregate_target-extras.cmake
[4.298s] -- Installing: /home/shadows/ros2_ws/install/my_mesh_interfaces/share/my_mesh_interfaces/cmake/my_mesh_interfacesConfig.cmake
[4.298s] -- Installing: /home/shadows/ros2_ws/install/my_mesh_interfaces/share/my_mesh_interfaces/cmake/my_mesh_interfacesConfig-version.cmake
[4.298s] -- Installing: /home/shadows/ros2_ws/install/my_mesh_interfaces/share/my_mesh_interfaces/package.xml
[4.299s] Invoked command in '/home/shadows/ros2_ws/build/my_mesh_interfaces' returned '0': CMAKE_PREFIX_PATH=${CMAKE_PREFIX_PATH}:/opt/ros/jazzy DEBUGINFOD_URLS=https://debuginfod.ubuntu.com /usr/bin/cmake --install /home/shadows/ros2_ws/build/my_mesh_interfaces
