-- The C compiler identification is GNU 13.3.0
-- The CXX compiler identification is GNU 13.3.0
-- Detecting C compiler ABI info
-- Detecting C compiler ABI info - done
-- Check for working C compiler: /usr/bin/cc - skipped
-- Detecting C compile features
-- Detecting C compile features - done
-- Detecting CXX compiler ABI info
-- Detecting CXX compiler ABI info - done
-- Check for working CXX compiler: /usr/bin/c++ - skipped
-- Detecting CXX compile features
-- Detecting CXX compile features - done
-- Found ament_cmake: 2.5.6 (/opt/ros/jazzy/share/ament_cmake/cmake)
-- Found Python3: /usr/bin/python3 (found version "3.12.3") found components: Interpreter 
-- Override CMake install command with custom implementation using symlinks instead of copying resources
-- Found rosidl_default_generators: 1.6.1 (/opt/ros/jazzy/share/rosidl_default_generators/cmake)
-- Using all available rosidl_typesupport_c: rosidl_typesupport_fastrtps_c;rosidl_typesupport_introspection_c
-- Using all available rosidl_typesupport_cpp: rosidl_typesupport_fastrtps_cpp;rosidl_typesupport_introspection_cpp
-- Found rosidl_adapter: 4.6.9 (/opt/ros/jazzy/share/rosidl_adapter/cmake)
-- Found sensor_msgs: 5.3.8 (/opt/ros/jazzy/share/sensor_msgs/cmake)
-- Found ament_cmake_ros: 0.12.1 (/opt/ros/jazzy/share/ament_cmake_ros/cmake)
-- Using all available rosidl_typesupport_c: rosidl_typesupport_fastrtps_c;rosidl_typesupport_introspection_c
-- Using all available rosidl_typesupport_cpp: rosidl_typesupport_fastrtps_cpp;rosidl_typesupport_introspection_cpp
-- Found python_cmake_module: 0.11.1 (/opt/ros/jazzy/share/python_cmake_module/cmake)
-- Found PythonExtra: /usr/bin/python3  
-- Found Python3: /usr/bin/python3 (found version "3.12.3") found components: Interpreter Development NumPy Development.Module Development.Embed 
-- Found Python3: /usr/bin/python3 (found version "3.12.3") found components: Interpreter 
-- Configuring done (2.4s)
-- Generating done (0.0s)
-- Build files have been written to: /home/shadows/ros2_ws/build/my_mesh_interfaces
[  2%] [34m[1mGenerating type hashes for ROS interfaces[0m
[  4%] [34m[1mGenerating Rust code for ROS interfaces[0m
[  4%] Built target ament_cmake_python_symlink_my_mesh_interfaces
[  4%] Built target my_mesh_interfaces__rosidl_generator_type_description
[  6%] [34m[1mGenerating C code for ROS interfaces[0m
[  8%] [34m[1mGenerating C++ code for ROS interfaces[0m
[  8%] Built target my_mesh_interfaces__rs
running egg_info
writing my_mesh_interfaces.egg-info/PKG-INFO
writing dependency_links to my_mesh_interfaces.egg-info/dependency_links.txt
writing top-level names to my_mesh_interfaces.egg-info/top_level.txt
reading manifest file 'my_mesh_interfaces.egg-info/SOURCES.txt'
writing manifest file 'my_mesh_interfaces.egg-info/SOURCES.txt'
[  8%] Built target ament_cmake_python_build_my_mesh_interfaces_egg
[  8%] Built target my_mesh_interfaces__cpp
[ 13%] [32mBuilding C object CMakeFiles/my_mesh_interfaces__rosidl_generator_c.dir/rosidl_generator_c/my_mesh_interfaces/msg/detail/mesh_scan__description.c.o[0m
[ 13%] [32mBuilding C object CMakeFiles/my_mesh_interfaces__rosidl_generator_c.dir/rosidl_generator_c/my_mesh_interfaces/msg/detail/mesh_scan__type_support.c.o[0m
[ 15%] [32mBuilding C object CMakeFiles/my_mesh_interfaces__rosidl_generator_c.dir/rosidl_generator_c/my_mesh_interfaces/msg/detail/sender_status__type_support.c.o[0m
[ 17%] [32mBuilding C object CMakeFiles/my_mesh_interfaces__rosidl_generator_c.dir/rosidl_generator_c/my_mesh_interfaces/msg/detail/mesh_scan__functions.c.o[0m
[ 22%] [32mBuilding C object CMakeFiles/my_mesh_interfaces__rosidl_generator_c.dir/rosidl_generator_c/my_mesh_interfaces/msg/detail/sender_status__functions.c.o[0m
[ 22%] [32mBuilding C object CMakeFiles/my_mesh_interfaces__rosidl_generator_c.dir/rosidl_generator_c/my_mesh_interfaces/msg/detail/sender_status__description.c.o[0m
[ 24%] [32m[1mLinking C shared library libmy_mesh_interfaces__rosidl_generator_c.so[0m
[ 24%] Built target my_mesh_interfaces__rosidl_generator_c
[ 31%] [34m[1mGenerating C++ introspection for ROS interfaces[0m
[ 31%] [34m[1mGenerating C type support dispatch for ROS interfaces[0m
[ 31%] [34m[1mGenerating C introspection for ROS interfaces[0m
[ 33%] [34m[1mGenerating C type support for eProsima Fast-RTPS[0m
[ 37%] [34m[1mGenerating C++ type support for eProsima Fast-RTPS[0m
[ 37%] [34m[1mGenerating C++ type support dispatch for ROS interfaces[0m
[ 40%] [32mBuilding CXX object CMakeFiles/my_mesh_interfaces__rosidl_typesupport_cpp.dir/rosidl_typesupport_cpp/my_mesh_interfaces/msg/mesh_scan__type_support.cpp.o[0m
[ 42%] [32mBuilding CXX object CMakeFiles/my_mesh_interfaces__rosidl_typesupport_cpp.dir/rosidl_typesupport_cpp/my_mesh_interfaces/msg/sender_status__type_support.cpp.o[0m
[ 44%] [32mBuilding C object CMakeFiles/my_mesh_interfaces__rosidl_typesupport_introspection_c.dir/rosidl_typesupport_introspection_c/my_mesh_interfaces/msg/detail/sender_status__type_support.c.o[0m
[ 46%] [32mBuilding C object CMakeFiles/my_mesh_interfaces__rosidl_typesupport_introspection_c.dir/rosidl_typesupport_introspection_c/my_mesh_interfaces/msg/detail/mesh_scan__type_support.c.o[0m
[ 48%] [32m[1mLinking C shared library libmy_mesh_interfaces__rosidl_typesupport_introspection_c.so[0m
[ 51%] [32mBuilding CXX object CMakeFiles/my_mesh_interfaces__rosidl_typesupport_fastrtps_cpp.dir/rosidl_typesupport_fastrtps_cpp/my_mesh_interfaces/msg/detail/dds_fastrtps/sender_status__type_support.cpp.o[0m
[ 53%] [32mBuilding CXX object CMakeFiles/my_mesh_interfaces__rosidl_typesupport_fastrtps_cpp.dir/rosidl_typesupport_fastrtps_cpp/my_mesh_interfaces/msg/detail/dds_fastrtps/mesh_scan__type_support.cpp.o[0m
[ 53%] Built target my_mesh_interfaces__rosidl_typesupport_introspection_c
[ 55%] [32mBuilding CXX object CMakeFiles/my_mesh_interfaces__rosidl_typesupport_fastrtps_c.dir/rosidl_typesupport_fastrtps_c/my_mesh_interfaces/msg/detail/sender_status__type_support_c.cpp.o[0m
[ 57%] [32mBuilding CXX object CMakeFiles/my_mesh_interfaces__rosidl_typesupport_fastrtps_c.dir/rosidl_typesupport_fastrtps_c/my_mesh_interfaces/msg/detail/mesh_scan__type_support_c.cpp.o[0m
[ 60%] [32mBuilding CXX object CMakeFiles/my_mesh_interfaces__rosidl_typesupport_c.dir/rosidl_typesupport_c/my_mesh_interfaces/msg/mesh_scan__type_support.cpp.o[0m
[ 62%] [32mBuilding CXX object CMakeFiles/my_mesh_interfaces__rosidl_typesupport_c.dir/rosidl_typesupport_c/my_mesh_interfaces/msg/sender_status__type_support.cpp.o[0m
[ 66%] [32mBuilding CXX object CMakeFiles/my_mesh_interfaces__rosidl_typesupport_introspection_cpp.dir/rosidl_typesupport_introspection_cpp/my_mesh_interfaces/msg/detail/mesh_scan__type_support.cpp.o[0m
[ 66%] [32mBuilding CXX object CMakeFiles/my_mesh_interfaces__rosidl_typesupport_introspection_cpp.dir/rosidl_typesupport_introspection_cpp/my_mesh_interfaces/msg/detail/sender_status__type_support.cpp.o[0m
[ 68%] [32m[1mLinking CXX shared library libmy_mesh_interfaces__rosidl_typesupport_c.so[0m
[ 68%] Built target my_mesh_interfaces__rosidl_typesupport_c
[ 71%] [32m[1mLinking CXX shared library libmy_mesh_interfaces__rosidl_typesupport_cpp.so[0m
[ 71%] Built target my_mesh_interfaces__rosidl_typesupport_cpp
[ 73%] [32m[1mLinking CXX shared library libmy_mesh_interfaces__rosidl_typesupport_introspection_cpp.so[0m
[ 73%] Built target my_mesh_interfaces__rosidl_typesupport_introspection_cpp
[ 75%] [32m[1mLinking CXX shared library libmy_mesh_interfaces__rosidl_typesupport_fastrtps_c.so[0m
[ 77%] [32m[1mLinking CXX shared library libmy_mesh_interfaces__rosidl_typesupport_fastrtps_cpp.so[0m
[ 77%] Built target my_mesh_interfaces__rosidl_typesupport_fastrtps_c
[ 77%] Built target my_mesh_interfaces__rosidl_typesupport_fastrtps_cpp
[ 77%] Built target my_mesh_interfaces
[ 80%] [34m[1mGenerating Python code for ROS interfaces[0m
[ 80%] Built target my_mesh_interfaces__py
[ 82%] [32mBuilding C object CMakeFiles/my_mesh_interfaces__rosidl_generator_py.dir/rosidl_generator_py/my_mesh_interfaces/msg/_sender_status_s.c.o[0m
[ 84%] [32mBuilding C object CMakeFiles/my_mesh_interfaces__rosidl_generator_py.dir/rosidl_generator_py/my_mesh_interfaces/msg/_mesh_scan_s.c.o[0m
[ 86%] [32m[1mLinking C shared library libmy_mesh_interfaces__rosidl_generator_py.so[0m
[ 86%] Built target my_mesh_interfaces__rosidl_generator_py
[ 88%] [32mBuilding C object CMakeFiles/my_mesh_interfaces_s__rosidl_typesupport_c.dir/rosidl_generator_py/my_mesh_interfaces/_my_mesh_interfaces_s.ep.rosidl_typesupport_c.c.o[0m
[ 93%] [32mBuilding C object CMakeFiles/my_mesh_interfaces_s__rosidl_typesupport_introspection_c.dir/rosidl_generator_py/my_mesh_interfaces/_my_mesh_interfaces_s.ep.rosidl_typesupport_introspection_c.c.o[0m
[ 93%] [32mBuilding C object CMakeFiles/my_mesh_interfaces_s__rosidl_typesupport_fastrtps_c.dir/rosidl_generator_py/my_mesh_interfaces/_my_mesh_interfaces_s.ep.rosidl_typesupport_fastrtps_c.c.o[0m
[ 97%] [32m[1mLinking C shared module rosidl_generator_py/my_mesh_interfaces/my_mesh_interfaces_s__rosidl_typesupport_c.so[0m
[ 97%] [32m[1mLinking C shared module rosidl_generator_py/my_mesh_interfaces/my_mesh_interfaces_s__rosidl_typesupport_fastrtps_c.so[0m
[100%] [32m[1mLinking C shared module rosidl_generator_py/my_mesh_interfaces/my_mesh_interfaces_s__rosidl_typesupport_introspection_c.so[0m
[100%] Built target my_mesh_interfaces_s__rosidl_typesupport_fastrtps_c
[100%] Built target my_mesh_interfaces_s__rosidl_typesupport_introspection_c
[100%] Built target my_mesh_interfaces_s__rosidl_typesupport_c
-- Install configuration: ""
-- Execute custom install script
-- Up-to-date symlink: /home/shadows/ros2_ws/install/my_mesh_interfaces/share/ament_index/resource_index/rosidl_interfaces/my_mesh_interfaces
-- Up-to-date symlink: /home/shadows/ros2_ws/install/my_mesh_interfaces/share/my_mesh_interfaces/msg/MeshScan.json
-- Up-to-date symlink: /home/shadows/ros2_ws/install/my_mesh_interfaces/share/my_mesh_interfaces/msg/SenderStatus.json
-- Up-to-date symlink: /home/shadows/ros2_ws/install/my_mesh_interfaces/include/my_mesh_interfaces/my_mesh_interfaces/msg/detail/mesh_scan__functions.h
-- Up-to-date symlink: /home/shadows/ros2_ws/install/my_mesh_interfaces/include/my_mesh_interfaces/my_mesh_interfaces/msg/detail/mesh_scan__struct.h
-- Up-to-date symlink: /home/shadows/ros2_ws/install/my_mesh_interfaces/include/my_mesh_interfaces/my_mesh_interfaces/msg/detail/mesh_scan__type_support.h
-- Up-to-date symlink: /home/shadows/ros2_ws/install/my_mesh_interfaces/include/my_mesh_interfaces/my_mesh_interfaces/msg/detail/sender_status__functions.h
-- Up-to-date symlink: /home/shadows/ros2_ws/install/my_mesh_interfaces/include/my_mesh_interfaces/my_mesh_interfaces/msg/detail/sender_status__struct.h
-- Up-to-date symlink: /home/shadows/ros2_ws/install/my_mesh_interfaces/include/my_mesh_interfaces/my_mesh_interfaces/msg/detail/sender_status__type_support.h
-- Up-to-date symlink: /home/shadows/ros2_ws/install/my_mesh_interfaces/include/my_mesh_interfaces/my_mesh_interfaces/msg/mesh_scan.h
-- Up-to-date symlink: /home/shadows/ros2_ws/install/my_mesh_interfaces/include/my_mesh_interfaces/my_mesh_interfaces/msg/rosidl_generator_c__visibility_control.h
-- Up-to-date symlink: /home/shadows/ros2_ws/install/my_mesh_interfaces/include/my_mesh_interfaces/my_mesh_interfaces/msg/sender_status.h
-- Up-to-date symlink: /home/shadows/ros2_ws/install/my_mesh_interfaces/share/my_mesh_interfaces/environment/library_path.sh
-- Up-to-date symlink: /home/shadows/ros2_ws/install/my_mesh_interfaces/share/my_mesh_interfaces/environment/library_path.dsv
-- Up-to-date symlink: /home/shadows/ros2_ws/install/my_mesh_interfaces/include/my_mesh_interfaces/my_mesh_interfaces/msg/detail/mesh_scan__rosidl_typesupport_fastrtps_c.h
-- Up-to-date symlink: /home/shadows/ros2_ws/install/my_mesh_interfaces/include/my_mesh_interfaces/my_mesh_interfaces/msg/detail/sender_status__rosidl_typesupport_fastrtps_c.h
-- Up-to-date symlink: /home/shadows/ros2_ws/install/my_mesh_interfaces/include/my_mesh_interfaces/my_mesh_interfaces/msg/rosidl_typesupport_fastrtps_c__visibility_control.h
-- Up-to-date symlink: /home/shadows/ros2_ws/install/my_mesh_interfaces/include/my_mesh_interfaces/my_mesh_interfaces/msg/detail/mesh_scan__rosidl_typesupport_introspection_c.h
-- Up-to-date symlink: /home/shadows/ros2_ws/install/my_mesh_interfaces/include/my_mesh_interfaces/my_mesh_interfaces/msg/detail/sender_status__rosidl_typesupport_introspection_c.h
-- Up-to-date symlink: /home/shadows/ros2_ws/install/my_mesh_interfaces/include/my_mesh_interfaces/my_mesh_interfaces/msg/rosidl_typesupport_introspection_c__visibility_control.h
-- Up-to-date symlink: /home/shadows/ros2_ws/install/my_mesh_interfaces/include/my_mesh_interfaces/my_mesh_interfaces/msg/detail/mesh_scan__builder.hpp
-- Up-to-date symlink: /home/shadows/ros2_ws/install/my_mesh_interfaces/include/my_mesh_interfaces/my_mesh_interfaces/msg/detail/mesh_scan__struct.hpp
-- Up-to-date symlink: /home/shadows/ros2_ws/install/my_mesh_interfaces/include/my_mesh_interfaces/my_mesh_interfaces/msg/detail/mesh_scan__traits.hpp
-- Up-to-date symlink: /home/shadows/ros2_ws/install/my_mesh_interfaces/include/my_mesh_interfaces/my_mesh_interfaces/msg/detail/mesh_scan__type_support.hpp
-- Up-to-date symlink: /home/shadows/ros2_ws/install/my_mesh_interfaces/include/my_mesh_interfaces/my_mesh_interfaces/msg/detail/sender_status__builder.hpp
-- Up-to-date symlink: /home/shadows/ros2_ws/install/my_mesh_interfaces/include/my_mesh_interfaces/my_mesh_interfaces/msg/detail/sender_status__struct.hpp
-- Up-to-date symlink: /home/shadows/ros2_ws/install/my_mesh_interfaces/include/my_mesh_interfaces/my_mesh_interfaces/msg/detail/sender_status__traits.hpp
-- Up-to-date symlink: /home/shadows/ros2_ws/install/my_mesh_interfaces/include/my_mesh_interfaces/my_mesh_interfaces/msg/detail/sender_status__type_support.hpp
-- Up-to-date symlink: /home/shadows/ros2_ws/install/my_mesh_interfaces/include/my_mesh_interfaces/my_mesh_interfaces/msg/mesh_scan.hpp
-- Up-to-date symlink: /home/shadows/ros2_ws/install/my_mesh_interfaces/include/my_mesh_interfaces/my_mesh_interfaces/msg/rosidl_generator_cpp__visibility_control.hpp
-- Up-to-date symlink: /home/shadows/ros2_ws/install/my_mesh_interfaces/include/my_mesh_interfaces/my_mesh_interfaces/msg/sender_status.hpp
-- Up-to-date symlink: /home/shadows/ros2_ws/install/my_mesh_interfaces/include/my_mesh_interfaces/my_mesh_interfaces/msg/detail/mesh_scan__rosidl_typesupport_fastrtps_cpp.hpp
-- Up-to-date symlink: /home/shadows/ros2_ws/install/my_mesh_interfaces/include/my_mesh_interfaces/my_mesh_interfaces/msg/detail/sender_status__rosidl_typesupport_fastrtps_cpp.hpp
-- Up-to-date symlink: /home/shadows/ros2_ws/install/my_mesh_interfaces/include/my_mesh_interfaces/my_mesh_interfaces/msg/rosidl_typesupport_fastrtps_cpp__visibility_control.h
-- Up-to-date symlink: /home/shadows/ros2_ws/install/my_mesh_interfaces/include/my_mesh_interfaces/my_mesh_interfaces/msg/detail/mesh_scan__rosidl_typesupport_introspection_cpp.hpp
-- Up-to-date symlink: /home/shadows/ros2_ws/install/my_mesh_interfaces/include/my_mesh_interfaces/my_mesh_interfaces/msg/detail/sender_status__rosidl_typesupport_introspection_cpp.hpp
-- Up-to-date symlink: /home/shadows/ros2_ws/install/my_mesh_interfaces/share/my_mesh_interfaces/environment/pythonpath.sh
-- Up-to-date symlink: /home/shadows/ros2_ws/install/my_mesh_interfaces/share/my_mesh_interfaces/environment/pythonpath.dsv
-- Up-to-date symlink: /home/shadows/ros2_ws/install/my_mesh_interfaces/lib/python3.12/site-packages/my_mesh_interfaces-0.0.0-py3.12.egg-info/PKG-INFO
-- Up-to-date symlink: /home/shadows/ros2_ws/install/my_mesh_interfaces/lib/python3.12/site-packages/my_mesh_interfaces-0.0.0-py3.12.egg-info/SOURCES.txt
-- Up-to-date symlink: /home/shadows/ros2_ws/install/my_mesh_interfaces/lib/python3.12/site-packages/my_mesh_interfaces-0.0.0-py3.12.egg-info/dependency_links.txt
-- Up-to-date symlink: /home/shadows/ros2_ws/install/my_mesh_interfaces/lib/python3.12/site-packages/my_mesh_interfaces-0.0.0-py3.12.egg-info/top_level.txt
-- Up-to-date symlink: /home/shadows/ros2_ws/install/my_mesh_interfaces/lib/python3.12/site-packages/my_mesh_interfaces/__init__.py
-- Up-to-date symlink: /home/shadows/ros2_ws/install/my_mesh_interfaces/lib/python3.12/site-packages/my_mesh_interfaces/_my_mesh_interfaces_s.ep.rosidl_typesupport_c.c
-- Up-to-date symlink: /home/shadows/ros2_ws/install/my_mesh_interfaces/lib/python3.12/site-packages/my_mesh_interfaces/_my_mesh_interfaces_s.ep.rosidl_typesupport_fastrtps_c.c
-- Up-to-date symlink: /home/shadows/ros2_ws/install/my_mesh_interfaces/lib/python3.12/site-packages/my_mesh_interfaces/_my_mesh_interfaces_s.ep.rosidl_typesupport_introspection_c.c
-- Up-to-date symlink: /home/shadows/ros2_ws/install/my_mesh_interfaces/lib/python3.12/site-packages/my_mesh_interfaces/msg/__init__.py
-- Up-to-date symlink: /home/shadows/ros2_ws/install/my_mesh_interfaces/lib/python3.12/site-packages/my_mesh_interfaces/msg/_mesh_scan.py
-- Up-to-date symlink: /home/shadows/ros2_ws/install/my_mesh_interfaces/lib/python3.12/site-packages/my_mesh_interfaces/msg/_mesh_scan_s.c
-- Up-to-date symlink: /home/shadows/ros2_ws/install/my_mesh_interfaces/lib/python3.12/site-packages/my_mesh_interfaces/msg/_sender_status.py
-- Up-to-date symlink: /home/shadows/ros2_ws/install/my_mesh_interfaces/lib/python3.12/site-packages/my_mesh_interfaces/msg/_sender_status_s.c
-- Up-to-date symlink: /home/shadows/ros2_ws/install/my_mesh_interfaces/lib/python3.12/site-packages/my_mesh_interfaces/my_mesh_interfaces_s__rosidl_typesupport_c.so
-- Up-to-date symlink: /home/shadows/ros2_ws/install/my_mesh_interfaces/lib/python3.12/site-packages/my_mesh_interfaces/my_mesh_interfaces_s__rosidl_typesupport_fastrtps_c.so
-- Up-to-date symlink: /home/shadows/ros2_ws/install/my_mesh_interfaces/lib/python3.12/site-packages/my_mesh_interfaces/my_mesh_interfaces_s__rosidl_typesupport_introspection_c.so
-- Up-to-date symlink: /home/shadows/ros2_ws/install/my_mesh_interfaces/lib/python3.12/site-packages/my_mesh_interfaces/my_mesh_interfaces_s__rosidl_typesupport_fastrtps_c.so
-- Up-to-date symlink: /home/shadows/ros2_ws/install/my_mesh_interfaces/lib/python3.12/site-packages/my_mesh_interfaces/my_mesh_interfaces_s__rosidl_typesupport_introspection_c.so
-- Up-to-date symlink: /home/shadows/ros2_ws/install/my_mesh_interfaces/lib/python3.12/site-packages/my_mesh_interfaces/my_mesh_interfaces_s__rosidl_typesupport_c.so
-- Up-to-date symlink: /home/shadows/ros2_ws/install/my_mesh_interfaces/share/ament_index/resource_index/rust_packages/my_mesh_interfaces
-- Up-to-date symlink: /home/shadows/ros2_ws/install/my_mesh_interfaces/share/my_mesh_interfaces/rust/Cargo.toml
-- Up-to-date symlink: /home/shadows/ros2_ws/install/my_mesh_interfaces/share/my_mesh_interfaces/rust/build.rs
-- Up-to-date symlink: /home/shadows/ros2_ws/install/my_mesh_interfaces/share/my_mesh_interfaces/rust/src/lib.rs
-- Up-to-date symlink: /home/shadows/ros2_ws/install/my_mesh_interfaces/share/my_mesh_interfaces/rust/src/msg.rs
-- Up-to-date symlink: /home/shadows/ros2_ws/install/my_mesh_interfaces/share/my_mesh_interfaces/rust/src/msg/rmw.rs
-- Up-to-date symlink: /home/shadows/ros2_ws/install/my_mesh_interfaces/share/my_mesh_interfaces/msg/MeshScan.idl
-- Up-to-date symlink: /home/shadows/ros2_ws/install/my_mesh_interfaces/share/my_mesh_interfaces/msg/SenderStatus.idl
-- Up-to-date symlink: /home/shadows/ros2_ws/install/my_mesh_interfaces/share/my_mesh_interfaces/msg/MeshScan.msg
-- Up-to-date symlink: /home/shadows/ros2_ws/install/my_mesh_interfaces/share/my_mesh_interfaces/msg/SenderStatus.msg
-- Up-to-date symlink: /home/shadows/ros2_ws/install/my_mesh_interfaces/share/ament_index/resource_index/package_run_dependencies/my_mesh_interfaces
-- Up-to-date symlink: /home/shadows/ros2_ws/install/my_mesh_interfaces/share/ament_index/resource_index/parent_prefix_path/my_mesh_interfaces
-- Up-to-date symlink: /home/shadows/ros2_ws/install/my_mesh_interfaces/share/my_mesh_interfaces/environment/ament_prefix_path.sh
-- Up-to-date symlink: /home/shadows/ros2_ws/install/my_mesh_interfaces/share/my_mesh_interfaces/environment/ament_prefix_path.dsv
-- Up-to-date symlink: /home/shadows/ros2_ws/install/my_mesh_interfaces/share/my_mesh_interfaces/environment/path.sh
-- Up-to-date symlink: /home/shadows/ros2_ws/install/my_mesh_interfaces/share/my_mesh_interfaces/environment/path.dsv
-- Up-to-date symlink: /home/shadows/ros2_ws/install/my_mesh_interfaces/share/my_mesh_interfaces/local_setup.bash
-- Up-to-date symlink: /home/shadows/ros2_ws/install/my_mesh_interfaces/share/my_mesh_interfaces/local_setup.sh
-- Up-to-date symlink: /home/shadows/ros2_ws/install/my_mesh_interfaces/share/my_mesh_interfaces/local_setup.zsh
-- Up-to-date symlink: /home/shadows/ros2_ws/install/my_mesh_interfaces/share/my_mesh_interfaces/local_setup.dsv
-- Symlinking: /home/shadows/ros2_ws/install/my_mesh_interfaces/share/my_mesh_interfaces/package.dsv
-- Up-to-date symlink: /home/shadows/ros2_ws/install/my_mesh_interfaces/share/ament_index/resource_index/packages/my_mesh_interfaces
-- Up-to-date symlink: /home/shadows/ros2_ws/install/my_mesh_interfaces/share/my_mesh_interfaces/cmake/rosidl_cmake-extras.cmake
-- Up-to-date symlink: /home/shadows/ros2_ws/install/my_mesh_interfaces/share/my_mesh_interfaces/cmake/ament_cmake_export_dependencies-extras.cmake
-- Up-to-date symlink: /home/shadows/ros2_ws/install/my_mesh_interfaces/share/my_mesh_interfaces/cmake/ament_cmake_export_include_directories-extras.cmake
-- Up-to-date symlink: /home/shadows/ros2_ws/install/my_mesh_interfaces/share/my_mesh_interfaces/cmake/ament_cmake_export_libraries-extras.cmake
-- Up-to-date symlink: /home/shadows/ros2_ws/install/my_mesh_interfaces/share/my_mesh_interfaces/cmake/ament_cmake_export_targets-extras.cmake
-- Up-to-date symlink: /home/shadows/ros2_ws/install/my_mesh_interfaces/share/my_mesh_interfaces/cmake/rosidl_cmake_export_typesupport_targets-extras.cmake
-- Up-to-date symlink: /home/shadows/ros2_ws/install/my_mesh_interfaces/share/my_mesh_interfaces/cmake/rosidl_cmake_export_typesupport_libraries-extras.cmake
-- Up-to-date symlink: /home/shadows/ros2_ws/install/my_mesh_interfaces/share/my_mesh_interfaces/cmake/rosidl_cmake_aggregate_target-extras.cmake
-- Up-to-date symlink: /home/shadows/ros2_ws/install/my_mesh_interfaces/share/my_mesh_interfaces/cmake/my_mesh_interfacesConfig.cmake
-- Up-to-date symlink: /home/shadows/ros2_ws/install/my_mesh_interfaces/share/my_mesh_interfaces/cmake/my_mesh_interfacesConfig-version.cmake
-- Up-to-date symlink: /home/shadows/ros2_ws/install/my_mesh_interfaces/share/my_mesh_interfaces/package.xml
-- Installing: /home/shadows/ros2_ws/install/my_mesh_interfaces/lib/libmy_mesh_interfaces__rosidl_generator_c.so
-- Set non-toolchain portion of runtime path of "/home/shadows/ros2_ws/install/my_mesh_interfaces/lib/libmy_mesh_interfaces__rosidl_generator_c.so" to ""
-- Installing: /home/shadows/ros2_ws/install/my_mesh_interfaces/lib/libmy_mesh_interfaces__rosidl_typesupport_fastrtps_c.so
-- Set non-toolchain portion of runtime path of "/home/shadows/ros2_ws/install/my_mesh_interfaces/lib/libmy_mesh_interfaces__rosidl_typesupport_fastrtps_c.so" to ""
-- Installing: /home/shadows/ros2_ws/install/my_mesh_interfaces/lib/libmy_mesh_interfaces__rosidl_typesupport_introspection_c.so
-- Set non-toolchain portion of runtime path of "/home/shadows/ros2_ws/install/my_mesh_interfaces/lib/libmy_mesh_interfaces__rosidl_typesupport_introspection_c.so" to ""
-- Installing: /home/shadows/ros2_ws/install/my_mesh_interfaces/lib/libmy_mesh_interfaces__rosidl_typesupport_c.so
-- Set non-toolchain portion of runtime path of "/home/shadows/ros2_ws/install/my_mesh_interfaces/lib/libmy_mesh_interfaces__rosidl_typesupport_c.so" to ""
-- Installing: /home/shadows/ros2_ws/install/my_mesh_interfaces/lib/libmy_mesh_interfaces__rosidl_typesupport_fastrtps_cpp.so
-- Set non-toolchain portion of runtime path of "/home/shadows/ros2_ws/install/my_mesh_interfaces/lib/libmy_mesh_interfaces__rosidl_typesupport_fastrtps_cpp.so" to ""
-- Installing: /home/shadows/ros2_ws/install/my_mesh_interfaces/lib/libmy_mesh_interfaces__rosidl_typesupport_introspection_cpp.so
-- Set non-toolchain portion of runtime path of "/home/shadows/ros2_ws/install/my_mesh_interfaces/lib/libmy_mesh_interfaces__rosidl_typesupport_introspection_cpp.so" to ""
-- Installing: /home/shadows/ros2_ws/install/my_mesh_interfaces/lib/libmy_mesh_interfaces__rosidl_typesupport_cpp.so
-- Set non-toolchain portion of runtime path of "/home/shadows/ros2_ws/install/my_mesh_interfaces/lib/libmy_mesh_interfaces__rosidl_typesupport_cpp.so" to ""
Listing '/home/shadows/ros2_ws/install/my_mesh_interfaces/lib/python3.12/site-packages/my_mesh_interfaces'...
Compiling '/home/shadows/ros2_ws/install/my_mesh_interfaces/lib/python3.12/site-packages/my_mesh_interfaces/__init__.py'...
Listing '/home/shadows/ros2_ws/install/my_mesh_interfaces/lib/python3.12/site-packages/my_mesh_interfaces/msg'...
Compiling '/home/shadows/ros2_ws/install/my_mesh_interfaces/lib/python3.12/site-packages/my_mesh_interfaces/msg/__init__.py'...
Compiling '/home/shadows/ros2_ws/install/my_mesh_interfaces/lib/python3.12/site-packages/my_mesh_interfaces/msg/_mesh_scan.py'...
Compiling '/home/shadows/ros2_ws/install/my_mesh_interfaces/lib/python3.12/site-packages/my_mesh_interfaces/msg/_sender_status.py'...
-- Installing: /home/shadows/ros2_ws/install/my_mesh_interfaces/lib/libmy_mesh_interfaces__rosidl_generator_py.so
-- Set non-toolchain portion of runtime path of "/home/shadows/ros2_ws/install/my_mesh_interfaces/lib/libmy_mesh_interfaces__rosidl_generator_py.so" to ""
-- Up-to-date: /home/shadows/ros2_ws/install/my_mesh_interfaces/share/my_mesh_interfaces/cmake/export_my_mesh_interfaces__rosidl_generator_cExport.cmake
-- Up-to-date: /home/shadows/ros2_ws/install/my_mesh_interfaces/share/my_mesh_interfaces/cmake/export_my_mesh_interfaces__rosidl_generator_cExport-noconfig.cmake
-- Up-to-date: /home/shadows/ros2_ws/install/my_mesh_interfaces/share/my_mesh_interfaces/cmake/export_my_mesh_interfaces__rosidl_typesupport_fastrtps_cExport.cmake
-- Up-to-date: /home/shadows/ros2_ws/install/my_mesh_interfaces/share/my_mesh_interfaces/cmake/export_my_mesh_interfaces__rosidl_typesupport_fastrtps_cExport-noconfig.cmake
-- Up-to-date: /home/shadows/ros2_ws/install/my_mesh_interfaces/share/my_mesh_interfaces/cmake/my_mesh_interfaces__rosidl_typesupport_introspection_cExport.cmake
-- Up-to-date: /home/shadows/ros2_ws/install/my_mesh_interfaces/share/my_mesh_interfaces/cmake/my_mesh_interfaces__rosidl_typesupport_introspection_cExport-noconfig.cmake
-- Up-to-date: /home/shadows/ros2_ws/install/my_mesh_interfaces/share/my_mesh_interfaces/cmake/my_mesh_interfaces__rosidl_typesupport_cExport.cmake
-- Up-to-date: /home/shadows/ros2_ws/install/my_mesh_interfaces/share/my_mesh_interfaces/cmake/my_mesh_interfaces__rosidl_typesupport_cExport-noconfig.cmake
-- Up-to-date: /home/shadows/ros2_ws/install/my_mesh_interfaces/share/my_mesh_interfaces/cmake/export_my_mesh_interfaces__rosidl_generator_cppExport.cmake
-- Up-to-date: /home/shadows/ros2_ws/install/my_mesh_interfaces/share/my_mesh_interfaces/cmake/export_my_mesh_interfaces__rosidl_typesupport_fastrtps_cppExport.cmake
-- Up-to-date: /home/shadows/ros2_ws/install/my_mesh_interfaces/share/my_mesh_interfaces/cmake/export_my_mesh_interfaces__rosidl_typesupport_fastrtps_cppExport-noconfig.cmake
-- Up-to-date: /home/shadows/ros2_ws/install/my_mesh_interfaces/share/my_mesh_interfaces/cmake/my_mesh_interfaces__rosidl_typesupport_introspection_cppExport.cmake
-- Up-to-date: /home/shadows/ros2_ws/install/my_mesh_interfaces/share/my_mesh_interfaces/cmake/my_mesh_interfaces__rosidl_typesupport_introspection_cppExport-noconfig.cmake
-- Up-to-date: /home/shadows/ros2_ws/install/my_mesh_interfaces/share/my_mesh_interfaces/cmake/my_mesh_interfaces__rosidl_typesupport_cppExport.cmake
-- Up-to-date: /home/shadows/ros2_ws/install/my_mesh_interfaces/share/my_mesh_interfaces/cmake/my_mesh_interfaces__rosidl_typesupport_cppExport-noconfig.cmake
-- Up-to-date: /home/shadows/ros2_ws/install/my_mesh_interfaces/share/my_mesh_interfaces/cmake/export_my_mesh_interfaces__rosidl_generator_pyExport.cmake
-- Up-to-date: /home/shadows/ros2_ws/install/my_mesh_interfaces/share/my_mesh_interfaces/cmake/export_my_mesh_interfaces__rosidl_generator_pyExport-noconfig.cmake
