[0.009s] Invoking command in '/home/shadows/ros2_ws/build/my_mesh_interfaces': CMAKE_PREFIX_PATH=${CMAKE_PREFIX_PATH}:/opt/ros/jazzy DEBUGINFOD_URLS=https://debuginfod.ubuntu.com /usr/bin/cmake /home/shadows/ros2_ws/src/my_mesh_interfaces -DAMENT_CMAKE_SYMLINK_INSTALL=1 -DCMAKE_INSTALL_PREFIX=/home/shadows/ros2_ws/install/my_mesh_interfaces
[0.054s] -- The C compiler identification is GNU 13.3.0
[0.101s] -- The CXX compiler identification is GNU 13.3.0
[0.115s] -- Detecting C compiler ABI info
[0.202s] -- Detecting C compiler ABI info - done
[0.210s] -- Check for working C compiler: /usr/bin/cc - skipped
[0.210s] -- Detecting C compile features
[0.210s] -- Detecting C compile features - done
[0.216s] -- Detecting CXX compiler ABI info
[0.293s] -- Detecting CXX compiler ABI info - done
[0.298s] -- Check for working CXX compiler: /usr/bin/c++ - skipped
[0.298s] -- Detecting CXX compile features
[0.299s] -- Detecting CXX compile features - done
[0.303s] -- Found ament_cmake: 2.5.6 (/opt/ros/jazzy/share/ament_cmake/cmake)
[0.426s] -- Found Python3: /usr/bin/python3 (found version "3.12.3") found components: Interpreter 
[0.475s] -- Override CMake install command with custom implementation using symlinks instead of copying resources
[0.510s] -- Found rosidl_default_generators: 1.6.1 (/opt/ros/jazzy/share/rosidl_default_generators/cmake)
[0.514s] -- Using all available rosidl_typesupport_c: rosidl_typesupport_fastrtps_c;rosidl_typesupport_introspection_c
[0.557s] -- Using all available rosidl_typesupport_cpp: rosidl_typesupport_fastrtps_cpp;rosidl_typesupport_introspection_cpp
[0.594s] -- Found rosidl_adapter: 4.6.9 (/opt/ros/jazzy/share/rosidl_adapter/cmake)
[0.596s] -- Found sensor_msgs: 5.3.8 (/opt/ros/jazzy/share/sensor_msgs/cmake)
[1.068s] -- Found ament_cmake_ros: 0.12.1 (/opt/ros/jazzy/share/ament_cmake_ros/cmake)
[1.428s] -- Using all available rosidl_typesupport_c: rosidl_typesupport_fastrtps_c;rosidl_typesupport_introspection_c
[1.947s] -- Using all available rosidl_typesupport_cpp: rosidl_typesupport_fastrtps_cpp;rosidl_typesupport_introspection_cpp
[1.950s] -- Found python_cmake_module: 0.11.1 (/opt/ros/jazzy/share/python_cmake_module/cmake)
[2.050s] -- Found PythonExtra: /usr/bin/python3  
[2.350s] -- Found Python3: /usr/bin/python3 (found version "3.12.3") found components: Interpreter Development NumPy Development.Module Development.Embed 
[2.460s] -- Found Python3: /usr/bin/python3 (found version "3.12.3") found components: Interpreter 
[2.466s] -- Configuring done (2.4s)
[2.494s] -- Generating done (0.0s)
[2.502s] -- Build files have been written to: /home/shadows/ros2_ws/build/my_mesh_interfaces
[2.509s] Invoked command in '/home/shadows/ros2_ws/build/my_mesh_interfaces' returned '0': CMAKE_PREFIX_PATH=${CMAKE_PREFIX_PATH}:/opt/ros/jazzy DEBUGINFOD_URLS=https://debuginfod.ubuntu.com /usr/bin/cmake /home/shadows/ros2_ws/src/my_mesh_interfaces -DAMENT_CMAKE_SYMLINK_INSTALL=1 -DCMAKE_INSTALL_PREFIX=/home/shadows/ros2_ws/install/my_mesh_interfaces
[2.510s] Invoking command in '/home/shadows/ros2_ws/build/my_mesh_interfaces': CMAKE_PREFIX_PATH=${CMAKE_PREFIX_PATH}:/opt/ros/jazzy DEBUGINFOD_URLS=https://debuginfod.ubuntu.com /usr/bin/cmake --build /home/shadows/ros2_ws/build/my_mesh_interfaces -- -j20 -l20
[2.549s] [  2%] [34m[1mGenerating type hashes for ROS interfaces[0m
[2.551s] [  4%] [34m[1mGenerating Rust code for ROS interfaces[0m
[2.554s] [  4%] Built target ament_cmake_python_symlink_my_mesh_interfaces
[2.686s] [  4%] Built target my_mesh_interfaces__rosidl_generator_type_description
[2.696s] [  6%] [34m[1mGenerating C code for ROS interfaces[0m
[2.707s] [  8%] [34m[1mGenerating C++ code for ROS interfaces[0m
[2.716s] [  8%] Built target my_mesh_interfaces__rs
[2.717s] running egg_info
[2.731s] writing my_mesh_interfaces.egg-info/PKG-INFO
[2.731s] writing dependency_links to my_mesh_interfaces.egg-info/dependency_links.txt
[2.731s] writing top-level names to my_mesh_interfaces.egg-info/top_level.txt
[2.795s] reading manifest file 'my_mesh_interfaces.egg-info/SOURCES.txt'
[2.796s] writing manifest file 'my_mesh_interfaces.egg-info/SOURCES.txt'
[2.820s] [  8%] Built target ament_cmake_python_build_my_mesh_interfaces_egg
[2.895s] [  8%] Built target my_mesh_interfaces__cpp
[2.917s] [ 13%] [32mBuilding C object CMakeFiles/my_mesh_interfaces__rosidl_generator_c.dir/rosidl_generator_c/my_mesh_interfaces/msg/detail/mesh_scan__description.c.o[0m
[2.917s] [ 13%] [32mBuilding C object CMakeFiles/my_mesh_interfaces__rosidl_generator_c.dir/rosidl_generator_c/my_mesh_interfaces/msg/detail/mesh_scan__type_support.c.o[0m
[2.917s] [ 15%] [32mBuilding C object CMakeFiles/my_mesh_interfaces__rosidl_generator_c.dir/rosidl_generator_c/my_mesh_interfaces/msg/detail/sender_status__type_support.c.o[0m
[2.919s] [ 17%] [32mBuilding C object CMakeFiles/my_mesh_interfaces__rosidl_generator_c.dir/rosidl_generator_c/my_mesh_interfaces/msg/detail/mesh_scan__functions.c.o[0m
[2.919s] [ 22%] [32mBuilding C object CMakeFiles/my_mesh_interfaces__rosidl_generator_c.dir/rosidl_generator_c/my_mesh_interfaces/msg/detail/sender_status__functions.c.o[0m
[2.919s] [ 22%] [32mBuilding C object CMakeFiles/my_mesh_interfaces__rosidl_generator_c.dir/rosidl_generator_c/my_mesh_interfaces/msg/detail/sender_status__description.c.o[0m
[2.960s] [ 24%] [32m[1mLinking C shared library libmy_mesh_interfaces__rosidl_generator_c.so[0m
[2.993s] [ 24%] Built target my_mesh_interfaces__rosidl_generator_c
[3.000s] [ 31%] [34m[1mGenerating C++ introspection for ROS interfaces[0m
[3.000s] [ 31%] [34m[1mGenerating C type support dispatch for ROS interfaces[0m
[3.000s] [ 31%] [34m[1mGenerating C introspection for ROS interfaces[0m
[3.002s] [ 33%] [34m[1mGenerating C type support for eProsima Fast-RTPS[0m
[3.002s] [ 37%] [34m[1mGenerating C++ type support for eProsima Fast-RTPS[0m
[3.002s] [ 37%] [34m[1mGenerating C++ type support dispatch for ROS interfaces[0m
[3.170s] [ 40%] [32mBuilding CXX object CMakeFiles/my_mesh_interfaces__rosidl_typesupport_cpp.dir/rosidl_typesupport_cpp/my_mesh_interfaces/msg/mesh_scan__type_support.cpp.o[0m
[3.170s] [ 42%] [32mBuilding CXX object CMakeFiles/my_mesh_interfaces__rosidl_typesupport_cpp.dir/rosidl_typesupport_cpp/my_mesh_interfaces/msg/sender_status__type_support.cpp.o[0m
[3.174s] [ 44%] [32mBuilding C object CMakeFiles/my_mesh_interfaces__rosidl_typesupport_introspection_c.dir/rosidl_typesupport_introspection_c/my_mesh_interfaces/msg/detail/sender_status__type_support.c.o[0m
[3.175s] [ 46%] [32mBuilding C object CMakeFiles/my_mesh_interfaces__rosidl_typesupport_introspection_c.dir/rosidl_typesupport_introspection_c/my_mesh_interfaces/msg/detail/mesh_scan__type_support.c.o[0m
[3.202s] [ 48%] [32m[1mLinking C shared library libmy_mesh_interfaces__rosidl_typesupport_introspection_c.so[0m
[3.226s] [ 51%] [32mBuilding CXX object CMakeFiles/my_mesh_interfaces__rosidl_typesupport_fastrtps_cpp.dir/rosidl_typesupport_fastrtps_cpp/my_mesh_interfaces/msg/detail/dds_fastrtps/sender_status__type_support.cpp.o[0m
[3.227s] [ 53%] [32mBuilding CXX object CMakeFiles/my_mesh_interfaces__rosidl_typesupport_fastrtps_cpp.dir/rosidl_typesupport_fastrtps_cpp/my_mesh_interfaces/msg/detail/dds_fastrtps/mesh_scan__type_support.cpp.o[0m
[3.227s] [ 53%] Built target my_mesh_interfaces__rosidl_typesupport_introspection_c
[3.235s] [ 55%] [32mBuilding CXX object CMakeFiles/my_mesh_interfaces__rosidl_typesupport_fastrtps_c.dir/rosidl_typesupport_fastrtps_c/my_mesh_interfaces/msg/detail/sender_status__type_support_c.cpp.o[0m
[3.235s] [ 57%] [32mBuilding CXX object CMakeFiles/my_mesh_interfaces__rosidl_typesupport_fastrtps_c.dir/rosidl_typesupport_fastrtps_c/my_mesh_interfaces/msg/detail/mesh_scan__type_support_c.cpp.o[0m
[3.253s] [ 60%] [32mBuilding CXX object CMakeFiles/my_mesh_interfaces__rosidl_typesupport_c.dir/rosidl_typesupport_c/my_mesh_interfaces/msg/mesh_scan__type_support.cpp.o[0m
[3.253s] [ 62%] [32mBuilding CXX object CMakeFiles/my_mesh_interfaces__rosidl_typesupport_c.dir/rosidl_typesupport_c/my_mesh_interfaces/msg/sender_status__type_support.cpp.o[0m
[3.264s] [ 66%] [32mBuilding CXX object CMakeFiles/my_mesh_interfaces__rosidl_typesupport_introspection_cpp.dir/rosidl_typesupport_introspection_cpp/my_mesh_interfaces/msg/detail/mesh_scan__type_support.cpp.o[0m
[3.264s] [ 66%] [32mBuilding CXX object CMakeFiles/my_mesh_interfaces__rosidl_typesupport_introspection_cpp.dir/rosidl_typesupport_introspection_cpp/my_mesh_interfaces/msg/detail/sender_status__type_support.cpp.o[0m
[3.317s] [ 68%] [32m[1mLinking CXX shared library libmy_mesh_interfaces__rosidl_typesupport_c.so[0m
[3.351s] [ 68%] Built target my_mesh_interfaces__rosidl_typesupport_c
[3.457s] [ 71%] [32m[1mLinking CXX shared library libmy_mesh_interfaces__rosidl_typesupport_cpp.so[0m
[3.492s] [ 71%] Built target my_mesh_interfaces__rosidl_typesupport_cpp
[3.534s] [ 73%] [32m[1mLinking CXX shared library libmy_mesh_interfaces__rosidl_typesupport_introspection_cpp.so[0m
[3.594s] [ 73%] Built target my_mesh_interfaces__rosidl_typesupport_introspection_cpp
[3.660s] [ 75%] [32m[1mLinking CXX shared library libmy_mesh_interfaces__rosidl_typesupport_fastrtps_c.so[0m
[3.682s] [ 77%] [32m[1mLinking CXX shared library libmy_mesh_interfaces__rosidl_typesupport_fastrtps_cpp.so[0m
[3.699s] [ 77%] Built target my_mesh_interfaces__rosidl_typesupport_fastrtps_c
[3.724s] [ 77%] Built target my_mesh_interfaces__rosidl_typesupport_fastrtps_cpp
[3.737s] [ 77%] Built target my_mesh_interfaces
[3.759s] [ 80%] [34m[1mGenerating Python code for ROS interfaces[0m
[3.952s] [ 80%] Built target my_mesh_interfaces__py
[3.972s] [ 82%] [32mBuilding C object CMakeFiles/my_mesh_interfaces__rosidl_generator_py.dir/rosidl_generator_py/my_mesh_interfaces/msg/_sender_status_s.c.o[0m
[3.973s] [ 84%] [32mBuilding C object CMakeFiles/my_mesh_interfaces__rosidl_generator_py.dir/rosidl_generator_py/my_mesh_interfaces/msg/_mesh_scan_s.c.o[0m
[4.065s] [ 86%] [32m[1mLinking C shared library libmy_mesh_interfaces__rosidl_generator_py.so[0m
[4.100s] [ 86%] Built target my_mesh_interfaces__rosidl_generator_py
[4.147s] [ 88%] [32mBuilding C object CMakeFiles/my_mesh_interfaces_s__rosidl_typesupport_c.dir/rosidl_generator_py/my_mesh_interfaces/_my_mesh_interfaces_s.ep.rosidl_typesupport_c.c.o[0m
[4.148s] [ 93%] [32mBuilding C object CMakeFiles/my_mesh_interfaces_s__rosidl_typesupport_introspection_c.dir/rosidl_generator_py/my_mesh_interfaces/_my_mesh_interfaces_s.ep.rosidl_typesupport_introspection_c.c.o[0m
[4.148s] [ 93%] [32mBuilding C object CMakeFiles/my_mesh_interfaces_s__rosidl_typesupport_fastrtps_c.dir/rosidl_generator_py/my_mesh_interfaces/_my_mesh_interfaces_s.ep.rosidl_typesupport_fastrtps_c.c.o[0m
[4.215s] [ 97%] [32m[1mLinking C shared module rosidl_generator_py/my_mesh_interfaces/my_mesh_interfaces_s__rosidl_typesupport_c.so[0m
[4.215s] [ 97%] [32m[1mLinking C shared module rosidl_generator_py/my_mesh_interfaces/my_mesh_interfaces_s__rosidl_typesupport_fastrtps_c.so[0m
[4.217s] [100%] [32m[1mLinking C shared module rosidl_generator_py/my_mesh_interfaces/my_mesh_interfaces_s__rosidl_typesupport_introspection_c.so[0m
[4.237s] [100%] Built target my_mesh_interfaces_s__rosidl_typesupport_fastrtps_c
[4.237s] [100%] Built target my_mesh_interfaces_s__rosidl_typesupport_introspection_c
[4.240s] [100%] Built target my_mesh_interfaces_s__rosidl_typesupport_c
[4.278s] Invoked command in '/home/shadows/ros2_ws/build/my_mesh_interfaces' returned '0': CMAKE_PREFIX_PATH=${CMAKE_PREFIX_PATH}:/opt/ros/jazzy DEBUGINFOD_URLS=https://debuginfod.ubuntu.com /usr/bin/cmake --build /home/shadows/ros2_ws/build/my_mesh_interfaces -- -j20 -l20
[4.286s] Invoking command in '/home/shadows/ros2_ws/build/my_mesh_interfaces': CMAKE_PREFIX_PATH=${CMAKE_PREFIX_PATH}:/opt/ros/jazzy DEBUGINFOD_URLS=https://debuginfod.ubuntu.com /usr/bin/cmake --install /home/shadows/ros2_ws/build/my_mesh_interfaces
[4.293s] -- Install configuration: ""
[4.293s] -- Execute custom install script
[4.293s] -- Up-to-date symlink: /home/shadows/ros2_ws/install/my_mesh_interfaces/share/ament_index/resource_index/rosidl_interfaces/my_mesh_interfaces
[4.294s] -- Up-to-date symlink: /home/shadows/ros2_ws/install/my_mesh_interfaces/share/my_mesh_interfaces/msg/MeshScan.json
[4.294s] -- Up-to-date symlink: /home/shadows/ros2_ws/install/my_mesh_interfaces/share/my_mesh_interfaces/msg/SenderStatus.json
[4.294s] -- Up-to-date symlink: /home/shadows/ros2_ws/install/my_mesh_interfaces/include/my_mesh_interfaces/my_mesh_interfaces/msg/detail/mesh_scan__functions.h
[4.294s] -- Up-to-date symlink: /home/shadows/ros2_ws/install/my_mesh_interfaces/include/my_mesh_interfaces/my_mesh_interfaces/msg/detail/mesh_scan__struct.h
[4.294s] -- Up-to-date symlink: /home/shadows/ros2_ws/install/my_mesh_interfaces/include/my_mesh_interfaces/my_mesh_interfaces/msg/detail/mesh_scan__type_support.h
[4.294s] -- Up-to-date symlink: /home/shadows/ros2_ws/install/my_mesh_interfaces/include/my_mesh_interfaces/my_mesh_interfaces/msg/detail/sender_status__functions.h
[4.294s] -- Up-to-date symlink: /home/shadows/ros2_ws/install/my_mesh_interfaces/include/my_mesh_interfaces/my_mesh_interfaces/msg/detail/sender_status__struct.h
[4.294s] -- Up-to-date symlink: /home/shadows/ros2_ws/install/my_mesh_interfaces/include/my_mesh_interfaces/my_mesh_interfaces/msg/detail/sender_status__type_support.h
[4.294s] -- Up-to-date symlink: /home/shadows/ros2_ws/install/my_mesh_interfaces/include/my_mesh_interfaces/my_mesh_interfaces/msg/mesh_scan.h
[4.294s] -- Up-to-date symlink: /home/shadows/ros2_ws/install/my_mesh_interfaces/include/my_mesh_interfaces/my_mesh_interfaces/msg/rosidl_generator_c__visibility_control.h
[4.295s] -- Up-to-date symlink: /home/shadows/ros2_ws/install/my_mesh_interfaces/include/my_mesh_interfaces/my_mesh_interfaces/msg/sender_status.h
[4.295s] -- Up-to-date symlink: /home/shadows/ros2_ws/install/my_mesh_interfaces/share/my_mesh_interfaces/environment/library_path.sh
[4.295s] -- Up-to-date symlink: /home/shadows/ros2_ws/install/my_mesh_interfaces/share/my_mesh_interfaces/environment/library_path.dsv
[4.295s] -- Up-to-date symlink: /home/shadows/ros2_ws/install/my_mesh_interfaces/include/my_mesh_interfaces/my_mesh_interfaces/msg/detail/mesh_scan__rosidl_typesupport_fastrtps_c.h
[4.295s] -- Up-to-date symlink: /home/shadows/ros2_ws/install/my_mesh_interfaces/include/my_mesh_interfaces/my_mesh_interfaces/msg/detail/sender_status__rosidl_typesupport_fastrtps_c.h
[4.295s] -- Up-to-date symlink: /home/shadows/ros2_ws/install/my_mesh_interfaces/include/my_mesh_interfaces/my_mesh_interfaces/msg/rosidl_typesupport_fastrtps_c__visibility_control.h
[4.295s] -- Up-to-date symlink: /home/shadows/ros2_ws/install/my_mesh_interfaces/include/my_mesh_interfaces/my_mesh_interfaces/msg/detail/mesh_scan__rosidl_typesupport_introspection_c.h
[4.295s] -- Up-to-date symlink: /home/shadows/ros2_ws/install/my_mesh_interfaces/include/my_mesh_interfaces/my_mesh_interfaces/msg/detail/sender_status__rosidl_typesupport_introspection_c.h
[4.295s] -- Up-to-date symlink: /home/shadows/ros2_ws/install/my_mesh_interfaces/include/my_mesh_interfaces/my_mesh_interfaces/msg/rosidl_typesupport_introspection_c__visibility_control.h
[4.295s] -- Up-to-date symlink: /home/shadows/ros2_ws/install/my_mesh_interfaces/include/my_mesh_interfaces/my_mesh_interfaces/msg/detail/mesh_scan__builder.hpp
[4.295s] -- Up-to-date symlink: /home/shadows/ros2_ws/install/my_mesh_interfaces/include/my_mesh_interfaces/my_mesh_interfaces/msg/detail/mesh_scan__struct.hpp
[4.296s] -- Up-to-date symlink: /home/shadows/ros2_ws/install/my_mesh_interfaces/include/my_mesh_interfaces/my_mesh_interfaces/msg/detail/mesh_scan__traits.hpp
[4.296s] -- Up-to-date symlink: /home/shadows/ros2_ws/install/my_mesh_interfaces/include/my_mesh_interfaces/my_mesh_interfaces/msg/detail/mesh_scan__type_support.hpp
[4.296s] -- Up-to-date symlink: /home/shadows/ros2_ws/install/my_mesh_interfaces/include/my_mesh_interfaces/my_mesh_interfaces/msg/detail/sender_status__builder.hpp
[4.296s] -- Up-to-date symlink: /home/shadows/ros2_ws/install/my_mesh_interfaces/include/my_mesh_interfaces/my_mesh_interfaces/msg/detail/sender_status__struct.hpp
[4.296s] -- Up-to-date symlink: /home/shadows/ros2_ws/install/my_mesh_interfaces/include/my_mesh_interfaces/my_mesh_interfaces/msg/detail/sender_status__traits.hpp
[4.296s] -- Up-to-date symlink: /home/shadows/ros2_ws/install/my_mesh_interfaces/include/my_mesh_interfaces/my_mesh_interfaces/msg/detail/sender_status__type_support.hpp
[4.296s] -- Up-to-date symlink: /home/shadows/ros2_ws/install/my_mesh_interfaces/include/my_mesh_interfaces/my_mesh_interfaces/msg/mesh_scan.hpp
[4.296s] -- Up-to-date symlink: /home/shadows/ros2_ws/install/my_mesh_interfaces/include/my_mesh_interfaces/my_mesh_interfaces/msg/rosidl_generator_cpp__visibility_control.hpp
[4.296s] -- Up-to-date symlink: /home/shadows/ros2_ws/install/my_mesh_interfaces/include/my_mesh_interfaces/my_mesh_interfaces/msg/sender_status.hpp
[4.296s] -- Up-to-date symlink: /home/shadows/ros2_ws/install/my_mesh_interfaces/include/my_mesh_interfaces/my_mesh_interfaces/msg/detail/mesh_scan__rosidl_typesupport_fastrtps_cpp.hpp
[4.296s] -- Up-to-date symlink: /home/shadows/ros2_ws/install/my_mesh_interfaces/include/my_mesh_interfaces/my_mesh_interfaces/msg/detail/sender_status__rosidl_typesupport_fastrtps_cpp.hpp
[4.296s] -- Up-to-date symlink: /home/shadows/ros2_ws/install/my_mesh_interfaces/include/my_mesh_interfaces/my_mesh_interfaces/msg/rosidl_typesupport_fastrtps_cpp__visibility_control.h
[4.296s] -- Up-to-date symlink: /home/shadows/ros2_ws/install/my_mesh_interfaces/include/my_mesh_interfaces/my_mesh_interfaces/msg/detail/mesh_scan__rosidl_typesupport_introspection_cpp.hpp
[4.296s] -- Up-to-date symlink: /home/shadows/ros2_ws/install/my_mesh_interfaces/include/my_mesh_interfaces/my_mesh_interfaces/msg/detail/sender_status__rosidl_typesupport_introspection_cpp.hpp
[4.296s] -- Up-to-date symlink: /home/shadows/ros2_ws/install/my_mesh_interfaces/share/my_mesh_interfaces/environment/pythonpath.sh
[4.296s] -- Up-to-date symlink: /home/shadows/ros2_ws/install/my_mesh_interfaces/share/my_mesh_interfaces/environment/pythonpath.dsv
[4.296s] -- Up-to-date symlink: /home/shadows/ros2_ws/install/my_mesh_interfaces/lib/python3.12/site-packages/my_mesh_interfaces-0.0.0-py3.12.egg-info/PKG-INFO
[4.296s] -- Up-to-date symlink: /home/shadows/ros2_ws/install/my_mesh_interfaces/lib/python3.12/site-packages/my_mesh_interfaces-0.0.0-py3.12.egg-info/SOURCES.txt
[4.297s] -- Up-to-date symlink: /home/shadows/ros2_ws/install/my_mesh_interfaces/lib/python3.12/site-packages/my_mesh_interfaces-0.0.0-py3.12.egg-info/dependency_links.txt
[4.297s] -- Up-to-date symlink: /home/shadows/ros2_ws/install/my_mesh_interfaces/lib/python3.12/site-packages/my_mesh_interfaces-0.0.0-py3.12.egg-info/top_level.txt
[4.297s] -- Up-to-date symlink: /home/shadows/ros2_ws/install/my_mesh_interfaces/lib/python3.12/site-packages/my_mesh_interfaces/__init__.py
[4.297s] -- Up-to-date symlink: /home/shadows/ros2_ws/install/my_mesh_interfaces/lib/python3.12/site-packages/my_mesh_interfaces/_my_mesh_interfaces_s.ep.rosidl_typesupport_c.c
[4.297s] -- Up-to-date symlink: /home/shadows/ros2_ws/install/my_mesh_interfaces/lib/python3.12/site-packages/my_mesh_interfaces/_my_mesh_interfaces_s.ep.rosidl_typesupport_fastrtps_c.c
[4.297s] -- Up-to-date symlink: /home/shadows/ros2_ws/install/my_mesh_interfaces/lib/python3.12/site-packages/my_mesh_interfaces/_my_mesh_interfaces_s.ep.rosidl_typesupport_introspection_c.c
[4.297s] -- Up-to-date symlink: /home/shadows/ros2_ws/install/my_mesh_interfaces/lib/python3.12/site-packages/my_mesh_interfaces/msg/__init__.py
[4.297s] -- Up-to-date symlink: /home/shadows/ros2_ws/install/my_mesh_interfaces/lib/python3.12/site-packages/my_mesh_interfaces/msg/_mesh_scan.py
[4.297s] -- Up-to-date symlink: /home/shadows/ros2_ws/install/my_mesh_interfaces/lib/python3.12/site-packages/my_mesh_interfaces/msg/_mesh_scan_s.c
[4.297s] -- Up-to-date symlink: /home/shadows/ros2_ws/install/my_mesh_interfaces/lib/python3.12/site-packages/my_mesh_interfaces/msg/_sender_status.py
[4.297s] -- Up-to-date symlink: /home/shadows/ros2_ws/install/my_mesh_interfaces/lib/python3.12/site-packages/my_mesh_interfaces/msg/_sender_status_s.c
[4.297s] -- Up-to-date symlink: /home/shadows/ros2_ws/install/my_mesh_interfaces/lib/python3.12/site-packages/my_mesh_interfaces/my_mesh_interfaces_s__rosidl_typesupport_c.so
[4.297s] -- Up-to-date symlink: /home/shadows/ros2_ws/install/my_mesh_interfaces/lib/python3.12/site-packages/my_mesh_interfaces/my_mesh_interfaces_s__rosidl_typesupport_fastrtps_c.so
[4.297s] -- Up-to-date symlink: /home/shadows/ros2_ws/install/my_mesh_interfaces/lib/python3.12/site-packages/my_mesh_interfaces/my_mesh_interfaces_s__rosidl_typesupport_introspection_c.so
[4.297s] -- Up-to-date symlink: /home/shadows/ros2_ws/install/my_mesh_interfaces/lib/python3.12/site-packages/my_mesh_interfaces/my_mesh_interfaces_s__rosidl_typesupport_fastrtps_c.so
[4.297s] -- Up-to-date symlink: /home/shadows/ros2_ws/install/my_mesh_interfaces/lib/python3.12/site-packages/my_mesh_interfaces/my_mesh_interfaces_s__rosidl_typesupport_introspection_c.so
[4.297s] -- Up-to-date symlink: /home/shadows/ros2_ws/install/my_mesh_interfaces/lib/python3.12/site-packages/my_mesh_interfaces/my_mesh_interfaces_s__rosidl_typesupport_c.so
[4.298s] -- Up-to-date symlink: /home/shadows/ros2_ws/install/my_mesh_interfaces/share/ament_index/resource_index/rust_packages/my_mesh_interfaces
[4.298s] -- Up-to-date symlink: /home/shadows/ros2_ws/install/my_mesh_interfaces/share/my_mesh_interfaces/rust/Cargo.toml
[4.298s] -- Up-to-date symlink: /home/shadows/ros2_ws/install/my_mesh_interfaces/share/my_mesh_interfaces/rust/build.rs
[4.298s] -- Up-to-date symlink: /home/shadows/ros2_ws/install/my_mesh_interfaces/share/my_mesh_interfaces/rust/src/lib.rs
[4.298s] -- Up-to-date symlink: /home/shadows/ros2_ws/install/my_mesh_interfaces/share/my_mesh_interfaces/rust/src/msg.rs
[4.298s] -- Up-to-date symlink: /home/shadows/ros2_ws/install/my_mesh_interfaces/share/my_mesh_interfaces/rust/src/msg/rmw.rs
[4.298s] -- Up-to-date symlink: /home/shadows/ros2_ws/install/my_mesh_interfaces/share/my_mesh_interfaces/msg/MeshScan.idl
[4.298s] -- Up-to-date symlink: /home/shadows/ros2_ws/install/my_mesh_interfaces/share/my_mesh_interfaces/msg/SenderStatus.idl
[4.298s] -- Up-to-date symlink: /home/shadows/ros2_ws/install/my_mesh_interfaces/share/my_mesh_interfaces/msg/MeshScan.msg
[4.298s] -- Up-to-date symlink: /home/shadows/ros2_ws/install/my_mesh_interfaces/share/my_mesh_interfaces/msg/SenderStatus.msg
[4.298s] -- Up-to-date symlink: /home/shadows/ros2_ws/install/my_mesh_interfaces/share/ament_index/resource_index/package_run_dependencies/my_mesh_interfaces
[4.298s] -- Up-to-date symlink: /home/shadows/ros2_ws/install/my_mesh_interfaces/share/ament_index/resource_index/parent_prefix_path/my_mesh_interfaces
[4.298s] -- Up-to-date symlink: /home/shadows/ros2_ws/install/my_mesh_interfaces/share/my_mesh_interfaces/environment/ament_prefix_path.sh
[4.298s] -- Up-to-date symlink: /home/shadows/ros2_ws/install/my_mesh_interfaces/share/my_mesh_interfaces/environment/ament_prefix_path.dsv
[4.298s] -- Up-to-date symlink: /home/shadows/ros2_ws/install/my_mesh_interfaces/share/my_mesh_interfaces/environment/path.sh
[4.299s] -- Up-to-date symlink: /home/shadows/ros2_ws/install/my_mesh_interfaces/share/my_mesh_interfaces/environment/path.dsv
[4.299s] -- Up-to-date symlink: /home/shadows/ros2_ws/install/my_mesh_interfaces/share/my_mesh_interfaces/local_setup.bash
[4.299s] -- Up-to-date symlink: /home/shadows/ros2_ws/install/my_mesh_interfaces/share/my_mesh_interfaces/local_setup.sh
[4.299s] -- Up-to-date symlink: /home/shadows/ros2_ws/install/my_mesh_interfaces/share/my_mesh_interfaces/local_setup.zsh
[4.299s] -- Up-to-date symlink: /home/shadows/ros2_ws/install/my_mesh_interfaces/share/my_mesh_interfaces/local_setup.dsv
[4.299s] -- Symlinking: /home/shadows/ros2_ws/install/my_mesh_interfaces/share/my_mesh_interfaces/package.dsv
[4.305s] -- Up-to-date symlink: /home/shadows/ros2_ws/install/my_mesh_interfaces/share/ament_index/resource_index/packages/my_mesh_interfaces
[4.305s] -- Up-to-date symlink: /home/shadows/ros2_ws/install/my_mesh_interfaces/share/my_mesh_interfaces/cmake/rosidl_cmake-extras.cmake
[4.305s] -- Up-to-date symlink: /home/shadows/ros2_ws/install/my_mesh_interfaces/share/my_mesh_interfaces/cmake/ament_cmake_export_dependencies-extras.cmake
[4.305s] -- Up-to-date symlink: /home/shadows/ros2_ws/install/my_mesh_interfaces/share/my_mesh_interfaces/cmake/ament_cmake_export_include_directories-extras.cmake
[4.305s] -- Up-to-date symlink: /home/shadows/ros2_ws/install/my_mesh_interfaces/share/my_mesh_interfaces/cmake/ament_cmake_export_libraries-extras.cmake
[4.305s] -- Up-to-date symlink: /home/shadows/ros2_ws/install/my_mesh_interfaces/share/my_mesh_interfaces/cmake/ament_cmake_export_targets-extras.cmake
[4.305s] -- Up-to-date symlink: /home/shadows/ros2_ws/install/my_mesh_interfaces/share/my_mesh_interfaces/cmake/rosidl_cmake_export_typesupport_targets-extras.cmake
[4.306s] -- Up-to-date symlink: /home/shadows/ros2_ws/install/my_mesh_interfaces/share/my_mesh_interfaces/cmake/rosidl_cmake_export_typesupport_libraries-extras.cmake
[4.306s] -- Up-to-date symlink: /home/shadows/ros2_ws/install/my_mesh_interfaces/share/my_mesh_interfaces/cmake/rosidl_cmake_aggregate_target-extras.cmake
[4.306s] -- Up-to-date symlink: /home/shadows/ros2_ws/install/my_mesh_interfaces/share/my_mesh_interfaces/cmake/my_mesh_interfacesConfig.cmake
[4.306s] -- Up-to-date symlink: /home/shadows/ros2_ws/install/my_mesh_interfaces/share/my_mesh_interfaces/cmake/my_mesh_interfacesConfig-version.cmake
[4.306s] -- Up-to-date symlink: /home/shadows/ros2_ws/install/my_mesh_interfaces/share/my_mesh_interfaces/package.xml
[4.306s] -- Installing: /home/shadows/ros2_ws/install/my_mesh_interfaces/lib/libmy_mesh_interfaces__rosidl_generator_c.so
[4.306s] -- Set non-toolchain portion of runtime path of "/home/shadows/ros2_ws/install/my_mesh_interfaces/lib/libmy_mesh_interfaces__rosidl_generator_c.so" to ""
[4.306s] -- Installing: /home/shadows/ros2_ws/install/my_mesh_interfaces/lib/libmy_mesh_interfaces__rosidl_typesupport_fastrtps_c.so
[4.306s] -- Set non-toolchain portion of runtime path of "/home/shadows/ros2_ws/install/my_mesh_interfaces/lib/libmy_mesh_interfaces__rosidl_typesupport_fastrtps_c.so" to ""
[4.306s] -- Installing: /home/shadows/ros2_ws/install/my_mesh_interfaces/lib/libmy_mesh_interfaces__rosidl_typesupport_introspection_c.so
[4.306s] -- Set non-toolchain portion of runtime path of "/home/shadows/ros2_ws/install/my_mesh_interfaces/lib/libmy_mesh_interfaces__rosidl_typesupport_introspection_c.so" to ""
[4.306s] -- Installing: /home/shadows/ros2_ws/install/my_mesh_interfaces/lib/libmy_mesh_interfaces__rosidl_typesupport_c.so
[4.307s] -- Set non-toolchain portion of runtime path of "/home/shadows/ros2_ws/install/my_mesh_interfaces/lib/libmy_mesh_interfaces__rosidl_typesupport_c.so" to ""
[4.307s] -- Installing: /home/shadows/ros2_ws/install/my_mesh_interfaces/lib/libmy_mesh_interfaces__rosidl_typesupport_fastrtps_cpp.so
[4.307s] -- Set non-toolchain portion of runtime path of "/home/shadows/ros2_ws/install/my_mesh_interfaces/lib/libmy_mesh_interfaces__rosidl_typesupport_fastrtps_cpp.so" to ""
[4.307s] -- Installing: /home/shadows/ros2_ws/install/my_mesh_interfaces/lib/libmy_mesh_interfaces__rosidl_typesupport_introspection_cpp.so
[4.307s] -- Set non-toolchain portion of runtime path of "/home/shadows/ros2_ws/install/my_mesh_interfaces/lib/libmy_mesh_interfaces__rosidl_typesupport_introspection_cpp.so" to ""
[4.307s] -- Installing: /home/shadows/ros2_ws/install/my_mesh_interfaces/lib/libmy_mesh_interfaces__rosidl_typesupport_cpp.so
[4.307s] -- Set non-toolchain portion of runtime path of "/home/shadows/ros2_ws/install/my_mesh_interfaces/lib/libmy_mesh_interfaces__rosidl_typesupport_cpp.so" to ""
[4.333s] Listing '/home/shadows/ros2_ws/install/my_mesh_interfaces/lib/python3.12/site-packages/my_mesh_interfaces'...
[4.334s] Compiling '/home/shadows/ros2_ws/install/my_mesh_interfaces/lib/python3.12/site-packages/my_mesh_interfaces/__init__.py'...
[4.334s] Listing '/home/shadows/ros2_ws/install/my_mesh_interfaces/lib/python3.12/site-packages/my_mesh_interfaces/msg'...
[4.334s] Compiling '/home/shadows/ros2_ws/install/my_mesh_interfaces/lib/python3.12/site-packages/my_mesh_interfaces/msg/__init__.py'...
[4.334s] Compiling '/home/shadows/ros2_ws/install/my_mesh_interfaces/lib/python3.12/site-packages/my_mesh_interfaces/msg/_mesh_scan.py'...
[4.334s] Compiling '/home/shadows/ros2_ws/install/my_mesh_interfaces/lib/python3.12/site-packages/my_mesh_interfaces/msg/_sender_status.py'...
[4.337s] -- Installing: /home/shadows/ros2_ws/install/my_mesh_interfaces/lib/libmy_mesh_interfaces__rosidl_generator_py.so
[4.337s] -- Set non-toolchain portion of runtime path of "/home/shadows/ros2_ws/install/my_mesh_interfaces/lib/libmy_mesh_interfaces__rosidl_generator_py.so" to ""
[4.337s] -- Up-to-date: /home/shadows/ros2_ws/install/my_mesh_interfaces/share/my_mesh_interfaces/cmake/export_my_mesh_interfaces__rosidl_generator_cExport.cmake
[4.337s] -- Up-to-date: /home/shadows/ros2_ws/install/my_mesh_interfaces/share/my_mesh_interfaces/cmake/export_my_mesh_interfaces__rosidl_generator_cExport-noconfig.cmake
[4.337s] -- Up-to-date: /home/shadows/ros2_ws/install/my_mesh_interfaces/share/my_mesh_interfaces/cmake/export_my_mesh_interfaces__rosidl_typesupport_fastrtps_cExport.cmake
[4.337s] -- Up-to-date: /home/shadows/ros2_ws/install/my_mesh_interfaces/share/my_mesh_interfaces/cmake/export_my_mesh_interfaces__rosidl_typesupport_fastrtps_cExport-noconfig.cmake
[4.337s] -- Up-to-date: /home/shadows/ros2_ws/install/my_mesh_interfaces/share/my_mesh_interfaces/cmake/my_mesh_interfaces__rosidl_typesupport_introspection_cExport.cmake
[4.337s] -- Up-to-date: /home/shadows/ros2_ws/install/my_mesh_interfaces/share/my_mesh_interfaces/cmake/my_mesh_interfaces__rosidl_typesupport_introspection_cExport-noconfig.cmake
[4.337s] -- Up-to-date: /home/shadows/ros2_ws/install/my_mesh_interfaces/share/my_mesh_interfaces/cmake/my_mesh_interfaces__rosidl_typesupport_cExport.cmake
[4.337s] -- Up-to-date: /home/shadows/ros2_ws/install/my_mesh_interfaces/share/my_mesh_interfaces/cmake/my_mesh_interfaces__rosidl_typesupport_cExport-noconfig.cmake
[4.337s] -- Up-to-date: /home/shadows/ros2_ws/install/my_mesh_interfaces/share/my_mesh_interfaces/cmake/export_my_mesh_interfaces__rosidl_generator_cppExport.cmake
[4.338s] -- Up-to-date: /home/shadows/ros2_ws/install/my_mesh_interfaces/share/my_mesh_interfaces/cmake/export_my_mesh_interfaces__rosidl_typesupport_fastrtps_cppExport.cmake
[4.338s] -- Up-to-date: /home/shadows/ros2_ws/install/my_mesh_interfaces/share/my_mesh_interfaces/cmake/export_my_mesh_interfaces__rosidl_typesupport_fastrtps_cppExport-noconfig.cmake
[4.338s] -- Up-to-date: /home/shadows/ros2_ws/install/my_mesh_interfaces/share/my_mesh_interfaces/cmake/my_mesh_interfaces__rosidl_typesupport_introspection_cppExport.cmake
[4.338s] -- Up-to-date: /home/shadows/ros2_ws/install/my_mesh_interfaces/share/my_mesh_interfaces/cmake/my_mesh_interfaces__rosidl_typesupport_introspection_cppExport-noconfig.cmake
[4.338s] -- Up-to-date: /home/shadows/ros2_ws/install/my_mesh_interfaces/share/my_mesh_interfaces/cmake/my_mesh_interfaces__rosidl_typesupport_cppExport.cmake
[4.338s] -- Up-to-date: /home/shadows/ros2_ws/install/my_mesh_interfaces/share/my_mesh_interfaces/cmake/my_mesh_interfaces__rosidl_typesupport_cppExport-noconfig.cmake
[4.338s] -- Up-to-date: /home/shadows/ros2_ws/install/my_mesh_interfaces/share/my_mesh_interfaces/cmake/export_my_mesh_interfaces__rosidl_generator_pyExport.cmake
[4.338s] -- Up-to-date: /home/shadows/ros2_ws/install/my_mesh_interfaces/share/my_mesh_interfaces/cmake/export_my_mesh_interfaces__rosidl_generator_pyExport-noconfig.cmake
[4.339s] Invoked command in '/home/shadows/ros2_ws/build/my_mesh_interfaces' returned '0': CMAKE_PREFIX_PATH=${CMAKE_PREFIX_PATH}:/opt/ros/jazzy DEBUGINFOD_URLS=https://debuginfod.ubuntu.com /usr/bin/cmake --install /home/shadows/ros2_ws/build/my_mesh_interfaces
