[0.079s] DEBUG:colcon:Command line arguments: ['/usr/bin/colcon', 'build', '--packages-select', 'my_mesh_interfaces']
[0.079s] DEBUG:colcon:Parsed command line arguments: Namespace(log_base=None, log_level=None, verb_name='build', build_base='build', install_base='install', merge_install=False, symlink_install=False, test_result_base=None, continue_on_error=False, executor='parallel', parallel_workers=20, event_handlers=None, ignore_user_meta=False, metas=['./colcon.meta'], base_paths=['.'], packages_ignore=None, packages_ignore_regex=None, paths=None, packages_up_to=None, packages_up_to_regex=None, packages_above=None, packages_above_and_dependencies=None, packages_above_depth=None, packages_select_by_dep=None, packages_skip_by_dep=None, packages_skip_up_to=None, packages_select_build_failed=False, packages_skip_build_finished=False, packages_select_test_failures=False, packages_skip_test_passed=False, packages_select=['my_mesh_interfaces'], packages_skip=None, packages_select_regex=None, packages_skip_regex=None, packages_start=None, packages_end=None, allow_overriding=[], cmake_args=None, cmake_target=None, cmake_target_skip_unavailable=False, cmake_clean_cache=False, cmake_clean_first=False, cmake_force_configure=False, ament_cmake_args=None, catkin_cmake_args=None, catkin_skip_building_tests=False, mixin_files=None, mixin=None, verb_parser=<colcon_mixin.mixin.mixin_argument.MixinArgumentDecorator object at 0x781e8966c3b0>, verb_extension=<colcon_core.verb.build.BuildVerb object at 0x781e897e8aa0>, main=<bound method BuildVerb.main of <colcon_core.verb.build.BuildVerb object at 0x781e897e8aa0>>, mixin_verb=('build',))
[0.114s] Level 1:colcon.colcon_core.package_discovery:discover_packages(colcon_meta) check parameters
[0.114s] Level 1:colcon.colcon_core.package_discovery:discover_packages(recursive) check parameters
[0.114s] Level 1:colcon.colcon_core.package_discovery:discover_packages(ignore) check parameters
[0.114s] Level 1:colcon.colcon_core.package_discovery:discover_packages(path) check parameters
[0.114s] Level 1:colcon.colcon_core.package_discovery:discover_packages(colcon_meta) discover
[0.114s] Level 1:colcon.colcon_core.package_discovery:discover_packages(recursive) discover
[0.114s] INFO:colcon.colcon_core.package_discovery:Crawling recursively for packages in '/home/shadows/ros2_ws'
[0.114s] Level 1:colcon.colcon_core.package_identification:_identify(.) by extensions ['ignore', 'ignore_ament_install']
[0.114s] Level 1:colcon.colcon_core.package_identification:_identify(.) by extension 'ignore'
[0.114s] Level 1:colcon.colcon_core.package_identification:_identify(.) by extension 'ignore_ament_install'
[0.114s] Level 1:colcon.colcon_core.package_identification:_identify(.) by extensions ['colcon_pkg']
[0.114s] Level 1:colcon.colcon_core.package_identification:_identify(.) by extension 'colcon_pkg'
[0.115s] Level 1:colcon.colcon_core.package_identification:_identify(.) by extensions ['colcon_meta']
[0.115s] Level 1:colcon.colcon_core.package_identification:_identify(.) by extension 'colcon_meta'
[0.115s] Level 1:colcon.colcon_core.package_identification:_identify(.) by extensions ['ros']
[0.115s] Level 1:colcon.colcon_core.package_identification:_identify(.) by extension 'ros'
[0.131s] Level 1:colcon.colcon_core.package_identification:_identify(.) by extensions ['cmake', 'python']
[0.131s] Level 1:colcon.colcon_core.package_identification:_identify(.) by extension 'cmake'
[0.131s] Level 1:colcon.colcon_core.package_identification:_identify(.) by extension 'python'
[0.131s] Level 1:colcon.colcon_core.package_identification:_identify(.) by extensions ['python_setup_py']
[0.131s] Level 1:colcon.colcon_core.package_identification:_identify(.) by extension 'python_setup_py'
[0.131s] Level 1:colcon.colcon_core.package_identification:_identify(build) by extensions ['ignore', 'ignore_ament_install']
[0.131s] Level 1:colcon.colcon_core.package_identification:_identify(build) by extension 'ignore'
[0.131s] Level 1:colcon.colcon_core.package_identification:_identify(build) ignored
[0.131s] Level 1:colcon.colcon_core.package_identification:_identify(install) by extensions ['ignore', 'ignore_ament_install']
[0.131s] Level 1:colcon.colcon_core.package_identification:_identify(install) by extension 'ignore'
[0.131s] Level 1:colcon.colcon_core.package_identification:_identify(install) ignored
[0.131s] Level 1:colcon.colcon_core.package_identification:_identify(log) by extensions ['ignore', 'ignore_ament_install']
[0.131s] Level 1:colcon.colcon_core.package_identification:_identify(log) by extension 'ignore'
[0.131s] Level 1:colcon.colcon_core.package_identification:_identify(log) ignored
[0.131s] Level 1:colcon.colcon_core.package_identification:_identify(mesh_nodes) by extensions ['ignore', 'ignore_ament_install']
[0.131s] Level 1:colcon.colcon_core.package_identification:_identify(mesh_nodes) by extension 'ignore'
[0.131s] Level 1:colcon.colcon_core.package_identification:_identify(mesh_nodes) by extension 'ignore_ament_install'
[0.131s] Level 1:colcon.colcon_core.package_identification:_identify(mesh_nodes) by extensions ['colcon_pkg']
[0.131s] Level 1:colcon.colcon_core.package_identification:_identify(mesh_nodes) by extension 'colcon_pkg'
[0.131s] Level 1:colcon.colcon_core.package_identification:_identify(mesh_nodes) by extensions ['colcon_meta']
[0.131s] Level 1:colcon.colcon_core.package_identification:_identify(mesh_nodes) by extension 'colcon_meta'
[0.131s] Level 1:colcon.colcon_core.package_identification:_identify(mesh_nodes) by extensions ['ros']
[0.131s] Level 1:colcon.colcon_core.package_identification:_identify(mesh_nodes) by extension 'ros'
[0.131s] Level 1:colcon.colcon_core.package_identification:_identify(mesh_nodes) by extensions ['cmake', 'python']
[0.132s] Level 1:colcon.colcon_core.package_identification:_identify(mesh_nodes) by extension 'cmake'
[0.132s] Level 1:colcon.colcon_core.package_identification:_identify(mesh_nodes) by extension 'python'
[0.132s] Level 1:colcon.colcon_core.package_identification:_identify(mesh_nodes) by extensions ['python_setup_py']
[0.132s] Level 1:colcon.colcon_core.package_identification:_identify(mesh_nodes) by extension 'python_setup_py'
[0.132s] Level 1:colcon.colcon_core.package_identification:_identify(mesh_nodes/__pycache__) by extensions ['ignore', 'ignore_ament_install']
[0.132s] Level 1:colcon.colcon_core.package_identification:_identify(mesh_nodes/__pycache__) by extension 'ignore'
[0.132s] Level 1:colcon.colcon_core.package_identification:_identify(mesh_nodes/__pycache__) by extension 'ignore_ament_install'
[0.132s] Level 1:colcon.colcon_core.package_identification:_identify(mesh_nodes/__pycache__) by extensions ['colcon_pkg']
[0.132s] Level 1:colcon.colcon_core.package_identification:_identify(mesh_nodes/__pycache__) by extension 'colcon_pkg'
[0.132s] Level 1:colcon.colcon_core.package_identification:_identify(mesh_nodes/__pycache__) by extensions ['colcon_meta']
[0.132s] Level 1:colcon.colcon_core.package_identification:_identify(mesh_nodes/__pycache__) by extension 'colcon_meta'
[0.132s] Level 1:colcon.colcon_core.package_identification:_identify(mesh_nodes/__pycache__) by extensions ['ros']
[0.132s] Level 1:colcon.colcon_core.package_identification:_identify(mesh_nodes/__pycache__) by extension 'ros'
[0.132s] Level 1:colcon.colcon_core.package_identification:_identify(mesh_nodes/__pycache__) by extensions ['cmake', 'python']
[0.132s] Level 1:colcon.colcon_core.package_identification:_identify(mesh_nodes/__pycache__) by extension 'cmake'
[0.132s] Level 1:colcon.colcon_core.package_identification:_identify(mesh_nodes/__pycache__) by extension 'python'
[0.132s] Level 1:colcon.colcon_core.package_identification:_identify(mesh_nodes/__pycache__) by extensions ['python_setup_py']
[0.132s] Level 1:colcon.colcon_core.package_identification:_identify(mesh_nodes/__pycache__) by extension 'python_setup_py'
[0.132s] Level 1:colcon.colcon_core.package_identification:_identify(src) by extensions ['ignore', 'ignore_ament_install']
[0.132s] Level 1:colcon.colcon_core.package_identification:_identify(src) by extension 'ignore'
[0.132s] Level 1:colcon.colcon_core.package_identification:_identify(src) by extension 'ignore_ament_install'
[0.132s] Level 1:colcon.colcon_core.package_identification:_identify(src) by extensions ['colcon_pkg']
[0.132s] Level 1:colcon.colcon_core.package_identification:_identify(src) by extension 'colcon_pkg'
[0.132s] Level 1:colcon.colcon_core.package_identification:_identify(src) by extensions ['colcon_meta']
[0.132s] Level 1:colcon.colcon_core.package_identification:_identify(src) by extension 'colcon_meta'
[0.132s] Level 1:colcon.colcon_core.package_identification:_identify(src) by extensions ['ros']
[0.132s] Level 1:colcon.colcon_core.package_identification:_identify(src) by extension 'ros'
[0.132s] Level 1:colcon.colcon_core.package_identification:_identify(src) by extensions ['cmake', 'python']
[0.132s] Level 1:colcon.colcon_core.package_identification:_identify(src) by extension 'cmake'
[0.132s] Level 1:colcon.colcon_core.package_identification:_identify(src) by extension 'python'
[0.132s] Level 1:colcon.colcon_core.package_identification:_identify(src) by extensions ['python_setup_py']
[0.132s] Level 1:colcon.colcon_core.package_identification:_identify(src) by extension 'python_setup_py'
[0.132s] Level 1:colcon.colcon_core.package_identification:_identify(src/my_mesh_interfaces) by extensions ['ignore', 'ignore_ament_install']
[0.132s] Level 1:colcon.colcon_core.package_identification:_identify(src/my_mesh_interfaces) by extension 'ignore'
[0.132s] Level 1:colcon.colcon_core.package_identification:_identify(src/my_mesh_interfaces) by extension 'ignore_ament_install'
[0.132s] Level 1:colcon.colcon_core.package_identification:_identify(src/my_mesh_interfaces) by extensions ['colcon_pkg']
[0.132s] Level 1:colcon.colcon_core.package_identification:_identify(src/my_mesh_interfaces) by extension 'colcon_pkg'
[0.132s] Level 1:colcon.colcon_core.package_identification:_identify(src/my_mesh_interfaces) by extensions ['colcon_meta']
[0.132s] Level 1:colcon.colcon_core.package_identification:_identify(src/my_mesh_interfaces) by extension 'colcon_meta'
[0.132s] Level 1:colcon.colcon_core.package_identification:_identify(src/my_mesh_interfaces) by extensions ['ros']
[0.132s] Level 1:colcon.colcon_core.package_identification:_identify(src/my_mesh_interfaces) by extension 'ros'
[0.134s] DEBUG:colcon.colcon_core.package_identification:Package 'src/my_mesh_interfaces' with type 'ros.ament_cmake' and name 'my_mesh_interfaces'
[0.134s] Level 1:colcon.colcon_core.package_discovery:discover_packages(recursive) using defaults
[0.134s] Level 1:colcon.colcon_core.package_discovery:discover_packages(ignore) discover
[0.134s] Level 1:colcon.colcon_core.package_discovery:discover_packages(ignore) using defaults
[0.134s] Level 1:colcon.colcon_core.package_discovery:discover_packages(path) discover
[0.134s] Level 1:colcon.colcon_core.package_discovery:discover_packages(path) using defaults
[0.148s] Level 1:colcon.colcon_core.package_discovery:discover_packages(prefix_path) check parameters
[0.149s] Level 1:colcon.colcon_core.package_discovery:discover_packages(prefix_path) discover
[0.150s] DEBUG:colcon.colcon_installed_package_information.package_discovery:Found 1 installed packages in /home/shadows/ros2_ws/install
[0.151s] DEBUG:colcon.colcon_installed_package_information.package_discovery:Found 501 installed packages in /opt/ros/jazzy
[0.152s] Level 1:colcon.colcon_core.package_discovery:discover_packages(prefix_path) using defaults
[0.185s] Level 5:colcon.colcon_core.verb:set package 'my_mesh_interfaces' build argument 'cmake_args' from command line to 'None'
[0.186s] Level 5:colcon.colcon_core.verb:set package 'my_mesh_interfaces' build argument 'cmake_target' from command line to 'None'
[0.186s] Level 5:colcon.colcon_core.verb:set package 'my_mesh_interfaces' build argument 'cmake_target_skip_unavailable' from command line to 'False'
[0.186s] Level 5:colcon.colcon_core.verb:set package 'my_mesh_interfaces' build argument 'cmake_clean_cache' from command line to 'False'
[0.186s] Level 5:colcon.colcon_core.verb:set package 'my_mesh_interfaces' build argument 'cmake_clean_first' from command line to 'False'
[0.186s] Level 5:colcon.colcon_core.verb:set package 'my_mesh_interfaces' build argument 'cmake_force_configure' from command line to 'False'
[0.186s] Level 5:colcon.colcon_core.verb:set package 'my_mesh_interfaces' build argument 'ament_cmake_args' from command line to 'None'
[0.186s] Level 5:colcon.colcon_core.verb:set package 'my_mesh_interfaces' build argument 'catkin_cmake_args' from command line to 'None'
[0.186s] Level 5:colcon.colcon_core.verb:set package 'my_mesh_interfaces' build argument 'catkin_skip_building_tests' from command line to 'False'
[0.186s] DEBUG:colcon.colcon_core.verb:Building package 'my_mesh_interfaces' with the following arguments: {'ament_cmake_args': None, 'build_base': '/home/shadows/ros2_ws/build/my_mesh_interfaces', 'catkin_cmake_args': None, 'catkin_skip_building_tests': False, 'cmake_args': None, 'cmake_clean_cache': False, 'cmake_clean_first': False, 'cmake_force_configure': False, 'cmake_target': None, 'cmake_target_skip_unavailable': False, 'install_base': '/home/shadows/ros2_ws/install/my_mesh_interfaces', 'merge_install': False, 'path': '/home/shadows/ros2_ws/src/my_mesh_interfaces', 'symlink_install': False, 'test_result_base': None}
[0.186s] INFO:colcon.colcon_core.executor:Executing jobs using 'parallel' executor
[0.186s] DEBUG:colcon.colcon_parallel_executor.executor.parallel:run_until_complete
[0.186s] INFO:colcon.colcon_ros.task.ament_cmake.build:Building ROS package in '/home/shadows/ros2_ws/src/my_mesh_interfaces' with build type 'ament_cmake'
[0.187s] INFO:colcon.colcon_cmake.task.cmake.build:Building CMake package in '/home/shadows/ros2_ws/src/my_mesh_interfaces'
[0.191s] INFO:colcon.colcon_core.plugin_system:Skipping extension 'colcon_core.shell.bat': Not used on non-Windows systems
[0.191s] INFO:colcon.colcon_core.shell:Skip shell extension 'powershell' for command environment: Not usable outside of PowerShell
[0.191s] DEBUG:colcon.colcon_core.shell:Skip shell extension 'dsv' for command environment
[0.197s] DEBUG:colcon.colcon_core.event_handler.log_command:Invoking command in '/home/shadows/ros2_ws/build/my_mesh_interfaces': CMAKE_PREFIX_PATH=${CMAKE_PREFIX_PATH}:/opt/ros/jazzy DEBUGINFOD_URLS=https://debuginfod.ubuntu.com /usr/bin/cmake --build /home/shadows/ros2_ws/build/my_mesh_interfaces -- -j20 -l20
[4.778s] DEBUG:colcon.colcon_core.event_handler.log_command:Invoked command in '/home/shadows/ros2_ws/build/my_mesh_interfaces' returned '0': CMAKE_PREFIX_PATH=${CMAKE_PREFIX_PATH}:/opt/ros/jazzy DEBUGINFOD_URLS=https://debuginfod.ubuntu.com /usr/bin/cmake --build /home/shadows/ros2_ws/build/my_mesh_interfaces -- -j20 -l20
[4.785s] DEBUG:colcon.colcon_core.event_handler.log_command:Invoking command in '/home/shadows/ros2_ws/build/my_mesh_interfaces': CMAKE_PREFIX_PATH=${CMAKE_PREFIX_PATH}:/opt/ros/jazzy DEBUGINFOD_URLS=https://debuginfod.ubuntu.com /usr/bin/cmake --install /home/shadows/ros2_ws/build/my_mesh_interfaces
[4.838s] Level 1:colcon.colcon_core.environment:create_environment_scripts_only(my_mesh_interfaces)
[4.839s] DEBUG:colcon.colcon_core.event_handler.log_command:Invoked command in '/home/shadows/ros2_ws/build/my_mesh_interfaces' returned '0': CMAKE_PREFIX_PATH=${CMAKE_PREFIX_PATH}:/opt/ros/jazzy DEBUGINFOD_URLS=https://debuginfod.ubuntu.com /usr/bin/cmake --install /home/shadows/ros2_ws/build/my_mesh_interfaces
[4.841s] Level 1:colcon.colcon_core.environment:checking '/home/shadows/ros2_ws/install/my_mesh_interfaces' for CMake module files
[4.841s] Level 1:colcon.colcon_core.environment:checking '/home/shadows/ros2_ws/install/my_mesh_interfaces' for CMake config files
[4.841s] Level 1:colcon.colcon_core.shell:create_environment_hook('my_mesh_interfaces', 'cmake_prefix_path')
[4.842s] INFO:colcon.colcon_core.shell:Creating environment hook '/home/shadows/ros2_ws/install/my_mesh_interfaces/share/my_mesh_interfaces/hook/cmake_prefix_path.ps1'
[4.842s] INFO:colcon.colcon_core.shell:Creating environment descriptor '/home/shadows/ros2_ws/install/my_mesh_interfaces/share/my_mesh_interfaces/hook/cmake_prefix_path.dsv'
[4.842s] INFO:colcon.colcon_core.shell:Creating environment hook '/home/shadows/ros2_ws/install/my_mesh_interfaces/share/my_mesh_interfaces/hook/cmake_prefix_path.sh'
[4.843s] Level 1:colcon.colcon_core.environment:checking '/home/shadows/ros2_ws/install/my_mesh_interfaces/lib'
[4.843s] Level 1:colcon.colcon_core.shell:create_environment_hook('my_mesh_interfaces', 'ld_library_path_lib')
[4.843s] INFO:colcon.colcon_core.shell:Creating environment hook '/home/shadows/ros2_ws/install/my_mesh_interfaces/share/my_mesh_interfaces/hook/ld_library_path_lib.ps1'
[4.844s] INFO:colcon.colcon_core.shell:Creating environment descriptor '/home/shadows/ros2_ws/install/my_mesh_interfaces/share/my_mesh_interfaces/hook/ld_library_path_lib.dsv'
[4.844s] INFO:colcon.colcon_core.shell:Creating environment hook '/home/shadows/ros2_ws/install/my_mesh_interfaces/share/my_mesh_interfaces/hook/ld_library_path_lib.sh'
[4.844s] Level 1:colcon.colcon_core.environment:checking '/home/shadows/ros2_ws/install/my_mesh_interfaces/bin'
[4.844s] Level 1:colcon.colcon_core.environment:checking '/home/shadows/ros2_ws/install/my_mesh_interfaces/lib/pkgconfig/my_mesh_interfaces.pc'
[4.845s] Level 1:colcon.colcon_core.environment:checking '/home/shadows/ros2_ws/install/my_mesh_interfaces/lib/python3.12/site-packages'
[4.845s] Level 1:colcon.colcon_core.shell:create_environment_hook('my_mesh_interfaces', 'pythonpath')
[4.845s] INFO:colcon.colcon_core.shell:Creating environment hook '/home/shadows/ros2_ws/install/my_mesh_interfaces/share/my_mesh_interfaces/hook/pythonpath.ps1'
[4.845s] INFO:colcon.colcon_core.shell:Creating environment descriptor '/home/shadows/ros2_ws/install/my_mesh_interfaces/share/my_mesh_interfaces/hook/pythonpath.dsv'
[4.845s] INFO:colcon.colcon_core.shell:Creating environment hook '/home/shadows/ros2_ws/install/my_mesh_interfaces/share/my_mesh_interfaces/hook/pythonpath.sh'
[4.845s] Level 1:colcon.colcon_core.environment:checking '/home/shadows/ros2_ws/install/my_mesh_interfaces/bin'
[4.846s] INFO:colcon.colcon_core.shell:Creating package script '/home/shadows/ros2_ws/install/my_mesh_interfaces/share/my_mesh_interfaces/package.ps1'
[4.846s] INFO:colcon.colcon_core.shell:Creating package descriptor '/home/shadows/ros2_ws/install/my_mesh_interfaces/share/my_mesh_interfaces/package.dsv'
[4.847s] INFO:colcon.colcon_core.shell:Creating package script '/home/shadows/ros2_ws/install/my_mesh_interfaces/share/my_mesh_interfaces/package.sh'
[4.847s] INFO:colcon.colcon_core.shell:Creating package script '/home/shadows/ros2_ws/install/my_mesh_interfaces/share/my_mesh_interfaces/package.bash'
[4.848s] INFO:colcon.colcon_core.shell:Creating package script '/home/shadows/ros2_ws/install/my_mesh_interfaces/share/my_mesh_interfaces/package.zsh'
[4.848s] Level 1:colcon.colcon_core.environment:create_file_with_runtime_dependencies(/home/shadows/ros2_ws/install/my_mesh_interfaces/share/colcon-core/packages/my_mesh_interfaces)
[4.849s] Level 1:colcon.colcon_core.environment:create_environment_scripts_only(my_mesh_interfaces)
[4.849s] Level 1:colcon.colcon_core.environment:checking '/home/shadows/ros2_ws/install/my_mesh_interfaces' for CMake module files
[4.849s] Level 1:colcon.colcon_core.environment:checking '/home/shadows/ros2_ws/install/my_mesh_interfaces' for CMake config files
[4.849s] Level 1:colcon.colcon_core.shell:create_environment_hook('my_mesh_interfaces', 'cmake_prefix_path')
[4.849s] INFO:colcon.colcon_core.shell:Creating environment hook '/home/shadows/ros2_ws/install/my_mesh_interfaces/share/my_mesh_interfaces/hook/cmake_prefix_path.ps1'
[4.850s] INFO:colcon.colcon_core.shell:Creating environment descriptor '/home/shadows/ros2_ws/install/my_mesh_interfaces/share/my_mesh_interfaces/hook/cmake_prefix_path.dsv'
[4.850s] INFO:colcon.colcon_core.shell:Creating environment hook '/home/shadows/ros2_ws/install/my_mesh_interfaces/share/my_mesh_interfaces/hook/cmake_prefix_path.sh'
[4.850s] Level 1:colcon.colcon_core.environment:checking '/home/shadows/ros2_ws/install/my_mesh_interfaces/lib'
[4.850s] Level 1:colcon.colcon_core.shell:create_environment_hook('my_mesh_interfaces', 'ld_library_path_lib')
[4.850s] INFO:colcon.colcon_core.shell:Creating environment hook '/home/shadows/ros2_ws/install/my_mesh_interfaces/share/my_mesh_interfaces/hook/ld_library_path_lib.ps1'
[4.850s] INFO:colcon.colcon_core.shell:Creating environment descriptor '/home/shadows/ros2_ws/install/my_mesh_interfaces/share/my_mesh_interfaces/hook/ld_library_path_lib.dsv'
[4.850s] INFO:colcon.colcon_core.shell:Creating environment hook '/home/shadows/ros2_ws/install/my_mesh_interfaces/share/my_mesh_interfaces/hook/ld_library_path_lib.sh'
[4.851s] Level 1:colcon.colcon_core.environment:checking '/home/shadows/ros2_ws/install/my_mesh_interfaces/bin'
[4.851s] Level 1:colcon.colcon_core.environment:checking '/home/shadows/ros2_ws/install/my_mesh_interfaces/lib/pkgconfig/my_mesh_interfaces.pc'
[4.851s] Level 1:colcon.colcon_core.environment:checking '/home/shadows/ros2_ws/install/my_mesh_interfaces/lib/python3.12/site-packages'
[4.851s] Level 1:colcon.colcon_core.shell:create_environment_hook('my_mesh_interfaces', 'pythonpath')
[4.851s] INFO:colcon.colcon_core.shell:Creating environment hook '/home/shadows/ros2_ws/install/my_mesh_interfaces/share/my_mesh_interfaces/hook/pythonpath.ps1'
[4.851s] INFO:colcon.colcon_core.shell:Creating environment descriptor '/home/shadows/ros2_ws/install/my_mesh_interfaces/share/my_mesh_interfaces/hook/pythonpath.dsv'
[4.851s] INFO:colcon.colcon_core.shell:Creating environment hook '/home/shadows/ros2_ws/install/my_mesh_interfaces/share/my_mesh_interfaces/hook/pythonpath.sh'
[4.852s] Level 1:colcon.colcon_core.environment:checking '/home/shadows/ros2_ws/install/my_mesh_interfaces/bin'
[4.852s] INFO:colcon.colcon_core.shell:Creating package script '/home/shadows/ros2_ws/install/my_mesh_interfaces/share/my_mesh_interfaces/package.ps1'
[4.852s] INFO:colcon.colcon_core.shell:Creating package descriptor '/home/shadows/ros2_ws/install/my_mesh_interfaces/share/my_mesh_interfaces/package.dsv'
[4.853s] INFO:colcon.colcon_core.shell:Creating package script '/home/shadows/ros2_ws/install/my_mesh_interfaces/share/my_mesh_interfaces/package.sh'
[4.853s] INFO:colcon.colcon_core.shell:Creating package script '/home/shadows/ros2_ws/install/my_mesh_interfaces/share/my_mesh_interfaces/package.bash'
[4.853s] INFO:colcon.colcon_core.shell:Creating package script '/home/shadows/ros2_ws/install/my_mesh_interfaces/share/my_mesh_interfaces/package.zsh'
[4.854s] Level 1:colcon.colcon_core.environment:create_file_with_runtime_dependencies(/home/shadows/ros2_ws/install/my_mesh_interfaces/share/colcon-core/packages/my_mesh_interfaces)
[4.854s] DEBUG:colcon.colcon_parallel_executor.executor.parallel:closing loop
[4.855s] DEBUG:colcon.colcon_parallel_executor.executor.parallel:loop closed
[4.855s] DEBUG:colcon.colcon_parallel_executor.executor.parallel:run_until_complete finished with '0'
[4.855s] DEBUG:colcon.colcon_core.event_reactor:joining thread
[4.866s] INFO:colcon.colcon_core.plugin_system:Skipping extension 'colcon_notification.desktop_notification.terminal_notifier': Not used on non-Darwin systems
[4.866s] INFO:colcon.colcon_core.plugin_system:Skipping extension 'colcon_notification.desktop_notification.win32': Not used on non-Windows systems
[4.866s] INFO:colcon.colcon_notification.desktop_notification:Sending desktop notification using 'notify2'
[4.874s] DEBUG:colcon.colcon_core.event_reactor:joined thread
[4.874s] INFO:colcon.colcon_core.shell:Creating prefix script '/home/shadows/ros2_ws/install/local_setup.ps1'
[4.875s] INFO:colcon.colcon_core.shell:Creating prefix util module '/home/shadows/ros2_ws/install/_local_setup_util_ps1.py'
[4.876s] INFO:colcon.colcon_core.shell:Creating prefix chain script '/home/shadows/ros2_ws/install/setup.ps1'
[4.877s] INFO:colcon.colcon_core.shell:Creating prefix script '/home/shadows/ros2_ws/install/local_setup.sh'
[4.877s] INFO:colcon.colcon_core.shell:Creating prefix util module '/home/shadows/ros2_ws/install/_local_setup_util_sh.py'
[4.878s] INFO:colcon.colcon_core.shell:Creating prefix chain script '/home/shadows/ros2_ws/install/setup.sh'
[4.878s] INFO:colcon.colcon_core.shell:Creating prefix script '/home/shadows/ros2_ws/install/local_setup.bash'
[4.879s] INFO:colcon.colcon_core.shell:Creating prefix chain script '/home/shadows/ros2_ws/install/setup.bash'
[4.880s] INFO:colcon.colcon_core.shell:Creating prefix script '/home/shadows/ros2_ws/install/local_setup.zsh'
[4.880s] INFO:colcon.colcon_core.shell:Creating prefix chain script '/home/shadows/ros2_ws/install/setup.zsh'
