running egg_info
creating ../../build/mesh_nodes/mesh_nodes.egg-info
writing ../../build/mesh_nodes/mesh_nodes.egg-info/PKG-INFO
writing dependency_links to ../../build/mesh_nodes/mesh_nodes.egg-info/dependency_links.txt
writing entry points to ../../build/mesh_nodes/mesh_nodes.egg-info/entry_points.txt
writing requirements to ../../build/mesh_nodes/mesh_nodes.egg-info/requires.txt
writing top-level names to ../../build/mesh_nodes/mesh_nodes.egg-info/top_level.txt
writing manifest file '../../build/mesh_nodes/mesh_nodes.egg-info/SOURCES.txt'
reading manifest file '../../build/mesh_nodes/mesh_nodes.egg-info/SOURCES.txt'
writing manifest file '../../build/mesh_nodes/mesh_nodes.egg-info/SOURCES.txt'
running build
running build_py
creating /home/shadows/ros2_ws/build/mesh_nodes/build
creating /home/shadows/ros2_ws/build/mesh_nodes/build/lib
creating /home/shadows/ros2_ws/build/mesh_nodes/build/lib/mesh_nodes
copying mesh_nodes/explorer_relay_node.py -> /home/shadows/ros2_ws/build/mesh_nodes/build/lib/mesh_nodes
copying mesh_nodes/__init__.py -> /home/shadows/ros2_ws/build/mesh_nodes/build/lib/mesh_nodes
running install
running install_lib
creating /home/shadows/ros2_ws/install/mesh_nodes/lib/python3.12/site-packages/mesh_nodes
copying /home/shadows/ros2_ws/build/mesh_nodes/build/lib/mesh_nodes/explorer_relay_node.py -> /home/shadows/ros2_ws/install/mesh_nodes/lib/python3.12/site-packages/mesh_nodes
copying /home/shadows/ros2_ws/build/mesh_nodes/build/lib/mesh_nodes/__init__.py -> /home/shadows/ros2_ws/install/mesh_nodes/lib/python3.12/site-packages/mesh_nodes
byte-compiling /home/shadows/ros2_ws/install/mesh_nodes/lib/python3.12/site-packages/mesh_nodes/explorer_relay_node.py to explorer_relay_node.cpython-312.pyc
byte-compiling /home/shadows/ros2_ws/install/mesh_nodes/lib/python3.12/site-packages/mesh_nodes/__init__.py to __init__.cpython-312.pyc
running install_data
creating /home/shadows/ros2_ws/install/mesh_nodes/share/ament_index
creating /home/shadows/ros2_ws/install/mesh_nodes/share/ament_index/resource_index
creating /home/shadows/ros2_ws/install/mesh_nodes/share/ament_index/resource_index/packages
copying resource/mesh_nodes -> /home/shadows/ros2_ws/install/mesh_nodes/share/ament_index/resource_index/packages
copying package.xml -> /home/shadows/ros2_ws/install/mesh_nodes/share/mesh_nodes
creating /home/shadows/ros2_ws/install/mesh_nodes/share/mesh_nodes/launch
copying launch/explorer_relay.launch.py -> /home/shadows/ros2_ws/install/mesh_nodes/share/mesh_nodes/launch
creating /home/shadows/ros2_ws/install/mesh_nodes/share/mesh_nodes/config
copying config/explorer_relay.yaml -> /home/shadows/ros2_ws/install/mesh_nodes/share/mesh_nodes/config
running install_egg_info
Copying ../../build/mesh_nodes/mesh_nodes.egg-info to /home/shadows/ros2_ws/install/mesh_nodes/lib/python3.12/site-packages/mesh_nodes-0.1.0-py3.12.egg-info
running install_scripts
Installing explorer_relay script to /home/shadows/ros2_ws/install/mesh_nodes/lib/mesh_nodes
writing list of installed files to '/home/shadows/ros2_ws/build/mesh_nodes/install.log'
