running egg_info
creating ../../build/explorer_bringup/explorer_bringup.egg-info
writing ../../build/explorer_bringup/explorer_bringup.egg-info/PKG-INFO
writing dependency_links to ../../build/explorer_bringup/explorer_bringup.egg-info/dependency_links.txt
writing entry points to ../../build/explorer_bringup/explorer_bringup.egg-info/entry_points.txt
writing requirements to ../../build/explorer_bringup/explorer_bringup.egg-info/requires.txt
writing top-level names to ../../build/explorer_bringup/explorer_bringup.egg-info/top_level.txt
writing manifest file '../../build/explorer_bringup/explorer_bringup.egg-info/SOURCES.txt'
reading manifest file '../../build/explorer_bringup/explorer_bringup.egg-info/SOURCES.txt'
writing manifest file '../../build/explorer_bringup/explorer_bringup.egg-info/SOURCES.txt'
running build
running build_py
creating /home/shadows/ros2_ws/build/explorer_bringup/build
creating /home/shadows/ros2_ws/build/explorer_bringup/build/lib
creating /home/shadows/ros2_ws/build/explorer_bringup/build/lib/explorer_bringup
copying explorer_bringup/__init__.py -> /home/shadows/ros2_ws/build/explorer_bringup/build/lib/explorer_bringup
copying explorer_bringup/mpu9250_imu.py -> /home/shadows/ros2_ws/build/explorer_bringup/build/lib/explorer_bringup
copying explorer_bringup/explorer_base.py -> /home/shadows/ros2_ws/build/explorer_bringup/build/lib/explorer_bringup
running install
running install_lib
creating /home/shadows/ros2_ws/install/explorer_bringup/lib/python3.12/site-packages/explorer_bringup
copying /home/shadows/ros2_ws/build/explorer_bringup/build/lib/explorer_bringup/__init__.py -> /home/shadows/ros2_ws/install/explorer_bringup/lib/python3.12/site-packages/explorer_bringup
copying /home/shadows/ros2_ws/build/explorer_bringup/build/lib/explorer_bringup/mpu9250_imu.py -> /home/shadows/ros2_ws/install/explorer_bringup/lib/python3.12/site-packages/explorer_bringup
copying /home/shadows/ros2_ws/build/explorer_bringup/build/lib/explorer_bringup/explorer_base.py -> /home/shadows/ros2_ws/install/explorer_bringup/lib/python3.12/site-packages/explorer_bringup
byte-compiling /home/shadows/ros2_ws/install/explorer_bringup/lib/python3.12/site-packages/explorer_bringup/__init__.py to __init__.cpython-312.pyc
byte-compiling /home/shadows/ros2_ws/install/explorer_bringup/lib/python3.12/site-packages/explorer_bringup/mpu9250_imu.py to mpu9250_imu.cpython-312.pyc
byte-compiling /home/shadows/ros2_ws/install/explorer_bringup/lib/python3.12/site-packages/explorer_bringup/explorer_base.py to explorer_base.cpython-312.pyc
running install_data
creating /home/shadows/ros2_ws/install/explorer_bringup/share/ament_index
creating /home/shadows/ros2_ws/install/explorer_bringup/share/ament_index/resource_index
creating /home/shadows/ros2_ws/install/explorer_bringup/share/ament_index/resource_index/packages
copying resource/explorer_bringup -> /home/shadows/ros2_ws/install/explorer_bringup/share/ament_index/resource_index/packages
copying package.xml -> /home/shadows/ros2_ws/install/explorer_bringup/share/explorer_bringup
creating /home/shadows/ros2_ws/install/explorer_bringup/share/explorer_bringup/launch
copying launch/robot.launch.py -> /home/shadows/ros2_ws/install/explorer_bringup/share/explorer_bringup/launch
creating /home/shadows/ros2_ws/install/explorer_bringup/share/explorer_bringup/config
copying config/robot.yaml -> /home/shadows/ros2_ws/install/explorer_bringup/share/explorer_bringup/config
running install_egg_info
Copying ../../build/explorer_bringup/explorer_bringup.egg-info to /home/shadows/ros2_ws/install/explorer_bringup/lib/python3.12/site-packages/explorer_bringup-0.1.0-py3.12.egg-info
running install_scripts
Installing explorer_base script to /home/shadows/ros2_ws/install/explorer_bringup/lib/explorer_bringup
Installing mpu9250_imu script to /home/shadows/ros2_ws/install/explorer_bringup/lib/explorer_bringup
writing list of installed files to '/home/shadows/ros2_ws/build/explorer_bringup/install.log'
